BL51 BANKED LINKER/LOCATER V6.22                                                        04/25/2017  16:31:46  PAGE 1


BL51 BANKED LINKER/LOCATER V6.22, INVOKED BY:
C:\KEIL_V5\C51\BIN\BL51.EXE .\Objects\sensor.obj, .\Objects\hal_delay.obj, .\Objects\hal_uart.obj, .\Objects\hal_w2_isr.
>> obj TO .\Objects\sensor_project PRINT (.\Listings\sensor_project.m51) RAMSIZE (256) DISABLEWARNING (16)


MEMORY MODEL: SMALL


INPUT MODULES INCLUDED:
  .\Objects\sensor.obj (SENSOR)
  .\Objects\hal_delay.obj (HAL_DELAY)
  .\Objects\hal_uart.obj (HAL_UART)
  .\Objects\hal_w2_isr.obj (HAL_W2_ISR)
  C:\KEIL_V5\C51\LIB\C51S.LIB (?C_STARTUP)
  C:\KEIL_V5\C51\LIB\C51S.LIB (?C?CLDPTR)
  C:\KEIL_V5\C51\LIB\C51S.LIB (?C?CLDOPTR)
  C:\KEIL_V5\C51\LIB\C51S.LIB (?C?CSTPTR)
  C:\KEIL_V5\C51\LIB\C51S.LIB (?C?CSTOPTR)
  C:\KEIL_V5\C51\LIB\C51S.LIB (?C?UIDIV)
  C:\KEIL_V5\C51\LIB\C51S.LIB (?C?ILDIX)
  C:\KEIL_V5\C51\LIB\C51S.LIB (?C?ILDPTR)
  C:\KEIL_V5\C51\LIB\C51S.LIB (?C?ISTPTR)
  C:\KEIL_V5\C51\LIB\C51S.LIB (?C?ISTOPTR)
  C:\KEIL_V5\C51\LIB\C51S.LIB (?C?MEMCMP)
  C:\KEIL_V5\C51\LIB\C51S.LIB (MALLOC)
  C:\KEIL_V5\C51\LIB\C51S.LIB (INIT_MEM)
  C:\KEIL_V5\C51\LIB\C51S.LIB (REALLOC)
  C:\KEIL_V5\C51\LIB\C51S.LIB (FREE)
  C:\KEIL_V5\C51\LIB\C51S.LIB (?C_INIT)
  C:\KEIL_V5\C51\LIB\C51S.LIB (?C?COPY)
  C:\KEIL_V5\C51\LIB\C51S.LIB (?C?IILDX)


LINK MAP OF MODULE:  .\Objects\sensor_project (SENSOR)


            TYPE    BASE      LENGTH    RELOCATION   SEGMENT NAME
            -----------------------------------------------------

            * * * * * * *   D A T A   M E M O R Y   * * * * * * *
            REG     0000H     0008H     ABSOLUTE     "REG BANK 0"
            DATA    0008H     000EH     UNIT         ?DT?_SEND_OFFSET_VALUES?SENSOR
            DATA    0016H     0008H     UNIT         ?DT?_SEND_PACKET_FROM_HOST_TO_COMPUTER?SENSOR
            DATA    001EH     0002H     UNIT         ?DT?HAL_W2_ISR
            DATA    0020H     0001H     BIT_ADDR     ?BA?SENSOR
            BIT     0021H.0   0000H.1   UNIT         ?BI?SENSOR
                    0021H.1   0000H.7                *** GAP ***
            DATA    0022H     001BH     UNIT         _DATA_GROUP_
            DATA    003DH     0007H     UNIT         ?DT?_SEND_PACKET_TO_COMPUTER?SENSOR
            DATA    0044H     0007H     UNIT         ?DT?HAL_W2_WAIT_DATA_READY?HAL_W2_ISR
            DATA    004BH     0007H     UNIT         ?DT?_I2C_MPU_READBIT?HAL_W2_ISR
            DATA    0052H     0006H     UNIT         ?DT?_SEND_PACKET_TO_HOST?SENSOR
            DATA    0058H     0006H     UNIT         ?DT?_REDIRECT_RF_PKT_TO_SERIAL?SENSOR
            DATA    005EH     0006H     UNIT         ?DT?HAL_UART
            DATA    0064H     0006H     UNIT         ?DT?_HAL_W2_WRITE?HAL_W2_ISR
            DATA    006AH     0006H     UNIT         ?DT?_HAL_W2_READ?HAL_W2_ISR
            DATA    0070H     0003H     UNIT         ?DT?_HAL_UART_PUTSTRING?SENSOR
            IDATA   0073H     0010H     UNIT         ?ID?HAL_UART
BL51 BANKED LINKER/LOCATER V6.22                                                      04/25/2017  16:31:46  PAGE 2


            IDATA   0083H     0001H     UNIT         ?STACK

            * * * * * * *  X D A T A   M E M O R Y  * * * * * * *
            XDATA   0000H     0289H     UNIT         ?XD?SENSOR
            XDATA   0289H     00BEH     UNIT         _XDATA_GROUP_
            XDATA   0347H     0012H     UNIT         ?XD?_GETMOTION6_VARIABLES?SENSOR
            XDATA   0359H     0008H     UNIT         ?XD?INIT_MEM
            XDATA   0361H     0006H     UNIT         ?XD?_DMPGETQUATERNION_INT16?SENSOR
            XDATA   0367H     0006H     UNIT         ?XD?_DMPGETPACKET16BITS?SENSOR
            XDATA   036DH     0002H     UNIT         ?XD?_GETMOTION6_PACKET?SENSOR

            * * * * * * *   C O D E   M E M O R Y   * * * * * * *
            CODE    0000H     0003H     ABSOLUTE     
            CODE    0003H     0020H     UNIT         ?PR?_WRITEPROGMEMORYBLOCK?SENSOR
            CODE    0023H     0003H     ABSOLUTE     
            CODE    0026H     0025H     UNIT         ?PR?_HAL_UART_PUTSTRING?SENSOR
            CODE    004BH     0003H     ABSOLUTE     
            CODE    004EH     0003H     UNIT         ?PR?HAL_UART_CHARS_AVAILABLE?HAL_UART
                    0051H     0002H                  *** GAP ***
            CODE    0053H     0003H     ABSOLUTE     
            CODE    0056H     087DH     UNIT         ?CO?SENSOR
            CODE    08D3H     04F7H     UNIT         ?PR?DMPINITIALIZE?SENSOR
            CODE    0DCAH     0412H     UNIT         ?C?LIB_CODE
            CODE    11DCH     0319H     UNIT         ?PR?_SEND_INERTIAL_PACKET_BY_RF?SENSOR
            CODE    14F5H     02D6H     UNIT         ?PR?_DMPGETPACKET16BITS?SENSOR
            CODE    17CBH     0297H     UNIT         ?PR?_WRITEDMPCONFIGURATIONSET?SENSOR
            CODE    1A62H     0268H     UNIT         ?PR?_WRITEMEMORYBLOCK?SENSOR
            CODE    1CCAH     010FH     UNIT         ?PR?INITIAL_SETUP_DMP?SENSOR
            CODE    1DD9H     0104H     UNIT         ?PR?_FREE?FREE
            CODE    1EDDH     00F7H     UNIT         ?PR?_READMEMORYBLOCK?SENSOR
            CODE    1FD4H     00E2H     UNIT         ?PR?_DMPGETQUATERNION_INT16?SENSOR
            CODE    20B6H     00CFH     UNIT         ?PR?_GETMOTION6_PACKET?SENSOR
            CODE    2185H     00BFH     UNIT         ?PR?_GETMOTION6_VARIABLES?SENSOR
            CODE    2244H     00A5H     UNIT         ?PR?_RF_INIT?SENSOR
            CODE    22E9H     009CH     UNIT         ?PR?_MALLOC?MALLOC
            CODE    2385H     008EH     UNIT         ?PR?_SEND_OFFSET_VALUES?SENSOR
            CODE    2413H     008CH     UNIT         ?C_C51STARTUP
            CODE    249FH     0088H     UNIT         ?PR?MAIN?SENSOR
            CODE    2527H     0085H     UNIT         ?PR?RF_IRQ?SENSOR
            CODE    25ACH     0083H     UNIT         ?PR?HAL_W2_SOFT_RESET?HAL_W2_ISR
            CODE    262FH     0078H     UNIT         ?PR?_REALLOC?REALLOC
            CODE    26A7H     0068H     UNIT         ?PR?_I2C_MPU_READBYTES?HAL_W2_ISR
            CODE    270FH     0063H     UNIT         ?PR?_I2C_MPU_WRITEBITS?HAL_W2_ISR
            CODE    2772H     0063H     UNIT         ?PR?_I2C_MPU_WRITEWORDS?HAL_W2_ISR
            CODE    27D5H     005CH     UNIT         ?PR?SETUP?SENSOR
            CODE    2831H     005AH     UNIT         ?C_INITSEG
            CODE    288BH     0058H     UNIT         ?PR?_I2C_MPU_READBITS?HAL_W2_ISR
            CODE    28E3H     0057H     UNIT         ?PR?_SEND_PACKET_TO_HOST?SENSOR
            CODE    293AH     0050H     UNIT         ?PR?_SEND_PACKET_TO_COMPUTER?SENSOR
            CODE    298AH     0050H     UNIT         ?PR?_SEND_PACKET_FROM_HOST_TO_COMPUTER?SENSOR
            CODE    29DAH     004EH     UNIT         ?PR?DATAACQ?SENSOR
            CODE    2A28H     004EH     UNIT         ?PR?_I2C_MPU_WRITEBIT?HAL_W2_ISR
            CODE    2A76H     004DH     UNIT         ?PR?_HAL_W2_READ?HAL_W2_ISR
            CODE    2AC3H     004CH     UNIT         ?PR?_GETFIFOBYTES?SENSOR
            CODE    2B0FH     0049H     UNIT         ?PR?UART0_ISR?HAL_UART
            CODE    2B58H     0046H     UNIT         ?PR?_HAL_UART_INIT?HAL_UART
            CODE    2B9EH     0044H     UNIT         ?PR?_REDIRECT_RF_PKT_TO_SERIAL?SENSOR
BL51 BANKED LINKER/LOCATER V6.22                                                      04/25/2017  16:31:46  PAGE 3


            CODE    2BE2H     003FH     UNIT         ?PR?_I2C_MPU_WRITEBYTES?HAL_W2_ISR
            CODE    2C21H     003CH     UNIT         ?PR?_INIT_MEMPOOL?INIT_MEM
            CODE    2C5DH     003BH     UNIT         ?PR?I2C_IRQ?SENSOR
            CODE    2C98H     003AH     UNIT         ?PR?_HAL_W2_WRITE?HAL_W2_ISR
            CODE    2CD2H     0032H     UNIT         ?PR?_SPI_WRITE_BUF?SENSOR
            CODE    2D04H     0032H     UNIT         ?PR?_TX_MODE_NOACK?SENSOR
            CODE    2D36H     0031H     UNIT         ?PR?_SPI_READ_BUF?SENSOR
            CODE    2D67H     0027H     UNIT         ?PR?HAL_W2_WAIT_DATA_READY?HAL_W2_ISR
            CODE    2D8EH     0024H     UNIT         ?PR?_HAL_UART_PUTCHAR?HAL_UART
            CODE    2DB2H     0024H     UNIT         ?PR?_I2C_MPU_READBIT?HAL_W2_ISR
            CODE    2DD6H     0023H     UNIT         ?PR?MPU_TESTCONNECTION?SENSOR
            CODE    2DF9H     0023H     UNIT         ?PR?_SETMEMORYBANK?SENSOR
            CODE    2E1CH     0021H     UNIT         ?PR?_HAL_W2_CONFIGURE_MASTER?HAL_W2_ISR
            CODE    2E3DH     001DH     UNIT         ?PR?GETXACCELOFFSET?SENSOR
            CODE    2E5AH     001DH     UNIT         ?PR?GETYACCELOFFSET?SENSOR
            CODE    2E77H     001DH     UNIT         ?PR?GETZACCELOFFSET?SENSOR
            CODE    2E94H     001DH     UNIT         ?PR?GETXGYROOFFSET?SENSOR
            CODE    2EB1H     001DH     UNIT         ?PR?GETYGYROOFFSET?SENSOR
            CODE    2ECEH     001DH     UNIT         ?PR?GETZGYROOFFSET?SENSOR
            CODE    2EEBH     001DH     UNIT         ?PR?GETFIFOCOUNT?SENSOR
            CODE    2F08H     001BH     UNIT         ?PR?GETXGYROOFFSETTC?SENSOR
            CODE    2F23H     001BH     UNIT         ?PR?GETYGYROOFFSETTC?SENSOR
            CODE    2F3EH     001BH     UNIT         ?PR?GETZGYROOFFSETTC?SENSOR
            CODE    2F59H     001AH     UNIT         ?PR?_SETSLAVEADDRESS?SENSOR
            CODE    2F73H     001AH     UNIT         ?PR?_DELAY_US?HAL_DELAY
            CODE    2F8DH     0019H     UNIT         ?PR?HAL_UART_GETCHAR?HAL_UART
            CODE    2FA6H     0018H     UNIT         ?PR?GETFIFOENABLED?SENSOR
            CODE    2FBEH     0017H     UNIT         ?PR?GETOTPBANKVALID?SENSOR
            CODE    2FD5H     0016H     UNIT         ?PR?_HAL_W2_INIT_TRANSFER?HAL_W2_ISR
            CODE    2FEBH     0015H     UNIT         ?PR?_SEND_RF_COMMAND_WITH_ARG?SENSOR
            CODE    3000H     0014H     UNIT         ?PR?MPU_INITIALIZE?SENSOR
            CODE    3014H     0014H     UNIT         ?PR?_DELAY_MS?HAL_DELAY
            CODE    3028H     0013H     UNIT         ?PR?_SPI_RW_REG?SENSOR
            CODE    303BH     0013H     UNIT         ?PR?GETINTSTATUS?SENSOR
            CODE    304EH     0013H     UNIT         ?PR?GETDMPCONFIG1?SENSOR
            CODE    3061H     0013H     UNIT         ?PR?GETDMPCONFIG2?SENSOR
            CODE    3074H     0013H     UNIT         ?PR?GETMOTIONDETECTIONTHRESHOLD?SENSOR
            CODE    3087H     0013H     UNIT         ?PR?GETZEROMOTIONDETECTIONTHRESHOLD?SENSOR
            CODE    309AH     0013H     UNIT         ?PR?GETMOTIONDETECTIONDURATION?SENSOR
            CODE    30ADH     0013H     UNIT         ?PR?GETZEROMOTIONDETECTIONDURATION?SENSOR
            CODE    30C0H     0013H     UNIT         ?PR?INICIARIO?SENSOR
            CODE    30D3H     0013H     UNIT         ?PR?_I2C_MPU_WRITEWORD?HAL_W2_ISR
            CODE    30E6H     0012H     UNIT         ?PR?_SEND_RF_COMMAND?SENSOR
            CODE    30F8H     0012H     UNIT         ?PR?_I2C_MPU_READBYTE?HAL_W2_ISR
            CODE    310AH     0011H     UNIT         ?PR?RX_MODE?SENSOR
            CODE    311BH     0011H     UNIT         ?PR?HAL_W2_WAIT_DATA_READY_ISR?HAL_W2_ISR
            CODE    312CH     0011H     UNIT         ?PR?_I2C_MPU_WRITEBYTE?HAL_W2_ISR
            CODE    313DH     000EH     UNIT         ?PR?_SETCLOCKSOURCE?SENSOR
            CODE    314BH     000EH     UNIT         ?PR?_SETFULLSCALEGYRORANGE?SENSOR
            CODE    3159H     000EH     UNIT         ?PR?_SETFULLSCALEACCELRANGE?SENSOR
            CODE    3167H     000EH     UNIT         ?PR?_SETMEMORYSTARTADDRESS?SENSOR
            CODE    3175H     000EH     UNIT         ?PR?_SETEXTERNALFRAMESYNC?SENSOR
            CODE    3183H     000EH     UNIT         ?PR?_SETDLPFMODE?SENSOR
            CODE    3191H     000EH     UNIT         ?PR?_SETXGYROOFFSETTC?SENSOR
            CODE    319FH     000EH     UNIT         ?PR?_SETYGYROOFFSETTC?SENSOR
            CODE    31ADH     000EH     UNIT         ?PR?_SETZGYROOFFSETTC?SENSOR
            CODE    31BBH     000EH     UNIT         ?PR?_HAL_W2_SET_CLK_FREQ?HAL_W2_ISR
BL51 BANKED LINKER/LOCATER V6.22                                                      04/25/2017  16:31:46  PAGE 4


            CODE    31C9H     000DH     UNIT         ?PR?_SPI_READ?SENSOR
            CODE    31D6H     000CH     UNIT         ?PR?RESETFIFO?SENSOR
            CODE    31E2H     000CH     UNIT         ?PR?I2C_MPU_RESET?SENSOR
            CODE    31EEH     000CH     UNIT         ?PR?RESETI2CMASTER?SENSOR
            CODE    31FAH     000CH     UNIT         ?PR?RESETDMP?SENSOR
            CODE    3206H     000BH     UNIT         ?PR?MPU_8051_MALLOC_SETUP?SENSOR
            CODE    3211H     000BH     UNIT         ?PR?_SETSLEEPENABLED?SENSOR
            CODE    321CH     000BH     UNIT         ?PR?_SETXACCELOFFSET?SENSOR
            CODE    3227H     000BH     UNIT         ?PR?_SETYACCELOFFSET?SENSOR
            CODE    3232H     000BH     UNIT         ?PR?_SETZACCELOFFSET?SENSOR
            CODE    323DH     000BH     UNIT         ?PR?_SETXGYROOFFSET?SENSOR
            CODE    3248H     000BH     UNIT         ?PR?_SETYGYROOFFSET?SENSOR
            CODE    3253H     000BH     UNIT         ?PR?_SETZGYROOFFSET?SENSOR
            CODE    325EH     000BH     UNIT         ?PR?_SETDMPENABLED?SENSOR
            CODE    3269H     000BH     UNIT         ?PR?_SETI2CMASTERMODEENABLED?SENSOR
            CODE    3274H     000BH     UNIT         ?PR?_SETFIFOENABLED?SENSOR
            CODE    327FH     000BH     UNIT         ?PR?_HAL_W2_RESPOND_TO_GEN_ADR?HAL_W2_ISR
            CODE    328AH     000BH     UNIT         ?PR?_HAL_W2_ALTER_CLOCK?HAL_W2_ISR
            CODE    3295H     000BH     UNIT         ?PR?_HAL_W2_IRQ_STOP_COND_ENABLE?HAL_W2_ISR
            CODE    32A0H     000BH     UNIT         ?PR?_HAL_W2_IRQ_ADR_MATCH_ENABLE?HAL_W2_ISR
            CODE    32ABH     000BH     UNIT         ?PR?_HAL_W2_SET_OP_MODE?HAL_W2_ISR
            CODE    32B6H     000BH     UNIT         ?PR?_HAL_W2_ENABLE?HAL_W2_ISR
            CODE    32C1H     000BH     UNIT         ?PR?_HAL_W2_ALL_IRQ_ENABLE?HAL_W2_ISR
            CODE    32CCH     000AH     UNIT         ?PR?_SPI_RW?SENSOR
            CODE    32D6H     000AH     UNIT         ?PR?_WRITEPROGDMPCONFIGURATIONSET?SENSOR
            CODE    32E0H     000AH     UNIT         ?PR?_SETOTPBANKVALID?SENSOR
            CODE    32EAH     000AH     UNIT         ?PR?HAL_UART_TX_COMPLETE?HAL_UART
            CODE    32F4H     000AH     UNIT         ?PR?I2C_IRQ_HANDLER?HAL_W2_ISR
            CODE    32FEH     0009H     UNIT         ?PR?DMPGETFIFOPACKETSIZE?SENSOR
            CODE    3307H     0009H     UNIT         ?PR?_SETINTENABLED?SENSOR
            CODE    3310H     0009H     UNIT         ?PR?_SETRATE?SENSOR
            CODE    3319H     0009H     UNIT         ?PR?_SETDMPCONFIG1?SENSOR
            CODE    3322H     0009H     UNIT         ?PR?_SETDMPCONFIG2?SENSOR
            CODE    332BH     0009H     UNIT         ?PR?_SETMOTIONDETECTIONTHRESHOLD?SENSOR
            CODE    3334H     0009H     UNIT         ?PR?_SETZEROMOTIONDETECTIONTHRESHOLD?SENSOR
            CODE    333DH     0009H     UNIT         ?PR?_SETMOTIONDETECTIONDURATION?SENSOR
            CODE    3346H     0009H     UNIT         ?PR?_SETZEROMOTIONDETECTIONDURATION?SENSOR
            CODE    334FH     0006H     UNIT         ?PR?_HAL_W2_SET_SLAVE_ADDRESS?HAL_W2_ISR



OVERLAY MAP OF MODULE:   .\Objects\sensor_project (SENSOR)


SEGMENT                                            DATA_GROUP          XDATA_GROUP
  +--> CALLED SEGMENT                            START    LENGTH     START    LENGTH
------------------------------------------------------------------------------------
?PR?RF_IRQ?SENSOR                                -----    -----      -----    -----
  +--> ?PR?_SPI_READ?SENSOR
  +--> ?PR?_SPI_READ_BUF?SENSOR
  +--> ?PR?_SPI_RW_REG?SENSOR

?PR?_SPI_READ?SENSOR                             -----    -----      -----    -----
  +--> ?PR?_SPI_RW?SENSOR

?PR?_SPI_READ_BUF?SENSOR                         0022H    0005H      -----    -----
  +--> ?PR?_SPI_RW?SENSOR
BL51 BANKED LINKER/LOCATER V6.22                                                      04/25/2017  16:31:46  PAGE 5



?PR?_SPI_RW_REG?SENSOR                           -----    -----      -----    -----
  +--> ?PR?_SPI_RW?SENSOR

*** NEW ROOT ***************************************************

?PR?I2C_IRQ?SENSOR                               -----    -----      -----    -----
  +--> ?PR?I2C_IRQ_HANDLER?HAL_W2_ISR

*** NEW ROOT ***************************************************

?C_C51STARTUP                                    -----    -----      -----    -----
  +--> ?PR?MAIN?SENSOR
  +--> ?C_INITSEG

?PR?MAIN?SENSOR                                  -----    -----      -----    -----
  +--> ?PR?SETUP?SENSOR
  +--> ?PR?DATAACQ?SENSOR
  +--> ?PR?_SEND_RF_COMMAND_WITH_ARG?SENSOR
  +--> ?PR?_SEND_INERTIAL_PACKET_BY_RF?SENSOR
  +--> ?PR?_DELAY_MS?HAL_DELAY

?PR?SETUP?SENSOR                                 -----    -----      -----    -----
  +--> ?PR?INICIARIO?SENSOR
  +--> ?PR?_DELAY_MS?HAL_DELAY
  +--> ?CO?SENSOR
  +--> ?PR?_RF_INIT?SENSOR
  +--> ?PR?_HAL_W2_CONFIGURE_MASTER?HAL_W2_ISR
  +--> ?PR?INITIAL_SETUP_DMP?SENSOR

?PR?_DELAY_MS?HAL_DELAY                          -----    -----      -----    -----
  +--> ?PR?_DELAY_US?HAL_DELAY

?PR?_RF_INIT?SENSOR                              0027H    0009H      -----    -----
  +--> ?PR?_SPI_WRITE_BUF?SENSOR
  +--> ?PR?_SPI_RW_REG?SENSOR
  +--> ?PR?RX_MODE?SENSOR

?PR?_SPI_WRITE_BUF?SENSOR                        0030H    0005H      -----    -----
  +--> ?PR?_SPI_RW?SENSOR

?PR?RX_MODE?SENSOR                               -----    -----      -----    -----
  +--> ?PR?_SPI_RW_REG?SENSOR

?PR?_HAL_W2_CONFIGURE_MASTER?HAL_W2_ISR          -----    -----      -----    -----
  +--> ?PR?_HAL_W2_ENABLE?HAL_W2_ISR
  +--> ?PR?_HAL_W2_SET_CLK_FREQ?HAL_W2_ISR
  +--> ?PR?_HAL_W2_SET_OP_MODE?HAL_W2_ISR
  +--> ?PR?_HAL_W2_ALL_IRQ_ENABLE?HAL_W2_ISR

?PR?INITIAL_SETUP_DMP?SENSOR                     -----    -----      0289H    0001H
  +--> ?PR?_DELAY_MS?HAL_DELAY
  +--> ?PR?MPU_8051_MALLOC_SETUP?SENSOR
  +--> ?PR?MPU_TESTCONNECTION?SENSOR
  +--> ?PR?MPU_INITIALIZE?SENSOR
  +--> ?PR?DMPINITIALIZE?SENSOR
  +--> ?PR?_SETDMPENABLED?SENSOR
BL51 BANKED LINKER/LOCATER V6.22                                                      04/25/2017  16:31:46  PAGE 6


  +--> ?PR?_SETXACCELOFFSET?SENSOR
  +--> ?PR?_SETYACCELOFFSET?SENSOR
  +--> ?PR?_SETZACCELOFFSET?SENSOR
  +--> ?PR?_SETXGYROOFFSET?SENSOR
  +--> ?PR?_SETYGYROOFFSET?SENSOR
  +--> ?PR?_SETZGYROOFFSET?SENSOR

?PR?MPU_8051_MALLOC_SETUP?SENSOR                 -----    -----      -----    -----
  +--> ?PR?_INIT_MEMPOOL?INIT_MEM

?PR?MPU_TESTCONNECTION?SENSOR                    -----    -----      -----    -----
  +--> ?PR?_I2C_MPU_READBITS?HAL_W2_ISR

?PR?_I2C_MPU_READBITS?HAL_W2_ISR                 0027H    0009H      -----    -----
  +--> ?PR?_I2C_MPU_READBYTE?HAL_W2_ISR

?PR?_I2C_MPU_READBYTE?HAL_W2_ISR                 0030H    0003H      -----    -----
  +--> ?PR?_I2C_MPU_READBYTES?HAL_W2_ISR

?PR?_I2C_MPU_READBYTES?HAL_W2_ISR                0033H    0008H      -----    -----
  +--> ?PR?_HAL_W2_INIT_TRANSFER?HAL_W2_ISR
  +--> ?PR?HAL_W2_WAIT_DATA_READY_ISR?HAL_W2...
  +--> ?PR?HAL_W2_SOFT_RESET?HAL_W2_ISR

?PR?_HAL_W2_INIT_TRANSFER?HAL_W2_ISR             -----    -----      -----    -----
  +--> ?PR?HAL_W2_WAIT_DATA_READY_ISR?HAL_W2...

?PR?HAL_W2_SOFT_RESET?HAL_W2_ISR                 003BH    0002H      -----    -----
  +--> ?PR?_DELAY_US?HAL_DELAY

?PR?MPU_INITIALIZE?SENSOR                        -----    -----      -----    -----
  +--> ?PR?_SETCLOCKSOURCE?SENSOR
  +--> ?PR?_SETFULLSCALEGYRORANGE?SENSOR
  +--> ?PR?_SETFULLSCALEACCELRANGE?SENSOR
  +--> ?PR?_SETSLEEPENABLED?SENSOR

?PR?_SETCLOCKSOURCE?SENSOR                       -----    -----      -----    -----
  +--> ?PR?_I2C_MPU_WRITEBITS?HAL_W2_ISR

?PR?_I2C_MPU_WRITEBITS?HAL_W2_ISR                0027H    0007H      -----    -----
  +--> ?PR?_I2C_MPU_READBYTE?HAL_W2_ISR
  +--> ?PR?_I2C_MPU_WRITEBYTE?HAL_W2_ISR

?PR?_I2C_MPU_WRITEBYTE?HAL_W2_ISR                002EH    0001H      -----    -----
  +--> ?PR?_I2C_MPU_WRITEBYTES?HAL_W2_ISR

?PR?_I2C_MPU_WRITEBYTES?HAL_W2_ISR               002FH    0006H      -----    -----
  +--> ?PR?_HAL_W2_INIT_TRANSFER?HAL_W2_ISR
  +--> ?PR?HAL_W2_WAIT_DATA_READY_ISR?HAL_W2...

?PR?_SETFULLSCALEGYRORANGE?SENSOR                -----    -----      -----    -----
  +--> ?PR?_I2C_MPU_WRITEBITS?HAL_W2_ISR

?PR?_SETFULLSCALEACCELRANGE?SENSOR               -----    -----      -----    -----
  +--> ?PR?_I2C_MPU_WRITEBITS?HAL_W2_ISR

?PR?_SETSLEEPENABLED?SENSOR                      -----    -----      -----    -----
BL51 BANKED LINKER/LOCATER V6.22                                                      04/25/2017  16:31:46  PAGE 7


  +--> ?PR?_I2C_MPU_WRITEBIT?HAL_W2_ISR

?PR?_I2C_MPU_WRITEBIT?HAL_W2_ISR                 0027H    0005H      -----    -----
  +--> ?PR?_I2C_MPU_READBYTE?HAL_W2_ISR
  +--> ?PR?_I2C_MPU_WRITEBYTE?HAL_W2_ISR

?PR?DMPINITIALIZE?SENSOR                         -----    -----      028AH    009BH
  +--> ?PR?I2C_MPU_RESET?SENSOR
  +--> ?PR?_DELAY_MS?HAL_DELAY
  +--> ?PR?_SETSLEEPENABLED?SENSOR
  +--> ?PR?_SETMEMORYBANK?SENSOR
  +--> ?PR?_SETMEMORYSTARTADDRESS?SENSOR
  +--> ?PR?GETXGYROOFFSETTC?SENSOR
  +--> ?PR?GETYGYROOFFSETTC?SENSOR
  +--> ?PR?GETZGYROOFFSETTC?SENSOR
  +--> ?PR?_SETSLAVEADDRESS?SENSOR
  +--> ?PR?_SETI2CMASTERMODEENABLED?SENSOR
  +--> ?PR?RESETI2CMASTER?SENSOR
  +--> ?CO?SENSOR
  +--> ?PR?_WRITEPROGMEMORYBLOCK?SENSOR
  +--> ?PR?_WRITEPROGDMPCONFIGURATIONSET?SENSOR
  +--> ?PR?_SETCLOCKSOURCE?SENSOR
  +--> ?PR?_SETINTENABLED?SENSOR
  +--> ?PR?_SETRATE?SENSOR
  +--> ?PR?_I2C_MPU_READBYTE?HAL_W2_ISR
  +--> ?PR?_I2C_MPU_WRITEBYTE?HAL_W2_ISR
  +--> ?PR?_SETDLPFMODE?SENSOR
  +--> ?PR?_SETFULLSCALEGYRORANGE?SENSOR
  +--> ?PR?_SETDMPCONFIG1?SENSOR
  +--> ?PR?_SETDMPCONFIG2?SENSOR
  +--> ?PR?_SETOTPBANKVALID?SENSOR
  +--> ?PR?_WRITEMEMORYBLOCK?SENSOR
  +--> ?PR?RESETFIFO?SENSOR
  +--> ?PR?GETFIFOCOUNT?SENSOR
  +--> ?PR?_GETFIFOBYTES?SENSOR
  +--> ?PR?_SETMOTIONDETECTIONTHRESHOLD?SENSOR
  +--> ?PR?_SETZEROMOTIONDETECTIONTHRESHOLD?...
  +--> ?PR?_SETMOTIONDETECTIONDURATION?SENSOR
  +--> ?PR?_SETZEROMOTIONDETECTIONDURATION?S...
  +--> ?PR?_SETFIFOENABLED?SENSOR
  +--> ?PR?_SETDMPENABLED?SENSOR
  +--> ?PR?RESETDMP?SENSOR
  +--> ?PR?_READMEMORYBLOCK?SENSOR
  +--> ?PR?GETINTSTATUS?SENSOR

?PR?I2C_MPU_RESET?SENSOR                         -----    -----      -----    -----
  +--> ?PR?_I2C_MPU_WRITEBIT?HAL_W2_ISR

?PR?_SETMEMORYBANK?SENSOR                        -----    -----      -----    -----
  +--> ?PR?_I2C_MPU_WRITEBYTE?HAL_W2_ISR

?PR?_SETMEMORYSTARTADDRESS?SENSOR                -----    -----      -----    -----
  +--> ?PR?_I2C_MPU_WRITEBYTE?HAL_W2_ISR

?PR?GETXGYROOFFSETTC?SENSOR                      -----    -----      -----    -----
  +--> ?PR?_I2C_MPU_READBITS?HAL_W2_ISR

BL51 BANKED LINKER/LOCATER V6.22                                                      04/25/2017  16:31:46  PAGE 8


?PR?GETYGYROOFFSETTC?SENSOR                      -----    -----      -----    -----
  +--> ?PR?_I2C_MPU_READBITS?HAL_W2_ISR

?PR?GETZGYROOFFSETTC?SENSOR                      -----    -----      -----    -----
  +--> ?PR?_I2C_MPU_READBITS?HAL_W2_ISR

?PR?_SETSLAVEADDRESS?SENSOR                      -----    -----      -----    -----
  +--> ?PR?_I2C_MPU_WRITEBYTE?HAL_W2_ISR

?PR?_SETI2CMASTERMODEENABLED?SENSOR              -----    -----      -----    -----
  +--> ?PR?_I2C_MPU_WRITEBIT?HAL_W2_ISR

?PR?RESETI2CMASTER?SENSOR                        -----    -----      -----    -----
  +--> ?PR?_I2C_MPU_WRITEBIT?HAL_W2_ISR

?PR?_WRITEPROGMEMORYBLOCK?SENSOR                 -----    -----      0325H    0008H
  +--> ?PR?_WRITEMEMORYBLOCK?SENSOR

?PR?_WRITEMEMORYBLOCK?SENSOR                     -----    -----      0335H    0012H
  +--> ?PR?_SETMEMORYBANK?SENSOR
  +--> ?PR?_SETMEMORYSTARTADDRESS?SENSOR
  +--> ?PR?_MALLOC?MALLOC
  +--> ?PR?_I2C_MPU_WRITEBYTES?HAL_W2_ISR
  +--> ?PR?_I2C_MPU_READBYTES?HAL_W2_ISR
  +--> ?PR?_FREE?FREE

?PR?_MALLOC?MALLOC                               002FH    0004H      -----    -----

?PR?_FREE?FREE                                   002FH    0004H      -----    -----

?PR?_WRITEPROGDMPCONFIGURATIONSET?SENSOR         -----    -----      -----    -----
  +--> ?PR?_WRITEDMPCONFIGURATIONSET?SENSOR

?PR?_WRITEDMPCONFIGURATIONSET?SENSOR             -----    -----      0325H    0010H
  +--> ?PR?_MALLOC?MALLOC
  +--> ?PR?_REALLOC?REALLOC
  +--> ?PR?_WRITEMEMORYBLOCK?SENSOR
  +--> ?PR?_I2C_MPU_WRITEBYTE?HAL_W2_ISR
  +--> ?PR?_FREE?FREE

?PR?_REALLOC?REALLOC                             0027H    0008H      -----    -----
  +--> ?PR?_MALLOC?MALLOC
  +--> ?PR?_FREE?FREE

?PR?_SETINTENABLED?SENSOR                        -----    -----      -----    -----
  +--> ?PR?_I2C_MPU_WRITEBYTE?HAL_W2_ISR

?PR?_SETRATE?SENSOR                              -----    -----      -----    -----
  +--> ?PR?_I2C_MPU_WRITEBYTE?HAL_W2_ISR

?PR?_SETDLPFMODE?SENSOR                          -----    -----      -----    -----
  +--> ?PR?_I2C_MPU_WRITEBITS?HAL_W2_ISR

?PR?_SETDMPCONFIG1?SENSOR                        -----    -----      -----    -----
  +--> ?PR?_I2C_MPU_WRITEBYTE?HAL_W2_ISR

?PR?_SETDMPCONFIG2?SENSOR                        -----    -----      -----    -----
BL51 BANKED LINKER/LOCATER V6.22                                                      04/25/2017  16:31:46  PAGE 9


  +--> ?PR?_I2C_MPU_WRITEBYTE?HAL_W2_ISR

?PR?_SETOTPBANKVALID?SENSOR                      -----    -----      -----    -----
  +--> ?PR?_I2C_MPU_WRITEBIT?HAL_W2_ISR

?PR?RESETFIFO?SENSOR                             -----    -----      -----    -----
  +--> ?PR?_I2C_MPU_WRITEBIT?HAL_W2_ISR

?PR?GETFIFOCOUNT?SENSOR                          -----    -----      -----    -----
  +--> ?PR?_I2C_MPU_READBYTES?HAL_W2_ISR

?PR?_GETFIFOBYTES?SENSOR                         -----    -----      0325H    0003H
  +--> ?PR?_I2C_MPU_READBYTES?HAL_W2_ISR

?PR?_SETMOTIONDETECTIONTHRESHOLD?SENSOR          -----    -----      -----    -----
  +--> ?PR?_I2C_MPU_WRITEBYTE?HAL_W2_ISR

?PR?_SETZEROMOTIONDETECTIONTHRESHOLD?...         -----    -----      -----    -----
  +--> ?PR?_I2C_MPU_WRITEBYTE?HAL_W2_ISR

?PR?_SETMOTIONDETECTIONDURATION?SENSOR           -----    -----      -----    -----
  +--> ?PR?_I2C_MPU_WRITEBYTE?HAL_W2_ISR

?PR?_SETZEROMOTIONDETECTIONDURATION?S...         -----    -----      -----    -----
  +--> ?PR?_I2C_MPU_WRITEBYTE?HAL_W2_ISR

?PR?_SETFIFOENABLED?SENSOR                       -----    -----      -----    -----
  +--> ?PR?_I2C_MPU_WRITEBIT?HAL_W2_ISR

?PR?_SETDMPENABLED?SENSOR                        -----    -----      -----    -----
  +--> ?PR?_I2C_MPU_WRITEBIT?HAL_W2_ISR

?PR?RESETDMP?SENSOR                              -----    -----      -----    -----
  +--> ?PR?_I2C_MPU_WRITEBIT?HAL_W2_ISR

?PR?_READMEMORYBLOCK?SENSOR                      -----    -----      0325H    000AH
  +--> ?PR?_SETMEMORYBANK?SENSOR
  +--> ?PR?_SETMEMORYSTARTADDRESS?SENSOR
  +--> ?PR?_I2C_MPU_READBYTES?HAL_W2_ISR

?PR?GETINTSTATUS?SENSOR                          -----    -----      -----    -----
  +--> ?PR?_I2C_MPU_READBYTE?HAL_W2_ISR

?PR?_SETXACCELOFFSET?SENSOR                      -----    -----      -----    -----
  +--> ?PR?_I2C_MPU_WRITEWORD?HAL_W2_ISR

?PR?_I2C_MPU_WRITEWORD?HAL_W2_ISR                0027H    0002H      -----    -----
  +--> ?PR?_I2C_MPU_WRITEWORDS?HAL_W2_ISR

?PR?_I2C_MPU_WRITEWORDS?HAL_W2_ISR               0029H    0006H      -----    -----
  +--> ?PR?_HAL_W2_INIT_TRANSFER?HAL_W2_ISR
  +--> ?PR?HAL_W2_WAIT_DATA_READY_ISR?HAL_W2...

?PR?_SETYACCELOFFSET?SENSOR                      -----    -----      -----    -----
  +--> ?PR?_I2C_MPU_WRITEWORD?HAL_W2_ISR

?PR?_SETZACCELOFFSET?SENSOR                      -----    -----      -----    -----
BL51 BANKED LINKER/LOCATER V6.22                                                      04/25/2017  16:31:46  PAGE 10


  +--> ?PR?_I2C_MPU_WRITEWORD?HAL_W2_ISR

?PR?_SETXGYROOFFSET?SENSOR                       -----    -----      -----    -----
  +--> ?PR?_I2C_MPU_WRITEWORD?HAL_W2_ISR

?PR?_SETYGYROOFFSET?SENSOR                       -----    -----      -----    -----
  +--> ?PR?_I2C_MPU_WRITEWORD?HAL_W2_ISR

?PR?_SETZGYROOFFSET?SENSOR                       -----    -----      -----    -----
  +--> ?PR?_I2C_MPU_WRITEWORD?HAL_W2_ISR

?PR?DATAACQ?SENSOR                               -----    -----      0289H    0001H
  +--> ?PR?GETFIFOCOUNT?SENSOR
  +--> ?PR?_GETFIFOBYTES?SENSOR
  +--> ?PR?_SEND_INERTIAL_PACKET_BY_RF?SENSOR

?PR?_SEND_INERTIAL_PACKET_BY_RF?SENSOR           0027H    0005H      -----    -----
  +--> ?PR?_TX_MODE_NOACK?SENSOR
  +--> ?PR?RX_MODE?SENSOR

?PR?_TX_MODE_NOACK?SENSOR                        002CH    0002H      -----    -----
  +--> ?PR?_SPI_RW_REG?SENSOR
  +--> ?CO?SENSOR
  +--> ?PR?_SPI_WRITE_BUF?SENSOR

?PR?_SEND_RF_COMMAND_WITH_ARG?SENSOR             -----    -----      -----    -----
  +--> ?PR?_TX_MODE_NOACK?SENSOR
  +--> ?PR?RX_MODE?SENSOR



SYMBOL TABLE OF MODULE:  .\Objects\sensor_project (SENSOR)

  VALUE           TYPE          NAME
  ----------------------------------

  -------         MODULE        SENSOR
  C:0000H         SYMBOL        _ICE_DUMMY_
  D:0080H         PUBLIC        P0
  D:0090H         PUBLIC        P1
  D:00A0H         PUBLIC        P2
  D:00B0H         PUBLIC        P3
  X:0000H         PUBLIC        numbPackets
  X:0001H         PUBLIC        fifoBuffer
  C:32FEH         PUBLIC        dmpGetFIFOPacketSize
  B:00A8H.7       PUBLIC        EA
  C:31FAH         PUBLIC        resetDMP
  X:0041H         PUBLIC        rx_buf
  C:1EDDH         PUBLIC        _readMemoryBlock
  C:2C5DH         PUBLIC        I2C_IRQ
  X:0061H         PUBLIC        tx_buf
  C:2385H         PUBLIC        _send_offset_values
  D:00A8H         PUBLIC        IEN0
  D:00B8H         PUBLIC        IEN1
  C:2DD6H         PUBLIC        mpu_testConnection
  C:310AH         PUBLIC        RX_Mode
  C:29DAH         PUBLIC        DataAcq
BL51 BANKED LINKER/LOCATER V6.22                                                      04/25/2017  16:31:46  PAGE 11


  C:2185H         PUBLIC        _getMotion6_variables
  C:3074H         PUBLIC        getMotionDetectionThreshold
  X:0081H         PUBLIC        malloc_memory_pool
  C:2FA6H         PUBLIC        getFIFOEnabled
  C:2F59H         PUBLIC        _setSlaveAddress
  B:00B8H.1       PUBLIC        RF
  D:00E7H         PUBLIC        SPIRDAT
  C:1A85H         PUBLIC        _writeMemoryBlock
  B:0021H.0       PUBLIC        newPayload
  C:3159H         PUBLIC        _setFullScaleAccelRange
  C:07E4H         PUBLIC        dmpConfig
  C:08A4H         PUBLIC        dmpUpdates
  X:0275H         PUBLIC        packet_type
  B:0020H.6       PUBLIC        RX_DR
  B:00E8H.0       PUBLIC        RFCE
  C:17CBH         PUBLIC        _writeDMPConfigurationSet
  C:332BH         PUBLIC        _setMotionDetectionThreshold
  C:293AH         PUBLIC        _send_packet_to_computer
  C:3274H         PUBLIC        _setFIFOEnabled
  B:0020H.5       PUBLIC        TX_DS
  C:3175H         PUBLIC        _setExternalFrameSync
  C:249FH         PUBLIC        main
  C:1CCAH         PUBLIC        initial_setup_dmp
  C:1FD4H         PUBLIC        _dmpGetQuaternion_int16
  C:2FBEH         PUBLIC        getOTPBankValid
  C:316CH         PUBLIC        _setMemoryStartAddress
  C:2E94H         PUBLIC        getXGyroOffset
  C:30E6H         PUBLIC        _send_rf_command
  C:3307H         PUBLIC        _setIntEnabled
  C:2EB1H         PUBLIC        getYGyroOffset
  C:2ECEH         PUBLIC        getZGyroOffset
  C:0026H         PUBLIC        _hal_uart_putstring
  C:309AH         PUBLIC        getMotionDetectionDuration
  C:304EH         PUBLIC        getDMPConfig1
  C:3061H         PUBLIC        getDMPConfig2
  C:313DH         PUBLIC        _setClockSource
  B:0080H.3       PUBLIC        P03
  C:27D5H         PUBLIC        setup
  C:32E0H         PUBLIC        _setOTPBankValid
  D:0088H         PUBLIC        TCON
  C:0003H         PUBLIC        _writeProgMemoryBlock
  C:3269H         PUBLIC        _setI2CMasterModeEnabled
  C:323DH         PUBLIC        _setXGyroOffset
  C:3248H         PUBLIC        _setYGyroOffset
  C:3253H         PUBLIC        _setZGyroOffset
  C:3087H         PUBLIC        getZeroMotionDetectionThreshold
  C:31E2H         PUBLIC        i2c_mpu_reset
  C:333DH         PUBLIC        _setMotionDetectionDuration
  B:00E8H.2       PUBLIC        RFCKEN
  C:3319H         PUBLIC        _setDMPConfig1
  C:0056H         PUBLIC        ADDR_HOST
  C:3322H         PUBLIC        _setDMPConfig2
  C:32D6H         PUBLIC        _writeProgDMPConfigurationSet
  X:0276H         PUBLIC        dmpPacketSize
  C:11DCH         PUBLIC        _send_inertial_packet_by_rf
  C:005BH         PUBLIC        dmpMemory
  C:2F08H         PUBLIC        getXGyroOffsetTC
BL51 BANKED LINKER/LOCATER V6.22                                                      04/25/2017  16:31:46  PAGE 12


  C:2F23H         PUBLIC        getYGyroOffsetTC
  C:2F3EH         PUBLIC        getZGyroOffsetTC
  C:3334H         PUBLIC        _setZeroMotionDetectionThreshold
  D:0020H         PUBLIC        sta
  C:2E01H         PUBLIC        _setMemoryBank
  C:2D36H         PUBLIC        _SPI_Read_Buf
  C:31C9H         PUBLIC        _SPI_Read
  C:31D6H         PUBLIC        resetFIFO
  C:3191H         PUBLIC        _setXGyroOffsetTC
  C:319FH         PUBLIC        _setYGyroOffsetTC
  C:20B6H         PUBLIC        _getMotion6_packet
  C:31ADH         PUBLIC        _setZGyroOffsetTC
  C:30ADH         PUBLIC        getZeroMotionDetectionDuration
  C:31EEH         PUBLIC        resetI2CMaster
  C:2CD2H         PUBLIC        _SPI_Write_Buf
  C:298AH         PUBLIC        _send_packet_from_host_to_computer
  C:08D3H         PUBLIC        dmpInitialize
  C:3310H         PUBLIC        _setRate
  C:14F5H         PUBLIC        _dmpGetPacket16bits
  C:3346H         PUBLIC        _setZeroMotionDetectionDuration
  C:325EH         PUBLIC        _setDMPEnabled
  D:0093H         PUBLIC        P0DIR
  C:2E3DH         PUBLIC        getXAccelOffset
  D:009EH         PUBLIC        P0CON
  D:0094H         PUBLIC        P1DIR
  C:2E5AH         PUBLIC        getYAccelOffset
  C:2D04H         PUBLIC        _TX_Mode_NOACK
  D:009FH         PUBLIC        P1CON
  C:2E77H         PUBLIC        getZAccelOffset
  C:314BH         PUBLIC        _setFullScaleGyroRange
  D:0098H         PUBLIC        S0CON
  C:2FEBH         PUBLIC        _send_rf_command_with_arg
  C:2527H         PUBLIC        RF_IRQ
  D:00D8H         PUBLIC        ADCON
  D:00C8H         PUBLIC        T2CON
  C:2B9EH         PUBLIC        _redirect_rf_pkt_to_serial
  D:00F8H         PUBLIC        FSR
  C:321CH         PUBLIC        _setXAccelOffset
  C:3000H         PUBLIC        mpu_initialize
  B:0020H.4       PUBLIC        MAX_RT
  C:3227H         PUBLIC        _setYAccelOffset
  C:28E3H         PUBLIC        _send_packet_to_host
  C:3232H         PUBLIC        _setZAccelOffset
  C:2244H         PUBLIC        _rf_init
  C:2ACFH         PUBLIC        _getFIFOBytes
  X:0278H         PUBLIC        payloadWidth
  C:2EEBH         PUBLIC        getFIFOCount
  C:3206H         PUBLIC        mpu_8051_malloc_setup
  C:3028H         PUBLIC        _SPI_RW_Reg
  C:32CCH         PUBLIC        _SPI_RW
  C:303BH         PUBLIC        getIntStatus
  D:00E8H         PUBLIC        RFCON
  C:3211H         PUBLIC        _setSleepEnabled
  D:00D0H         PUBLIC        PSW
  C:30C0H         PUBLIC        iniciarIO
  D:00C0H         PUBLIC        IRCON
  C:3183H         PUBLIC        _setDLPFMode
BL51 BANKED LINKER/LOCATER V6.22                                                      04/25/2017  16:31:46  PAGE 13


  X:0279H         PUBLIC        dmpPacketBuffer
  X:027BH         PUBLIC        buffer
  B:00E8H.1       PUBLIC        RFCSN
  D:00E6H         PUBLIC        SPIRSTAT
  -------         PROC          _SPI_RW
  D:0007H         SYMBOL        value
  C:32CCH         LINE#         127
  C:32CCH         LINE#         128
  C:32CEH         LINE#         130
  C:32D3H         LINE#         132
  C:32D5H         LINE#         133
  -------         ENDPROC       _SPI_RW
  -------         PROC          _SPI_RW_REG
  D:0007H         SYMBOL        reg
  D:0006H         SYMBOL        value
  -------         DO            
  D:0005H         SYMBOL        status
  -------         ENDDO         
  C:3028H         LINE#         142
  C:302AH         LINE#         145
  C:302CH         LINE#         146
  C:3031H         LINE#         147
  C:3036H         LINE#         148
  C:3038H         LINE#         150
  C:303AH         LINE#         151
  -------         ENDPROC       _SPI_RW_REG
  -------         PROC          _SPI_READ
  D:0007H         SYMBOL        reg
  -------         DO            
  D:0007H         SYMBOL        reg_val
  -------         ENDDO         
  C:31C9H         LINE#         159
  C:31C9H         LINE#         162
  C:31CBH         LINE#         163
  C:31CEH         LINE#         164
  C:31D3H         LINE#         165
  C:31D5H         LINE#         167
  C:31D5H         LINE#         168
  -------         ENDPROC       _SPI_READ
  -------         PROC          _SPI_READ_BUF
  D:0007H         SYMBOL        reg
  D:0023H         SYMBOL        pBuf
  D:0026H         SYMBOL        bytes
  -------         DO            
  D:0006H         SYMBOL        status
  D:0005H         SYMBOL        byte_ctr
  -------         ENDDO         
  C:2D36H         LINE#         177
  C:2D3CH         LINE#         180
  C:2D3EH         LINE#         181
  C:2D43H         LINE#         183
  C:2D4BH         LINE#         184
  C:2D62H         LINE#         186
  C:2D64H         LINE#         188
  C:2D66H         LINE#         189
  -------         ENDPROC       _SPI_READ_BUF
  -------         PROC          _SPI_WRITE_BUF
BL51 BANKED LINKER/LOCATER V6.22                                                      04/25/2017  16:31:46  PAGE 14


  D:0007H         SYMBOL        reg
  D:0031H         SYMBOL        pBuf
  D:0034H         SYMBOL        bytes
  -------         DO            
  D:0006H         SYMBOL        status
  D:0005H         SYMBOL        byte_ctr
  -------         ENDDO         
  C:2CD2H         LINE#         199
  C:2CD8H         LINE#         202
  C:2CDAH         LINE#         203
  C:2CDFH         LINE#         204
  C:2CE7H         LINE#         205
  C:2CFFH         LINE#         206
  C:2D01H         LINE#         207
  C:2D03H         LINE#         208
  -------         ENDPROC       _SPI_WRITE_BUF
  -------         PROC          RX_MODE
  C:310AH         LINE#         213
  C:310AH         LINE#         214
  C:310DH         LINE#         215
  C:310FH         LINE#         216
  C:3111H         LINE#         217
  C:3118H         LINE#         218
  C:311AH         LINE#         219
  -------         ENDPROC       RX_MODE
  -------         PROC          _TX_MODE_NOACK
  D:002CH         SYMBOL        payloadLength
  C:2D04H         LINE#         227
  C:2D08H         LINE#         228
  C:2D0AH         LINE#         229
  C:2D11H         LINE#         230
  C:2D1FH         LINE#         231
  C:2D2DH         LINE#         233
  C:2D2FH         LINE#         234
  C:2D35H         LINE#         235
  -------         ENDPROC       _TX_MODE_NOACK
  -------         PROC          RF_IRQ
  C:2527H         LINE#         242
  C:2540H         LINE#         244
  C:2547H         LINE#         245
  C:254AH         LINE#         246
  C:2558H         LINE#         247
  C:255FH         LINE#         248
  C:2561H         LINE#         249
  C:256BH         LINE#         250
  C:2570H         LINE#         251
  C:2572H         LINE#         252
  C:2578H         LINE#         253
  C:257AH         LINE#         254
  C:257AH         LINE#         255
  C:257AH         LINE#         256
  C:257DH         LINE#         257
  C:2584H         LINE#         258
  C:2587H         LINE#         259
  C:258EH         LINE#         260
  C:2595H         LINE#         261
  -------         ENDPROC       RF_IRQ
BL51 BANKED LINKER/LOCATER V6.22                                                      04/25/2017  16:31:46  PAGE 15


  -------         PROC          _RF_INIT
  D:0027H         SYMBOL        rx_addr
  D:002AH         SYMBOL        tx_addr
  D:002DH         SYMBOL        rf_channel
  D:002EH         SYMBOL        rf_data_rate
  D:002FH         SYMBOL        rf_pwr
  -------         DO            
  D:0004H         SYMBOL        rf_setup_byte
  -------         ENDDO         
  C:2244H         LINE#         271
  C:224AH         LINE#         272
  C:224CH         LINE#         273
  C:224EH         LINE#         274
  C:2250H         LINE#         275
  C:2252H         LINE#         276
  C:2254H         LINE#         277
  C:2256H         LINE#         279
  C:2265H         LINE#         280
  C:2265H         LINE#         281
  C:2268H         LINE#         282
  C:226AH         LINE#         283
  C:226AH         LINE#         284
  C:226DH         LINE#         285
  C:2270H         LINE#         286
  C:2272H         LINE#         287
  C:2272H         LINE#         288
  C:2275H         LINE#         289
  C:2275H         LINE#         290
  C:2277H         LINE#         291
  C:2277H         LINE#         292
  C:227AH         LINE#         293
  C:227AH         LINE#         294
  C:227AH         LINE#         295
  C:2284H         LINE#         296
  C:2284H         LINE#         297
  C:2287H         LINE#         298
  C:228AH         LINE#         299
  C:228CH         LINE#         300
  C:228CH         LINE#         301
  C:228FH         LINE#         302
  C:2291H         LINE#         303
  C:2291H         LINE#         304
  C:2294H         LINE#         305
  C:2297H         LINE#         306
  C:2297H         LINE#         307
  C:2297H         LINE#         309
  C:22A5H         LINE#         311
  C:22B3H         LINE#         313
  C:22BAH         LINE#         315
  C:22C1H         LINE#         317
  C:22C8H         LINE#         319
  C:22CFH         LINE#         321
  C:22D6H         LINE#         323
  C:22DDH         LINE#         325
  C:22E4H         LINE#         327
  C:22E6H         LINE#         328
  -------         ENDPROC       _RF_INIT
BL51 BANKED LINKER/LOCATER V6.22                                                      04/25/2017  16:31:46  PAGE 16


  -------         PROC          _SEND_INERTIAL_PACKET_BY_RF
  D:0007H         SYMBOL        pkt_type
  D:0028H         SYMBOL        fifo_buffer
  D:002BH         SYMBOL        my_sub_addr
  C:11DCH         LINE#         125
  C:11E2H         LINE#         126
  C:11E8H         LINE#         127
  C:1215H         LINE#         128
  C:1215H         LINE#         129
  C:1225H         LINE#         130
  C:122FH         LINE#         131
  C:1239H         LINE#         132
  C:1243H         LINE#         133
  C:124DH         LINE#         134
  C:1250H         LINE#         135
  C:1250H         LINE#         136
  C:1252H         LINE#         137
  C:1252H         LINE#         138
  C:1262H         LINE#         139
  C:126CH         LINE#         140
  C:1276H         LINE#         141
  C:1280H         LINE#         142
  C:128AH         LINE#         143
  C:1293H         LINE#         144
  C:1293H         LINE#         145
  C:1295H         LINE#         146
  C:1295H         LINE#         148
  C:12A2H         LINE#         149
  C:12A4H         LINE#         150
  C:12A6H         LINE#         151
  C:12A8H         LINE#         152
  C:12AAH         LINE#         153
  C:12ACH         LINE#         154
  C:12AEH         LINE#         155
  C:12B1H         LINE#         156
  C:12B1H         LINE#         157
  C:12C1H         LINE#         158
  C:12CBH         LINE#         159
  C:12D5H         LINE#         160
  C:12DFH         LINE#         161
  C:12E9H         LINE#         162
  C:12F3H         LINE#         163
  C:12FDH         LINE#         164
  C:1307H         LINE#         165
  C:1311H         LINE#         166
  C:131BH         LINE#         167
  C:1325H         LINE#         168
  C:132FH         LINE#         169
  C:1331H         LINE#         170
  C:1334H         LINE#         171
  C:1334H         LINE#         172
  C:1344H         LINE#         173
  C:134EH         LINE#         174
  C:1358H         LINE#         175
  C:1362H         LINE#         176
  C:136CH         LINE#         177
  C:1376H         LINE#         178
BL51 BANKED LINKER/LOCATER V6.22                                                      04/25/2017  16:31:46  PAGE 17


  C:1380H         LINE#         179
  C:138AH         LINE#         180
  C:1394H         LINE#         181
  C:139EH         LINE#         182
  C:13A8H         LINE#         183
  C:13B2H         LINE#         185
  C:13B9H         LINE#         186
  C:13BBH         LINE#         187
  C:13BDH         LINE#         188
  C:13BFH         LINE#         189
  C:13C1H         LINE#         190
  C:13C3H         LINE#         191
  C:13C5H         LINE#         192
  C:13C8H         LINE#         193
  C:13C8H         LINE#         194
  C:13D5H         LINE#         195
  C:13DFH         LINE#         196
  C:13E9H         LINE#         197
  C:13F3H         LINE#         198
  C:13FDH         LINE#         199
  C:1407H         LINE#         200
  C:1411H         LINE#         201
  C:141BH         LINE#         202
  C:141DH         LINE#         203
  C:1420H         LINE#         204
  C:1420H         LINE#         205
  C:1430H         LINE#         206
  C:143AH         LINE#         207
  C:1444H         LINE#         208
  C:144EH         LINE#         209
  C:1458H         LINE#         210
  C:1462H         LINE#         211
  C:146CH         LINE#         212
  C:1476H         LINE#         213
  C:1480H         LINE#         214
  C:148AH         LINE#         215
  C:1494H         LINE#         216
  C:149EH         LINE#         217
  C:14A5H         LINE#         218
  C:14AFH         LINE#         219
  C:14B9H         LINE#         220
  C:14C3H         LINE#         221
  C:14CDH         LINE#         222
  C:14D7H         LINE#         223
  C:14E1H         LINE#         224
  C:14EBH         LINE#         225
  C:14F2H         LINE#         226
  C:14F2H         LINE#         227
  C:14F2H         LINE#         229
  C:14F2H         LINE#         230
  C:14F2H         LINE#         231
  -------         ENDPROC       _SEND_INERTIAL_PACKET_BY_RF
  -------         PROC          _SEND_RF_COMMAND
  D:0007H         SYMBOL        cmd2send
  D:0005H         SYMBOL        sensor_id
  C:30E6H         LINE#         234
  C:30E6H         LINE#         235
BL51 BANKED LINKER/LOCATER V6.22                                                      04/25/2017  16:31:46  PAGE 18


  C:30EBH         LINE#         236
  C:30EEH         LINE#         237
  C:30F5H         LINE#         238
  -------         ENDPROC       _SEND_RF_COMMAND
  -------         PROC          _SEND_RF_COMMAND_WITH_ARG
  D:0007H         SYMBOL        cmd2send
  D:0005H         SYMBOL        agr2send
  D:0003H         SYMBOL        sensor_id
  C:2FEBH         LINE#         241
  C:2FEBH         LINE#         242
  C:2FF0H         LINE#         243
  C:2FF3H         LINE#         244
  C:2FF6H         LINE#         245
  C:2FFDH         LINE#         246
  -------         ENDPROC       _SEND_RF_COMMAND_WITH_ARG
  -------         PROC          _SEND_OFFSET_VALUES
  D:0007H         SYMBOL        sensor_id
  D:0005H         SYMBOL        cmd2send
  D:0002H         SYMBOL        Xac_of
  D:000CH         SYMBOL        Yac_of
  D:000EH         SYMBOL        Zac_of
  D:0010H         SYMBOL        Xgy_of
  D:0012H         SYMBOL        Ygy_of
  D:0014H         SYMBOL        Zgy_of
  C:2385H         LINE#         248
  C:2385H         LINE#         249
  C:238AH         LINE#         250
  C:238DH         LINE#         251
  C:2392H         LINE#         252
  C:23A0H         LINE#         253
  C:23A6H         LINE#         254
  C:23B5H         LINE#         255
  C:23BBH         LINE#         256
  C:23CAH         LINE#         257
  C:23D0H         LINE#         258
  C:23DFH         LINE#         259
  C:23E5H         LINE#         260
  C:23F4H         LINE#         261
  C:23FAH         LINE#         262
  C:2409H         LINE#         263
  C:2410H         LINE#         264
  -------         ENDPROC       _SEND_OFFSET_VALUES
  -------         PROC          _SEND_PACKET_TO_HOST
  D:0007H         SYMBOL        packet_type
  D:0053H         SYMBOL        data_to_send
  D:0056H         SYMBOL        data_len
  D:0057H         SYMBOL        my_sub_addr
  -------         DO            
  D:0006H         SYMBOL        i
  -------         ENDDO         
  C:28E3H         LINE#         269
  C:28E9H         LINE#         271
  C:28EEH         LINE#         272
  C:28F2H         LINE#         273
  C:2905H         LINE#         274
  C:2925H         LINE#         275
  C:292CH         LINE#         276
BL51 BANKED LINKER/LOCATER V6.22                                                      04/25/2017  16:31:46  PAGE 19


  C:2937H         LINE#         277
  -------         ENDPROC       _SEND_PACKET_TO_HOST
  -------         PROC          _SEND_PACKET_TO_COMPUTER
  D:003DH         SYMBOL        packet_type
  D:003EH         SYMBOL        data_to_send
  D:0041H         SYMBOL        data_len
  -------         DO            
  D:0042H         SYMBOL        i
  -------         ENDDO         
  C:293AH         LINE#         282
  C:2942H         LINE#         284
  C:2947H         LINE#         285
  C:294CH         LINE#         286
  C:2951H         LINE#         287
  C:2968H         LINE#         288
  C:297BH         LINE#         289
  C:2985H         LINE#         290
  -------         ENDPROC       _SEND_PACKET_TO_COMPUTER
  -------         PROC          _REDIRECT_RF_PKT_TO_SERIAL
  D:0058H         SYMBOL        data_to_send
  D:005BH         SYMBOL        data_len
  -------         DO            
  D:005CH         SYMBOL        i
  -------         ENDDO         
  C:2B9EH         LINE#         293
  C:2BA6H         LINE#         295
  C:2BABH         LINE#         296
  C:2BB0H         LINE#         297
  C:2BC0H         LINE#         298
  C:2BD3H         LINE#         299
  C:2BDDH         LINE#         300
  -------         ENDPROC       _REDIRECT_RF_PKT_TO_SERIAL
  -------         PROC          _SEND_PACKET_FROM_HOST_TO_COMPUTER
  D:0016H         SYMBOL        packet_type
  D:0017H         SYMBOL        data_to_send
  D:001AH         SYMBOL        data_len
  D:001BH         SYMBOL        my_sub_addr
  -------         DO            
  D:001CH         SYMBOL        i
  -------         ENDDO         
  C:298AH         LINE#         303
  C:2992H         LINE#         305
  C:2997H         LINE#         306
  C:299CH         LINE#         307
  C:29A3H         LINE#         308
  C:29A8H         LINE#         309
  C:29B8H         LINE#         310
  C:29CBH         LINE#         311
  C:29D5H         LINE#         312
  -------         ENDPROC       _SEND_PACKET_FROM_HOST_TO_COMPUTER
  -------         PROC          _HAL_UART_PUTSTRING
  D:0070H         SYMBOL        str_2_send
  C:0026H         LINE#         315
  C:002CH         LINE#         316
  C:0037H         LINE#         317
  C:004AH         LINE#         318
  -------         ENDPROC       _HAL_UART_PUTSTRING
BL51 BANKED LINKER/LOCATER V6.22                                                      04/25/2017  16:31:46  PAGE 20


  -------         PROC          MPU_8051_MALLOC_SETUP
  C:3206H         LINE#         312
  C:3206H         LINE#         313
  -------         ENDPROC       MPU_8051_MALLOC_SETUP
  -------         PROC          _SETCLOCKSOURCE
  D:0007H         SYMBOL        source
  C:313DH         LINE#         332
  C:313DH         LINE#         333
  -------         ENDPROC       _SETCLOCKSOURCE
  -------         PROC          _SETFULLSCALEGYRORANGE
  D:0007H         SYMBOL        range
  C:314BH         LINE#         341
  C:314BH         LINE#         342
  -------         ENDPROC       _SETFULLSCALEGYRORANGE
  -------         PROC          _SETFULLSCALEACCELRANGE
  D:0007H         SYMBOL        range
  C:3159H         LINE#         349
  C:3159H         LINE#         350
  -------         ENDPROC       _SETFULLSCALEACCELRANGE
  -------         PROC          _SETSLEEPENABLED
  D:0007H         SYMBOL        enabled
  C:3211H         LINE#         358
  C:3211H         LINE#         359
  -------         ENDPROC       _SETSLEEPENABLED
  -------         PROC          MPU_INITIALIZE
  C:3000H         LINE#         366
  C:3000H         LINE#         367
  C:3005H         LINE#         368
  C:300AH         LINE#         369
  C:300FH         LINE#         370
  -------         ENDPROC       MPU_INITIALIZE
  -------         PROC          MPU_TESTCONNECTION
  C:2DD6H         LINE#         378
  C:2DD6H         LINE#         379
  C:2DEBH         LINE#         380
  C:2DF8H         LINE#         381
  -------         ENDPROC       MPU_TESTCONNECTION
  -------         PROC          _GETMOTION6_PACKET
  X:036DH         SYMBOL        packet6
  C:20B6H         LINE#         388
  C:20BEH         LINE#         389
  C:20D0H         LINE#         390
  C:20E3H         LINE#         391
  C:20EDH         LINE#         392
  C:20F8H         LINE#         393
  C:2104H         LINE#         394
  C:2114H         LINE#         395
  C:2124H         LINE#         396
  C:2134H         LINE#         397
  C:2144H         LINE#         398
  C:2154H         LINE#         399
  C:2164H         LINE#         400
  C:2174H         LINE#         401
  C:2184H         LINE#         402
  -------         ENDPROC       _GETMOTION6_PACKET
  -------         PROC          _SETXACCELOFFSET
  D:0006H         SYMBOL        offset
BL51 BANKED LINKER/LOCATER V6.22                                                      04/25/2017  16:31:46  PAGE 21


  C:321CH         LINE#         407
  C:321CH         LINE#         408
  -------         ENDPROC       _SETXACCELOFFSET
  -------         PROC          _SETYACCELOFFSET
  D:0006H         SYMBOL        offset
  C:3227H         LINE#         410
  C:3227H         LINE#         411
  -------         ENDPROC       _SETYACCELOFFSET
  -------         PROC          _SETZACCELOFFSET
  D:0006H         SYMBOL        offset
  C:3232H         LINE#         413
  C:3232H         LINE#         414
  -------         ENDPROC       _SETZACCELOFFSET
  -------         PROC          _SETXGYROOFFSET
  D:0006H         SYMBOL        offset
  C:323DH         LINE#         416
  C:323DH         LINE#         417
  -------         ENDPROC       _SETXGYROOFFSET
  -------         PROC          _SETYGYROOFFSET
  D:0006H         SYMBOL        offset
  C:3248H         LINE#         419
  C:3248H         LINE#         420
  -------         ENDPROC       _SETYGYROOFFSET
  -------         PROC          _SETZGYROOFFSET
  D:0006H         SYMBOL        offset
  C:3253H         LINE#         422
  C:3253H         LINE#         423
  -------         ENDPROC       _SETZGYROOFFSET
  -------         PROC          GETXACCELOFFSET
  C:2E3DH         LINE#         425
  C:2E3DH         LINE#         426
  C:2E4FH         LINE#         427
  C:2E59H         LINE#         428
  -------         ENDPROC       GETXACCELOFFSET
  -------         PROC          GETYACCELOFFSET
  C:2E5AH         LINE#         429
  C:2E5AH         LINE#         430
  C:2E6CH         LINE#         431
  C:2E76H         LINE#         432
  -------         ENDPROC       GETYACCELOFFSET
  -------         PROC          GETZACCELOFFSET
  C:2E77H         LINE#         433
  C:2E77H         LINE#         434
  C:2E89H         LINE#         435
  C:2E93H         LINE#         436
  -------         ENDPROC       GETZACCELOFFSET
  -------         PROC          GETXGYROOFFSET
  C:2E94H         LINE#         437
  C:2E94H         LINE#         438
  C:2EA6H         LINE#         439
  C:2EB0H         LINE#         440
  -------         ENDPROC       GETXGYROOFFSET
  -------         PROC          GETYGYROOFFSET
  C:2EB1H         LINE#         441
  C:2EB1H         LINE#         442
  C:2EC3H         LINE#         443
  C:2ECDH         LINE#         444
BL51 BANKED LINKER/LOCATER V6.22                                                      04/25/2017  16:31:46  PAGE 22


  -------         ENDPROC       GETYGYROOFFSET
  -------         PROC          GETZGYROOFFSET
  C:2ECEH         LINE#         445
  C:2ECEH         LINE#         446
  C:2EE0H         LINE#         447
  C:2EEAH         LINE#         448
  -------         ENDPROC       GETZGYROOFFSET
  C:2DF9H         SYMBOL        L?0299
  C:2DFCH         SYMBOL        L?0300
  -------         PROC          L?0298
  -------         ENDPROC       L?0298
  C:2DF9H         SYMBOL        L?0299
  C:2DFCH         SYMBOL        L?0300
  -------         PROC          _SETMEMORYBANK
  D:0007H         SYMBOL        bank
  D:0005H         SYMBOL        prefetchEnabled
  D:0003H         SYMBOL        userBank
  C:2E01H         LINE#         450
  C:2E01H         LINE#         451
  C:2E05H         LINE#         452
  C:2E0CH         LINE#         453
  C:2E13H         LINE#         454
  -------         ENDPROC       _SETMEMORYBANK
  -------         PROC          GETFIFOCOUNT
  C:2EEBH         LINE#         462
  C:2EEBH         LINE#         463
  C:2EFDH         LINE#         464
  C:2F07H         LINE#         465
  -------         ENDPROC       GETFIFOCOUNT
  -------         PROC          GETINTSTATUS
  C:303BH         LINE#         467
  C:303BH         LINE#         468
  C:3048H         LINE#         469
  C:304DH         LINE#         470
  -------         ENDPROC       GETINTSTATUS
  -------         PROC          _SETDMPENABLED
  D:0007H         SYMBOL        enabled
  C:325EH         LINE#         472
  C:325EH         LINE#         473
  -------         ENDPROC       _SETDMPENABLED
  -------         PROC          RESETFIFO
  C:31D6H         LINE#         480
  C:31D6H         LINE#         481
  -------         ENDPROC       RESETFIFO
  -------         PROC          DMPGETFIFOPACKETSIZE
  C:32FEH         LINE#         484
  C:32FEH         LINE#         485
  C:3306H         LINE#         486
  -------         ENDPROC       DMPGETFIFOPACKETSIZE
  -------         PROC          L?0301
  -------         ENDPROC       L?0301
  -------         PROC          _GETFIFOBYTES
  X:0325H         SYMBOL        data_ptr
  D:0005H         SYMBOL        data_len
  C:2ACFH         LINE#         488
  C:2ADAH         LINE#         489
  C:2AE0H         LINE#         490
BL51 BANKED LINKER/LOCATER V6.22                                                      04/25/2017  16:31:46  PAGE 23


  C:2AFFH         LINE#         491
  C:2AFFH         LINE#         492
  C:2B0EH         LINE#         493
  C:2B0EH         LINE#         494
  -------         ENDPROC       _GETFIFOBYTES
  C:3167H         SYMBOL        L?0303
  -------         PROC          L?0302
  -------         ENDPROC       L?0302
  C:3167H         SYMBOL        L?0303
  -------         PROC          _SETMEMORYSTARTADDRESS
  D:0007H         SYMBOL        address
  C:316CH         LINE#         496
  C:316CH         LINE#         497
  -------         ENDPROC       _SETMEMORYSTARTADDRESS
  C:1A62H         SYMBOL        L?0297
  -------         PROC          L?0296
  -------         ENDPROC       L?0296
  C:1A62H         SYMBOL        L?0297
  -------         PROC          _WRITEMEMORYBLOCK
  X:0335H         SYMBOL        data_ptr
  X:0338H         SYMBOL        dataSize
  X:033AH         SYMBOL        bank
  X:033BH         SYMBOL        address
  X:033CH         SYMBOL        verify
  X:033DH         SYMBOL        useProgMem
  -------         DO            
  X:033EH         SYMBOL        chunkSize_wmb
  X:033FH         SYMBOL        verifyBuffer_wmb
  X:0342H         SYMBOL        progBuffer_wmb
  X:0345H         SYMBOL        i_wmb
  D:0007H         SYMBOL        j_wmb
  -------         ENDDO         
  C:1A85H         LINE#         501
  C:1A96H         LINE#         505
  C:1A9FH         LINE#         508
  C:1AA2H         LINE#         509
  C:1AA5H         LINE#         510
  C:1AC2H         LINE#         511
  C:1ADFH         LINE#         512
  C:1AFFH         LINE#         514
  C:1B05H         LINE#         517
  C:1B27H         LINE#         520
  C:1B44H         LINE#         522
  C:1B4AH         LINE#         524
  C:1B92H         LINE#         525
  C:1B92H         LINE#         527
  C:1BB6H         LINE#         528
  C:1BB6H         LINE#         530
  C:1BD2H         LINE#         533
  C:1BEBH         LINE#         534
  C:1BEEH         LINE#         535
  C:1BF1H         LINE#         536
  C:1C0DH         LINE#         537
  C:1C34H         LINE#         538
  C:1C42H         LINE#         539
  C:1C56H         LINE#         540
  C:1C59H         LINE#         541
BL51 BANKED LINKER/LOCATER V6.22                                                      04/25/2017  16:31:46  PAGE 24


  C:1C59H         LINE#         542
  C:1C59H         LINE#         545
  C:1C6CH         LINE#         548
  C:1C72H         LINE#         551
  C:1C8AH         LINE#         552
  C:1C96H         LINE#         553
  C:1C99H         LINE#         554
  C:1C9CH         LINE#         555
  C:1C9CH         LINE#         556
  C:1C9FH         LINE#         557
  C:1CB3H         LINE#         558
  C:1CC7H         LINE#         559
  C:1CC9H         LINE#         560
  -------         ENDPROC       _WRITEMEMORYBLOCK
  -------         PROC          _WRITEDMPCONFIGURATIONSET
  X:0325H         SYMBOL        data_ptr
  X:0328H         SYMBOL        dataSize
  X:032AH         SYMBOL        useProgMem
  -------         DO            
  X:032BH         SYMBOL        progBuffer_wdcs
  X:032EH         SYMBOL        success_wdcs
  X:032FH         SYMBOL        special_wdcs
  X:0330H         SYMBOL        i_wdcs
  D:0006H         SYMBOL        j_wdcs
  X:0332H         SYMBOL        bank_wdcs
  X:0333H         SYMBOL        offset_wdcs
  X:0334H         SYMBOL        length_wdcs
  -------         ENDDO         
  C:17CBH         LINE#         563
  C:17DCH         LINE#         564
  C:17E5H         LINE#         568
  C:17EBH         LINE#         569
  C:1802H         LINE#         570
  C:1802H         LINE#         575
  C:1821H         LINE#         576
  C:182BH         LINE#         577
  C:184CH         LINE#         578
  C:1870H         LINE#         579
  C:1890H         LINE#         580
  C:1892H         LINE#         581
  C:18B0H         LINE#         582
  C:18C6H         LINE#         583
  C:18DCH         LINE#         584
  C:18DCH         LINE#         587
  C:18E9H         LINE#         589
  C:18ECH         LINE#         590
  C:1916H         LINE#         591
  C:1963H         LINE#         592
  C:1963H         LINE#         593
  C:1987H         LINE#         594
  C:1987H         LINE#         595
  C:19B8H         LINE#         596
  C:19CAH         LINE#         597
  C:19CCH         LINE#         603
  C:19D5H         LINE#         604
  C:19F2H         LINE#         605
  C:19F4H         LINE#         606
BL51 BANKED LINKER/LOCATER V6.22                                                      04/25/2017  16:31:46  PAGE 25


  C:1A12H         LINE#         607
  C:1A12H         LINE#         611
  C:1A19H         LINE#         617
  C:1A22H         LINE#         619
  C:1A28H         LINE#         620
  C:1A2AH         LINE#         622
  C:1A2FH         LINE#         623
  C:1A2FH         LINE#         624
  C:1A2FH         LINE#         626
  C:1A38H         LINE#         627
  C:1A4AH         LINE#         628
  C:1A4DH         LINE#         629
  C:1A4DH         LINE#         630
  C:1A4DH         LINE#         631
  C:1A5FH         LINE#         632
  C:1A61H         LINE#         633
  -------         ENDPROC       _WRITEDMPCONFIGURATIONSET
  -------         PROC          _READMEMORYBLOCK
  X:0325H         SYMBOL        data_ptr
  X:0328H         SYMBOL        dataSize
  X:032AH         SYMBOL        bank
  X:032BH         SYMBOL        address
  -------         DO            
  X:032CH         SYMBOL        chunkSize_rmb
  X:032DH         SYMBOL        i_rmb
  -------         ENDDO         
  C:1EDDH         LINE#         635
  C:1EEEH         LINE#         638
  C:1EF2H         LINE#         639
  C:1EFAH         LINE#         640
  C:1F1AH         LINE#         642
  C:1F20H         LINE#         645
  C:1F40H         LINE#         648
  C:1F5BH         LINE#         651
  C:1F85H         LINE#         654
  C:1F98H         LINE#         657
  C:1F9EH         LINE#         660
  C:1FB6H         LINE#         661
  C:1FC2H         LINE#         662
  C:1FC8H         LINE#         663
  C:1FD0H         LINE#         664
  C:1FD0H         LINE#         665
  C:1FD3H         LINE#         666
  -------         ENDPROC       _READMEMORYBLOCK
  -------         PROC          _WRITEPROGDMPCONFIGURATIONSET
  D:0001H         SYMBOL        data_ptr
  D:0004H         SYMBOL        dataSize
  C:32D6H         LINE#         668
  C:32D6H         LINE#         669
  C:32DFH         LINE#         670
  -------         ENDPROC       _WRITEPROGDMPCONFIGURATIONSET
  -------         PROC          _WRITEPROGMEMORYBLOCK
  D:0001H         SYMBOL        data_ptr
  D:0004H         SYMBOL        dataSize
  X:032AH         SYMBOL        bank
  X:032BH         SYMBOL        address
  X:032CH         SYMBOL        verify
BL51 BANKED LINKER/LOCATER V6.22                                                      04/25/2017  16:31:46  PAGE 26


  C:0003H         LINE#         672
  C:0003H         LINE#         673
  C:0022H         LINE#         674
  -------         ENDPROC       _WRITEPROGMEMORYBLOCK
  -------         PROC          I2C_MPU_RESET
  C:31E2H         LINE#         680
  C:31E2H         LINE#         681
  -------         ENDPROC       I2C_MPU_RESET
  -------         PROC          _SETSLAVEADDRESS
  D:0007H         SYMBOL        num
  D:0006H         SYMBOL        address
  C:2F59H         LINE#         690
  C:2F5BH         LINE#         691
  C:2F61H         LINE#         692
  C:2F72H         LINE#         693
  -------         ENDPROC       _SETSLAVEADDRESS
  -------         PROC          _SETI2CMASTERMODEENABLED
  D:0007H         SYMBOL        enabled
  C:3269H         LINE#         700
  C:3269H         LINE#         701
  -------         ENDPROC       _SETI2CMASTERMODEENABLED
  -------         PROC          RESETI2CMASTER
  C:31EEH         LINE#         708
  C:31EEH         LINE#         709
  -------         ENDPROC       RESETI2CMASTER
  -------         PROC          _SETINTENABLED
  D:0007H         SYMBOL        enabled
  C:3307H         LINE#         712
  C:3307H         LINE#         713
  -------         ENDPROC       _SETINTENABLED
  -------         PROC          _SETRATE
  D:0007H         SYMBOL        rate
  C:3310H         LINE#         721
  C:3310H         LINE#         722
  -------         ENDPROC       _SETRATE
  -------         PROC          _SETEXTERNALFRAMESYNC
  D:0007H         SYMBOL        sync_ext
  C:3175H         LINE#         730
  C:3175H         LINE#         731
  -------         ENDPROC       _SETEXTERNALFRAMESYNC
  -------         PROC          _SETDLPFMODE
  D:0007H         SYMBOL        mode
  C:3183H         LINE#         739
  C:3183H         LINE#         740
  -------         ENDPROC       _SETDLPFMODE
  -------         PROC          GETDMPCONFIG1
  C:304EH         LINE#         746
  C:304EH         LINE#         747
  C:305BH         LINE#         748
  C:3060H         LINE#         749
  -------         ENDPROC       GETDMPCONFIG1
  -------         PROC          _SETDMPCONFIG1
  D:0007H         SYMBOL        config
  C:3319H         LINE#         750
  C:3319H         LINE#         751
  -------         ENDPROC       _SETDMPCONFIG1
  -------         PROC          GETDMPCONFIG2
BL51 BANKED LINKER/LOCATER V6.22                                                      04/25/2017  16:31:46  PAGE 27


  C:3061H         LINE#         757
  C:3061H         LINE#         758
  C:306EH         LINE#         759
  C:3073H         LINE#         760
  -------         ENDPROC       GETDMPCONFIG2
  -------         PROC          _SETDMPCONFIG2
  D:0007H         SYMBOL        config
  C:3322H         LINE#         761
  C:3322H         LINE#         762
  -------         ENDPROC       _SETDMPCONFIG2
  -------         PROC          GETOTPBANKVALID
  C:2FBEH         LINE#         765
  C:2FBEH         LINE#         766
  C:2FCFH         LINE#         767
  C:2FD4H         LINE#         768
  -------         ENDPROC       GETOTPBANKVALID
  -------         PROC          _SETOTPBANKVALID
  D:0007H         SYMBOL        enabled
  C:32E0H         LINE#         769
  C:32E0H         LINE#         770
  -------         ENDPROC       _SETOTPBANKVALID
  -------         PROC          GETXGYROOFFSETTC
  C:2F08H         LINE#         776
  C:2F08H         LINE#         777
  C:2F1DH         LINE#         778
  C:2F22H         LINE#         779
  -------         ENDPROC       GETXGYROOFFSETTC
  -------         PROC          _SETXGYROOFFSETTC
  D:0007H         SYMBOL        offset
  C:3191H         LINE#         780
  C:3191H         LINE#         781
  -------         ENDPROC       _SETXGYROOFFSETTC
  -------         PROC          GETYGYROOFFSETTC
  C:2F23H         LINE#         787
  C:2F23H         LINE#         788
  C:2F38H         LINE#         789
  C:2F3DH         LINE#         790
  -------         ENDPROC       GETYGYROOFFSETTC
  -------         PROC          _SETYGYROOFFSETTC
  D:0007H         SYMBOL        offset
  C:319FH         LINE#         791
  C:319FH         LINE#         792
  -------         ENDPROC       _SETYGYROOFFSETTC
  -------         PROC          GETZGYROOFFSETTC
  C:2F3EH         LINE#         798
  C:2F3EH         LINE#         799
  C:2F53H         LINE#         800
  C:2F58H         LINE#         801
  -------         ENDPROC       GETZGYROOFFSETTC
  -------         PROC          _SETZGYROOFFSETTC
  D:0007H         SYMBOL        offset
  C:31ADH         LINE#         802
  C:31ADH         LINE#         803
  -------         ENDPROC       _SETZGYROOFFSETTC
  -------         PROC          GETMOTIONDETECTIONTHRESHOLD
  C:3074H         LINE#         813
  C:3074H         LINE#         814
BL51 BANKED LINKER/LOCATER V6.22                                                      04/25/2017  16:31:46  PAGE 28


  C:3081H         LINE#         815
  C:3086H         LINE#         816
  -------         ENDPROC       GETMOTIONDETECTIONTHRESHOLD
  -------         PROC          _SETMOTIONDETECTIONTHRESHOLD
  D:0007H         SYMBOL        threshold
  C:332BH         LINE#         823
  C:332BH         LINE#         824
  -------         ENDPROC       _SETMOTIONDETECTIONTHRESHOLD
  -------         PROC          GETZEROMOTIONDETECTIONTHRESHOLD
  C:3087H         LINE#         835
  C:3087H         LINE#         836
  C:3094H         LINE#         837
  C:3099H         LINE#         838
  -------         ENDPROC       GETZEROMOTIONDETECTIONTHRESHOLD
  -------         PROC          _SETZEROMOTIONDETECTIONTHRESHOLD
  D:0007H         SYMBOL        threshold
  C:3334H         LINE#         845
  C:3334H         LINE#         846
  -------         ENDPROC       _SETZEROMOTIONDETECTIONTHRESHOLD
  -------         PROC          GETMOTIONDETECTIONDURATION
  C:309AH         LINE#         855
  C:309AH         LINE#         856
  C:30A7H         LINE#         857
  C:30ACH         LINE#         858
  -------         ENDPROC       GETMOTIONDETECTIONDURATION
  -------         PROC          _SETMOTIONDETECTIONDURATION
  D:0007H         SYMBOL        duration
  C:333DH         LINE#         865
  C:333DH         LINE#         866
  -------         ENDPROC       _SETMOTIONDETECTIONDURATION
  -------         PROC          GETZEROMOTIONDETECTIONDURATION
  C:30ADH         LINE#         875
  C:30ADH         LINE#         876
  C:30BAH         LINE#         877
  C:30BFH         LINE#         878
  -------         ENDPROC       GETZEROMOTIONDETECTIONDURATION
  -------         PROC          _SETZEROMOTIONDETECTIONDURATION
  D:0007H         SYMBOL        duration
  C:3346H         LINE#         885
  C:3346H         LINE#         886
  -------         ENDPROC       _SETZEROMOTIONDETECTIONDURATION
  -------         PROC          GETFIFOENABLED
  C:2FA6H         LINE#         894
  C:2FA6H         LINE#         895
  C:2FB8H         LINE#         896
  C:2FBDH         LINE#         897
  -------         ENDPROC       GETFIFOENABLED
  -------         PROC          _SETFIFOENABLED
  D:0007H         SYMBOL        enabled
  C:3274H         LINE#         904
  C:3274H         LINE#         905
  -------         ENDPROC       _SETFIFOENABLED
  -------         PROC          RESETDMP
  C:31FAH         LINE#         908
  C:31FAH         LINE#         909
  -------         ENDPROC       RESETDMP
  -------         PROC          DMPINITIALIZE
BL51 BANKED LINKER/LOCATER V6.22                                                      04/25/2017  16:31:46  PAGE 29


  -------         DO            
  X:028AH         SYMBOL        xgOffsetTC
  X:028BH         SYMBOL        ygOffsetTC
  X:028CH         SYMBOL        zgOffsetTC
  X:028DH         SYMBOL        dmpUpdate
  X:029DH         SYMBOL        j
  X:029EH         SYMBOL        pos
  X:02A0H         SYMBOL        fifoCount
  X:02A2H         SYMBOL        fifoBuffer
  X:0322H         SYMBOL        b
  X:0323H         SYMBOL        data_to_write
  X:0324H         SYMBOL        mask
  -------         ENDDO         
  C:08D3H         LINE#         912
  C:08D3H         LINE#         915
  C:08DAH         LINE#         925
  C:08DDH         LINE#         926
  C:08E4H         LINE#         937
  C:08E9H         LINE#         941
  C:08F2H         LINE#         944
  C:08F7H         LINE#         950
  C:08FEH         LINE#         960
  C:0906H         LINE#         961
  C:090EH         LINE#         962
  C:0916H         LINE#         973
  C:091DH         LINE#         976
  C:0922H         LINE#         978
  C:0929H         LINE#         980
  C:092CH         LINE#         981
  C:0933H         LINE#         989
  C:0950H         LINE#         997
  C:0963H         LINE#         1002
  C:0968H         LINE#         1006
  C:096DH         LINE#         1010
  C:0972H         LINE#         1018
  C:0978H         LINE#         1021
  C:0984H         LINE#         1023
  C:0984H         LINE#         1025
  C:0984H         LINE#         1028
  C:098AH         LINE#         1029
  C:0994H         LINE#         1030
  C:0998H         LINE#         1031
  C:09A4H         LINE#         1032
  C:09A7H         LINE#         1035
  C:09B0H         LINE#         1037
  C:09B0H         LINE#         1039
  C:09B0H         LINE#         1046
  C:09B5H         LINE#         1050
  C:09BAH         LINE#         1054
  C:09BFH         LINE#         1055
  C:09C4H         LINE#         1059
  C:09C9H         LINE#         1067
  C:09D6H         LINE#         1069
  C:09D6H         LINE#         1071
  C:09D6H         LINE#         1074
  C:09DCH         LINE#         1075
  C:09E3H         LINE#         1076
BL51 BANKED LINKER/LOCATER V6.22                                                      04/25/2017  16:31:46  PAGE 30


  C:09E7H         LINE#         1077
  C:09F3H         LINE#         1078
  C:09F6H         LINE#         1081
  C:09FFH         LINE#         1083
  C:09FFH         LINE#         1085
  C:09FFH         LINE#         1090
  C:0A0CH         LINE#         1092
  C:0A0CH         LINE#         1094
  C:0A0CH         LINE#         1097
  C:0A12H         LINE#         1098
  C:0A19H         LINE#         1099
  C:0A1DH         LINE#         1100
  C:0A29H         LINE#         1101
  C:0A2CH         LINE#         1104
  C:0A35H         LINE#         1106
  C:0A35H         LINE#         1108
  C:0A35H         LINE#         1113
  C:0A42H         LINE#         1115
  C:0A42H         LINE#         1117
  C:0A42H         LINE#         1120
  C:0A48H         LINE#         1121
  C:0A4FH         LINE#         1122
  C:0A52H         LINE#         1123
  C:0A5EH         LINE#         1124
  C:0A6BH         LINE#         1127
  C:0A74H         LINE#         1129
  C:0A74H         LINE#         1131
  C:0A74H         LINE#         1141
  C:0AD1H         LINE#         1144
  C:0AD4H         LINE#         1148
  C:0B31H         LINE#         1150
  C:0B34H         LINE#         1153
  C:0B37H         LINE#         1156
  C:0B42H         LINE#         1161
  C:0B4CH         LINE#         1164
  C:0B51H         LINE#         1167
  C:0B56H         LINE#         1170
  C:0B5BH         LINE#         1173
  C:0B60H         LINE#         1176
  C:0B63H         LINE#         1179
  C:0B68H         LINE#         1182
  C:0B6DH         LINE#         1185
  C:0B70H         LINE#         1189
  C:0BCDH         LINE#         1190
  C:0BD0H         LINE#         1194
  C:0C2DH         LINE#         1195
  C:0C30H         LINE#         1199
  C:0C8DH         LINE#         1200
  C:0C90H         LINE#         1206
  C:0C9FH         LINE#         1207
  C:0CAAH         LINE#         1209
  C:0CACH         LINE#         1214
  C:0CAFH         LINE#         1223
  C:0D0CH         LINE#         1224
  C:0D2CH         LINE#         1228
  C:0D3BH         LINE#         1229
  C:0D46H         LINE#         1230
BL51 BANKED LINKER/LOCATER V6.22                                                      04/25/2017  16:31:46  PAGE 31


  C:0D48H         LINE#         1236
  C:0D4BH         LINE#         1245
  C:0DA8H         LINE#         1246
  C:0DABH         LINE#         1251
  C:0DB0H         LINE#         1254
  C:0DB9H         LINE#         1260
  C:0DBCH         LINE#         1261
  C:0DBFH         LINE#         1262
  C:0DC1H         LINE#         1265
  C:0DC4H         LINE#         1266
  C:0DC4H         LINE#         1267
  C:0DC4H         LINE#         1270
  C:0DC7H         LINE#         1271
  C:0DC7H         LINE#         1273
  C:0DC9H         LINE#         1274
  -------         ENDPROC       DMPINITIALIZE
  -------         PROC          _DMPGETQUATERNION_INT16
  X:0361H         SYMBOL        data_ptr
  X:0364H         SYMBOL        packet
  C:1FD4H         LINE#         1277
  C:1FDFH         LINE#         1279
  C:1FFEH         LINE#         1280
  C:2026H         LINE#         1281
  C:2055H         LINE#         1282
  C:2084H         LINE#         1283
  C:20B3H         LINE#         1284
  C:20B5H         LINE#         1285
  -------         ENDPROC       _DMPGETQUATERNION_INT16
  -------         PROC          _DMPGETPACKET16BITS
  X:0367H         SYMBOL        data_ptr
  X:036AH         SYMBOL        packet
  C:14F5H         LINE#         1286
  C:1500H         LINE#         1289
  C:1540H         LINE#         1290
  C:1588H         LINE#         1291
  C:15D0H         LINE#         1292
  C:1618H         LINE#         1294
  C:1660H         LINE#         1295
  C:16A8H         LINE#         1296
  C:16F0H         LINE#         1298
  C:1738H         LINE#         1299
  C:1780H         LINE#         1300
  C:17C8H         LINE#         1301
  C:17CAH         LINE#         1302
  -------         ENDPROC       _DMPGETPACKET16BITS
  -------         PROC          _GETMOTION6_VARIABLES
  X:0347H         SYMBOL        ax
  X:034AH         SYMBOL        ay
[...]
  C:328AH         LINE#         64
  C:328AH         LINE#         65
  C:328AH         LINE#         66
  C:328DH         LINE#         67
  C:328DH         LINE#         68
  C:3290H         LINE#         69
  C:3291H         LINE#         71
  C:3291H         LINE#         72
  C:3294H         LINE#         73
  C:3294H         LINE#         74
  -------         ENDPROC       _HAL_W2_ALTER_CLOCK
BL51 BANKED LINKER/LOCATER V6.22                                                      04/25/2017  16:31:46  PAGE 39


  -------         PROC          _HAL_W2_IRQ_STOP_COND_ENABLE
  D:0007H         SYMBOL        stop_cond
  C:3295H         LINE#         76
  C:3295H         LINE#         77
  C:3295H         LINE#         78
  C:3298H         LINE#         79
  C:3298H         LINE#         80
  C:329BH         LINE#         81
  C:329CH         LINE#         83
  C:329CH         LINE#         84
  C:329FH         LINE#         85
  C:329FH         LINE#         86
  -------         ENDPROC       _HAL_W2_IRQ_STOP_COND_ENABLE
  -------         PROC          _HAL_W2_IRQ_ADR_MATCH_ENABLE
  D:0007H         SYMBOL        addr_match
  C:32A0H         LINE#         88
  C:32A0H         LINE#         89
  C:32A0H         LINE#         90
  C:32A3H         LINE#         91
  C:32A3H         LINE#         92
  C:32A6H         LINE#         93
  C:32A7H         LINE#         95
  C:32A7H         LINE#         96
  C:32AAH         LINE#         97
  C:32AAH         LINE#         98
  -------         ENDPROC       _HAL_W2_IRQ_ADR_MATCH_ENABLE
  -------         PROC          _HAL_W2_SET_SLAVE_ADDRESS
  D:0007H         SYMBOL        address
  C:334FH         LINE#         100
  C:334FH         LINE#         101
  C:334FH         LINE#         102
  C:3354H         LINE#         103
  -------         ENDPROC       _HAL_W2_SET_SLAVE_ADDRESS
  -------         PROC          _HAL_W2_SET_CLK_FREQ
  D:0007H         SYMBOL        freq
  C:31BBH         LINE#         107
  C:31BBH         LINE#         108
  C:31BBH         LINE#         109
  C:31C8H         LINE#         110
  -------         ENDPROC       _HAL_W2_SET_CLK_FREQ
  -------         PROC          _HAL_W2_SET_OP_MODE
  D:0007H         SYMBOL        mode
  C:32ABH         LINE#         112
  C:32ABH         LINE#         113
  C:32ABH         LINE#         114
  C:32AEH         LINE#         115
  C:32AEH         LINE#         116
  C:32B1H         LINE#         117
  C:32B2H         LINE#         119
  C:32B2H         LINE#         120
  C:32B5H         LINE#         121
  C:32B5H         LINE#         122
  -------         ENDPROC       _HAL_W2_SET_OP_MODE
  -------         PROC          _HAL_W2_ENABLE
  D:0007H         SYMBOL        en
  C:32B6H         LINE#         124
  C:32B6H         LINE#         125
BL51 BANKED LINKER/LOCATER V6.22                                                      04/25/2017  16:31:46  PAGE 40


  C:32B6H         LINE#         126
  C:32B9H         LINE#         127
  C:32B9H         LINE#         128
  C:32BCH         LINE#         129
  C:32BDH         LINE#         131
  C:32BDH         LINE#         132
  C:32C0H         LINE#         133
  C:32C0H         LINE#         134
  -------         ENDPROC       _HAL_W2_ENABLE
  -------         PROC          _HAL_W2_ALL_IRQ_ENABLE
  D:0007H         SYMBOL        irq
  C:32C1H         LINE#         136
  C:32C1H         LINE#         137
  C:32C1H         LINE#         140
  C:32C4H         LINE#         141
  C:32C4H         LINE#         142
  C:32C7H         LINE#         143
  C:32C8H         LINE#         145
  C:32C8H         LINE#         146
  C:32CBH         LINE#         147
  C:32CBH         LINE#         148
  -------         ENDPROC       _HAL_W2_ALL_IRQ_ENABLE
  -------         PROC          _HAL_W2_CONFIGURE_MASTER
  D:0006H         SYMBOL        mode
  C:2E1CH         LINE#         150
  C:2E1EH         LINE#         151
  C:2E1EH         LINE#         152
  C:2E23H         LINE#         153
  C:2E28H         LINE#         154
  C:2E2DH         LINE#         156
  C:2E30H         LINE#         157
  C:2E33H         LINE#         158
  C:2E36H         LINE#         160
  C:2E3AH         LINE#         161
  C:2E3CH         LINE#         162
  -------         ENDPROC       _HAL_W2_CONFIGURE_MASTER
  -------         PROC          HAL_W2_WAIT_DATA_READY
  -------         DO            
  D:0044H         SYMBOL        timeout_counter
  D:0048H         SYMBOL        w2_status
  D:0049H         SYMBOL        data_ready
  D:004AH         SYMBOL        nack_received
  -------         ENDDO         
  C:2D67H         LINE#         164
  C:2D67H         LINE#         165
  C:2D67H         LINE#         166
  C:2D71H         LINE#         172
  C:2D71H         LINE#         173
  C:2D74H         LINE#         174
  C:2D7AH         LINE#         175
  C:2D80H         LINE#         176
  C:2D87H         LINE#         177
  C:2D8BH         LINE#         180
  C:2D8DH         LINE#         181
  -------         ENDPROC       HAL_W2_WAIT_DATA_READY
  -------         PROC          _HAL_W2_INIT_TRANSFER
  D:0007H         SYMBOL        address
BL51 BANKED LINKER/LOCATER V6.22                                                      04/25/2017  16:31:46  PAGE 41


  D:0005H         SYMBOL        direction
  -------         DO            
  D:0007H         SYMBOL        w2_status
  -------         ENDDO         
  C:2FD5H         LINE#         183
  C:2FD5H         LINE#         184
  C:2FD5H         LINE#         187
  C:2FD8H         LINE#         188
  C:2FDEH         LINE#         190
  C:2FE1H         LINE#         192
  C:2FE5H         LINE#         193
  C:2FE5H         LINE#         194
  C:2FE8H         LINE#         195
  C:2FE8H         LINE#         197
  C:2FE8H         LINE#         198
  C:2FEAH         LINE#         199
  C:2FEAH         LINE#         200
  -------         ENDPROC       _HAL_W2_INIT_TRANSFER
  -------         PROC          _HAL_W2_WRITE
  D:0007H         SYMBOL        address
  D:0065H         SYMBOL        data_ptr
  D:0068H         SYMBOL        data_len
  -------         DO            
  D:0006H         SYMBOL        ack_received
  -------         DO            
  D:0069H         SYMBOL        w2_status
  -------         ENDDO         
  -------         ENDDO         
  C:2C98H         LINE#         202
  C:2C9EH         LINE#         203
  C:2C9EH         LINE#         205
  C:2CA5H         LINE#         207
  C:2CB2H         LINE#         208
  C:2CB2H         LINE#         210
  C:2CBEH         LINE#         211
  C:2CC3H         LINE#         212
  C:2CC8H         LINE#         213
  C:2CC8H         LINE#         214
  C:2CCAH         LINE#         215
  C:2CCAH         LINE#         216
  C:2CCCH         LINE#         218
  C:2CCFH         LINE#         220
  C:2CD1H         LINE#         221
  -------         ENDPROC       _HAL_W2_WRITE
  -------         PROC          _HAL_W2_READ
  D:0007H         SYMBOL        address
  D:006BH         SYMBOL        data_ptr
  D:006EH         SYMBOL        data_len
  -------         DO            
  D:0007H         SYMBOL        w2_status
  D:006FH         SYMBOL        ack_received
  -------         ENDDO         
  C:2A76H         LINE#         223
  C:2A7CH         LINE#         224
  C:2A7CH         LINE#         228
  C:2A83H         LINE#         230
  C:2A87H         LINE#         231
BL51 BANKED LINKER/LOCATER V6.22                                                      04/25/2017  16:31:46  PAGE 42


  C:2A87H         LINE#         233
  C:2A8AH         LINE#         234
  C:2A8AH         LINE#         237
  C:2A95H         LINE#         238
  C:2A95H         LINE#         239
  C:2A99H         LINE#         240
  C:2A99H         LINE#         241
  C:2A9CH         LINE#         242
  C:2A9CH         LINE#         244
  C:2A9FH         LINE#         246
  C:2AB2H         LINE#         247
  C:2ABEH         LINE#         248
  C:2AC0H         LINE#         250
  C:2AC2H         LINE#         251
  -------         ENDPROC       _HAL_W2_READ
  -------         PROC          HAL_W2_SOFT_RESET
  -------         DO            
  D:003BH         SYMBOL        pulsecount
  D:003CH         SYMBOL        w2_freq
  -------         ENDDO         
  C:25ACH         LINE#         253
  C:25ACH         LINE#         254
  C:25ACH         LINE#         259
  C:25B2H         LINE#         261
  C:25B5H         LINE#         262
  C:25BDH         LINE#         266
  C:25C0H         LINE#         267
  C:25C3H         LINE#         270
  C:25C6H         LINE#         275
  C:25CEH         LINE#         278
  C:25D5H         LINE#         280
  C:25D8H         LINE#         284
  C:25DFH         LINE#         285
  C:25E2H         LINE#         286
  C:25E2H         LINE#         288
  C:25EAH         LINE#         289
  C:25F1H         LINE#         291
  C:25F4H         LINE#         292
  C:25FBH         LINE#         293
  C:2604H         LINE#         296
  C:260BH         LINE#         298
  C:2613H         LINE#         301
  C:261AH         LINE#         303
  C:2622H         LINE#         306
  C:2625H         LINE#         309
  C:2628H         LINE#         310
  C:262EH         LINE#         312
  -------         ENDPROC       HAL_W2_SOFT_RESET
  -------         PROC          _I2C_MPU_WRITEBYTE
  D:0007H         SYMBOL        devAddr
  D:0005H         SYMBOL        regAddr
  D:002EH         SYMBOL        data_to_write
  C:312CH         LINE#         317
  C:312EH         LINE#         318
  C:313CH         LINE#         319
  -------         ENDPROC       _I2C_MPU_WRITEBYTE
  -------         PROC          _I2C_MPU_WRITEBYTES
BL51 BANKED LINKER/LOCATER V6.22                                                      04/25/2017  16:31:46  PAGE 43


  D:0007H         SYMBOL        devAddr
  D:0004H         SYMBOL        regAddr
  D:0006H         SYMBOL        data_len
  D:0032H         SYMBOL        data_ptr
  -------         DO            
  D:0007H         SYMBOL        w2_status
  D:0005H         SYMBOL        ack_received
  -------         ENDDO         
  C:2BE2H         LINE#         321
  C:2BE6H         LINE#         326
  C:2BEDH         LINE#         327
  C:2BEFH         LINE#         328
  C:2BF2H         LINE#         329
  C:2BF6H         LINE#         330
  C:2BF6H         LINE#         331
  C:2BF8H         LINE#         332
  C:2BF8H         LINE#         334
  C:2C04H         LINE#         335
  C:2C04H         LINE#         336
  C:2C10H         LINE#         337
  C:2C13H         LINE#         338
  C:2C17H         LINE#         339
  C:2C17H         LINE#         340
  C:2C19H         LINE#         341
  C:2C19H         LINE#         342
  C:2C1BH         LINE#         343
  C:2C1EH         LINE#         345
  C:2C20H         LINE#         346
  -------         ENDPROC       _I2C_MPU_WRITEBYTES
  -------         PROC          _I2C_MPU_READBYTE
  D:0007H         SYMBOL        devAddr
  D:0005H         SYMBOL        regAddr
  D:0030H         SYMBOL        data_ptr
  C:30F8H         LINE#         348
  C:30FEH         LINE#         349
  C:3109H         LINE#         350
  -------         ENDPROC       _I2C_MPU_READBYTE
  -------         PROC          _I2C_MPU_READBYTES
  D:0006H         SYMBOL        devAddr
  D:0004H         SYMBOL        regAddr
  D:0035H         SYMBOL        data_len
  D:0036H         SYMBOL        data_ptr
  -------         DO            
  D:0039H         SYMBOL        w2_status
  D:003AH         SYMBOL        ack_received
  -------         ENDDO         
  C:26A7H         LINE#         352
  C:26ADH         LINE#         357
  C:26B4H         LINE#         358
  C:26B6H         LINE#         359
  C:26BBH         LINE#         360
  C:26C0H         LINE#         361
  C:26C0H         LINE#         362
  C:26C3H         LINE#         363
  C:26C3H         LINE#         367
  C:26CCH         LINE#         369
  C:26D0H         LINE#         370
BL51 BANKED LINKER/LOCATER V6.22                                                      04/25/2017  16:31:46  PAGE 44


  C:26D0H         LINE#         372
  C:26D3H         LINE#         374
  C:26D3H         LINE#         376
  C:26DEH         LINE#         377
  C:26DEH         LINE#         378
  C:26E2H         LINE#         379
  C:26E2H         LINE#         380
  C:26E5H         LINE#         381
  C:26E5H         LINE#         383
  C:26EAH         LINE#         385
  C:26FDH         LINE#         386
  C:270AH         LINE#         387
  C:270CH         LINE#         389
  C:270EH         LINE#         390
  -------         ENDPROC       _I2C_MPU_READBYTES
  -------         PROC          _I2C_MPU_WRITEBIT
  D:0027H         SYMBOL        devAddr
  D:0028H         SYMBOL        regAddr
  D:0029H         SYMBOL        bitNum
  D:002AH         SYMBOL        data_to_write
  -------         DO            
  D:002BH         SYMBOL        b
  -------         ENDDO         
  C:2A28H         LINE#         393
  C:2A2EH         LINE#         395
  C:2A37H         LINE#         396
  C:2A6CH         LINE#         397
  C:2A75H         LINE#         398
  -------         ENDPROC       _I2C_MPU_WRITEBIT
  -------         PROC          _I2C_MPU_WRITEBITS
  D:0027H         SYMBOL        devAddr
  D:0028H         SYMBOL        regAddr
  D:0029H         SYMBOL        bitStart
  D:002AH         SYMBOL        data_length
  D:002BH         SYMBOL        data_to_write
  -------         DO            
  D:002CH         SYMBOL        b
  -------         DO            
  D:002DH         SYMBOL        mask
  -------         ENDDO         
  -------         ENDDO         
  C:270FH         LINE#         399
  C:2715H         LINE#         408
  C:2721H         LINE#         409
  C:274EH         LINE#         410
  C:275BH         LINE#         411
  C:275FH         LINE#         412
  C:2762H         LINE#         413
  C:2766H         LINE#         414
  C:276FH         LINE#         415
  C:276FH         LINE#         416
  C:2771H         LINE#         417
  C:2771H         LINE#         418
  -------         ENDPROC       _I2C_MPU_WRITEBITS
  -------         PROC          _I2C_MPU_READBIT
  D:0007H         SYMBOL        devAddr
  D:0005H         SYMBOL        regAddr
BL51 BANKED LINKER/LOCATER V6.22                                                      04/25/2017  16:31:46  PAGE 45


  D:004DH         SYMBOL        bitNum
  D:004EH         SYMBOL        data_ptr
  -------         DO            
  D:0051H         SYMBOL        b
  D:0007H         SYMBOL        count
  -------         ENDDO         
  C:2DB2H         LINE#         419
  C:2DB4H         LINE#         421
  C:2DBDH         LINE#         422
  C:2DD5H         LINE#         423
  C:2DD5H         LINE#         424
  -------         ENDPROC       _I2C_MPU_READBIT
  -------         PROC          _I2C_MPU_READBITS
  D:0007H         SYMBOL        devAddr
  D:0005H         SYMBOL        regAddr
  D:0029H         SYMBOL        bitStart
  D:002AH         SYMBOL        data_length
  D:002BH         SYMBOL        data_ptr
  -------         DO            
  D:0005H         SYMBOL        count
  D:002EH         SYMBOL        b
  -------         DO            
  D:002FH         SYMBOL        mask
  -------         ENDDO         
  -------         ENDDO         
  C:288BH         LINE#         425
  C:288DH         LINE#         432
  C:289BH         LINE#         433
  C:28C8H         LINE#         434
  C:28CAH         LINE#         435
  C:28D7H         LINE#         436
  C:28E0H         LINE#         437
  C:28E0H         LINE#         438
  C:28E2H         LINE#         439
  -------         ENDPROC       _I2C_MPU_READBITS
  -------         PROC          _I2C_MPU_WRITEWORD
  D:0007H         SYMBOL        devAddr
  D:0005H         SYMBOL        regAddr
  D:0027H         SYMBOL        data_to_write
  C:30D3H         LINE#         442
  C:30D7H         LINE#         443
  C:30E5H         LINE#         444
  -------         ENDPROC       _I2C_MPU_WRITEWORD
  -------         PROC          _I2C_MPU_WRITEWORDS
  D:0007H         SYMBOL        devAddr
  D:0006H         SYMBOL        regAddr
  D:0004H         SYMBOL        data_length
  D:002CH         SYMBOL        data_ptr
  -------         DO            
  D:0007H         SYMBOL        w2_status
  D:0005H         SYMBOL        ack_received
  -------         ENDDO         
  C:2772H         LINE#         445
  C:2776H         LINE#         456
  C:277DH         LINE#         457
  C:277FH         LINE#         458
  C:2782H         LINE#         459
BL51 BANKED LINKER/LOCATER V6.22                                                      04/25/2017  16:31:46  PAGE 46


  C:2786H         LINE#         460
  C:2786H         LINE#         461
  C:2788H         LINE#         462
  C:2788H         LINE#         464
  C:2796H         LINE#         465
  C:2796H         LINE#         466
  C:27A3H         LINE#         467
  C:27A6H         LINE#         468
  C:27AAH         LINE#         469
  C:27AAH         LINE#         470
  C:27ACH         LINE#         471
  C:27ACH         LINE#         472
  C:27AFH         LINE#         473
  C:27C4H         LINE#         474
  C:27C7H         LINE#         475
  C:27CBH         LINE#         476
  C:27CBH         LINE#         477
  C:27CDH         LINE#         478
  C:27CDH         LINE#         479
  C:27CFH         LINE#         480
  C:27CFH         LINE#         481
  C:27CFH         LINE#         482
  C:27CFH         LINE#         483
  C:27D2H         LINE#         485
  C:27D4H         LINE#         486
  -------         ENDPROC       _I2C_MPU_WRITEWORDS
  -------         ENDMOD        HAL_W2_ISR

  -------         MODULE        ?C?CLDPTR
  C:0DCAH         PUBLIC        ?C?CLDPTR
  -------         ENDMOD        ?C?CLDPTR

  -------         MODULE        ?C?CLDOPTR
  C:0DE3H         PUBLIC        ?C?CLDOPTR
  -------         ENDMOD        ?C?CLDOPTR

  -------         MODULE        ?C?CSTPTR
  C:0E10H         PUBLIC        ?C?CSTPTR
  -------         ENDMOD        ?C?CSTPTR

  -------         MODULE        ?C?CSTOPTR
  C:0E22H         PUBLIC        ?C?CSTOPTR
  -------         ENDMOD        ?C?CSTOPTR

  -------         MODULE        ?C?UIDIV
  C:0E44H         PUBLIC        ?C?UIDIV
  -------         ENDMOD        ?C?UIDIV

  -------         MODULE        ?C?ILDIX
  C:0E99H         PUBLIC        ?C?ILDIX
  -------         ENDMOD        ?C?ILDIX

  -------         MODULE        ?C?ILDPTR
  C:0EAFH         PUBLIC        ?C?ILDPTR
  -------         ENDMOD        ?C?ILDPTR

  -------         MODULE        ?C?ISTPTR
BL51 BANKED LINKER/LOCATER V6.22                                                      04/25/2017  16:31:46  PAGE 47


  C:0EDAH         PUBLIC        ?C?ISTPTR
  -------         ENDMOD        ?C?ISTPTR

  -------         MODULE        ?C?ISTOPTR
  C:0EF9H         PUBLIC        ?C?ISTOPTR
  -------         ENDMOD        ?C?ISTOPTR

  -------         MODULE        ?C?MEMCMP
  C:10ACH         PUBLIC        ?C?MEMCMP
  -------         ENDMOD        ?C?MEMCMP

  -------         MODULE        MALLOC
  C:22E9H         PUBLIC        _malloc
  -------         ENDMOD        MALLOC

  -------         MODULE        INIT_MEM
  X:0359H         PUBLIC        __mem_avail__
  C:2C21H         PUBLIC        _init_mempool
  -------         ENDMOD        INIT_MEM

  -------         MODULE        REALLOC
  C:262FH         PUBLIC        _realloc
  -------         ENDMOD        REALLOC

  -------         MODULE        FREE
  C:1DD9H         PUBLIC        _free
  -------         ENDMOD        FREE

  -------         MODULE        ?C?COPY
  C:11A0H         PUBLIC        ?C?COPY
  -------         ENDMOD        ?C?COPY

  -------         MODULE        ?C?IILDX
  C:11C6H         PUBLIC        ?C?IILDX
  -------         ENDMOD        ?C?IILDX

Program Size: data=131.1 xdata=879 code=13139
LINK/LOCATE RUN COMPLETE.  0 WARNING(S),  0 ERROR(S)
