BL51 BANKED LINKER/LOCATER V6.22                                                        04/02/2017  13:34:59  PAGE 1


BL51 BANKED LINKER/LOCATER V6.22, INVOKED BY:
C:\KEIL_V5\C51\BIN\BL51.EXE .\Objects\sensor.obj, .\Objects\hal_delay.obj, .\Objects\hal_w2_isr.obj, .\Objects\hal_uart.
>> obj TO .\Objects\sensor_project PRINT (.\Listings\sensor_project.m51) RAMSIZE (256) DISABLEWARNING (16)


MEMORY MODEL: SMALL


INPUT MODULES INCLUDED:
  .\Objects\sensor.obj (SENSOR)
  .\Objects\hal_delay.obj (HAL_DELAY)
  .\Objects\hal_w2_isr.obj (HAL_W2_ISR)
  .\Objects\hal_uart.obj (HAL_UART)
  C:\KEIL_V5\C51\LIB\C51S.LIB (?C_STARTUP)
  C:\KEIL_V5\C51\LIB\C51S.LIB (?C?CLDPTR)
  C:\KEIL_V5\C51\LIB\C51S.LIB (?C?CLDOPTR)
  C:\KEIL_V5\C51\LIB\C51S.LIB (?C?CSTPTR)
  C:\KEIL_V5\C51\LIB\C51S.LIB (?C?CSTOPTR)
  C:\KEIL_V5\C51\LIB\C51S.LIB (?C?ILDIX)
  C:\KEIL_V5\C51\LIB\C51S.LIB (?C?ILDPTR)
  C:\KEIL_V5\C51\LIB\C51S.LIB (?C?ISTPTR)
  C:\KEIL_V5\C51\LIB\C51S.LIB (?C?ISTOPTR)
  C:\KEIL_V5\C51\LIB\C51S.LIB (?C?MEMCMP)
  C:\KEIL_V5\C51\LIB\C51S.LIB (MALLOC)
  C:\KEIL_V5\C51\LIB\C51S.LIB (INIT_MEM)
  C:\KEIL_V5\C51\LIB\C51S.LIB (REALLOC)
  C:\KEIL_V5\C51\LIB\C51S.LIB (FREE)
  C:\KEIL_V5\C51\LIB\C51S.LIB (?C_INIT)
  C:\KEIL_V5\C51\LIB\C51S.LIB (?C?COPY)
  C:\KEIL_V5\C51\LIB\C51S.LIB (?C?IILDX)


LINK MAP OF MODULE:  .\Objects\sensor_project (SENSOR)


            TYPE    BASE      LENGTH    RELOCATION   SEGMENT NAME
            -----------------------------------------------------

            * * * * * * *   D A T A   M E M O R Y   * * * * * * *
            REG     0000H     0008H     ABSOLUTE     "REG BANK 0"
            DATA    0008H     0008H     UNIT         ?DT?_SEND_PACKET_FROM_HOST_TO_COMPUTER?SENSOR
            DATA    0010H     0007H     UNIT         ?DT?_SEND_PACKET_TO_COMPUTER?SENSOR
            DATA    0017H     0007H     UNIT         ?DT?HAL_W2_WAIT_DATA_READY?HAL_W2_ISR
            DATA    001EH     0002H     UNIT         ?DT?HAL_W2_ISR
            DATA    0020H     0001H     BIT_ADDR     ?BA?SENSOR
            BIT     0021H.0   0000H.1   UNIT         ?BI?SENSOR
                    0021H.1   0000H.7                *** GAP ***
            DATA    0022H     001BH     UNIT         _DATA_GROUP_
            DATA    003DH     0007H     UNIT         ?DT?_I2C_MPU_READBIT?HAL_W2_ISR
            DATA    0044H     0006H     UNIT         ?DT?_SEND_PACKET_TO_HOST?SENSOR
            DATA    004AH     0006H     UNIT         ?DT?_REDIRECT_RF_PKT_TO_SERIAL?SENSOR
            DATA    0050H     0006H     UNIT         ?DT?_HAL_W2_WRITE?HAL_W2_ISR
            DATA    0056H     0006H     UNIT         ?DT?_HAL_W2_READ?HAL_W2_ISR
            DATA    005CH     0006H     UNIT         ?DT?HAL_UART
            DATA    0062H     0003H     UNIT         ?DT?_HAL_UART_PUTSTRING?SENSOR
            IDATA   0065H     0010H     UNIT         ?ID?HAL_UART
            IDATA   0075H     0001H     UNIT         ?STACK

BL51 BANKED LINKER/LOCATER V6.22                                                      04/02/2017  13:34:59  PAGE 2


            * * * * * * *  X D A T A   M E M O R Y  * * * * * * *
            XDATA   0000H     0273H     UNIT         ?XD?SENSOR
            XDATA   0273H     00BEH     UNIT         _XDATA_GROUP_
            XDATA   0331H     0012H     UNIT         ?XD?_GETMOTION6_VARIABLES?SENSOR
            XDATA   0343H     0008H     UNIT         ?XD?INIT_MEM
            XDATA   034BH     0006H     UNIT         ?XD?_DMPGETQUATERNION_INT16?SENSOR
            XDATA   0351H     0006H     UNIT         ?XD?_DMPGETPACKET16BITS?SENSOR
            XDATA   0357H     0002H     UNIT         ?XD?_GETMOTION6_PACKET?SENSOR

            * * * * * * *   C O D E   M E M O R Y   * * * * * * *
            CODE    0000H     0003H     ABSOLUTE     
            CODE    0003H     0020H     UNIT         ?PR?_WRITEPROGMEMORYBLOCK?SENSOR
            CODE    0023H     0003H     ABSOLUTE     
            CODE    0026H     0025H     UNIT         ?PR?_HAL_UART_PUTSTRING?SENSOR
            CODE    004BH     0003H     ABSOLUTE     
            CODE    004EH     0003H     UNIT         ?PR?HAL_UART_CHARS_AVAILABLE?HAL_UART
                    0051H     0002H                  *** GAP ***
            CODE    0053H     0003H     ABSOLUTE     
            CODE    0056H     087DH     UNIT         ?CO?SENSOR
            CODE    08D3H     04F7H     UNIT         ?PR?DMPINITIALIZE?SENSOR
            CODE    0DCAH     03BDH     UNIT         ?C?LIB_CODE
            CODE    1187H     02D6H     UNIT         ?PR?_DMPGETPACKET16BITS?SENSOR
            CODE    145DH     0297H     UNIT         ?PR?_WRITEDMPCONFIGURATIONSET?SENSOR
            CODE    16F4H     0268H     UNIT         ?PR?_WRITEMEMORYBLOCK?SENSOR
            CODE    195CH     0241H     UNIT         ?PR?_SEND_INERTIAL_PACKET_BY_RF?SENSOR
            CODE    1B9DH     016EH     UNIT         ?PR?MAIN?SENSOR
            CODE    1D0BH     0104H     UNIT         ?PR?_FREE?FREE
            CODE    1E0FH     00F7H     UNIT         ?PR?_READMEMORYBLOCK?SENSOR
            CODE    1F06H     00E2H     UNIT         ?PR?_DMPGETQUATERNION_INT16?SENSOR
            CODE    1FE8H     00CFH     UNIT         ?PR?_GETMOTION6_PACKET?SENSOR
            CODE    20B7H     00BFH     UNIT         ?PR?_GETMOTION6_VARIABLES?SENSOR
            CODE    2176H     00A5H     UNIT         ?PR?_RF_INIT?SENSOR
            CODE    221BH     009CH     UNIT         ?PR?_MALLOC?MALLOC
            CODE    22B7H     008EH     UNIT         ?PR?_SEND_OFFSET_VALUES?SENSOR
            CODE    2345H     008CH     UNIT         ?C_C51STARTUP
            CODE    23D1H     0085H     UNIT         ?PR?RF_IRQ?SENSOR
            CODE    2456H     0083H     UNIT         ?PR?HAL_W2_SOFT_RESET?HAL_W2_ISR
            CODE    24D9H     0078H     UNIT         ?PR?_REALLOC?REALLOC
            CODE    2551H     0068H     UNIT         ?PR?_I2C_MPU_READBYTES?HAL_W2_ISR
            CODE    25B9H     0063H     UNIT         ?PR?_I2C_MPU_WRITEBITS?HAL_W2_ISR
            CODE    261CH     0063H     UNIT         ?PR?_I2C_MPU_WRITEWORDS?HAL_W2_ISR
            CODE    267FH     005FH     UNIT         ?PR?INITIAL_SETUP_DMP?SENSOR
            CODE    26DEH     0058H     UNIT         ?PR?_I2C_MPU_READBITS?HAL_W2_ISR
            CODE    2736H     0057H     UNIT         ?PR?_SEND_PACKET_TO_HOST?SENSOR
            CODE    278DH     0050H     UNIT         ?PR?_SEND_PACKET_TO_COMPUTER?SENSOR
            CODE    27DDH     0050H     UNIT         ?PR?_SEND_PACKET_FROM_HOST_TO_COMPUTER?SENSOR
            CODE    282DH     004EH     UNIT         ?PR?_I2C_MPU_WRITEBIT?HAL_W2_ISR
            CODE    287BH     004DH     UNIT         ?PR?_HAL_W2_READ?HAL_W2_ISR
            CODE    28C8H     004CH     UNIT         ?PR?_GETFIFOBYTES?SENSOR
            CODE    2914H     004AH     UNIT         ?PR?SETUP?SENSOR
            CODE    295EH     0049H     UNIT         ?PR?UART0_ISR?HAL_UART
            CODE    29A7H     0048H     UNIT         ?C_INITSEG
            CODE    29EFH     0046H     UNIT         ?PR?_HAL_UART_INIT?HAL_UART
            CODE    2A35H     0044H     UNIT         ?PR?_REDIRECT_RF_PKT_TO_SERIAL?SENSOR
            CODE    2A79H     003FH     UNIT         ?PR?_I2C_MPU_WRITEBYTES?HAL_W2_ISR
            CODE    2AB8H     003CH     UNIT         ?PR?_INIT_MEMPOOL?INIT_MEM
            CODE    2AF4H     003BH     UNIT         ?PR?I2C_IRQ?SENSOR
BL51 BANKED LINKER/LOCATER V6.22                                                      04/02/2017  13:34:59  PAGE 3


            CODE    2B2FH     003AH     UNIT         ?PR?_HAL_W2_WRITE?HAL_W2_ISR
            CODE    2B69H     0032H     UNIT         ?PR?_SPI_WRITE_BUF?SENSOR
            CODE    2B9BH     0032H     UNIT         ?PR?_TX_MODE_NOACK?SENSOR
            CODE    2BCDH     0031H     UNIT         ?PR?_SPI_READ_BUF?SENSOR
            CODE    2BFEH     0027H     UNIT         ?PR?HAL_W2_WAIT_DATA_READY?HAL_W2_ISR
            CODE    2C25H     0024H     UNIT         ?PR?_I2C_MPU_READBIT?HAL_W2_ISR
            CODE    2C49H     0024H     UNIT         ?PR?_HAL_UART_PUTCHAR?HAL_UART
            CODE    2C6DH     0023H     UNIT         ?PR?MPU_TESTCONNECTION?SENSOR
            CODE    2C90H     0023H     UNIT         ?PR?_SETMEMORYBANK?SENSOR
            CODE    2CB3H     0021H     UNIT         ?PR?_HAL_W2_CONFIGURE_MASTER?HAL_W2_ISR
            CODE    2CD4H     001DH     UNIT         ?PR?GETXACCELOFFSET?SENSOR
            CODE    2CF1H     001DH     UNIT         ?PR?GETYACCELOFFSET?SENSOR
            CODE    2D0EH     001DH     UNIT         ?PR?GETZACCELOFFSET?SENSOR
            CODE    2D2BH     001DH     UNIT         ?PR?GETXGYROOFFSET?SENSOR
            CODE    2D48H     001DH     UNIT         ?PR?GETYGYROOFFSET?SENSOR
            CODE    2D65H     001DH     UNIT         ?PR?GETZGYROOFFSET?SENSOR
            CODE    2D82H     001DH     UNIT         ?PR?GETFIFOCOUNT?SENSOR
            CODE    2D9FH     001CH     UNIT         ?PR?DATAACQ?SENSOR
            CODE    2DBBH     001BH     UNIT         ?PR?GETXGYROOFFSETTC?SENSOR
            CODE    2DD6H     001BH     UNIT         ?PR?GETYGYROOFFSETTC?SENSOR
            CODE    2DF1H     001BH     UNIT         ?PR?GETZGYROOFFSETTC?SENSOR
            CODE    2E0CH     001AH     UNIT         ?PR?_SETSLAVEADDRESS?SENSOR
            CODE    2E26H     001AH     UNIT         ?PR?_DELAY_US?HAL_DELAY
            CODE    2E40H     0019H     UNIT         ?PR?HAL_UART_GETCHAR?HAL_UART
            CODE    2E59H     0018H     UNIT         ?PR?GETFIFOENABLED?SENSOR
            CODE    2E71H     0017H     UNIT         ?PR?GETOTPBANKVALID?SENSOR
            CODE    2E88H     0016H     UNIT         ?PR?_HAL_W2_INIT_TRANSFER?HAL_W2_ISR
            CODE    2E9EH     0015H     UNIT         ?PR?_SEND_RF_COMMAND_WITH_ARG?SENSOR
            CODE    2EB3H     0014H     UNIT         ?PR?MPU_INITIALIZE?SENSOR
            CODE    2EC7H     0014H     UNIT         ?PR?_DELAY_MS?HAL_DELAY
            CODE    2EDBH     0013H     UNIT         ?PR?_SPI_RW_REG?SENSOR
            CODE    2EEEH     0013H     UNIT         ?PR?GETINTSTATUS?SENSOR
            CODE    2F01H     0013H     UNIT         ?PR?GETDMPCONFIG1?SENSOR
            CODE    2F14H     0013H     UNIT         ?PR?GETDMPCONFIG2?SENSOR
            CODE    2F27H     0013H     UNIT         ?PR?GETMOTIONDETECTIONTHRESHOLD?SENSOR
            CODE    2F3AH     0013H     UNIT         ?PR?GETZEROMOTIONDETECTIONTHRESHOLD?SENSOR
            CODE    2F4DH     0013H     UNIT         ?PR?GETMOTIONDETECTIONDURATION?SENSOR
            CODE    2F60H     0013H     UNIT         ?PR?GETZEROMOTIONDETECTIONDURATION?SENSOR
            CODE    2F73H     0013H     UNIT         ?PR?INICIARIO?SENSOR
            CODE    2F86H     0013H     UNIT         ?PR?_I2C_MPU_WRITEWORD?HAL_W2_ISR
            CODE    2F99H     0012H     UNIT         ?PR?_SEND_RF_COMMAND?SENSOR
            CODE    2FABH     0012H     UNIT         ?PR?_I2C_MPU_READBYTE?HAL_W2_ISR
            CODE    2FBDH     0011H     UNIT         ?PR?RX_MODE?SENSOR
            CODE    2FCEH     0011H     UNIT         ?PR?HAL_W2_WAIT_DATA_READY_ISR?HAL_W2_ISR
            CODE    2FDFH     0011H     UNIT         ?PR?_I2C_MPU_WRITEBYTE?HAL_W2_ISR
            CODE    2FF0H     000EH     UNIT         ?PR?_SETCLOCKSOURCE?SENSOR
            CODE    2FFEH     000EH     UNIT         ?PR?_SETFULLSCALEGYRORANGE?SENSOR
            CODE    300CH     000EH     UNIT         ?PR?_SETFULLSCALEACCELRANGE?SENSOR
            CODE    301AH     000EH     UNIT         ?PR?_SETMEMORYSTARTADDRESS?SENSOR
            CODE    3028H     000EH     UNIT         ?PR?_SETEXTERNALFRAMESYNC?SENSOR
            CODE    3036H     000EH     UNIT         ?PR?_SETDLPFMODE?SENSOR
            CODE    3044H     000EH     UNIT         ?PR?_SETXGYROOFFSETTC?SENSOR
            CODE    3052H     000EH     UNIT         ?PR?_SETYGYROOFFSETTC?SENSOR
            CODE    3060H     000EH     UNIT         ?PR?_SETZGYROOFFSETTC?SENSOR
            CODE    306EH     000EH     UNIT         ?PR?_HAL_W2_SET_CLK_FREQ?HAL_W2_ISR
            CODE    307CH     000DH     UNIT         ?PR?_SPI_READ?SENSOR
            CODE    3089H     000CH     UNIT         ?PR?RESETFIFO?SENSOR
BL51 BANKED LINKER/LOCATER V6.22                                                      04/02/2017  13:34:59  PAGE 4


            CODE    3095H     000CH     UNIT         ?PR?I2C_MPU_RESET?SENSOR
            CODE    30A1H     000CH     UNIT         ?PR?RESETI2CMASTER?SENSOR
            CODE    30ADH     000CH     UNIT         ?PR?RESETDMP?SENSOR
            CODE    30B9H     000BH     UNIT         ?PR?MPU_8051_MALLOC_SETUP?SENSOR
            CODE    30C4H     000BH     UNIT         ?PR?_SETSLEEPENABLED?SENSOR
            CODE    30CFH     000BH     UNIT         ?PR?_SETXACCELOFFSET?SENSOR
            CODE    30DAH     000BH     UNIT         ?PR?_SETYACCELOFFSET?SENSOR
            CODE    30E5H     000BH     UNIT         ?PR?_SETZACCELOFFSET?SENSOR
            CODE    30F0H     000BH     UNIT         ?PR?_SETXGYROOFFSET?SENSOR
            CODE    30FBH     000BH     UNIT         ?PR?_SETYGYROOFFSET?SENSOR
            CODE    3106H     000BH     UNIT         ?PR?_SETZGYROOFFSET?SENSOR
            CODE    3111H     000BH     UNIT         ?PR?_SETDMPENABLED?SENSOR
            CODE    311CH     000BH     UNIT         ?PR?_SETI2CMASTERMODEENABLED?SENSOR
            CODE    3127H     000BH     UNIT         ?PR?_SETFIFOENABLED?SENSOR
            CODE    3132H     000BH     UNIT         ?PR?_HAL_W2_RESPOND_TO_GEN_ADR?HAL_W2_ISR
            CODE    313DH     000BH     UNIT         ?PR?_HAL_W2_ALTER_CLOCK?HAL_W2_ISR
            CODE    3148H     000BH     UNIT         ?PR?_HAL_W2_IRQ_STOP_COND_ENABLE?HAL_W2_ISR
            CODE    3153H     000BH     UNIT         ?PR?_HAL_W2_IRQ_ADR_MATCH_ENABLE?HAL_W2_ISR
            CODE    315EH     000BH     UNIT         ?PR?_HAL_W2_SET_OP_MODE?HAL_W2_ISR
            CODE    3169H     000BH     UNIT         ?PR?_HAL_W2_ENABLE?HAL_W2_ISR
            CODE    3174H     000BH     UNIT         ?PR?_HAL_W2_ALL_IRQ_ENABLE?HAL_W2_ISR
            CODE    317FH     000AH     UNIT         ?PR?_SPI_RW?SENSOR
            CODE    3189H     000AH     UNIT         ?PR?_WRITEPROGDMPCONFIGURATIONSET?SENSOR
            CODE    3193H     000AH     UNIT         ?PR?_SETOTPBANKVALID?SENSOR
            CODE    319DH     000AH     UNIT         ?PR?I2C_IRQ_HANDLER?HAL_W2_ISR
            CODE    31A7H     000AH     UNIT         ?PR?HAL_UART_TX_COMPLETE?HAL_UART
            CODE    31B1H     0009H     UNIT         ?PR?DMPGETFIFOPACKETSIZE?SENSOR
            CODE    31BAH     0009H     UNIT         ?PR?_SETINTENABLED?SENSOR
            CODE    31C3H     0009H     UNIT         ?PR?_SETRATE?SENSOR
            CODE    31CCH     0009H     UNIT         ?PR?_SETDMPCONFIG1?SENSOR
            CODE    31D5H     0009H     UNIT         ?PR?_SETDMPCONFIG2?SENSOR
            CODE    31DEH     0009H     UNIT         ?PR?_SETMOTIONDETECTIONTHRESHOLD?SENSOR
            CODE    31E7H     0009H     UNIT         ?PR?_SETZEROMOTIONDETECTIONTHRESHOLD?SENSOR
            CODE    31F0H     0009H     UNIT         ?PR?_SETMOTIONDETECTIONDURATION?SENSOR
            CODE    31F9H     0009H     UNIT         ?PR?_SETZEROMOTIONDETECTIONDURATION?SENSOR
            CODE    3202H     0006H     UNIT         ?PR?_HAL_W2_SET_SLAVE_ADDRESS?HAL_W2_ISR



OVERLAY MAP OF MODULE:   .\Objects\sensor_project (SENSOR)


SEGMENT                                            DATA_GROUP          XDATA_GROUP
  +--> CALLED SEGMENT                            START    LENGTH     START    LENGTH
------------------------------------------------------------------------------------
?PR?RF_IRQ?SENSOR                                -----    -----      -----    -----
  +--> ?PR?_SPI_READ?SENSOR
  +--> ?PR?_SPI_READ_BUF?SENSOR
  +--> ?PR?_SPI_RW_REG?SENSOR

?PR?_SPI_READ?SENSOR                             -----    -----      -----    -----
  +--> ?PR?_SPI_RW?SENSOR

?PR?_SPI_READ_BUF?SENSOR                         0022H    0005H      -----    -----
  +--> ?PR?_SPI_RW?SENSOR

?PR?_SPI_RW_REG?SENSOR                           -----    -----      -----    -----
BL51 BANKED LINKER/LOCATER V6.22                                                      04/02/2017  13:34:59  PAGE 5


  +--> ?PR?_SPI_RW?SENSOR

*** NEW ROOT ***************************************************

?PR?I2C_IRQ?SENSOR                               -----    -----      -----    -----
  +--> ?PR?I2C_IRQ_HANDLER?HAL_W2_ISR

*** NEW ROOT ***************************************************

?C_C51STARTUP                                    -----    -----      -----    -----
  +--> ?PR?MAIN?SENSOR
  +--> ?C_INITSEG

?PR?MAIN?SENSOR                                  -----    -----      -----    -----
  +--> ?PR?SETUP?SENSOR
  +--> ?PR?DATAACQ?SENSOR
  +--> ?PR?RESETFIFO?SENSOR
  +--> ?PR?_DELAY_MS?HAL_DELAY
  +--> ?PR?MPU_TESTCONNECTION?SENSOR
  +--> ?PR?_SETXACCELOFFSET?SENSOR
  +--> ?PR?_SETYACCELOFFSET?SENSOR
  +--> ?PR?_SETZACCELOFFSET?SENSOR
  +--> ?PR?_SETXGYROOFFSET?SENSOR
  +--> ?PR?_SETYGYROOFFSET?SENSOR
  +--> ?PR?_SETZGYROOFFSET?SENSOR
  +--> ?PR?_SEND_RF_COMMAND?SENSOR
  +--> ?PR?GETXACCELOFFSET?SENSOR
  +--> ?PR?GETYACCELOFFSET?SENSOR
  +--> ?PR?GETZACCELOFFSET?SENSOR
  +--> ?PR?GETXGYROOFFSET?SENSOR
  +--> ?PR?GETYGYROOFFSET?SENSOR
  +--> ?PR?GETZGYROOFFSET?SENSOR
  +--> ?PR?_SEND_OFFSET_VALUES?SENSOR
  +--> ?PR?_SEND_RF_COMMAND_WITH_ARG?SENSOR

?PR?SETUP?SENSOR                                 -----    -----      -----    -----
  +--> ?PR?INICIARIO?SENSOR
  +--> ?CO?SENSOR
  +--> ?PR?_RF_INIT?SENSOR
  +--> ?PR?_HAL_W2_CONFIGURE_MASTER?HAL_W2_ISR
  +--> ?PR?INITIAL_SETUP_DMP?SENSOR
  +--> ?PR?_DELAY_MS?HAL_DELAY

?PR?_RF_INIT?SENSOR                              0027H    0009H      -----    -----
  +--> ?PR?_SPI_WRITE_BUF?SENSOR
  +--> ?PR?_SPI_RW_REG?SENSOR
  +--> ?PR?RX_MODE?SENSOR

?PR?_SPI_WRITE_BUF?SENSOR                        0037H    0005H      -----    -----
  +--> ?PR?_SPI_RW?SENSOR

?PR?RX_MODE?SENSOR                               -----    -----      -----    -----
  +--> ?PR?_SPI_RW_REG?SENSOR

?PR?_HAL_W2_CONFIGURE_MASTER?HAL_W2_ISR          -----    -----      -----    -----
  +--> ?PR?_HAL_W2_ENABLE?HAL_W2_ISR
  +--> ?PR?_HAL_W2_SET_CLK_FREQ?HAL_W2_ISR
BL51 BANKED LINKER/LOCATER V6.22                                                      04/02/2017  13:34:59  PAGE 6


  +--> ?PR?_HAL_W2_SET_OP_MODE?HAL_W2_ISR
  +--> ?PR?_HAL_W2_ALL_IRQ_ENABLE?HAL_W2_ISR

?PR?INITIAL_SETUP_DMP?SENSOR                     -----    -----      0273H    0001H
  +--> ?PR?MPU_8051_MALLOC_SETUP?SENSOR
  +--> ?PR?MPU_TESTCONNECTION?SENSOR
  +--> ?PR?MPU_INITIALIZE?SENSOR
  +--> ?PR?DMPINITIALIZE?SENSOR
  +--> ?PR?_DELAY_MS?HAL_DELAY
  +--> ?PR?_SETDMPENABLED?SENSOR
  +--> ?PR?_SETXACCELOFFSET?SENSOR
  +--> ?PR?_SETYACCELOFFSET?SENSOR
  +--> ?PR?_SETZACCELOFFSET?SENSOR
  +--> ?PR?_SETXGYROOFFSET?SENSOR
  +--> ?PR?_SETYGYROOFFSET?SENSOR
  +--> ?PR?_SETZGYROOFFSET?SENSOR

?PR?MPU_8051_MALLOC_SETUP?SENSOR                 -----    -----      -----    -----
  +--> ?PR?_INIT_MEMPOOL?INIT_MEM

?PR?MPU_TESTCONNECTION?SENSOR                    -----    -----      -----    -----
  +--> ?PR?_I2C_MPU_READBITS?HAL_W2_ISR

?PR?_I2C_MPU_READBITS?HAL_W2_ISR                 0027H    0009H      -----    -----
  +--> ?PR?_I2C_MPU_READBYTE?HAL_W2_ISR

?PR?_I2C_MPU_READBYTE?HAL_W2_ISR                 0030H    0003H      -----    -----
  +--> ?PR?_I2C_MPU_READBYTES?HAL_W2_ISR

?PR?_I2C_MPU_READBYTES?HAL_W2_ISR                0033H    0008H      -----    -----
  +--> ?PR?_HAL_W2_INIT_TRANSFER?HAL_W2_ISR
  +--> ?PR?HAL_W2_WAIT_DATA_READY_ISR?HAL_W2...
  +--> ?PR?HAL_W2_SOFT_RESET?HAL_W2_ISR

?PR?_HAL_W2_INIT_TRANSFER?HAL_W2_ISR             -----    -----      -----    -----
  +--> ?PR?HAL_W2_WAIT_DATA_READY_ISR?HAL_W2...

?PR?HAL_W2_SOFT_RESET?HAL_W2_ISR                 003BH    0002H      -----    -----
  +--> ?PR?_DELAY_US?HAL_DELAY

?PR?MPU_INITIALIZE?SENSOR                        -----    -----      -----    -----
  +--> ?PR?_SETCLOCKSOURCE?SENSOR
  +--> ?PR?_SETFULLSCALEGYRORANGE?SENSOR
  +--> ?PR?_SETFULLSCALEACCELRANGE?SENSOR
  +--> ?PR?_SETSLEEPENABLED?SENSOR

?PR?_SETCLOCKSOURCE?SENSOR                       -----    -----      -----    -----
  +--> ?PR?_I2C_MPU_WRITEBITS?HAL_W2_ISR

?PR?_I2C_MPU_WRITEBITS?HAL_W2_ISR                0027H    0007H      -----    -----
  +--> ?PR?_I2C_MPU_READBYTE?HAL_W2_ISR
  +--> ?PR?_I2C_MPU_WRITEBYTE?HAL_W2_ISR

?PR?_I2C_MPU_WRITEBYTE?HAL_W2_ISR                002EH    0001H      -----    -----
  +--> ?PR?_I2C_MPU_WRITEBYTES?HAL_W2_ISR

?PR?_I2C_MPU_WRITEBYTES?HAL_W2_ISR               002FH    0006H      -----    -----
BL51 BANKED LINKER/LOCATER V6.22                                                      04/02/2017  13:34:59  PAGE 7


  +--> ?PR?_HAL_W2_INIT_TRANSFER?HAL_W2_ISR
  +--> ?PR?HAL_W2_WAIT_DATA_READY_ISR?HAL_W2...

?PR?_SETFULLSCALEGYRORANGE?SENSOR                -----    -----      -----    -----
  +--> ?PR?_I2C_MPU_WRITEBITS?HAL_W2_ISR

?PR?_SETFULLSCALEACCELRANGE?SENSOR               -----    -----      -----    -----
  +--> ?PR?_I2C_MPU_WRITEBITS?HAL_W2_ISR

?PR?_SETSLEEPENABLED?SENSOR                      -----    -----      -----    -----
  +--> ?PR?_I2C_MPU_WRITEBIT?HAL_W2_ISR

?PR?_I2C_MPU_WRITEBIT?HAL_W2_ISR                 0027H    0005H      -----    -----
  +--> ?PR?_I2C_MPU_READBYTE?HAL_W2_ISR
  +--> ?PR?_I2C_MPU_WRITEBYTE?HAL_W2_ISR

?PR?DMPINITIALIZE?SENSOR                         -----    -----      0274H    009BH
  +--> ?PR?I2C_MPU_RESET?SENSOR
  +--> ?PR?_DELAY_MS?HAL_DELAY
  +--> ?PR?_SETSLEEPENABLED?SENSOR
  +--> ?PR?_SETMEMORYBANK?SENSOR
  +--> ?PR?_SETMEMORYSTARTADDRESS?SENSOR
  +--> ?PR?GETXGYROOFFSETTC?SENSOR
  +--> ?PR?GETYGYROOFFSETTC?SENSOR
  +--> ?PR?GETZGYROOFFSETTC?SENSOR
  +--> ?PR?_SETSLAVEADDRESS?SENSOR
  +--> ?PR?_SETI2CMASTERMODEENABLED?SENSOR
  +--> ?PR?RESETI2CMASTER?SENSOR
  +--> ?CO?SENSOR
  +--> ?PR?_WRITEPROGMEMORYBLOCK?SENSOR
  +--> ?PR?_WRITEPROGDMPCONFIGURATIONSET?SENSOR
  +--> ?PR?_SETCLOCKSOURCE?SENSOR
  +--> ?PR?_SETINTENABLED?SENSOR
  +--> ?PR?_SETRATE?SENSOR
  +--> ?PR?_I2C_MPU_READBYTE?HAL_W2_ISR
  +--> ?PR?_I2C_MPU_WRITEBYTE?HAL_W2_ISR
  +--> ?PR?_SETDLPFMODE?SENSOR
  +--> ?PR?_SETFULLSCALEGYRORANGE?SENSOR
  +--> ?PR?_SETDMPCONFIG1?SENSOR
  +--> ?PR?_SETDMPCONFIG2?SENSOR
  +--> ?PR?_SETOTPBANKVALID?SENSOR
  +--> ?PR?_WRITEMEMORYBLOCK?SENSOR
  +--> ?PR?RESETFIFO?SENSOR
  +--> ?PR?GETFIFOCOUNT?SENSOR
  +--> ?PR?_GETFIFOBYTES?SENSOR
  +--> ?PR?_SETMOTIONDETECTIONTHRESHOLD?SENSOR
  +--> ?PR?_SETZEROMOTIONDETECTIONTHRESHOLD?...
  +--> ?PR?_SETMOTIONDETECTIONDURATION?SENSOR
  +--> ?PR?_SETZEROMOTIONDETECTIONDURATION?S...
  +--> ?PR?_SETFIFOENABLED?SENSOR
  +--> ?PR?_SETDMPENABLED?SENSOR
  +--> ?PR?RESETDMP?SENSOR
  +--> ?PR?_READMEMORYBLOCK?SENSOR
  +--> ?PR?GETINTSTATUS?SENSOR

?PR?I2C_MPU_RESET?SENSOR                         -----    -----      -----    -----
  +--> ?PR?_I2C_MPU_WRITEBIT?HAL_W2_ISR
BL51 BANKED LINKER/LOCATER V6.22                                                      04/02/2017  13:34:59  PAGE 8



?PR?_DELAY_MS?HAL_DELAY                          -----    -----      -----    -----
  +--> ?PR?_DELAY_US?HAL_DELAY

?PR?_SETMEMORYBANK?SENSOR                        -----    -----      -----    -----
  +--> ?PR?_I2C_MPU_WRITEBYTE?HAL_W2_ISR

?PR?_SETMEMORYSTARTADDRESS?SENSOR                -----    -----      -----    -----
  +--> ?PR?_I2C_MPU_WRITEBYTE?HAL_W2_ISR

?PR?GETXGYROOFFSETTC?SENSOR                      -----    -----      -----    -----
  +--> ?PR?_I2C_MPU_READBITS?HAL_W2_ISR

?PR?GETYGYROOFFSETTC?SENSOR                      -----    -----      -----    -----
  +--> ?PR?_I2C_MPU_READBITS?HAL_W2_ISR

?PR?GETZGYROOFFSETTC?SENSOR                      -----    -----      -----    -----
  +--> ?PR?_I2C_MPU_READBITS?HAL_W2_ISR

?PR?_SETSLAVEADDRESS?SENSOR                      -----    -----      -----    -----
  +--> ?PR?_I2C_MPU_WRITEBYTE?HAL_W2_ISR

?PR?_SETI2CMASTERMODEENABLED?SENSOR              -----    -----      -----    -----
  +--> ?PR?_I2C_MPU_WRITEBIT?HAL_W2_ISR

?PR?RESETI2CMASTER?SENSOR                        -----    -----      -----    -----
  +--> ?PR?_I2C_MPU_WRITEBIT?HAL_W2_ISR

?PR?_WRITEPROGMEMORYBLOCK?SENSOR                 -----    -----      030FH    0008H
  +--> ?PR?_WRITEMEMORYBLOCK?SENSOR

?PR?_WRITEMEMORYBLOCK?SENSOR                     -----    -----      031FH    0012H
  +--> ?PR?_SETMEMORYBANK?SENSOR
  +--> ?PR?_SETMEMORYSTARTADDRESS?SENSOR
  +--> ?PR?_MALLOC?MALLOC
  +--> ?PR?_I2C_MPU_WRITEBYTES?HAL_W2_ISR
  +--> ?PR?_I2C_MPU_READBYTES?HAL_W2_ISR
  +--> ?PR?_FREE?FREE

?PR?_MALLOC?MALLOC                               002FH    0004H      -----    -----

?PR?_FREE?FREE                                   002FH    0004H      -----    -----

?PR?_WRITEPROGDMPCONFIGURATIONSET?SENSOR         -----    -----      -----    -----
  +--> ?PR?_WRITEDMPCONFIGURATIONSET?SENSOR

?PR?_WRITEDMPCONFIGURATIONSET?SENSOR             -----    -----      030FH    0010H
  +--> ?PR?_MALLOC?MALLOC
  +--> ?PR?_REALLOC?REALLOC
  +--> ?PR?_WRITEMEMORYBLOCK?SENSOR
  +--> ?PR?_I2C_MPU_WRITEBYTE?HAL_W2_ISR
  +--> ?PR?_FREE?FREE

?PR?_REALLOC?REALLOC                             0027H    0008H      -----    -----
  +--> ?PR?_MALLOC?MALLOC
  +--> ?PR?_FREE?FREE

BL51 BANKED LINKER/LOCATER V6.22                                                      04/02/2017  13:34:59  PAGE 9


?PR?_SETINTENABLED?SENSOR                        -----    -----      -----    -----
  +--> ?PR?_I2C_MPU_WRITEBYTE?HAL_W2_ISR

?PR?_SETRATE?SENSOR                              -----    -----      -----    -----
  +--> ?PR?_I2C_MPU_WRITEBYTE?HAL_W2_ISR

?PR?_SETDLPFMODE?SENSOR                          -----    -----      -----    -----
  +--> ?PR?_I2C_MPU_WRITEBITS?HAL_W2_ISR

?PR?_SETDMPCONFIG1?SENSOR                        -----    -----      -----    -----
  +--> ?PR?_I2C_MPU_WRITEBYTE?HAL_W2_ISR

?PR?_SETDMPCONFIG2?SENSOR                        -----    -----      -----    -----
  +--> ?PR?_I2C_MPU_WRITEBYTE?HAL_W2_ISR

?PR?_SETOTPBANKVALID?SENSOR                      -----    -----      -----    -----
  +--> ?PR?_I2C_MPU_WRITEBIT?HAL_W2_ISR

?PR?RESETFIFO?SENSOR                             -----    -----      -----    -----
  +--> ?PR?_I2C_MPU_WRITEBIT?HAL_W2_ISR

?PR?GETFIFOCOUNT?SENSOR                          -----    -----      -----    -----
  +--> ?PR?_I2C_MPU_READBYTES?HAL_W2_ISR

?PR?_GETFIFOBYTES?SENSOR                         -----    -----      030FH    0003H
  +--> ?PR?_I2C_MPU_READBYTES?HAL_W2_ISR

?PR?_SETMOTIONDETECTIONTHRESHOLD?SENSOR          -----    -----      -----    -----
  +--> ?PR?_I2C_MPU_WRITEBYTE?HAL_W2_ISR

?PR?_SETZEROMOTIONDETECTIONTHRESHOLD?...         -----    -----      -----    -----
  +--> ?PR?_I2C_MPU_WRITEBYTE?HAL_W2_ISR

?PR?_SETMOTIONDETECTIONDURATION?SENSOR           -----    -----      -----    -----
  +--> ?PR?_I2C_MPU_WRITEBYTE?HAL_W2_ISR

?PR?_SETZEROMOTIONDETECTIONDURATION?S...         -----    -----      -----    -----
  +--> ?PR?_I2C_MPU_WRITEBYTE?HAL_W2_ISR

?PR?_SETFIFOENABLED?SENSOR                       -----    -----      -----    -----
  +--> ?PR?_I2C_MPU_WRITEBIT?HAL_W2_ISR

?PR?_SETDMPENABLED?SENSOR                        -----    -----      -----    -----
  +--> ?PR?_I2C_MPU_WRITEBIT?HAL_W2_ISR

?PR?RESETDMP?SENSOR                              -----    -----      -----    -----
  +--> ?PR?_I2C_MPU_WRITEBIT?HAL_W2_ISR

?PR?_READMEMORYBLOCK?SENSOR                      -----    -----      030FH    000AH
  +--> ?PR?_SETMEMORYBANK?SENSOR
  +--> ?PR?_SETMEMORYSTARTADDRESS?SENSOR
  +--> ?PR?_I2C_MPU_READBYTES?HAL_W2_ISR

?PR?GETINTSTATUS?SENSOR                          -----    -----      -----    -----
  +--> ?PR?_I2C_MPU_READBYTE?HAL_W2_ISR

?PR?_SETXACCELOFFSET?SENSOR                      -----    -----      -----    -----
BL51 BANKED LINKER/LOCATER V6.22                                                      04/02/2017  13:34:59  PAGE 10


  +--> ?PR?_I2C_MPU_WRITEWORD?HAL_W2_ISR

?PR?_I2C_MPU_WRITEWORD?HAL_W2_ISR                0027H    0002H      -----    -----
  +--> ?PR?_I2C_MPU_WRITEWORDS?HAL_W2_ISR

?PR?_I2C_MPU_WRITEWORDS?HAL_W2_ISR               0029H    0006H      -----    -----
  +--> ?PR?_HAL_W2_INIT_TRANSFER?HAL_W2_ISR
  +--> ?PR?HAL_W2_WAIT_DATA_READY_ISR?HAL_W2...

?PR?_SETYACCELOFFSET?SENSOR                      -----    -----      -----    -----
  +--> ?PR?_I2C_MPU_WRITEWORD?HAL_W2_ISR

?PR?_SETZACCELOFFSET?SENSOR                      -----    -----      -----    -----
  +--> ?PR?_I2C_MPU_WRITEWORD?HAL_W2_ISR

?PR?_SETXGYROOFFSET?SENSOR                       -----    -----      -----    -----
  +--> ?PR?_I2C_MPU_WRITEWORD?HAL_W2_ISR

?PR?_SETYGYROOFFSET?SENSOR                       -----    -----      -----    -----
  +--> ?PR?_I2C_MPU_WRITEWORD?HAL_W2_ISR

?PR?_SETZGYROOFFSET?SENSOR                       -----    -----      -----    -----
  +--> ?PR?_I2C_MPU_WRITEWORD?HAL_W2_ISR

?PR?DATAACQ?SENSOR                               -----    -----      -----    -----
  +--> ?PR?_GETFIFOBYTES?SENSOR
  +--> ?PR?_SEND_INERTIAL_PACKET_BY_RF?SENSOR

?PR?_SEND_INERTIAL_PACKET_BY_RF?SENSOR           0027H    0005H      -----    -----
  +--> ?PR?_TX_MODE_NOACK?SENSOR
  +--> ?PR?RX_MODE?SENSOR

?PR?_TX_MODE_NOACK?SENSOR                        0035H    0002H      -----    -----
  +--> ?PR?_SPI_RW_REG?SENSOR
  +--> ?CO?SENSOR
  +--> ?PR?_SPI_WRITE_BUF?SENSOR

?PR?_SEND_RF_COMMAND?SENSOR                      -----    -----      -----    -----
  +--> ?PR?_TX_MODE_NOACK?SENSOR
  +--> ?PR?RX_MODE?SENSOR

?PR?GETXACCELOFFSET?SENSOR                       -----    -----      -----    -----
  +--> ?PR?_I2C_MPU_READBYTES?HAL_W2_ISR

?PR?GETYACCELOFFSET?SENSOR                       -----    -----      -----    -----
  +--> ?PR?_I2C_MPU_READBYTES?HAL_W2_ISR

?PR?GETZACCELOFFSET?SENSOR                       -----    -----      -----    -----
  +--> ?PR?_I2C_MPU_READBYTES?HAL_W2_ISR

?PR?GETXGYROOFFSET?SENSOR                        -----    -----      -----    -----
  +--> ?PR?_I2C_MPU_READBYTES?HAL_W2_ISR

?PR?GETYGYROOFFSET?SENSOR                        -----    -----      -----    -----
  +--> ?PR?_I2C_MPU_READBYTES?HAL_W2_ISR

?PR?GETZGYROOFFSET?SENSOR                        -----    -----      -----    -----
BL51 BANKED LINKER/LOCATER V6.22                                                      04/02/2017  13:34:59  PAGE 11


  +--> ?PR?_I2C_MPU_READBYTES?HAL_W2_ISR

?PR?_SEND_OFFSET_VALUES?SENSOR                   0027H    000EH      -----    -----
  +--> ?PR?_TX_MODE_NOACK?SENSOR
  +--> ?PR?RX_MODE?SENSOR

?PR?_SEND_RF_COMMAND_WITH_ARG?SENSOR             -----    -----      -----    -----
  +--> ?PR?_TX_MODE_NOACK?SENSOR
  +--> ?PR?RX_MODE?SENSOR



SYMBOL TABLE OF MODULE:  .\Objects\sensor_project (SENSOR)

  VALUE           TYPE          NAME
  ----------------------------------

  -------         MODULE        SENSOR
  C:0000H         SYMBOL        _ICE_DUMMY_
  D:0080H         PUBLIC        P0
  D:0090H         PUBLIC        P1
  D:00A0H         PUBLIC        P2
  D:00B0H         PUBLIC        P3
  X:0000H         PUBLIC        fifoBuffer
  C:31B1H         PUBLIC        dmpGetFIFOPacketSize
  B:00A8H.7       PUBLIC        EA
  C:30ADH         PUBLIC        resetDMP
  X:002AH         PUBLIC        rx_buf
  C:1E0FH         PUBLIC        _readMemoryBlock
  C:2AF4H         PUBLIC        I2C_IRQ
  X:004AH         PUBLIC        tx_buf
  C:22B7H         PUBLIC        _send_offset_values
  D:00A8H         PUBLIC        IEN0
  D:00B8H         PUBLIC        IEN1
  C:2C6DH         PUBLIC        mpu_testConnection
  C:2FBDH         PUBLIC        RX_Mode
  C:2D9FH         PUBLIC        DataAcq
  C:20B7H         PUBLIC        _getMotion6_variables
  C:2F27H         PUBLIC        getMotionDetectionThreshold
  X:006AH         PUBLIC        malloc_memory_pool
  C:2E59H         PUBLIC        getFIFOEnabled
  C:2E0CH         PUBLIC        _setSlaveAddress
  B:00B8H.1       PUBLIC        RF
  D:00E7H         PUBLIC        SPIRDAT
  C:1717H         PUBLIC        _writeMemoryBlock
  B:0021H.0       PUBLIC        newPayload
  C:300CH         PUBLIC        _setFullScaleAccelRange
  C:07E4H         PUBLIC        dmpConfig
  C:08A4H         PUBLIC        dmpUpdates
  X:025EH         PUBLIC        packet_type
  B:0020H.6       PUBLIC        RX_DR
  B:00E8H.0       PUBLIC        RFCE
  C:145DH         PUBLIC        _writeDMPConfigurationSet
  C:31DEH         PUBLIC        _setMotionDetectionThreshold
  C:278DH         PUBLIC        _send_packet_to_computer
  C:3127H         PUBLIC        _setFIFOEnabled
  B:0020H.5       PUBLIC        TX_DS
BL51 BANKED LINKER/LOCATER V6.22                                                      04/02/2017  13:34:59  PAGE 12


  C:3028H         PUBLIC        _setExternalFrameSync
  C:1B9DH         PUBLIC        main
  C:267FH         PUBLIC        initial_setup_dmp
  X:025FH         PUBLIC        sensor_status
  C:1F06H         PUBLIC        _dmpGetQuaternion_int16
  C:2E71H         PUBLIC        getOTPBankValid
  C:301FH         PUBLIC        _setMemoryStartAddress
  C:2D2BH         PUBLIC        getXGyroOffset
  C:2F99H         PUBLIC        _send_rf_command
  C:31BAH         PUBLIC        _setIntEnabled
  C:2D48H         PUBLIC        getYGyroOffset
  C:2D65H         PUBLIC        getZGyroOffset
  C:0026H         PUBLIC        _hal_uart_putstring
  C:2F4DH         PUBLIC        getMotionDetectionDuration
  C:2F01H         PUBLIC        getDMPConfig1
  C:2F14H         PUBLIC        getDMPConfig2
  C:2FF0H         PUBLIC        _setClockSource
  B:0080H.3       PUBLIC        P03
  C:2914H         PUBLIC        setup
  C:3193H         PUBLIC        _setOTPBankValid
  D:0088H         PUBLIC        TCON
  C:0003H         PUBLIC        _writeProgMemoryBlock
  C:311CH         PUBLIC        _setI2CMasterModeEnabled
  C:30F0H         PUBLIC        _setXGyroOffset
  C:30FBH         PUBLIC        _setYGyroOffset
  C:3106H         PUBLIC        _setZGyroOffset
  C:2F3AH         PUBLIC        getZeroMotionDetectionThreshold
  C:3095H         PUBLIC        i2c_mpu_reset
  C:31F0H         PUBLIC        _setMotionDetectionDuration
  B:00E8H.2       PUBLIC        RFCKEN
  C:31CCH         PUBLIC        _setDMPConfig1
  C:0056H         PUBLIC        ADDR_HOST
  C:31D5H         PUBLIC        _setDMPConfig2
  C:3189H         PUBLIC        _writeProgDMPConfigurationSet
  X:0260H         PUBLIC        dmpPacketSize
  C:195CH         PUBLIC        _send_inertial_packet_by_rf
  C:005BH         PUBLIC        dmpMemory
  C:2DBBH         PUBLIC        getXGyroOffsetTC
  C:2DD6H         PUBLIC        getYGyroOffsetTC
  C:2DF1H         PUBLIC        getZGyroOffsetTC
  C:31E7H         PUBLIC        _setZeroMotionDetectionThreshold
  D:0020H         PUBLIC        sta
  C:2C98H         PUBLIC        _setMemoryBank
  C:2BCDH         PUBLIC        _SPI_Read_Buf
  C:307CH         PUBLIC        _SPI_Read
  C:3089H         PUBLIC        resetFIFO
  C:3044H         PUBLIC        _setXGyroOffsetTC
  C:3052H         PUBLIC        _setYGyroOffsetTC
  C:1FE8H         PUBLIC        _getMotion6_packet
  C:3060H         PUBLIC        _setZGyroOffsetTC
  C:2F60H         PUBLIC        getZeroMotionDetectionDuration
  C:30A1H         PUBLIC        resetI2CMaster
  C:2B69H         PUBLIC        _SPI_Write_Buf
  C:27DDH         PUBLIC        _send_packet_from_host_to_computer
  C:08D3H         PUBLIC        dmpInitialize
  C:31C3H         PUBLIC        _setRate
  C:1187H         PUBLIC        _dmpGetPacket16bits
BL51 BANKED LINKER/LOCATER V6.22                                                      04/02/2017  13:34:59  PAGE 13


  C:31F9H         PUBLIC        _setZeroMotionDetectionDuration
  C:3111H         PUBLIC        _setDMPEnabled
  D:0093H         PUBLIC        P0DIR
  C:2CD4H         PUBLIC        getXAccelOffset
  D:009EH         PUBLIC        P0CON
  D:0094H         PUBLIC        P1DIR
  C:2CF1H         PUBLIC        getYAccelOffset
  C:2B9BH         PUBLIC        _TX_Mode_NOACK
  D:009FH         PUBLIC        P1CON
  C:2D0EH         PUBLIC        getZAccelOffset
  C:2FFEH         PUBLIC        _setFullScaleGyroRange
  D:0098H         PUBLIC        S0CON
  C:2E9EH         PUBLIC        _send_rf_command_with_arg
  C:23D1H         PUBLIC        RF_IRQ
  D:00D8H         PUBLIC        ADCON
  D:00C8H         PUBLIC        T2CON
  C:2A35H         PUBLIC        _redirect_rf_pkt_to_serial
  D:00F8H         PUBLIC        FSR
  C:30CFH         PUBLIC        _setXAccelOffset
  C:2EB3H         PUBLIC        mpu_initialize
  B:0020H.4       PUBLIC        MAX_RT
  C:30DAH         PUBLIC        _setYAccelOffset
  C:2736H         PUBLIC        _send_packet_to_host
  C:30E5H         PUBLIC        _setZAccelOffset
  C:2176H         PUBLIC        _rf_init
  C:28D4H         PUBLIC        _getFIFOBytes
  X:0262H         PUBLIC        payloadWidth
  C:2D82H         PUBLIC        getFIFOCount
  C:30B9H         PUBLIC        mpu_8051_malloc_setup
  C:2EDBH         PUBLIC        _SPI_RW_Reg
  C:317FH         PUBLIC        _SPI_RW
  C:2EEEH         PUBLIC        getIntStatus
  D:00E8H         PUBLIC        RFCON
  C:30C4H         PUBLIC        _setSleepEnabled
  D:00D0H         PUBLIC        PSW
  C:2F73H         PUBLIC        iniciarIO
  D:00C0H         PUBLIC        IRCON
  C:3036H         PUBLIC        _setDLPFMode
  X:0263H         PUBLIC        dmpPacketBuffer
  X:0265H         PUBLIC        buffer
  B:00E8H.1       PUBLIC        RFCSN
  D:00E6H         PUBLIC        SPIRSTAT
  -------         PROC          _SPI_RW
  D:0007H         SYMBOL        value
  C:317FH         LINE#         127
  C:317FH         LINE#         128
  C:3181H         LINE#         130
  C:3186H         LINE#         132
  C:3188H         LINE#         133
  -------         ENDPROC       _SPI_RW
  -------         PROC          _SPI_RW_REG
  D:0007H         SYMBOL        reg
  D:0006H         SYMBOL        value
  -------         DO            
  D:0005H         SYMBOL        status
  -------         ENDDO         
  C:2EDBH         LINE#         142
BL51 BANKED LINKER/LOCATER V6.22                                                      04/02/2017  13:34:59  PAGE 14


  C:2EDDH         LINE#         145
  C:2EDFH         LINE#         146
  C:2EE4H         LINE#         147
  C:2EE9H         LINE#         148
  C:2EEBH         LINE#         150
  C:2EEDH         LINE#         151
  -------         ENDPROC       _SPI_RW_REG
  -------         PROC          _SPI_READ
  D:0007H         SYMBOL        reg
  -------         DO            
  D:0007H         SYMBOL        reg_val
  -------         ENDDO         
  C:307CH         LINE#         159
  C:307CH         LINE#         162
  C:307EH         LINE#         163
  C:3081H         LINE#         164
  C:3086H         LINE#         165
  C:3088H         LINE#         167
  C:3088H         LINE#         168
  -------         ENDPROC       _SPI_READ
  -------         PROC          _SPI_READ_BUF
  D:0007H         SYMBOL        reg
  D:0023H         SYMBOL        pBuf
  D:0026H         SYMBOL        bytes
  -------         DO            
  D:0006H         SYMBOL        status
  D:0005H         SYMBOL        byte_ctr
  -------         ENDDO         
  C:2BCDH         LINE#         177
  C:2BD3H         LINE#         180
  C:2BD5H         LINE#         181
  C:2BDAH         LINE#         183
  C:2BE2H         LINE#         184
  C:2BF9H         LINE#         186
  C:2BFBH         LINE#         188
  C:2BFDH         LINE#         189
  -------         ENDPROC       _SPI_READ_BUF
  -------         PROC          _SPI_WRITE_BUF
  D:0007H         SYMBOL        reg
  D:0038H         SYMBOL        pBuf
  D:003BH         SYMBOL        bytes
  -------         DO            
  D:0006H         SYMBOL        status
  D:0005H         SYMBOL        byte_ctr
  -------         ENDDO         
  C:2B69H         LINE#         199
  C:2B6FH         LINE#         202
  C:2B71H         LINE#         203
  C:2B76H         LINE#         204
  C:2B7EH         LINE#         205
  C:2B96H         LINE#         206
  C:2B98H         LINE#         207
  C:2B9AH         LINE#         208
  -------         ENDPROC       _SPI_WRITE_BUF
  -------         PROC          RX_MODE
  C:2FBDH         LINE#         213
  C:2FBDH         LINE#         214
BL51 BANKED LINKER/LOCATER V6.22                                                      04/02/2017  13:34:59  PAGE 15


  C:2FC0H         LINE#         215
  C:2FC2H         LINE#         216
  C:2FC4H         LINE#         217
  C:2FCBH         LINE#         218
  C:2FCDH         LINE#         219
  -------         ENDPROC       RX_MODE
  -------         PROC          _TX_MODE_NOACK
  D:0035H         SYMBOL        payloadLength
  C:2B9BH         LINE#         227
  C:2B9FH         LINE#         228
  C:2BA1H         LINE#         229
  C:2BA8H         LINE#         230
  C:2BB6H         LINE#         231
  C:2BC4H         LINE#         233
  C:2BC6H         LINE#         234
  C:2BCCH         LINE#         235
  -------         ENDPROC       _TX_MODE_NOACK
  -------         PROC          RF_IRQ
  C:23D1H         LINE#         242
  C:23EAH         LINE#         244
  C:23F1H         LINE#         245
  C:23F4H         LINE#         246
  C:2402H         LINE#         247
  C:2409H         LINE#         248
  C:240BH         LINE#         249
  C:2415H         LINE#         250
  C:241AH         LINE#         251
  C:241CH         LINE#         252
  C:2422H         LINE#         253
  C:2424H         LINE#         254
  C:2424H         LINE#         255
  C:2424H         LINE#         256
  C:2427H         LINE#         257
  C:242EH         LINE#         258
  C:2431H         LINE#         259
  C:2438H         LINE#         260
  C:243FH         LINE#         261
  -------         ENDPROC       RF_IRQ
  -------         PROC          _RF_INIT
  D:0027H         SYMBOL        rx_addr
  D:002AH         SYMBOL        tx_addr
  D:002DH         SYMBOL        rf_channel
  D:002EH         SYMBOL        rf_data_rate
  D:002FH         SYMBOL        rf_pwr
  -------         DO            
  D:0004H         SYMBOL        rf_setup_byte
  -------         ENDDO         
  C:2176H         LINE#         271
  C:217CH         LINE#         272
  C:217EH         LINE#         273
  C:2180H         LINE#         274
  C:2182H         LINE#         275
  C:2184H         LINE#         276
  C:2186H         LINE#         277
  C:2188H         LINE#         279
  C:2197H         LINE#         280
  C:2197H         LINE#         281
BL51 BANKED LINKER/LOCATER V6.22                                                      04/02/2017  13:34:59  PAGE 16


  C:219AH         LINE#         282
  C:219CH         LINE#         283
  C:219CH         LINE#         284
  C:219FH         LINE#         285
  C:21A2H         LINE#         286
  C:21A4H         LINE#         287
  C:21A4H         LINE#         288
  C:21A7H         LINE#         289
  C:21A7H         LINE#         290
  C:21A9H         LINE#         291
  C:21A9H         LINE#         292
  C:21ACH         LINE#         293
  C:21ACH         LINE#         294
  C:21ACH         LINE#         295
  C:21B6H         LINE#         296
  C:21B6H         LINE#         297
  C:21B9H         LINE#         298
  C:21BCH         LINE#         299
  C:21BEH         LINE#         300
  C:21BEH         LINE#         301
  C:21C1H         LINE#         302
  C:21C3H         LINE#         303
  C:21C3H         LINE#         304
  C:21C6H         LINE#         305
  C:21C9H         LINE#         306
  C:21C9H         LINE#         307
  C:21C9H         LINE#         309
  C:21D7H         LINE#         311
  C:21E5H         LINE#         313
  C:21ECH         LINE#         315
  C:21F3H         LINE#         317
  C:21FAH         LINE#         319
  C:2201H         LINE#         321
  C:2208H         LINE#         323
  C:220FH         LINE#         325
  C:2216H         LINE#         327
  C:2218H         LINE#         328
  -------         ENDPROC       _RF_INIT
  -------         PROC          _SEND_INERTIAL_PACKET_BY_RF
  D:0007H         SYMBOL        pkt_type
  D:0028H         SYMBOL        fifo_buffer
  D:002BH         SYMBOL        my_sub_addr
  C:195CH         LINE#         125
  C:1962H         LINE#         126
  C:1968H         LINE#         127
  C:196BH         LINE#         128
  C:198EH         LINE#         129
  C:198EH         LINE#         130
  C:199EH         LINE#         131
  C:19A8H         LINE#         132
  C:19B2H         LINE#         133
  C:19BCH         LINE#         134
  C:19C6H         LINE#         135
  C:19C9H         LINE#         136
  C:19C9H         LINE#         137
  C:19CBH         LINE#         138
  C:19CBH         LINE#         139
BL51 BANKED LINKER/LOCATER V6.22                                                      04/02/2017  13:34:59  PAGE 17


  C:19DBH         LINE#         140
  C:19E5H         LINE#         141
  C:19EFH         LINE#         142
  C:19F9H         LINE#         143
  C:1A03H         LINE#         144
  C:1A0CH         LINE#         145
  C:1A0CH         LINE#         146
  C:1A0EH         LINE#         147
  C:1A0EH         LINE#         149
  C:1A1BH         LINE#         150
  C:1A1DH         LINE#         151
  C:1A1FH         LINE#         152
  C:1A21H         LINE#         153
  C:1A23H         LINE#         154
  C:1A25H         LINE#         155
  C:1A27H         LINE#         156
  C:1A2AH         LINE#         157
  C:1A2AH         LINE#         158
  C:1A3AH         LINE#         159
  C:1A44H         LINE#         160
  C:1A4EH         LINE#         161
  C:1A58H         LINE#         162
  C:1A62H         LINE#         163
  C:1A6CH         LINE#         164
  C:1A76H         LINE#         165
  C:1A80H         LINE#         166
  C:1A8AH         LINE#         167
  C:1A94H         LINE#         168
  C:1A9EH         LINE#         169
  C:1AA8H         LINE#         170
  C:1AAAH         LINE#         171
  C:1AADH         LINE#         172
  C:1AADH         LINE#         173
  C:1ABDH         LINE#         174
  C:1AC7H         LINE#         175
  C:1AD1H         LINE#         176
  C:1ADBH         LINE#         177
  C:1AE5H         LINE#         178
  C:1AEFH         LINE#         179
  C:1AF9H         LINE#         180
  C:1B03H         LINE#         181
  C:1B0DH         LINE#         182
  C:1B17H         LINE#         183
  C:1B21H         LINE#         184
  C:1B2BH         LINE#         186
  C:1B32H         LINE#         187
  C:1B34H         LINE#         188
  C:1B36H         LINE#         189
  C:1B38H         LINE#         190
  C:1B3AH         LINE#         191
  C:1B3CH         LINE#         192
  C:1B3EH         LINE#         193
  C:1B40H         LINE#         194
  C:1B40H         LINE#         195
  C:1B4DH         LINE#         196
  C:1B57H         LINE#         197
  C:1B61H         LINE#         198
BL51 BANKED LINKER/LOCATER V6.22                                                      04/02/2017  13:34:59  PAGE 18


  C:1B6BH         LINE#         199
  C:1B75H         LINE#         200
  C:1B7FH         LINE#         201
  C:1B89H         LINE#         202
  C:1B93H         LINE#         203
  C:1B9AH         LINE#         204
  C:1B9AH         LINE#         205
  C:1B9AH         LINE#         207
  C:1B9AH         LINE#         208
  C:1B9AH         LINE#         209
  -------         ENDPROC       _SEND_INERTIAL_PACKET_BY_RF
  -------         PROC          _SEND_RF_COMMAND
  D:0007H         SYMBOL        cmd2send
  D:0005H         SYMBOL        sensor_id
  C:2F99H         LINE#         212
  C:2F99H         LINE#         213
  C:2F9EH         LINE#         214
  C:2FA1H         LINE#         215
  C:2FA8H         LINE#         216
  -------         ENDPROC       _SEND_RF_COMMAND
  -------         PROC          _SEND_RF_COMMAND_WITH_ARG
  D:0007H         SYMBOL        cmd2send
  D:0005H         SYMBOL        agr2send
  D:0003H         SYMBOL        sensor_id
  C:2E9EH         LINE#         219
  C:2E9EH         LINE#         220
  C:2EA3H         LINE#         221
  C:2EA6H         LINE#         222
  C:2EA9H         LINE#         223
  C:2EB0H         LINE#         224
  -------         ENDPROC       _SEND_RF_COMMAND_WITH_ARG
  -------         PROC          _SEND_OFFSET_VALUES
  D:0007H         SYMBOL        sensor_id
  D:0005H         SYMBOL        cmd2send
  D:0002H         SYMBOL        Xac_of
  D:002BH         SYMBOL        Yac_of
  D:002DH         SYMBOL        Zac_of
  D:002FH         SYMBOL        Xgy_of
  D:0031H         SYMBOL        Ygy_of
  D:0033H         SYMBOL        Zgy_of
  C:22B7H         LINE#         226
  C:22B7H         LINE#         227
  C:22BCH         LINE#         228
  C:22BFH         LINE#         229
  C:22C4H         LINE#         230
  C:22D2H         LINE#         231
  C:22D8H         LINE#         232
  C:22E7H         LINE#         233
  C:22EDH         LINE#         234
  C:22FCH         LINE#         235
  C:2302H         LINE#         236
  C:2311H         LINE#         237
  C:2317H         LINE#         238
  C:2326H         LINE#         239
  C:232CH         LINE#         240
  C:233BH         LINE#         241
  C:2342H         LINE#         242
BL51 BANKED LINKER/LOCATER V6.22                                                      04/02/2017  13:34:59  PAGE 19


  -------         ENDPROC       _SEND_OFFSET_VALUES
  -------         PROC          _SEND_PACKET_TO_HOST
  D:0007H         SYMBOL        packet_type
  D:0045H         SYMBOL        data_to_send
  D:0048H         SYMBOL        data_len
  D:0049H         SYMBOL        my_sub_addr
  -------         DO            
  D:0006H         SYMBOL        i
  -------         ENDDO         
  C:2736H         LINE#         247
  C:273CH         LINE#         249
  C:2741H         LINE#         250
  C:2745H         LINE#         251
  C:2758H         LINE#         252
  C:2778H         LINE#         253
  C:277FH         LINE#         254
  C:278AH         LINE#         255
  -------         ENDPROC       _SEND_PACKET_TO_HOST
  -------         PROC          _SEND_PACKET_TO_COMPUTER
  D:0010H         SYMBOL        packet_type
  D:0011H         SYMBOL        data_to_send
  D:0014H         SYMBOL        data_len
  -------         DO            
  D:0015H         SYMBOL        i
  -------         ENDDO         
  C:278DH         LINE#         260
  C:2795H         LINE#         262
  C:279AH         LINE#         263
  C:279FH         LINE#         264
  C:27A4H         LINE#         265
  C:27BBH         LINE#         266
  C:27CEH         LINE#         267
  C:27D8H         LINE#         268
  -------         ENDPROC       _SEND_PACKET_TO_COMPUTER
  -------         PROC          _REDIRECT_RF_PKT_TO_SERIAL
  D:004AH         SYMBOL        data_to_send
  D:004DH         SYMBOL        data_len
  -------         DO            
  D:004EH         SYMBOL        i
  -------         ENDDO         
  C:2A35H         LINE#         271
  C:2A3DH         LINE#         273
  C:2A42H         LINE#         274
  C:2A47H         LINE#         275
  C:2A57H         LINE#         276
  C:2A6AH         LINE#         277
  C:2A74H         LINE#         278
  -------         ENDPROC       _REDIRECT_RF_PKT_TO_SERIAL
  -------         PROC          _SEND_PACKET_FROM_HOST_TO_COMPUTER
  D:0008H         SYMBOL        packet_type
  D:0009H         SYMBOL        data_to_send
  D:000CH         SYMBOL        data_len
  D:000DH         SYMBOL        my_sub_addr
  -------         DO            
  D:000EH         SYMBOL        i
  -------         ENDDO         
  C:27DDH         LINE#         281
BL51 BANKED LINKER/LOCATER V6.22                                                      04/02/2017  13:34:59  PAGE 20


  C:27E5H         LINE#         283
  C:27EAH         LINE#         284
  C:27EFH         LINE#         285
  C:27F6H         LINE#         286
  C:27FBH         LINE#         287
  C:280BH         LINE#         288
  C:281EH         LINE#         289
  C:2828H         LINE#         290
  -------         ENDPROC       _SEND_PACKET_FROM_HOST_TO_COMPUTER
  -------         PROC          _HAL_UART_PUTSTRING
  D:0062H         SYMBOL        str_2_send
  C:0026H         LINE#         293
  C:002CH         LINE#         294
  C:0037H         LINE#         295
  C:004AH         LINE#         296
  -------         ENDPROC       _HAL_UART_PUTSTRING
  -------         PROC          MPU_8051_MALLOC_SETUP
  C:30B9H         LINE#         312
  C:30B9H         LINE#         313
  -------         ENDPROC       MPU_8051_MALLOC_SETUP
  -------         PROC          _SETCLOCKSOURCE
  D:0007H         SYMBOL        source
  C:2FF0H         LINE#         332
  C:2FF0H         LINE#         333
  -------         ENDPROC       _SETCLOCKSOURCE
  -------         PROC          _SETFULLSCALEGYRORANGE
  D:0007H         SYMBOL        range
  C:2FFEH         LINE#         341
  C:2FFEH         LINE#         342
  -------         ENDPROC       _SETFULLSCALEGYRORANGE
  -------         PROC          _SETFULLSCALEACCELRANGE
  D:0007H         SYMBOL        range
  C:300CH         LINE#         349
  C:300CH         LINE#         350
  -------         ENDPROC       _SETFULLSCALEACCELRANGE
  -------         PROC          _SETSLEEPENABLED
  D:0007H         SYMBOL        enabled
  C:30C4H         LINE#         358
  C:30C4H         LINE#         359
  -------         ENDPROC       _SETSLEEPENABLED
  -------         PROC          MPU_INITIALIZE
  C:2EB3H         LINE#         366
  C:2EB3H         LINE#         367
  C:2EB8H         LINE#         368
  C:2EBDH         LINE#         369
  C:2EC2H         LINE#         370
  -------         ENDPROC       MPU_INITIALIZE
  -------         PROC          MPU_TESTCONNECTION
  C:2C6DH         LINE#         378
  C:2C6DH         LINE#         379
  C:2C82H         LINE#         380
  C:2C8FH         LINE#         381
  -------         ENDPROC       MPU_TESTCONNECTION
  -------         PROC          _GETMOTION6_PACKET
  X:0357H         SYMBOL        packet6
  C:1FE8H         LINE#         388
  C:1FF0H         LINE#         389
BL51 BANKED LINKER/LOCATER V6.22                                                      04/02/2017  13:34:59  PAGE 21


  C:2002H         LINE#         390
  C:2015H         LINE#         391
  C:201FH         LINE#         392
  C:202AH         LINE#         393
  C:2036H         LINE#         394
  C:2046H         LINE#         395
  C:2056H         LINE#         396
  C:2066H         LINE#         397
  C:2076H         LINE#         398
  C:2086H         LINE#         399
  C:2096H         LINE#         400
  C:20A6H         LINE#         401
  C:20B6H         LINE#         402
  -------         ENDPROC       _GETMOTION6_PACKET
  -------         PROC          _SETXACCELOFFSET
  D:0006H         SYMBOL        offset
  C:30CFH         LINE#         407
  C:30CFH         LINE#         408
  -------         ENDPROC       _SETXACCELOFFSET
  -------         PROC          _SETYACCELOFFSET
  D:0006H         SYMBOL        offset
  C:30DAH         LINE#         410
  C:30DAH         LINE#         411
  -------         ENDPROC       _SETYACCELOFFSET
  -------         PROC          _SETZACCELOFFSET
  D:0006H         SYMBOL        offset
  C:30E5H         LINE#         413
  C:30E5H         LINE#         414
  -------         ENDPROC       _SETZACCELOFFSET
  -------         PROC          _SETXGYROOFFSET
  D:0006H         SYMBOL        offset
  C:30F0H         LINE#         416
  C:30F0H         LINE#         417
  -------         ENDPROC       _SETXGYROOFFSET
  -------         PROC          _SETYGYROOFFSET
  D:0006H         SYMBOL        offset
  C:30FBH         LINE#         419
  C:30FBH         LINE#         420
  -------         ENDPROC       _SETYGYROOFFSET
  -------         PROC          _SETZGYROOFFSET
  D:0006H         SYMBOL        offset
  C:3106H         LINE#         422
  C:3106H         LINE#         423
  -------         ENDPROC       _SETZGYROOFFSET
  -------         PROC          GETXACCELOFFSET
  C:2CD4H         LINE#         425
  C:2CD4H         LINE#         426
  C:2CE6H         LINE#         427
  C:2CF0H         LINE#         428
  -------         ENDPROC       GETXACCELOFFSET
  -------         PROC          GETYACCELOFFSET
  C:2CF1H         LINE#         429
  C:2CF1H         LINE#         430
  C:2D03H         LINE#         431
  C:2D0DH         LINE#         432
  -------         ENDPROC       GETYACCELOFFSET
  -------         PROC          GETZACCELOFFSET
BL51 BANKED LINKER/LOCATER V6.22                                                      04/02/2017  13:34:59  PAGE 22


  C:2D0EH         LINE#         433
  C:2D0EH         LINE#         434
  C:2D20H         LINE#         435
  C:2D2AH         LINE#         436
  -------         ENDPROC       GETZACCELOFFSET
  -------         PROC          GETXGYROOFFSET
  C:2D2BH         LINE#         437
  C:2D2BH         LINE#         438
  C:2D3DH         LINE#         439
  C:2D47H         LINE#         440
  -------         ENDPROC       GETXGYROOFFSET
  -------         PROC          GETYGYROOFFSET
  C:2D48H         LINE#         441
  C:2D48H         LINE#         442
  C:2D5AH         LINE#         443
  C:2D64H         LINE#         444
  -------         ENDPROC       GETYGYROOFFSET
  -------         PROC          GETZGYROOFFSET
  C:2D65H         LINE#         445
  C:2D65H         LINE#         446
  C:2D77H         LINE#         447
  C:2D81H         LINE#         448
  -------         ENDPROC       GETZGYROOFFSET
  C:2C90H         SYMBOL        L?0303
  C:2C93H         SYMBOL        L?0304
  -------         PROC          L?0302
  -------         ENDPROC       L?0302
  C:2C90H         SYMBOL        L?0303
  C:2C93H         SYMBOL        L?0304
  -------         PROC          _SETMEMORYBANK
  D:0007H         SYMBOL        bank
  D:0005H         SYMBOL        prefetchEnabled
  D:0003H         SYMBOL        userBank
  C:2C98H         LINE#         450
  C:2C98H         LINE#         451
  C:2C9CH         LINE#         452
  C:2CA3H         LINE#         453
  C:2CAAH         LINE#         454
  -------         ENDPROC       _SETMEMORYBANK
  -------         PROC          GETFIFOCOUNT
  C:2D82H         LINE#         462
  C:2D82H         LINE#         463
  C:2D94H         LINE#         464
  C:2D9EH         LINE#         465
  -------         ENDPROC       GETFIFOCOUNT
  -------         PROC          GETINTSTATUS
  C:2EEEH         LINE#         467
  C:2EEEH         LINE#         468
  C:2EFBH         LINE#         469
  C:2F00H         LINE#         470
  -------         ENDPROC       GETINTSTATUS
  -------         PROC          _SETDMPENABLED
  D:0007H         SYMBOL        enabled
  C:3111H         LINE#         472
  C:3111H         LINE#         473
  -------         ENDPROC       _SETDMPENABLED
  -------         PROC          RESETFIFO
BL51 BANKED LINKER/LOCATER V6.22                                                      04/02/2017  13:34:59  PAGE 23


  C:3089H         LINE#         480
  C:3089H         LINE#         481
  -------         ENDPROC       RESETFIFO
  -------         PROC          DMPGETFIFOPACKETSIZE
  C:31B1H         LINE#         484
  C:31B1H         LINE#         485
  C:31B9H         LINE#         486
  -------         ENDPROC       DMPGETFIFOPACKETSIZE
  -------         PROC          L?0305
  -------         ENDPROC       L?0305
  -------         PROC          _GETFIFOBYTES
  X:030FH         SYMBOL        data_ptr
  D:0005H         SYMBOL        data_len
  C:28D4H         LINE#         488
  C:28DFH         LINE#         489
  C:28E5H         LINE#         490
  C:2904H         LINE#         491
  C:2904H         LINE#         492
  C:2913H         LINE#         493
  C:2913H         LINE#         494
  -------         ENDPROC       _GETFIFOBYTES
  C:301AH         SYMBOL        L?0307
  -------         PROC          L?0306
  -------         ENDPROC       L?0306
  C:301AH         SYMBOL        L?0307
  -------         PROC          _SETMEMORYSTARTADDRESS
  D:0007H         SYMBOL        address
  C:301FH         LINE#         496
  C:301FH         LINE#         497
  -------         ENDPROC       _SETMEMORYSTARTADDRESS
  C:16F4H         SYMBOL        L?0301
  -------         PROC          L?0300
  -------         ENDPROC       L?0300
  C:16F4H         SYMBOL        L?0301
  -------         PROC          _WRITEMEMORYBLOCK
  X:031FH         SYMBOL        data_ptr
  X:0322H         SYMBOL        dataSize
  X:0324H         SYMBOL        bank
  X:0325H         SYMBOL        address
  X:0326H         SYMBOL        verify
  X:0327H         SYMBOL        useProgMem
  -------         DO            
  X:0328H         SYMBOL        chunkSize_wmb
  X:0329H         SYMBOL        verifyBuffer_wmb
  X:032CH         SYMBOL        progBuffer_wmb
  X:032FH         SYMBOL        i_wmb
  D:0007H         SYMBOL        j_wmb
  -------         ENDDO         
  C:1717H         LINE#         501
  C:1728H         LINE#         505
  C:1731H         LINE#         508
  C:1734H         LINE#         509
  C:1737H         LINE#         510
  C:1754H         LINE#         511
  C:1771H         LINE#         512
  C:1791H         LINE#         514
  C:1797H         LINE#         517
BL51 BANKED LINKER/LOCATER V6.22                                                      04/02/2017  13:34:59  PAGE 24


  C:17B9H         LINE#         520
  C:17D6H         LINE#         522
  C:17DCH         LINE#         524
  C:1824H         LINE#         525
  C:1824H         LINE#         527
  C:1848H         LINE#         528
  C:1848H         LINE#         530
  C:1864H         LINE#         533
  C:187DH         LINE#         534
  C:1880H         LINE#         535
  C:1883H         LINE#         536
  C:189FH         LINE#         537
  C:18C6H         LINE#         538
  C:18D4H         LINE#         539
  C:18E8H         LINE#         540
  C:18EBH         LINE#         541
  C:18EBH         LINE#         542
  C:18EBH         LINE#         545
  C:18FEH         LINE#         548
  C:1904H         LINE#         551
  C:191CH         LINE#         552
  C:1928H         LINE#         553
  C:192BH         LINE#         554
  C:192EH         LINE#         555
  C:192EH         LINE#         556
  C:1931H         LINE#         557
  C:1945H         LINE#         558
  C:1959H         LINE#         559
  C:195BH         LINE#         560
  -------         ENDPROC       _WRITEMEMORYBLOCK
  -------         PROC          _WRITEDMPCONFIGURATIONSET
  X:030FH         SYMBOL        data_ptr
  X:0312H         SYMBOL        dataSize
  X:0314H         SYMBOL        useProgMem
  -------         DO            
  X:0315H         SYMBOL        progBuffer_wdcs
  X:0318H         SYMBOL        success_wdcs
  X:0319H         SYMBOL        special_wdcs
  X:031AH         SYMBOL        i_wdcs
  D:0006H         SYMBOL        j_wdcs
  X:031CH         SYMBOL        bank_wdcs
  X:031DH         SYMBOL        offset_wdcs
  X:031EH         SYMBOL        length_wdcs
  -------         ENDDO         
  C:145DH         LINE#         563
  C:146EH         LINE#         564
  C:1477H         LINE#         568
  C:147DH         LINE#         569
  C:1494H         LINE#         570
  C:1494H         LINE#         575
  C:14B3H         LINE#         576
  C:14BDH         LINE#         577
  C:14DEH         LINE#         578
  C:1502H         LINE#         579
  C:1522H         LINE#         580
  C:1524H         LINE#         581
  C:1542H         LINE#         582
BL51 BANKED LINKER/LOCATER V6.22                                                      04/02/2017  13:34:59  PAGE 25


  C:1558H         LINE#         583
  C:156EH         LINE#         584
  C:156EH         LINE#         587
  C:157BH         LINE#         589
  C:157EH         LINE#         590
  C:15A8H         LINE#         591
  C:15F5H         LINE#         592
  C:15F5H         LINE#         593
  C:1619H         LINE#         594
  C:1619H         LINE#         595
  C:164AH         LINE#         596
  C:165CH         LINE#         597
  C:165EH         LINE#         603
  C:1667H         LINE#         604
  C:1684H         LINE#         605
  C:1686H         LINE#         606
  C:16A4H         LINE#         607
  C:16A4H         LINE#         611
  C:16ABH         LINE#         617
  C:16B4H         LINE#         619
  C:16BAH         LINE#         620
  C:16BCH         LINE#         622
  C:16C1H         LINE#         623
  C:16C1H         LINE#         624
  C:16C1H         LINE#         626
  C:16CAH         LINE#         627
  C:16DCH         LINE#         628
  C:16DFH         LINE#         629
  C:16DFH         LINE#         630
  C:16DFH         LINE#         631
  C:16F1H         LINE#         632
  C:16F3H         LINE#         633
  -------         ENDPROC       _WRITEDMPCONFIGURATIONSET
  -------         PROC          _READMEMORYBLOCK
  X:030FH         SYMBOL        data_ptr
  X:0312H         SYMBOL        dataSize
  X:0314H         SYMBOL        bank
  X:0315H         SYMBOL        address
  -------         DO            
  X:0316H         SYMBOL        chunkSize_rmb
  X:0317H         SYMBOL        i_rmb
  -------         ENDDO         
  C:1E0FH         LINE#         635
  C:1E20H         LINE#         638
  C:1E24H         LINE#         639
  C:1E2CH         LINE#         640
  C:1E4CH         LINE#         642
  C:1E52H         LINE#         645
  C:1E72H         LINE#         648
  C:1E8DH         LINE#         651
  C:1EB7H         LINE#         654
  C:1ECAH         LINE#         657
  C:1ED0H         LINE#         660
  C:1EE8H         LINE#         661
  C:1EF4H         LINE#         662
  C:1EFAH         LINE#         663
  C:1F02H         LINE#         664
BL51 BANKED LINKER/LOCATER V6.22                                                      04/02/2017  13:34:59  PAGE 26


  C:1F02H         LINE#         665
  C:1F05H         LINE#         666
  -------         ENDPROC       _READMEMORYBLOCK
  -------         PROC          _WRITEPROGDMPCONFIGURATIONSET
  D:0001H         SYMBOL        data_ptr
  D:0004H         SYMBOL        dataSize
  C:3189H         LINE#         668
  C:3189H         LINE#         669
  C:3192H         LINE#         670
  -------         ENDPROC       _WRITEPROGDMPCONFIGURATIONSET
  -------         PROC          _WRITEPROGMEMORYBLOCK
  D:0001H         SYMBOL        data_ptr
  D:0004H         SYMBOL        dataSize
  X:0314H         SYMBOL        bank
  X:0315H         SYMBOL        address
  X:0316H         SYMBOL        verify
  C:0003H         LINE#         672
  C:0003H         LINE#         673
  C:0022H         LINE#         674
  -------         ENDPROC       _WRITEPROGMEMORYBLOCK
  -------         PROC          I2C_MPU_RESET
  C:3095H         LINE#         680
  C:3095H         LINE#         681
  -------         ENDPROC       I2C_MPU_RESET
  -------         PROC          _SETSLAVEADDRESS
  D:0007H         SYMBOL        num
  D:0006H         SYMBOL        address
  C:2E0CH         LINE#         690
  C:2E0EH         LINE#         691
  C:2E14H         LINE#         692
  C:2E25H         LINE#         693
  -------         ENDPROC       _SETSLAVEADDRESS
  -------         PROC          _SETI2CMASTERMODEENABLED
  D:0007H         SYMBOL        enabled
  C:311CH         LINE#         700
  C:311CH         LINE#         701
  -------         ENDPROC       _SETI2CMASTERMODEENABLED
  -------         PROC          RESETI2CMASTER
  C:30A1H         LINE#         708
  C:30A1H         LINE#         709
  -------         ENDPROC       RESETI2CMASTER
  -------         PROC          _SETINTENABLED
  D:0007H         SYMBOL        enabled
  C:31BAH         LINE#         712
  C:31BAH         LINE#         713
  -------         ENDPROC       _SETINTENABLED
  -------         PROC          _SETRATE
  D:0007H         SYMBOL        rate
  C:31C3H         LINE#         721
  C:31C3H         LINE#         722
  -------         ENDPROC       _SETRATE
  -------         PROC          _SETEXTERNALFRAMESYNC
  D:0007H         SYMBOL        sync_ext
  C:3028H         LINE#         730
  C:3028H         LINE#         731
  -------         ENDPROC       _SETEXTERNALFRAMESYNC
  -------         PROC          _SETDLPFMODE
BL51 BANKED LINKER/LOCATER V6.22                                                      04/02/2017  13:34:59  PAGE 27


  D:0007H         SYMBOL        mode
  C:3036H         LINE#         739
  C:3036H         LINE#         740
  -------         ENDPROC       _SETDLPFMODE
  -------         PROC          GETDMPCONFIG1
  C:2F01H         LINE#         746
  C:2F01H         LINE#         747
  C:2F0EH         LINE#         748
  C:2F13H         LINE#         749
  -------         ENDPROC       GETDMPCONFIG1
  -------         PROC          _SETDMPCONFIG1
  D:0007H         SYMBOL        config
  C:31CCH         LINE#         750
  C:31CCH         LINE#         751
  -------         ENDPROC       _SETDMPCONFIG1
  -------         PROC          GETDMPCONFIG2
  C:2F14H         LINE#         757
  C:2F14H         LINE#         758
  C:2F21H         LINE#         759
  C:2F26H         LINE#         760
  -------         ENDPROC       GETDMPCONFIG2
  -------         PROC          _SETDMPCONFIG2
  D:0007H         SYMBOL        config
  C:31D5H         LINE#         761
  C:31D5H         LINE#         762
  -------         ENDPROC       _SETDMPCONFIG2
  -------         PROC          GETOTPBANKVALID
  C:2E71H         LINE#         765
  C:2E71H         LINE#         766
  C:2E82H         LINE#         767
  C:2E87H         LINE#         768
  -------         ENDPROC       GETOTPBANKVALID
  -------         PROC          _SETOTPBANKVALID
  D:0007H         SYMBOL        enabled
  C:3193H         LINE#         769
  C:3193H         LINE#         770
  -------         ENDPROC       _SETOTPBANKVALID
  -------         PROC          GETXGYROOFFSETTC
  C:2DBBH         LINE#         776
  C:2DBBH         LINE#         777
  C:2DD0H         LINE#         778
  C:2DD5H         LINE#         779
  -------         ENDPROC       GETXGYROOFFSETTC
  -------         PROC          _SETXGYROOFFSETTC
  D:0007H         SYMBOL        offset
  C:3044H         LINE#         780
  C:3044H         LINE#         781
  -------         ENDPROC       _SETXGYROOFFSETTC
  -------         PROC          GETYGYROOFFSETTC
  C:2DD6H         LINE#         787
  C:2DD6H         LINE#         788
  C:2DEBH         LINE#         789
  C:2DF0H         LINE#         790
  -------         ENDPROC       GETYGYROOFFSETTC
  -------         PROC          _SETYGYROOFFSETTC
  D:0007H         SYMBOL        offset
  C:3052H         LINE#         791
BL51 BANKED LINKER/LOCATER V6.22                                                      04/02/2017  13:34:59  PAGE 28


  C:3052H         LINE#         792
  -------         ENDPROC       _SETYGYROOFFSETTC
  -------         PROC          GETZGYROOFFSETTC
  C:2DF1H         LINE#         798
  C:2DF1H         LINE#         799
  C:2E06H         LINE#         800
  C:2E0BH         LINE#         801
  -------         ENDPROC       GETZGYROOFFSETTC
  -------         PROC          _SETZGYROOFFSETTC
  D:0007H         SYMBOL        offset
  C:3060H         LINE#         802
  C:3060H         LINE#         803
  -------         ENDPROC       _SETZGYROOFFSETTC
  -------         PROC          GETMOTIONDETECTIONTHRESHOLD
  C:2F27H         LINE#         813
  C:2F27H         LINE#         814
  C:2F34H         LINE#         815
  C:2F39H         LINE#         816
  -------         ENDPROC       GETMOTIONDETECTIONTHRESHOLD
  -------         PROC          _SETMOTIONDETECTIONTHRESHOLD
  D:0007H         SYMBOL        threshold
  C:31DEH         LINE#         823
  C:31DEH         LINE#         824
  -------         ENDPROC       _SETMOTIONDETECTIONTHRESHOLD
  -------         PROC          GETZEROMOTIONDETECTIONTHRESHOLD
  C:2F3AH         LINE#         835
  C:2F3AH         LINE#         836
  C:2F47H         LINE#         837
  C:2F4CH         LINE#         838
  -------         ENDPROC       GETZEROMOTIONDETECTIONTHRESHOLD
  -------         PROC          _SETZEROMOTIONDETECTIONTHRESHOLD
  D:0007H         SYMBOL        threshold
  C:31E7H         LINE#         845
  C:31E7H         LINE#         846
  -------         ENDPROC       _SETZEROMOTIONDETECTIONTHRESHOLD
  -------         PROC          GETMOTIONDETECTIONDURATION
  C:2F4DH         LINE#         855
  C:2F4DH         LINE#         856
  C:2F5AH         LINE#         857
  C:2F5FH         LINE#         858
  -------         ENDPROC       GETMOTIONDETECTIONDURATION
  -------         PROC          _SETMOTIONDETECTIONDURATION
  D:0007H         SYMBOL        duration
  C:31F0H         LINE#         865
  C:31F0H         LINE#         866
  -------         ENDPROC       _SETMOTIONDETECTIONDURATION
  -------         PROC          GETZEROMOTIONDETECTIONDURATION
  C:2F60H         LINE#         875
  C:2F60H         LINE#         876
  C:2F6DH         LINE#         877
  C:2F72H         LINE#         878
  -------         ENDPROC       GETZEROMOTIONDETECTIONDURATION
  -------         PROC          _SETZEROMOTIONDETECTIONDURATION
  D:0007H         SYMBOL        duration
  C:31F9H         LINE#         885
  C:31F9H         LINE#         886
  -------         ENDPROC       _SETZEROMOTIONDETECTIONDURATION
BL51 BANKED LINKER/LOCATER V6.22                                                      04/02/2017  13:34:59  PAGE 29


  -------         PROC          GETFIFOENABLED
  C:2E59H         LINE#         894
  C:2E59H         LINE#         895
  C:2E6BH         LINE#         896
  C:2E70H         LINE#         897
  -------         ENDPROC       GETFIFOENABLED
  -------         PROC          _SETFIFOENABLED
  D:0007H         SYMBOL        enabled
  C:3127H         LINE#         904
  C:3127H         LINE#         905
  -------         ENDPROC       _SETFIFOENABLED
  -------         PROC          RESETDMP
  C:30ADH         LINE#         908
  C:30ADH         LINE#         909
  -------         ENDPROC       RESETDMP
  -------         PROC          DMPINITIALIZE
  -------         DO            
  X:0274H         SYMBOL        xgOffsetTC
  X:0275H         SYMBOL        ygOffsetTC
  X:0276H         SYMBOL        zgOffsetTC
  X:0277H         SYMBOL        dmpUpdate
  X:0287H         SYMBOL        j
  X:0288H         SYMBOL        pos
  X:028AH         SYMBOL        fifoCount
  X:028CH         SYMBOL        fifoBuffer
  X:030CH         SYMBOL        b
  X:030DH         SYMBOL        data_to_write
  X:030EH         SYMBOL        mask
  -------         ENDDO         
  C:08D3H         LINE#         912
  C:08D3H         LINE#         915
  C:08DAH         LINE#         925
  C:08DDH         LINE#         926
  C:08E4H         LINE#         937
  C:08E9H         LINE#         941
  C:08F2H         LINE#         944
  C:08F7H         LINE#         950
  C:08FEH         LINE#         960
  C:0906H         LINE#         961
  C:090EH         LINE#         962
  C:0916H         LINE#         973
  C:091DH         LINE#         976
  C:0922H         LINE#         978
  C:0929H         LINE#         980
  C:092CH         LINE#         981
  C:0933H         LINE#         989
  C:0950H         LINE#         997
  C:0963H         LINE#         1002
  C:0968H         LINE#         1006
  C:096DH         LINE#         1010
  C:0972H         LINE#         1018
  C:0978H         LINE#         1021
  C:0984H         LINE#         1023
  C:0984H         LINE#         1025
  C:0984H         LINE#         1028
  C:098AH         LINE#         1029
  C:0994H         LINE#         1030
BL51 BANKED LINKER/LOCATER V6.22                                                      04/02/2017  13:34:59  PAGE 30


  C:0998H         LINE#         1031
  C:09A4H         LINE#         1032
  C:09A7H         LINE#         1035
  C:09B0H         LINE#         1037
  C:09B0H         LINE#         1039
  C:09B0H         LINE#         1046
  C:09B5H         LINE#         1050
  C:09BAH         LINE#         1054
  C:09BFH         LINE#         1055
  C:09C4H         LINE#         1059
  C:09C9H         LINE#         1067
  C:09D6H         LINE#         1069
  C:09D6H         LINE#         1071
  C:09D6H         LINE#         1074
  C:09DCH         LINE#         1075
  C:09E3H         LINE#         1076
  C:09E7H         LINE#         1077
  C:09F3H         LINE#         1078
  C:09F6H         LINE#         1081
  C:09FFH         LINE#         1083
  C:09FFH         LINE#         1085
  C:09FFH         LINE#         1090
  C:0A0CH         LINE#         1092
  C:0A0CH         LINE#         1094
  C:0A0CH         LINE#         1097
  C:0A12H         LINE#         1098
  C:0A19H         LINE#         1099
  C:0A1DH         LINE#         1100
  C:0A29H         LINE#         1101
  C:0A2CH         LINE#         1104
  C:0A35H         LINE#         1106
  C:0A35H         LINE#         1108
  C:0A35H         LINE#         1113
  C:0A42H         LINE#         1115
  C:0A42H         LINE#         1117
  C:0A42H         LINE#         1120
  C:0A48H         LINE#         1121
  C:0A4FH         LINE#         1122
  C:0A52H         LINE#         1123
  C:0A5EH         LINE#         1124
  C:0A6BH         LINE#         1127
  C:0A74H         LINE#         1129
  C:0A74H         LINE#         1131
  C:0A74H         LINE#         1141
  C:0AD1H         LINE#         1144
  C:0AD4H         LINE#         1148
  C:0B31H         LINE#         1150
  C:0B34H         LINE#         1153
  C:0B37H         LINE#         1156
  C:0B42H         LINE#         1161
  C:0B4CH         LINE#         1164
  C:0B51H         LINE#         1167
  C:0B56H         LINE#         1170
  C:0B5BH         LINE#         1173
  C:0B60H         LINE#         1176
  C:0B63H         LINE#         1179
  C:0B68H         LINE#         1182
BL51 BANKED LINKER/LOCATER V6.22                                                      04/02/2017  13:34:59  PAGE 31


  C:0B6DH         LINE#         1185
  C:0B70H         LINE#         1189
  C:0BCDH         LINE#         1190
  C:0BD0H         LINE#         1194
  C:0C2DH         LINE#         1195
  C:0C30H         LINE#         1199
  C:0C8DH         LINE#         1200
  C:0C90H         LINE#         1206
  C:0C9FH         LINE#         1207
  C:0CAAH         LINE#         1209
  C:0CACH         LINE#         1214
  C:0CAFH         LINE#         1223
  C:0D0CH         LINE#         1224
  C:0D2CH         LINE#         1228
  C:0D3BH         LINE#         1229
  C:0D46H         LINE#         1230
  C:0D48H         LINE#         1236
  C:0D4BH         LINE#         1245
  C:0DA8H         LINE#         1246
  C:0DABH         LINE#         1251
  C:0DB0H         LINE#         1254
  C:0DB9H         LINE#         1260
  C:0DBCH         LINE#         1261
  C:0DBFH         LINE#         1262
  C:0DC1H         LINE#         1265
  C:0DC4H         LINE#         1266
  C:0DC4H         LINE#         1267
  C:0DC4H         LINE#         1270
  C:0DC7H         LINE#         1271
  C:0DC7H         LINE#         1273
  C:0DC9H         LINE#         1274
  -------         ENDPROC       DMPINITIALIZE
  -------         PROC          _DMPGETQUATERNION_INT16
  X:034BH         SYMBOL        data_ptr
  X:034EH         SYMBOL        packet
  C:1F06H         LINE#         1277
  C:1F11H         LINE#         1279
  C:1F30H         LINE#         1280
  C:1F58H         LINE#         1281
  C:1F87H         LINE#         1282
  C:1FB6H         LINE#         1283
  C:1FE5H         LINE#         1284
  C:1FE7H         LINE#         1285
  -------         ENDPROC       _DMPGETQUATERNION_INT16
  -------         PROC          _DMPGETPACKET16BITS
  X:0351H         SYMBOL        data_ptr
  X:0354H         SYMBOL        packet
  C:1187H         LINE#         1286
  C:1192H         LINE#         1289
[...]
  -------         DO            
BL51 BANKED LINKER/LOCATER V6.22                                                      04/02/2017  13:34:59  PAGE 39


  D:0006H         SYMBOL        ack_received
  -------         DO            
  D:0055H         SYMBOL        w2_status
  -------         ENDDO         
  -------         ENDDO         
  C:2B2FH         LINE#         202
  C:2B35H         LINE#         203
  C:2B35H         LINE#         205
  C:2B3CH         LINE#         207
  C:2B49H         LINE#         208
  C:2B49H         LINE#         210
  C:2B55H         LINE#         211
  C:2B5AH         LINE#         212
  C:2B5FH         LINE#         213
  C:2B5FH         LINE#         214
  C:2B61H         LINE#         215
  C:2B61H         LINE#         216
  C:2B63H         LINE#         218
  C:2B66H         LINE#         220
  C:2B68H         LINE#         221
  -------         ENDPROC       _HAL_W2_WRITE
  -------         PROC          _HAL_W2_READ
  D:0007H         SYMBOL        address
  D:0057H         SYMBOL        data_ptr
  D:005AH         SYMBOL        data_len
  -------         DO            
  D:0007H         SYMBOL        w2_status
  D:005BH         SYMBOL        ack_received
  -------         ENDDO         
  C:287BH         LINE#         223
  C:2881H         LINE#         224
  C:2881H         LINE#         228
  C:2888H         LINE#         230
  C:288CH         LINE#         231
  C:288CH         LINE#         233
  C:288FH         LINE#         234
  C:288FH         LINE#         237
  C:289AH         LINE#         238
  C:289AH         LINE#         239
  C:289EH         LINE#         240
  C:289EH         LINE#         241
  C:28A1H         LINE#         242
  C:28A1H         LINE#         244
  C:28A4H         LINE#         246
  C:28B7H         LINE#         247
  C:28C3H         LINE#         248
  C:28C5H         LINE#         250
  C:28C7H         LINE#         251
  -------         ENDPROC       _HAL_W2_READ
  -------         PROC          HAL_W2_SOFT_RESET
  -------         DO            
  D:003BH         SYMBOL        pulsecount
  D:003CH         SYMBOL        w2_freq
  -------         ENDDO         
  C:2456H         LINE#         253
  C:2456H         LINE#         254
  C:2456H         LINE#         259
BL51 BANKED LINKER/LOCATER V6.22                                                      04/02/2017  13:34:59  PAGE 40


  C:245CH         LINE#         261
  C:245FH         LINE#         262
  C:2467H         LINE#         266
  C:246AH         LINE#         267
  C:246DH         LINE#         270
  C:2470H         LINE#         275
  C:2478H         LINE#         278
  C:247FH         LINE#         280
  C:2482H         LINE#         284
  C:2489H         LINE#         285
  C:248CH         LINE#         286
  C:248CH         LINE#         288
  C:2494H         LINE#         289
  C:249BH         LINE#         291
  C:249EH         LINE#         292
  C:24A5H         LINE#         293
  C:24AEH         LINE#         296
  C:24B5H         LINE#         298
  C:24BDH         LINE#         301
  C:24C4H         LINE#         303
  C:24CCH         LINE#         306
  C:24CFH         LINE#         309
  C:24D2H         LINE#         310
  C:24D8H         LINE#         312
  -------         ENDPROC       HAL_W2_SOFT_RESET
  -------         PROC          _I2C_MPU_WRITEBYTE
  D:0007H         SYMBOL        devAddr
  D:0005H         SYMBOL        regAddr
  D:002EH         SYMBOL        data_to_write
  C:2FDFH         LINE#         317
  C:2FE1H         LINE#         318
  C:2FEFH         LINE#         319
  -------         ENDPROC       _I2C_MPU_WRITEBYTE
  -------         PROC          _I2C_MPU_WRITEBYTES
  D:0007H         SYMBOL        devAddr
  D:0004H         SYMBOL        regAddr
  D:0006H         SYMBOL        data_len
  D:0032H         SYMBOL        data_ptr
  -------         DO            
  D:0007H         SYMBOL        w2_status
  D:0005H         SYMBOL        ack_received
  -------         ENDDO         
  C:2A79H         LINE#         321
  C:2A7DH         LINE#         326
  C:2A84H         LINE#         327
  C:2A86H         LINE#         328
  C:2A89H         LINE#         329
  C:2A8DH         LINE#         330
  C:2A8DH         LINE#         331
  C:2A8FH         LINE#         332
  C:2A8FH         LINE#         334
  C:2A9BH         LINE#         335
  C:2A9BH         LINE#         336
  C:2AA7H         LINE#         337
  C:2AAAH         LINE#         338
  C:2AAEH         LINE#         339
  C:2AAEH         LINE#         340
BL51 BANKED LINKER/LOCATER V6.22                                                      04/02/2017  13:34:59  PAGE 41


  C:2AB0H         LINE#         341
  C:2AB0H         LINE#         342
  C:2AB2H         LINE#         343
  C:2AB5H         LINE#         345
  C:2AB7H         LINE#         346
  -------         ENDPROC       _I2C_MPU_WRITEBYTES
  -------         PROC          _I2C_MPU_READBYTE
  D:0007H         SYMBOL        devAddr
  D:0005H         SYMBOL        regAddr
  D:0030H         SYMBOL        data_ptr
  C:2FABH         LINE#         348
  C:2FB1H         LINE#         349
  C:2FBCH         LINE#         350
  -------         ENDPROC       _I2C_MPU_READBYTE
  -------         PROC          _I2C_MPU_READBYTES
  D:0006H         SYMBOL        devAddr
  D:0004H         SYMBOL        regAddr
  D:0035H         SYMBOL        data_len
  D:0036H         SYMBOL        data_ptr
  -------         DO            
  D:0039H         SYMBOL        w2_status
  D:003AH         SYMBOL        ack_received
  -------         ENDDO         
  C:2551H         LINE#         352
  C:2557H         LINE#         357
  C:255EH         LINE#         358
  C:2560H         LINE#         359
  C:2565H         LINE#         360
  C:256AH         LINE#         361
  C:256AH         LINE#         362
  C:256DH         LINE#         363
  C:256DH         LINE#         367
  C:2576H         LINE#         369
  C:257AH         LINE#         370
  C:257AH         LINE#         372
  C:257DH         LINE#         374
  C:257DH         LINE#         376
  C:2588H         LINE#         377
  C:2588H         LINE#         378
  C:258CH         LINE#         379
  C:258CH         LINE#         380
  C:258FH         LINE#         381
  C:258FH         LINE#         383
  C:2594H         LINE#         385
  C:25A7H         LINE#         386
  C:25B4H         LINE#         387
  C:25B6H         LINE#         389
  C:25B8H         LINE#         390
  -------         ENDPROC       _I2C_MPU_READBYTES
  -------         PROC          _I2C_MPU_WRITEBIT
  D:0027H         SYMBOL        devAddr
  D:0028H         SYMBOL        regAddr
  D:0029H         SYMBOL        bitNum
  D:002AH         SYMBOL        data_to_write
  -------         DO            
  D:002BH         SYMBOL        b
  -------         ENDDO         
BL51 BANKED LINKER/LOCATER V6.22                                                      04/02/2017  13:34:59  PAGE 42


  C:282DH         LINE#         393
  C:2833H         LINE#         395
  C:283CH         LINE#         396
  C:2871H         LINE#         397
  C:287AH         LINE#         398
  -------         ENDPROC       _I2C_MPU_WRITEBIT
  -------         PROC          _I2C_MPU_WRITEBITS
  D:0027H         SYMBOL        devAddr
  D:0028H         SYMBOL        regAddr
  D:0029H         SYMBOL        bitStart
  D:002AH         SYMBOL        data_length
  D:002BH         SYMBOL        data_to_write
  -------         DO            
  D:002CH         SYMBOL        b
  -------         DO            
  D:002DH         SYMBOL        mask
  -------         ENDDO         
  -------         ENDDO         
  C:25B9H         LINE#         399
  C:25BFH         LINE#         408
  C:25CBH         LINE#         409
  C:25F8H         LINE#         410
  C:2605H         LINE#         411
  C:2609H         LINE#         412
  C:260CH         LINE#         413
  C:2610H         LINE#         414
  C:2619H         LINE#         415
  C:2619H         LINE#         416
  C:261BH         LINE#         417
  C:261BH         LINE#         418
  -------         ENDPROC       _I2C_MPU_WRITEBITS
  -------         PROC          _I2C_MPU_READBIT
  D:0007H         SYMBOL        devAddr
  D:0005H         SYMBOL        regAddr
  D:003FH         SYMBOL        bitNum
  D:0040H         SYMBOL        data_ptr
  -------         DO            
  D:0043H         SYMBOL        b
  D:0007H         SYMBOL        count
  -------         ENDDO         
  C:2C25H         LINE#         419
  C:2C27H         LINE#         421
  C:2C30H         LINE#         422
  C:2C48H         LINE#         423
  C:2C48H         LINE#         424
  -------         ENDPROC       _I2C_MPU_READBIT
  -------         PROC          _I2C_MPU_READBITS
  D:0007H         SYMBOL        devAddr
  D:0005H         SYMBOL        regAddr
  D:0029H         SYMBOL        bitStart
  D:002AH         SYMBOL        data_length
  D:002BH         SYMBOL        data_ptr
  -------         DO            
  D:0005H         SYMBOL        count
  D:002EH         SYMBOL        b
  -------         DO            
  D:002FH         SYMBOL        mask
BL51 BANKED LINKER/LOCATER V6.22                                                      04/02/2017  13:34:59  PAGE 43


  -------         ENDDO         
  -------         ENDDO         
  C:26DEH         LINE#         425
  C:26E0H         LINE#         432
  C:26EEH         LINE#         433
  C:271BH         LINE#         434
  C:271DH         LINE#         435
  C:272AH         LINE#         436
  C:2733H         LINE#         437
  C:2733H         LINE#         438
  C:2735H         LINE#         439
  -------         ENDPROC       _I2C_MPU_READBITS
  -------         PROC          _I2C_MPU_WRITEWORD
  D:0007H         SYMBOL        devAddr
  D:0005H         SYMBOL        regAddr
  D:0027H         SYMBOL        data_to_write
  C:2F86H         LINE#         442
  C:2F8AH         LINE#         443
  C:2F98H         LINE#         444
  -------         ENDPROC       _I2C_MPU_WRITEWORD
  -------         PROC          _I2C_MPU_WRITEWORDS
  D:0007H         SYMBOL        devAddr
  D:0006H         SYMBOL        regAddr
  D:0004H         SYMBOL        data_length
  D:002CH         SYMBOL        data_ptr
  -------         DO            
  D:0007H         SYMBOL        w2_status
  D:0005H         SYMBOL        ack_received
  -------         ENDDO         
  C:261CH         LINE#         445
  C:2620H         LINE#         456
  C:2627H         LINE#         457
  C:2629H         LINE#         458
  C:262CH         LINE#         459
  C:2630H         LINE#         460
  C:2630H         LINE#         461
  C:2632H         LINE#         462
  C:2632H         LINE#         464
  C:2640H         LINE#         465
  C:2640H         LINE#         466
  C:264DH         LINE#         467
  C:2650H         LINE#         468
  C:2654H         LINE#         469
  C:2654H         LINE#         470
  C:2656H         LINE#         471
  C:2656H         LINE#         472
  C:2659H         LINE#         473
  C:266EH         LINE#         474
  C:2671H         LINE#         475
  C:2675H         LINE#         476
  C:2675H         LINE#         477
  C:2677H         LINE#         478
  C:2677H         LINE#         479
  C:2679H         LINE#         480
  C:2679H         LINE#         481
  C:2679H         LINE#         482
  C:2679H         LINE#         483
BL51 BANKED LINKER/LOCATER V6.22                                                      04/02/2017  13:34:59  PAGE 44


  C:267CH         LINE#         485
  C:267EH         LINE#         486
  -------         ENDPROC       _I2C_MPU_WRITEWORDS
  -------         ENDMOD        HAL_W2_ISR

  -------         MODULE        HAL_UART
  C:0000H         SYMBOL        _ICE_DUMMY_
  D:0080H         PUBLIC        P0
  D:0090H         PUBLIC        P1
  D:00A0H         PUBLIC        P2
  D:00B0H         PUBLIC        P3
  I:0065H         SYMBOL        uart_rx
  I:006DH         SYMBOL        uart_tx
  D:00A8H         PUBLIC        IEN0
  D:00B8H         PUBLIC        IEN1
  B:0098H.4       PUBLIC        REN0
  C:2E40H         PUBLIC        hal_uart_getchar
  C:295EH         PUBLIC        uart0_isr
  D:00BAH         PUBLIC        S0RELH
  D:005CH         SYMBOL        uart_rx_cnt
  D:0087H         PUBLIC        PCON
  C:2C49H         PUBLIC        _hal_uart_putchar
  D:005DH         SYMBOL        uart_tx_cnt
  D:00AAH         PUBLIC        S0RELL
  D:0088H         PUBLIC        TCON
  B:00A8H.4       PUBLIC        ES0
  B:0098H.0       PUBLIC        RI0
  D:005EH         SYMBOL        uart_rx_rp
  B:0098H.1       PUBLIC        TI0
  D:005FH         SYMBOL        uart_tx_rp
  B:0098H.7       PUBLIC        SM0
  B:0098H.6       PUBLIC        SM1
  D:0060H         SYMBOL        uart_rx_wp
  C:004EH         PUBLIC        hal_uart_chars_available
  D:0061H         SYMBOL        uart_tx_wp
  D:0099H         PUBLIC        S0BUF
  C:31A7H         PUBLIC        hal_uart_tx_complete
  D:0098H         PUBLIC        S0CON
  D:00D8H         PUBLIC        ADCON
  D:00C8H         PUBLIC        T2CON
  D:00F8H         PUBLIC        FSR
  C:29EFH         PUBLIC        _hal_uart_init
  D:00E8H         PUBLIC        RFCON
  D:00D0H         PUBLIC        PSW
  D:00C0H         PUBLIC        IRCON
  -------         PROC          UART0_ISR
  C:295EH         LINE#         41
  C:2967H         LINE#         43
  C:296AH         LINE#         44
  C:296AH         LINE#         45
  C:296CH         LINE#         46
  C:2973H         LINE#         47
  C:2973H         LINE#         48
  C:297AH         LINE#         49
  C:2981H         LINE#         50
  C:2983H         LINE#         51
  C:2983H         LINE#         52
BL51 BANKED LINKER/LOCATER V6.22                                                      04/02/2017  13:34:59  PAGE 45


  C:2983H         LINE#         53
  C:2986H         LINE#         54
  C:2986H         LINE#         55
  C:2988H         LINE#         56
  C:298FH         LINE#         57
  C:298FH         LINE#         58
  C:2997H         LINE#         59
  C:299EH         LINE#         60
  C:299EH         LINE#         61
  C:29A0H         LINE#         62
  C:29A0H         LINE#         63
  -------         ENDPROC       UART0_ISR
  -------         PROC          _HAL_UART_INIT
  D:0007H         SYMBOL        baud
  -------         DO            
  D:0004H         SYMBOL        temp
  -------         ENDDO         
  C:29EFH         LINE#         65
  C:29EFH         LINE#         66
  C:29EFH         LINE#         69
  C:29F1H         LINE#         70
  C:29F6H         LINE#         71
  C:29F8H         LINE#         72
  C:29FCH         LINE#         73
  C:29FEH         LINE#         74
  C:2A00H         LINE#         75
  C:2A02H         LINE#         76
  C:2A04H         LINE#         77
  C:2A07H         LINE#         78
  C:2A0AH         LINE#         79
  C:2A16H         LINE#         80
  C:2A16H         LINE#         81
  C:2A16H         LINE#         82
  C:2A1AH         LINE#         83
  C:2A1CH         LINE#         84
  C:2A1CH         LINE#         85
  C:2A20H         LINE#         86
  C:2A22H         LINE#         87
  C:2A22H         LINE#         88
  C:2A26H         LINE#         89
  C:2A28H         LINE#         90
  C:2A28H         LINE#         91
  C:2A28H         LINE#         92
  C:2A2CH         LINE#         93
  C:2A2CH         LINE#         94
  C:2A2CH         LINE#         95
  C:2A2EH         LINE#         96
  C:2A30H         LINE#         98
  C:2A32H         LINE#         99
  C:2A34H         LINE#         100
  -------         ENDPROC       _HAL_UART_INIT
  -------         PROC          _HAL_UART_PUTCHAR
  D:0007H         SYMBOL        ch
  C:2C49H         LINE#         102
  C:2C49H         LINE#         103
  C:2C49H         LINE#         105
  C:2C50H         LINE#         107
BL51 BANKED LINKER/LOCATER V6.22                                                      04/02/2017  13:34:59  PAGE 46


  C:2C52H         LINE#         108
  C:2C56H         LINE#         109
  C:2C56H         LINE#         110
  C:2C58H         LINE#         111
  C:2C5AH         LINE#         113
  C:2C5AH         LINE#         114
  C:2C61H         LINE#         115
  C:2C68H         LINE#         116
  C:2C68H         LINE#         117
  C:2C6AH         LINE#         118
  C:2C6CH         LINE#         119
  -------         ENDPROC       _HAL_UART_PUTCHAR
  -------         PROC          HAL_UART_CHARS_AVAILABLE
  C:004EH         LINE#         122
  C:004EH         LINE#         123
  C:004EH         LINE#         124
  C:0050H         LINE#         125
  -------         ENDPROC       HAL_UART_CHARS_AVAILABLE
  -------         PROC          HAL_UART_TX_COMPLETE
  C:31A7H         LINE#         127
  C:31A7H         LINE#         128
  C:31A7H         LINE#         129
  C:31ABH         LINE#         130
  C:31ABH         LINE#         131
  C:31AEH         LINE#         132
  C:31AEH         LINE#         134
  C:31AEH         LINE#         135
  C:31B0H         LINE#         136
  C:31B0H         LINE#         137
  -------         ENDPROC       HAL_UART_TX_COMPLETE
  -------         PROC          HAL_UART_GETCHAR
  -------         DO            
  D:0007H         SYMBOL        ch
  -------         ENDDO         
  C:2E40H         LINE#         138
  C:2E40H         LINE#         139
  C:2E40H         LINE#         144
  C:2E44H         LINE#         145
  C:2E44H         LINE#         146
  C:2E46H         LINE#         147
  C:2E4DH         LINE#         148
  C:2E54H         LINE#         149
  C:2E56H         LINE#         150
  C:2E58H         LINE#         151
  C:2E58H         LINE#         152
  -------         ENDPROC       HAL_UART_GETCHAR
  -------         ENDMOD        HAL_UART

  -------         MODULE        ?C?CLDPTR
  C:0DCAH         PUBLIC        ?C?CLDPTR
  -------         ENDMOD        ?C?CLDPTR

  -------         MODULE        ?C?CLDOPTR
  C:0DE3H         PUBLIC        ?C?CLDOPTR
  -------         ENDMOD        ?C?CLDOPTR

  -------         MODULE        ?C?CSTPTR
BL51 BANKED LINKER/LOCATER V6.22                                                      04/02/2017  13:34:59  PAGE 47


  C:0E10H         PUBLIC        ?C?CSTPTR
  -------         ENDMOD        ?C?CSTPTR

  -------         MODULE        ?C?CSTOPTR
  C:0E22H         PUBLIC        ?C?CSTOPTR
  -------         ENDMOD        ?C?CSTOPTR

  -------         MODULE        ?C?ILDIX
  C:0E44H         PUBLIC        ?C?ILDIX
  -------         ENDMOD        ?C?ILDIX

  -------         MODULE        ?C?ILDPTR
  C:0E5AH         PUBLIC        ?C?ILDPTR
  -------         ENDMOD        ?C?ILDPTR

  -------         MODULE        ?C?ISTPTR
  C:0E85H         PUBLIC        ?C?ISTPTR
  -------         ENDMOD        ?C?ISTPTR

  -------         MODULE        ?C?ISTOPTR
  C:0EA4H         PUBLIC        ?C?ISTOPTR
  -------         ENDMOD        ?C?ISTOPTR

  -------         MODULE        ?C?MEMCMP
  C:1057H         PUBLIC        ?C?MEMCMP
  -------         ENDMOD        ?C?MEMCMP

  -------         MODULE        MALLOC
  C:221BH         PUBLIC        _malloc
  -------         ENDMOD        MALLOC

  -------         MODULE        INIT_MEM
  X:0343H         PUBLIC        __mem_avail__
  C:2AB8H         PUBLIC        _init_mempool
  -------         ENDMOD        INIT_MEM

  -------         MODULE        REALLOC
  C:24D9H         PUBLIC        _realloc
  -------         ENDMOD        REALLOC

  -------         MODULE        FREE
  C:1D0BH         PUBLIC        _free
  -------         ENDMOD        FREE

  -------         MODULE        ?C?COPY
  C:114BH         PUBLIC        ?C?COPY
  -------         ENDMOD        ?C?COPY

  -------         MODULE        ?C?IILDX
  C:1171H         PUBLIC        ?C?IILDX
  -------         ENDMOD        ?C?IILDX

Program Size: data=117.1 xdata=857 code=12806
LINK/LOCATE RUN COMPLETE.  0 WARNING(S),  0 ERROR(S)
