BL51 BANKED LINKER/LOCATER V6.22                                                        05/03/2017  21:36:44  PAGE 1


BL51 BANKED LINKER/LOCATER V6.22, INVOKED BY:
C:\KEIL_V5\C51\BIN\BL51.EXE .\Objects\sensor.obj, .\Objects\hal_delay.obj, .\Objects\hal_uart.obj, .\Objects\hal_w2_isr.
>> obj TO .\Objects\sensor_project PRINT (.\Listings\sensor_project.m51) RAMSIZE (256) DISABLEWARNING (16)


MEMORY MODEL: SMALL


INPUT MODULES INCLUDED:
  .\Objects\sensor.obj (SENSOR)
  .\Objects\hal_delay.obj (HAL_DELAY)
  .\Objects\hal_uart.obj (HAL_UART)
  .\Objects\hal_w2_isr.obj (HAL_W2_ISR)
  C:\KEIL_V5\C51\LIB\C51S.LIB (?C_STARTUP)
  C:\KEIL_V5\C51\LIB\C51S.LIB (?C?CLDPTR)
  C:\KEIL_V5\C51\LIB\C51S.LIB (?C?CLDOPTR)
  C:\KEIL_V5\C51\LIB\C51S.LIB (?C?CSTPTR)
  C:\KEIL_V5\C51\LIB\C51S.LIB (?C?CSTOPTR)
  C:\KEIL_V5\C51\LIB\C51S.LIB (?C?UIDIV)
  C:\KEIL_V5\C51\LIB\C51S.LIB (?C?ILDIX)
  C:\KEIL_V5\C51\LIB\C51S.LIB (?C?ILDPTR)
  C:\KEIL_V5\C51\LIB\C51S.LIB (?C?ISTPTR)
  C:\KEIL_V5\C51\LIB\C51S.LIB (?C?ISTOPTR)
  C:\KEIL_V5\C51\LIB\C51S.LIB (?C?MEMCMP)
  C:\KEIL_V5\C51\LIB\C51S.LIB (MALLOC)
  C:\KEIL_V5\C51\LIB\C51S.LIB (INIT_MEM)
  C:\KEIL_V5\C51\LIB\C51S.LIB (REALLOC)
  C:\KEIL_V5\C51\LIB\C51S.LIB (FREE)
  C:\KEIL_V5\C51\LIB\C51S.LIB (?C_INIT)
  C:\KEIL_V5\C51\LIB\C51S.LIB (?C?COPY)
  C:\KEIL_V5\C51\LIB\C51S.LIB (?C?IILDX)


LINK MAP OF MODULE:  .\Objects\sensor_project (SENSOR)


            TYPE    BASE      LENGTH    RELOCATION   SEGMENT NAME
            -----------------------------------------------------

            * * * * * * *   D A T A   M E M O R Y   * * * * * * *
            REG     0000H     0008H     ABSOLUTE     "REG BANK 0"
            DATA    0008H     000EH     UNIT         ?DT?_SEND_OFFSET_VALUES?SENSOR
            DATA    0016H     0008H     UNIT         ?DT?_SEND_PACKET_FROM_HOST_TO_COMPUTER?SENSOR
            DATA    001EH     0002H     UNIT         ?DT?HAL_W2_ISR
            DATA    0020H     0001H     BIT_ADDR     ?BA?SENSOR
            BIT     0021H.0   0000H.1   UNIT         ?BI?SENSOR
                    0021H.1   0000H.7                *** GAP ***
            DATA    0022H     001BH     UNIT         _DATA_GROUP_
            DATA    003DH     0007H     UNIT         ?DT?_SEND_PACKET_TO_COMPUTER?SENSOR
            DATA    0044H     0007H     UNIT         ?DT?HAL_W2_WAIT_DATA_READY?HAL_W2_ISR
            DATA    004BH     0007H     UNIT         ?DT?_I2C_MPU_READBIT?HAL_W2_ISR
            DATA    0052H     0006H     UNIT         ?DT?_SEND_PACKET_TO_HOST?SENSOR
            DATA    0058H     0006H     UNIT         ?DT?_REDIRECT_RF_PKT_TO_SERIAL?SENSOR
            DATA    005EH     0006H     UNIT         ?DT?HAL_UART
            DATA    0064H     0006H     UNIT         ?DT?_HAL_W2_WRITE?HAL_W2_ISR
            DATA    006AH     0006H     UNIT         ?DT?_HAL_W2_READ?HAL_W2_ISR
            DATA    0070H     0003H     UNIT         ?DT?_HAL_UART_PUTSTRING?SENSOR
            IDATA   0073H     0010H     UNIT         ?ID?HAL_UART
BL51 BANKED LINKER/LOCATER V6.22                                                      05/03/2017  21:36:44  PAGE 2


            IDATA   0083H     0001H     UNIT         ?STACK

            * * * * * * *  X D A T A   M E M O R Y  * * * * * * *
            XDATA   0000H     0289H     UNIT         ?XD?SENSOR
            XDATA   0289H     00BEH     UNIT         _XDATA_GROUP_
            XDATA   0347H     0012H     UNIT         ?XD?_GETMOTION6_VARIABLES?SENSOR
            XDATA   0359H     0008H     UNIT         ?XD?INIT_MEM
            XDATA   0361H     0006H     UNIT         ?XD?_DMPGETQUATERNION_INT16?SENSOR
            XDATA   0367H     0006H     UNIT         ?XD?_DMPGETPACKET16BITS?SENSOR
            XDATA   036DH     0002H     UNIT         ?XD?_GETMOTION6_PACKET?SENSOR

            * * * * * * *   C O D E   M E M O R Y   * * * * * * *
            CODE    0000H     0003H     ABSOLUTE     
            CODE    0003H     0020H     UNIT         ?PR?_WRITEPROGMEMORYBLOCK?SENSOR
            CODE    0023H     0003H     ABSOLUTE     
            CODE    0026H     0025H     UNIT         ?PR?_HAL_UART_PUTSTRING?SENSOR
            CODE    004BH     0003H     ABSOLUTE     
            CODE    004EH     0003H     UNIT         ?PR?HAL_UART_CHARS_AVAILABLE?HAL_UART
                    0051H     0002H                  *** GAP ***
            CODE    0053H     0003H     ABSOLUTE     
            CODE    0056H     087DH     UNIT         ?CO?SENSOR
            CODE    08D3H     04F7H     UNIT         ?PR?DMPINITIALIZE?SENSOR
            CODE    0DCAH     0412H     UNIT         ?C?LIB_CODE
            CODE    11DCH     0319H     UNIT         ?PR?_SEND_INERTIAL_PACKET_BY_RF?SENSOR
            CODE    14F5H     02D6H     UNIT         ?PR?_DMPGETPACKET16BITS?SENSOR
            CODE    17CBH     0297H     UNIT         ?PR?_WRITEDMPCONFIGURATIONSET?SENSOR
            CODE    1A62H     0268H     UNIT         ?PR?_WRITEMEMORYBLOCK?SENSOR
            CODE    1CCAH     010FH     UNIT         ?PR?INITIAL_SETUP_DMP?SENSOR
            CODE    1DD9H     0104H     UNIT         ?PR?_FREE?FREE
            CODE    1EDDH     00F7H     UNIT         ?PR?_READMEMORYBLOCK?SENSOR
            CODE    1FD4H     00E2H     UNIT         ?PR?_DMPGETQUATERNION_INT16?SENSOR
            CODE    20B6H     00CFH     UNIT         ?PR?_GETMOTION6_PACKET?SENSOR
            CODE    2185H     00BFH     UNIT         ?PR?_GETMOTION6_VARIABLES?SENSOR
            CODE    2244H     00A5H     UNIT         ?PR?_RF_INIT?SENSOR
            CODE    22E9H     009CH     UNIT         ?PR?_MALLOC?MALLOC
            CODE    2385H     008EH     UNIT         ?PR?_SEND_OFFSET_VALUES?SENSOR
            CODE    2413H     008CH     UNIT         ?C_C51STARTUP
            CODE    249FH     0089H     UNIT         ?PR?DATAACQ?SENSOR
            CODE    2528H     0088H     UNIT         ?PR?MAIN?SENSOR
            CODE    25B0H     0085H     UNIT         ?PR?RF_IRQ?SENSOR
            CODE    2635H     0083H     UNIT         ?PR?HAL_W2_SOFT_RESET?HAL_W2_ISR
            CODE    26B8H     0078H     UNIT         ?PR?_REALLOC?REALLOC
            CODE    2730H     0068H     UNIT         ?PR?_I2C_MPU_READBYTES?HAL_W2_ISR
            CODE    2798H     0063H     UNIT         ?PR?_I2C_MPU_WRITEBITS?HAL_W2_ISR
            CODE    27FBH     0063H     UNIT         ?PR?_I2C_MPU_WRITEWORDS?HAL_W2_ISR
            CODE    285EH     005CH     UNIT         ?PR?SETUP?SENSOR
            CODE    28BAH     005AH     UNIT         ?C_INITSEG
            CODE    2914H     0058H     UNIT         ?PR?_I2C_MPU_READBITS?HAL_W2_ISR
            CODE    296CH     0057H     UNIT         ?PR?_SEND_PACKET_TO_HOST?SENSOR
            CODE    29C3H     0050H     UNIT         ?PR?_SEND_PACKET_TO_COMPUTER?SENSOR
            CODE    2A13H     0050H     UNIT         ?PR?_SEND_PACKET_FROM_HOST_TO_COMPUTER?SENSOR
            CODE    2A63H     004EH     UNIT         ?PR?_I2C_MPU_WRITEBIT?HAL_W2_ISR
            CODE    2AB1H     004DH     UNIT         ?PR?_HAL_W2_READ?HAL_W2_ISR
            CODE    2AFEH     004CH     UNIT         ?PR?_GETFIFOBYTES?SENSOR
            CODE    2B4AH     0049H     UNIT         ?PR?UART0_ISR?HAL_UART
            CODE    2B93H     0046H     UNIT         ?PR?_HAL_UART_INIT?HAL_UART
            CODE    2BD9H     0044H     UNIT         ?PR?_REDIRECT_RF_PKT_TO_SERIAL?SENSOR
BL51 BANKED LINKER/LOCATER V6.22                                                      05/03/2017  21:36:44  PAGE 3


            CODE    2C1DH     003FH     UNIT         ?PR?_I2C_MPU_WRITEBYTES?HAL_W2_ISR
            CODE    2C5CH     003CH     UNIT         ?PR?_INIT_MEMPOOL?INIT_MEM
            CODE    2C98H     003BH     UNIT         ?PR?I2C_IRQ?SENSOR
            CODE    2CD3H     003AH     UNIT         ?PR?_HAL_W2_WRITE?HAL_W2_ISR
            CODE    2D0DH     0032H     UNIT         ?PR?_SPI_WRITE_BUF?SENSOR
            CODE    2D3FH     0032H     UNIT         ?PR?_TX_MODE_NOACK?SENSOR
            CODE    2D71H     0031H     UNIT         ?PR?_SPI_READ_BUF?SENSOR
            CODE    2DA2H     0027H     UNIT         ?PR?HAL_W2_WAIT_DATA_READY?HAL_W2_ISR
            CODE    2DC9H     0024H     UNIT         ?PR?_HAL_UART_PUTCHAR?HAL_UART
            CODE    2DEDH     0024H     UNIT         ?PR?_I2C_MPU_READBIT?HAL_W2_ISR
            CODE    2E11H     0023H     UNIT         ?PR?MPU_TESTCONNECTION?SENSOR
            CODE    2E34H     0023H     UNIT         ?PR?_SETMEMORYBANK?SENSOR
            CODE    2E57H     0021H     UNIT         ?PR?_HAL_W2_CONFIGURE_MASTER?HAL_W2_ISR
            CODE    2E78H     001DH     UNIT         ?PR?GETXACCELOFFSET?SENSOR
            CODE    2E95H     001DH     UNIT         ?PR?GETYACCELOFFSET?SENSOR
            CODE    2EB2H     001DH     UNIT         ?PR?GETZACCELOFFSET?SENSOR
            CODE    2ECFH     001DH     UNIT         ?PR?GETXGYROOFFSET?SENSOR
            CODE    2EECH     001DH     UNIT         ?PR?GETYGYROOFFSET?SENSOR
            CODE    2F09H     001DH     UNIT         ?PR?GETZGYROOFFSET?SENSOR
            CODE    2F26H     001DH     UNIT         ?PR?GETFIFOCOUNT?SENSOR
            CODE    2F43H     001BH     UNIT         ?PR?GETXGYROOFFSETTC?SENSOR
            CODE    2F5EH     001BH     UNIT         ?PR?GETYGYROOFFSETTC?SENSOR
            CODE    2F79H     001BH     UNIT         ?PR?GETZGYROOFFSETTC?SENSOR
            CODE    2F94H     001AH     UNIT         ?PR?_SETSLAVEADDRESS?SENSOR
            CODE    2FAEH     001AH     UNIT         ?PR?_DELAY_US?HAL_DELAY
            CODE    2FC8H     0019H     UNIT         ?PR?HAL_UART_GETCHAR?HAL_UART
            CODE    2FE1H     0018H     UNIT         ?PR?GETFIFOENABLED?SENSOR
            CODE    2FF9H     0017H     UNIT         ?PR?GETOTPBANKVALID?SENSOR
            CODE    3010H     0016H     UNIT         ?PR?_HAL_W2_INIT_TRANSFER?HAL_W2_ISR
            CODE    3026H     0015H     UNIT         ?PR?_SEND_RF_COMMAND_WITH_ARG?SENSOR
            CODE    303BH     0014H     UNIT         ?PR?MPU_INITIALIZE?SENSOR
            CODE    304FH     0014H     UNIT         ?PR?_DELAY_MS?HAL_DELAY
            CODE    3063H     0013H     UNIT         ?PR?_SPI_RW_REG?SENSOR
            CODE    3076H     0013H     UNIT         ?PR?GETINTSTATUS?SENSOR
            CODE    3089H     0013H     UNIT         ?PR?GETDMPCONFIG1?SENSOR
            CODE    309CH     0013H     UNIT         ?PR?GETDMPCONFIG2?SENSOR
            CODE    30AFH     0013H     UNIT         ?PR?GETMOTIONDETECTIONTHRESHOLD?SENSOR
            CODE    30C2H     0013H     UNIT         ?PR?GETZEROMOTIONDETECTIONTHRESHOLD?SENSOR
            CODE    30D5H     0013H     UNIT         ?PR?GETMOTIONDETECTIONDURATION?SENSOR
            CODE    30E8H     0013H     UNIT         ?PR?GETZEROMOTIONDETECTIONDURATION?SENSOR
            CODE    30FBH     0013H     UNIT         ?PR?INICIARIO?SENSOR
            CODE    310EH     0013H     UNIT         ?PR?_I2C_MPU_WRITEWORD?HAL_W2_ISR
            CODE    3121H     0012H     UNIT         ?PR?_SEND_RF_COMMAND?SENSOR
            CODE    3133H     0012H     UNIT         ?PR?_I2C_MPU_READBYTE?HAL_W2_ISR
            CODE    3145H     0011H     UNIT         ?PR?RX_MODE?SENSOR
            CODE    3156H     0011H     UNIT         ?PR?HAL_W2_WAIT_DATA_READY_ISR?HAL_W2_ISR
            CODE    3167H     0011H     UNIT         ?PR?_I2C_MPU_WRITEBYTE?HAL_W2_ISR
            CODE    3178H     000EH     UNIT         ?PR?_SETCLOCKSOURCE?SENSOR
            CODE    3186H     000EH     UNIT         ?PR?_SETFULLSCALEGYRORANGE?SENSOR
            CODE    3194H     000EH     UNIT         ?PR?_SETFULLSCALEACCELRANGE?SENSOR
            CODE    31A2H     000EH     UNIT         ?PR?_SETMEMORYSTARTADDRESS?SENSOR
            CODE    31B0H     000EH     UNIT         ?PR?_SETEXTERNALFRAMESYNC?SENSOR
            CODE    31BEH     000EH     UNIT         ?PR?_SETDLPFMODE?SENSOR
            CODE    31CCH     000EH     UNIT         ?PR?_SETXGYROOFFSETTC?SENSOR
            CODE    31DAH     000EH     UNIT         ?PR?_SETYGYROOFFSETTC?SENSOR
            CODE    31E8H     000EH     UNIT         ?PR?_SETZGYROOFFSETTC?SENSOR
            CODE    31F6H     000EH     UNIT         ?PR?_HAL_W2_SET_CLK_FREQ?HAL_W2_ISR
BL51 BANKED LINKER/LOCATER V6.22                                                      05/03/2017  21:36:44  PAGE 4


            CODE    3204H     000DH     UNIT         ?PR?_SPI_READ?SENSOR
            CODE    3211H     000CH     UNIT         ?PR?RESETFIFO?SENSOR
            CODE    321DH     000CH     UNIT         ?PR?I2C_MPU_RESET?SENSOR
            CODE    3229H     000CH     UNIT         ?PR?RESETI2CMASTER?SENSOR
            CODE    3235H     000CH     UNIT         ?PR?RESETDMP?SENSOR
            CODE    3241H     000BH     UNIT         ?PR?MPU_8051_MALLOC_SETUP?SENSOR
            CODE    324CH     000BH     UNIT         ?PR?_SETSLEEPENABLED?SENSOR
            CODE    3257H     000BH     UNIT         ?PR?_SETXACCELOFFSET?SENSOR
            CODE    3262H     000BH     UNIT         ?PR?_SETYACCELOFFSET?SENSOR
            CODE    326DH     000BH     UNIT         ?PR?_SETZACCELOFFSET?SENSOR
            CODE    3278H     000BH     UNIT         ?PR?_SETXGYROOFFSET?SENSOR
            CODE    3283H     000BH     UNIT         ?PR?_SETYGYROOFFSET?SENSOR
            CODE    328EH     000BH     UNIT         ?PR?_SETZGYROOFFSET?SENSOR
            CODE    3299H     000BH     UNIT         ?PR?_SETDMPENABLED?SENSOR
            CODE    32A4H     000BH     UNIT         ?PR?_SETI2CMASTERMODEENABLED?SENSOR
            CODE    32AFH     000BH     UNIT         ?PR?_SETFIFOENABLED?SENSOR
            CODE    32BAH     000BH     UNIT         ?PR?_HAL_W2_RESPOND_TO_GEN_ADR?HAL_W2_ISR
            CODE    32C5H     000BH     UNIT         ?PR?_HAL_W2_ALTER_CLOCK?HAL_W2_ISR
            CODE    32D0H     000BH     UNIT         ?PR?_HAL_W2_IRQ_STOP_COND_ENABLE?HAL_W2_ISR
            CODE    32DBH     000BH     UNIT         ?PR?_HAL_W2_IRQ_ADR_MATCH_ENABLE?HAL_W2_ISR
            CODE    32E6H     000BH     UNIT         ?PR?_HAL_W2_SET_OP_MODE?HAL_W2_ISR
            CODE    32F1H     000BH     UNIT         ?PR?_HAL_W2_ENABLE?HAL_W2_ISR
            CODE    32FCH     000BH     UNIT         ?PR?_HAL_W2_ALL_IRQ_ENABLE?HAL_W2_ISR
            CODE    3307H     000AH     UNIT         ?PR?_SPI_RW?SENSOR
            CODE    3311H     000AH     UNIT         ?PR?_WRITEPROGDMPCONFIGURATIONSET?SENSOR
            CODE    331BH     000AH     UNIT         ?PR?_SETOTPBANKVALID?SENSOR
            CODE    3325H     000AH     UNIT         ?PR?HAL_UART_TX_COMPLETE?HAL_UART
            CODE    332FH     000AH     UNIT         ?PR?I2C_IRQ_HANDLER?HAL_W2_ISR
            CODE    3339H     0009H     UNIT         ?PR?DMPGETFIFOPACKETSIZE?SENSOR
            CODE    3342H     0009H     UNIT         ?PR?_SETINTENABLED?SENSOR
            CODE    334BH     0009H     UNIT         ?PR?_SETRATE?SENSOR
            CODE    3354H     0009H     UNIT         ?PR?_SETDMPCONFIG1?SENSOR
            CODE    335DH     0009H     UNIT         ?PR?_SETDMPCONFIG2?SENSOR
            CODE    3366H     0009H     UNIT         ?PR?_SETMOTIONDETECTIONTHRESHOLD?SENSOR
            CODE    336FH     0009H     UNIT         ?PR?_SETZEROMOTIONDETECTIONTHRESHOLD?SENSOR
            CODE    3378H     0009H     UNIT         ?PR?_SETMOTIONDETECTIONDURATION?SENSOR
            CODE    3381H     0009H     UNIT         ?PR?_SETZEROMOTIONDETECTIONDURATION?SENSOR
            CODE    338AH     0006H     UNIT         ?PR?_HAL_W2_SET_SLAVE_ADDRESS?HAL_W2_ISR



OVERLAY MAP OF MODULE:   .\Objects\sensor_project (SENSOR)


SEGMENT                                            DATA_GROUP          XDATA_GROUP
  +--> CALLED SEGMENT                            START    LENGTH     START    LENGTH
------------------------------------------------------------------------------------
?PR?RF_IRQ?SENSOR                                -----    -----      -----    -----
  +--> ?PR?_SPI_READ?SENSOR
  +--> ?PR?_SPI_READ_BUF?SENSOR
  +--> ?PR?_SPI_RW_REG?SENSOR

?PR?_SPI_READ?SENSOR                             -----    -----      -----    -----
  +--> ?PR?_SPI_RW?SENSOR

?PR?_SPI_READ_BUF?SENSOR                         0022H    0005H      -----    -----
  +--> ?PR?_SPI_RW?SENSOR
BL51 BANKED LINKER/LOCATER V6.22                                                      05/03/2017  21:36:44  PAGE 5



?PR?_SPI_RW_REG?SENSOR                           -----    -----      -----    -----
  +--> ?PR?_SPI_RW?SENSOR

*** NEW ROOT ***************************************************

?PR?I2C_IRQ?SENSOR                               -----    -----      -----    -----
  +--> ?PR?I2C_IRQ_HANDLER?HAL_W2_ISR

*** NEW ROOT ***************************************************

?C_C51STARTUP                                    -----    -----      -----    -----
  +--> ?PR?MAIN?SENSOR
  +--> ?C_INITSEG

?PR?MAIN?SENSOR                                  -----    -----      -----    -----
  +--> ?PR?SETUP?SENSOR
  +--> ?PR?DATAACQ?SENSOR
  +--> ?PR?_SEND_RF_COMMAND_WITH_ARG?SENSOR
  +--> ?PR?_SEND_INERTIAL_PACKET_BY_RF?SENSOR
  +--> ?PR?_DELAY_MS?HAL_DELAY

?PR?SETUP?SENSOR                                 -----    -----      -----    -----
  +--> ?PR?INICIARIO?SENSOR
  +--> ?PR?_DELAY_MS?HAL_DELAY
  +--> ?CO?SENSOR
  +--> ?PR?_RF_INIT?SENSOR
  +--> ?PR?_HAL_W2_CONFIGURE_MASTER?HAL_W2_ISR
  +--> ?PR?INITIAL_SETUP_DMP?SENSOR

?PR?_DELAY_MS?HAL_DELAY                          -----    -----      -----    -----
  +--> ?PR?_DELAY_US?HAL_DELAY

?PR?_RF_INIT?SENSOR                              0027H    0009H      -----    -----
  +--> ?PR?_SPI_WRITE_BUF?SENSOR
  +--> ?PR?_SPI_RW_REG?SENSOR
  +--> ?PR?RX_MODE?SENSOR

?PR?_SPI_WRITE_BUF?SENSOR                        0030H    0005H      -----    -----
  +--> ?PR?_SPI_RW?SENSOR

?PR?RX_MODE?SENSOR                               -----    -----      -----    -----
  +--> ?PR?_SPI_RW_REG?SENSOR

?PR?_HAL_W2_CONFIGURE_MASTER?HAL_W2_ISR          -----    -----      -----    -----
  +--> ?PR?_HAL_W2_ENABLE?HAL_W2_ISR
  +--> ?PR?_HAL_W2_SET_CLK_FREQ?HAL_W2_ISR
  +--> ?PR?_HAL_W2_SET_OP_MODE?HAL_W2_ISR
  +--> ?PR?_HAL_W2_ALL_IRQ_ENABLE?HAL_W2_ISR

?PR?INITIAL_SETUP_DMP?SENSOR                     -----    -----      0289H    0001H
  +--> ?PR?_DELAY_MS?HAL_DELAY
  +--> ?PR?MPU_8051_MALLOC_SETUP?SENSOR
  +--> ?PR?MPU_TESTCONNECTION?SENSOR
  +--> ?PR?MPU_INITIALIZE?SENSOR
  +--> ?PR?DMPINITIALIZE?SENSOR
  +--> ?PR?_SETDMPENABLED?SENSOR
BL51 BANKED LINKER/LOCATER V6.22                                                      05/03/2017  21:36:44  PAGE 6


  +--> ?PR?_SETXACCELOFFSET?SENSOR
  +--> ?PR?_SETYACCELOFFSET?SENSOR
  +--> ?PR?_SETZACCELOFFSET?SENSOR
  +--> ?PR?_SETXGYROOFFSET?SENSOR
  +--> ?PR?_SETYGYROOFFSET?SENSOR
  +--> ?PR?_SETZGYROOFFSET?SENSOR

?PR?MPU_8051_MALLOC_SETUP?SENSOR                 -----    -----      -----    -----
  +--> ?PR?_INIT_MEMPOOL?INIT_MEM

?PR?MPU_TESTCONNECTION?SENSOR                    -----    -----      -----    -----
  +--> ?PR?_I2C_MPU_READBITS?HAL_W2_ISR

?PR?_I2C_MPU_READBITS?HAL_W2_ISR                 0027H    0009H      -----    -----
  +--> ?PR?_I2C_MPU_READBYTE?HAL_W2_ISR

?PR?_I2C_MPU_READBYTE?HAL_W2_ISR                 0030H    0003H      -----    -----
  +--> ?PR?_I2C_MPU_READBYTES?HAL_W2_ISR

?PR?_I2C_MPU_READBYTES?HAL_W2_ISR                0033H    0008H      -----    -----
  +--> ?PR?_HAL_W2_INIT_TRANSFER?HAL_W2_ISR
  +--> ?PR?HAL_W2_WAIT_DATA_READY_ISR?HAL_W2...
  +--> ?PR?HAL_W2_SOFT_RESET?HAL_W2_ISR

?PR?_HAL_W2_INIT_TRANSFER?HAL_W2_ISR             -----    -----      -----    -----
  +--> ?PR?HAL_W2_WAIT_DATA_READY_ISR?HAL_W2...

?PR?HAL_W2_SOFT_RESET?HAL_W2_ISR                 003BH    0002H      -----    -----
  +--> ?PR?_DELAY_US?HAL_DELAY

?PR?MPU_INITIALIZE?SENSOR                        -----    -----      -----    -----
  +--> ?PR?_SETCLOCKSOURCE?SENSOR
  +--> ?PR?_SETFULLSCALEGYRORANGE?SENSOR
  +--> ?PR?_SETFULLSCALEACCELRANGE?SENSOR
  +--> ?PR?_SETSLEEPENABLED?SENSOR

?PR?_SETCLOCKSOURCE?SENSOR                       -----    -----      -----    -----
  +--> ?PR?_I2C_MPU_WRITEBITS?HAL_W2_ISR

?PR?_I2C_MPU_WRITEBITS?HAL_W2_ISR                0027H    0007H      -----    -----
  +--> ?PR?_I2C_MPU_READBYTE?HAL_W2_ISR
  +--> ?PR?_I2C_MPU_WRITEBYTE?HAL_W2_ISR

?PR?_I2C_MPU_WRITEBYTE?HAL_W2_ISR                002EH    0001H      -----    -----
  +--> ?PR?_I2C_MPU_WRITEBYTES?HAL_W2_ISR

?PR?_I2C_MPU_WRITEBYTES?HAL_W2_ISR               002FH    0006H      -----    -----
  +--> ?PR?_HAL_W2_INIT_TRANSFER?HAL_W2_ISR
  +--> ?PR?HAL_W2_WAIT_DATA_READY_ISR?HAL_W2...

?PR?_SETFULLSCALEGYRORANGE?SENSOR                -----    -----      -----    -----
  +--> ?PR?_I2C_MPU_WRITEBITS?HAL_W2_ISR

?PR?_SETFULLSCALEACCELRANGE?SENSOR               -----    -----      -----    -----
  +--> ?PR?_I2C_MPU_WRITEBITS?HAL_W2_ISR

?PR?_SETSLEEPENABLED?SENSOR                      -----    -----      -----    -----
BL51 BANKED LINKER/LOCATER V6.22                                                      05/03/2017  21:36:44  PAGE 7


  +--> ?PR?_I2C_MPU_WRITEBIT?HAL_W2_ISR

?PR?_I2C_MPU_WRITEBIT?HAL_W2_ISR                 0027H    0005H      -----    -----
  +--> ?PR?_I2C_MPU_READBYTE?HAL_W2_ISR
  +--> ?PR?_I2C_MPU_WRITEBYTE?HAL_W2_ISR

?PR?DMPINITIALIZE?SENSOR                         -----    -----      028AH    009BH
  +--> ?PR?I2C_MPU_RESET?SENSOR
  +--> ?PR?_DELAY_MS?HAL_DELAY
  +--> ?PR?_SETSLEEPENABLED?SENSOR
  +--> ?PR?_SETMEMORYBANK?SENSOR
  +--> ?PR?_SETMEMORYSTARTADDRESS?SENSOR
  +--> ?PR?GETXGYROOFFSETTC?SENSOR
  +--> ?PR?GETYGYROOFFSETTC?SENSOR
  +--> ?PR?GETZGYROOFFSETTC?SENSOR
  +--> ?PR?_SETSLAVEADDRESS?SENSOR
  +--> ?PR?_SETI2CMASTERMODEENABLED?SENSOR
  +--> ?PR?RESETI2CMASTER?SENSOR
  +--> ?CO?SENSOR
  +--> ?PR?_WRITEPROGMEMORYBLOCK?SENSOR
  +--> ?PR?_WRITEPROGDMPCONFIGURATIONSET?SENSOR
  +--> ?PR?_SETCLOCKSOURCE?SENSOR
  +--> ?PR?_SETINTENABLED?SENSOR
  +--> ?PR?_SETRATE?SENSOR
  +--> ?PR?_I2C_MPU_READBYTE?HAL_W2_ISR
  +--> ?PR?_I2C_MPU_WRITEBYTE?HAL_W2_ISR
  +--> ?PR?_SETDLPFMODE?SENSOR
  +--> ?PR?_SETFULLSCALEGYRORANGE?SENSOR
  +--> ?PR?_SETDMPCONFIG1?SENSOR
  +--> ?PR?_SETDMPCONFIG2?SENSOR
  +--> ?PR?_SETOTPBANKVALID?SENSOR
  +--> ?PR?_WRITEMEMORYBLOCK?SENSOR
  +--> ?PR?RESETFIFO?SENSOR
  +--> ?PR?GETFIFOCOUNT?SENSOR
  +--> ?PR?_GETFIFOBYTES?SENSOR
  +--> ?PR?_SETMOTIONDETECTIONTHRESHOLD?SENSOR
  +--> ?PR?_SETZEROMOTIONDETECTIONTHRESHOLD?...
  +--> ?PR?_SETMOTIONDETECTIONDURATION?SENSOR
  +--> ?PR?_SETZEROMOTIONDETECTIONDURATION?S...
  +--> ?PR?_SETFIFOENABLED?SENSOR
  +--> ?PR?_SETDMPENABLED?SENSOR
  +--> ?PR?RESETDMP?SENSOR
  +--> ?PR?_READMEMORYBLOCK?SENSOR
  +--> ?PR?GETINTSTATUS?SENSOR

?PR?I2C_MPU_RESET?SENSOR                         -----    -----      -----    -----
  +--> ?PR?_I2C_MPU_WRITEBIT?HAL_W2_ISR

?PR?_SETMEMORYBANK?SENSOR                        -----    -----      -----    -----
  +--> ?PR?_I2C_MPU_WRITEBYTE?HAL_W2_ISR

?PR?_SETMEMORYSTARTADDRESS?SENSOR                -----    -----      -----    -----
  +--> ?PR?_I2C_MPU_WRITEBYTE?HAL_W2_ISR

?PR?GETXGYROOFFSETTC?SENSOR                      -----    -----      -----    -----
  +--> ?PR?_I2C_MPU_READBITS?HAL_W2_ISR

BL51 BANKED LINKER/LOCATER V6.22                                                      05/03/2017  21:36:44  PAGE 8


?PR?GETYGYROOFFSETTC?SENSOR                      -----    -----      -----    -----
  +--> ?PR?_I2C_MPU_READBITS?HAL_W2_ISR

?PR?GETZGYROOFFSETTC?SENSOR                      -----    -----      -----    -----
  +--> ?PR?_I2C_MPU_READBITS?HAL_W2_ISR

?PR?_SETSLAVEADDRESS?SENSOR                      -----    -----      -----    -----
  +--> ?PR?_I2C_MPU_WRITEBYTE?HAL_W2_ISR

?PR?_SETI2CMASTERMODEENABLED?SENSOR              -----    -----      -----    -----
  +--> ?PR?_I2C_MPU_WRITEBIT?HAL_W2_ISR

?PR?RESETI2CMASTER?SENSOR                        -----    -----      -----    -----
  +--> ?PR?_I2C_MPU_WRITEBIT?HAL_W2_ISR

?PR?_WRITEPROGMEMORYBLOCK?SENSOR                 -----    -----      0325H    0008H
  +--> ?PR?_WRITEMEMORYBLOCK?SENSOR

?PR?_WRITEMEMORYBLOCK?SENSOR                     -----    -----      0335H    0012H
  +--> ?PR?_SETMEMORYBANK?SENSOR
  +--> ?PR?_SETMEMORYSTARTADDRESS?SENSOR
  +--> ?PR?_MALLOC?MALLOC
  +--> ?PR?_I2C_MPU_WRITEBYTES?HAL_W2_ISR
  +--> ?PR?_I2C_MPU_READBYTES?HAL_W2_ISR
  +--> ?PR?_FREE?FREE

?PR?_MALLOC?MALLOC                               002FH    0004H      -----    -----

?PR?_FREE?FREE                                   002FH    0004H      -----    -----

?PR?_WRITEPROGDMPCONFIGURATIONSET?SENSOR         -----    -----      -----    -----
  +--> ?PR?_WRITEDMPCONFIGURATIONSET?SENSOR

?PR?_WRITEDMPCONFIGURATIONSET?SENSOR             -----    -----      0325H    0010H
  +--> ?PR?_MALLOC?MALLOC
  +--> ?PR?_REALLOC?REALLOC
  +--> ?PR?_WRITEMEMORYBLOCK?SENSOR
  +--> ?PR?_I2C_MPU_WRITEBYTE?HAL_W2_ISR
  +--> ?PR?_FREE?FREE

?PR?_REALLOC?REALLOC                             0027H    0008H      -----    -----
  +--> ?PR?_MALLOC?MALLOC
  +--> ?PR?_FREE?FREE

?PR?_SETINTENABLED?SENSOR                        -----    -----      -----    -----
  +--> ?PR?_I2C_MPU_WRITEBYTE?HAL_W2_ISR

?PR?_SETRATE?SENSOR                              -----    -----      -----    -----
  +--> ?PR?_I2C_MPU_WRITEBYTE?HAL_W2_ISR

?PR?_SETDLPFMODE?SENSOR                          -----    -----      -----    -----
  +--> ?PR?_I2C_MPU_WRITEBITS?HAL_W2_ISR

?PR?_SETDMPCONFIG1?SENSOR                        -----    -----      -----    -----
  +--> ?PR?_I2C_MPU_WRITEBYTE?HAL_W2_ISR

?PR?_SETDMPCONFIG2?SENSOR                        -----    -----      -----    -----
BL51 BANKED LINKER/LOCATER V6.22                                                      05/03/2017  21:36:44  PAGE 9


  +--> ?PR?_I2C_MPU_WRITEBYTE?HAL_W2_ISR

?PR?_SETOTPBANKVALID?SENSOR                      -----    -----      -----    -----
  +--> ?PR?_I2C_MPU_WRITEBIT?HAL_W2_ISR

?PR?RESETFIFO?SENSOR                             -----    -----      -----    -----
  +--> ?PR?_I2C_MPU_WRITEBIT?HAL_W2_ISR

?PR?GETFIFOCOUNT?SENSOR                          -----    -----      -----    -----
  +--> ?PR?_I2C_MPU_READBYTES?HAL_W2_ISR

?PR?_GETFIFOBYTES?SENSOR                         -----    -----      0325H    0003H
  +--> ?PR?_I2C_MPU_READBYTES?HAL_W2_ISR

?PR?_SETMOTIONDETECTIONTHRESHOLD?SENSOR          -----    -----      -----    -----
  +--> ?PR?_I2C_MPU_WRITEBYTE?HAL_W2_ISR

?PR?_SETZEROMOTIONDETECTIONTHRESHOLD?...         -----    -----      -----    -----
  +--> ?PR?_I2C_MPU_WRITEBYTE?HAL_W2_ISR

?PR?_SETMOTIONDETECTIONDURATION?SENSOR           -----    -----      -----    -----
  +--> ?PR?_I2C_MPU_WRITEBYTE?HAL_W2_ISR

?PR?_SETZEROMOTIONDETECTIONDURATION?S...         -----    -----      -----    -----
  +--> ?PR?_I2C_MPU_WRITEBYTE?HAL_W2_ISR

?PR?_SETFIFOENABLED?SENSOR                       -----    -----      -----    -----
  +--> ?PR?_I2C_MPU_WRITEBIT?HAL_W2_ISR

?PR?_SETDMPENABLED?SENSOR                        -----    -----      -----    -----
  +--> ?PR?_I2C_MPU_WRITEBIT?HAL_W2_ISR

?PR?RESETDMP?SENSOR                              -----    -----      -----    -----
  +--> ?PR?_I2C_MPU_WRITEBIT?HAL_W2_ISR

?PR?_READMEMORYBLOCK?SENSOR                      -----    -----      0325H    000AH
  +--> ?PR?_SETMEMORYBANK?SENSOR
  +--> ?PR?_SETMEMORYSTARTADDRESS?SENSOR
  +--> ?PR?_I2C_MPU_READBYTES?HAL_W2_ISR

?PR?GETINTSTATUS?SENSOR                          -----    -----      -----    -----
  +--> ?PR?_I2C_MPU_READBYTE?HAL_W2_ISR

?PR?_SETXACCELOFFSET?SENSOR                      -----    -----      -----    -----
  +--> ?PR?_I2C_MPU_WRITEWORD?HAL_W2_ISR

?PR?_I2C_MPU_WRITEWORD?HAL_W2_ISR                0027H    0002H      -----    -----
  +--> ?PR?_I2C_MPU_WRITEWORDS?HAL_W2_ISR

?PR?_I2C_MPU_WRITEWORDS?HAL_W2_ISR               0029H    0006H      -----    -----
  +--> ?PR?_HAL_W2_INIT_TRANSFER?HAL_W2_ISR
  +--> ?PR?HAL_W2_WAIT_DATA_READY_ISR?HAL_W2...

?PR?_SETYACCELOFFSET?SENSOR                      -----    -----      -----    -----
  +--> ?PR?_I2C_MPU_WRITEWORD?HAL_W2_ISR

?PR?_SETZACCELOFFSET?SENSOR                      -----    -----      -----    -----
BL51 BANKED LINKER/LOCATER V6.22                                                      05/03/2017  21:36:44  PAGE 10


  +--> ?PR?_I2C_MPU_WRITEWORD?HAL_W2_ISR

?PR?_SETXGYROOFFSET?SENSOR                       -----    -----      -----    -----
  +--> ?PR?_I2C_MPU_WRITEWORD?HAL_W2_ISR

?PR?_SETYGYROOFFSET?SENSOR                       -----    -----      -----    -----
  +--> ?PR?_I2C_MPU_WRITEWORD?HAL_W2_ISR

?PR?_SETZGYROOFFSET?SENSOR                       -----    -----      -----    -----
  +--> ?PR?_I2C_MPU_WRITEWORD?HAL_W2_ISR

?PR?DATAACQ?SENSOR                               -----    -----      0289H    0001H
  +--> ?PR?GETFIFOCOUNT?SENSOR
  +--> ?PR?_GETFIFOBYTES?SENSOR
  +--> ?PR?_TX_MODE_NOACK?SENSOR
  +--> ?PR?RX_MODE?SENSOR

?PR?_TX_MODE_NOACK?SENSOR                        002CH    0002H      -----    -----
  +--> ?PR?_SPI_RW_REG?SENSOR
  +--> ?CO?SENSOR
  +--> ?PR?_SPI_WRITE_BUF?SENSOR

?PR?_SEND_RF_COMMAND_WITH_ARG?SENSOR             -----    -----      -----    -----
  +--> ?PR?_TX_MODE_NOACK?SENSOR
  +--> ?PR?RX_MODE?SENSOR

?PR?_SEND_INERTIAL_PACKET_BY_RF?SENSOR           0027H    0005H      -----    -----
  +--> ?PR?_TX_MODE_NOACK?SENSOR
  +--> ?PR?RX_MODE?SENSOR



SYMBOL TABLE OF MODULE:  .\Objects\sensor_project (SENSOR)

  VALUE           TYPE          NAME
  ----------------------------------

  -------         MODULE        SENSOR
  C:0000H         SYMBOL        _ICE_DUMMY_
  D:0080H         PUBLIC        P0
  D:0090H         PUBLIC        P1
  D:00A0H         PUBLIC        P2
  D:00B0H         PUBLIC        P3
  X:0000H         PUBLIC        numbPackets
  X:0001H         PUBLIC        fifoBuffer
  C:3339H         PUBLIC        dmpGetFIFOPacketSize
  B:00A8H.7       PUBLIC        EA
  C:3235H         PUBLIC        resetDMP
  X:0041H         PUBLIC        rx_buf
  C:1EDDH         PUBLIC        _readMemoryBlock
  C:2C98H         PUBLIC        I2C_IRQ
  X:0061H         PUBLIC        tx_buf
  C:2385H         PUBLIC        _send_offset_values
  D:00A8H         PUBLIC        IEN0
  D:00B8H         PUBLIC        IEN1
  C:2E11H         PUBLIC        mpu_testConnection
  C:3145H         PUBLIC        RX_Mode
BL51 BANKED LINKER/LOCATER V6.22                                                      05/03/2017  21:36:44  PAGE 11


  C:249FH         PUBLIC        DataAcq
  C:2185H         PUBLIC        _getMotion6_variables
  C:30AFH         PUBLIC        getMotionDetectionThreshold
  X:0081H         PUBLIC        malloc_memory_pool
  C:2FE1H         PUBLIC        getFIFOEnabled
  C:2F94H         PUBLIC        _setSlaveAddress
  B:00B8H.1       PUBLIC        RF
  D:00E7H         PUBLIC        SPIRDAT
  C:1A85H         PUBLIC        _writeMemoryBlock
  B:0021H.0       PUBLIC        newPayload
  C:3194H         PUBLIC        _setFullScaleAccelRange
  C:07E4H         PUBLIC        dmpConfig
  C:08A4H         PUBLIC        dmpUpdates
  X:0275H         PUBLIC        packet_type
  B:0020H.6       PUBLIC        RX_DR
  B:00E8H.0       PUBLIC        RFCE
  C:17CBH         PUBLIC        _writeDMPConfigurationSet
  C:3366H         PUBLIC        _setMotionDetectionThreshold
  C:29C3H         PUBLIC        _send_packet_to_computer
  C:32AFH         PUBLIC        _setFIFOEnabled
  B:0020H.5       PUBLIC        TX_DS
  C:31B0H         PUBLIC        _setExternalFrameSync
  C:2528H         PUBLIC        main
  C:1CCAH         PUBLIC        initial_setup_dmp
  C:1FD4H         PUBLIC        _dmpGetQuaternion_int16
  C:2FF9H         PUBLIC        getOTPBankValid
  C:31A7H         PUBLIC        _setMemoryStartAddress
  C:2ECFH         PUBLIC        getXGyroOffset
  C:3121H         PUBLIC        _send_rf_command
  C:3342H         PUBLIC        _setIntEnabled
  C:2EECH         PUBLIC        getYGyroOffset
  C:2F09H         PUBLIC        getZGyroOffset
  C:0026H         PUBLIC        _hal_uart_putstring
  C:30D5H         PUBLIC        getMotionDetectionDuration
  C:3089H         PUBLIC        getDMPConfig1
  C:309CH         PUBLIC        getDMPConfig2
  C:3178H         PUBLIC        _setClockSource
  B:0080H.3       PUBLIC        P03
  C:285EH         PUBLIC        setup
  C:331BH         PUBLIC        _setOTPBankValid
  D:0088H         PUBLIC        TCON
  C:0003H         PUBLIC        _writeProgMemoryBlock
  C:32A4H         PUBLIC        _setI2CMasterModeEnabled
  C:3278H         PUBLIC        _setXGyroOffset
  C:3283H         PUBLIC        _setYGyroOffset
  C:328EH         PUBLIC        _setZGyroOffset
  C:30C2H         PUBLIC        getZeroMotionDetectionThreshold
  C:321DH         PUBLIC        i2c_mpu_reset
  C:3378H         PUBLIC        _setMotionDetectionDuration
  B:00E8H.2       PUBLIC        RFCKEN
  C:3354H         PUBLIC        _setDMPConfig1
  C:0056H         PUBLIC        ADDR_HOST
  C:335DH         PUBLIC        _setDMPConfig2
  C:3311H         PUBLIC        _writeProgDMPConfigurationSet
  X:0276H         PUBLIC        dmpPacketSize
  C:11DCH         PUBLIC        _send_inertial_packet_by_rf
  C:005BH         PUBLIC        dmpMemory
BL51 BANKED LINKER/LOCATER V6.22                                                      05/03/2017  21:36:44  PAGE 12


  C:2F43H         PUBLIC        getXGyroOffsetTC
  C:2F5EH         PUBLIC        getYGyroOffsetTC
  C:2F79H         PUBLIC        getZGyroOffsetTC
  C:336FH         PUBLIC        _setZeroMotionDetectionThreshold
  D:0020H         PUBLIC        sta
  C:2E3CH         PUBLIC        _setMemoryBank
  C:2D71H         PUBLIC        _SPI_Read_Buf
  C:3204H         PUBLIC        _SPI_Read
  C:3211H         PUBLIC        resetFIFO
  C:31CCH         PUBLIC        _setXGyroOffsetTC
  C:31DAH         PUBLIC        _setYGyroOffsetTC
  C:20B6H         PUBLIC        _getMotion6_packet
  C:31E8H         PUBLIC        _setZGyroOffsetTC
  C:30E8H         PUBLIC        getZeroMotionDetectionDuration
  C:3229H         PUBLIC        resetI2CMaster
  C:2D0DH         PUBLIC        _SPI_Write_Buf
  C:2A13H         PUBLIC        _send_packet_from_host_to_computer
  C:08D3H         PUBLIC        dmpInitialize
  C:334BH         PUBLIC        _setRate
  C:14F5H         PUBLIC        _dmpGetPacket16bits
  C:3381H         PUBLIC        _setZeroMotionDetectionDuration
  C:3299H         PUBLIC        _setDMPEnabled
  D:0093H         PUBLIC        P0DIR
  C:2E78H         PUBLIC        getXAccelOffset
  D:009EH         PUBLIC        P0CON
  D:0094H         PUBLIC        P1DIR
  C:2E95H         PUBLIC        getYAccelOffset
  C:2D3FH         PUBLIC        _TX_Mode_NOACK
  D:009FH         PUBLIC        P1CON
  C:2EB2H         PUBLIC        getZAccelOffset
  C:3186H         PUBLIC        _setFullScaleGyroRange
  D:0098H         PUBLIC        S0CON
  C:3026H         PUBLIC        _send_rf_command_with_arg
  C:25B0H         PUBLIC        RF_IRQ
  D:00D8H         PUBLIC        ADCON
  D:00C8H         PUBLIC        T2CON
  C:2BD9H         PUBLIC        _redirect_rf_pkt_to_serial
  D:00F8H         PUBLIC        FSR
  C:3257H         PUBLIC        _setXAccelOffset
  C:303BH         PUBLIC        mpu_initialize
  B:0020H.4       PUBLIC        MAX_RT
  C:3262H         PUBLIC        _setYAccelOffset
  C:296CH         PUBLIC        _send_packet_to_host
  C:326DH         PUBLIC        _setZAccelOffset
  C:2244H         PUBLIC        _rf_init
  C:2B0AH         PUBLIC        _getFIFOBytes
  X:0278H         PUBLIC        payloadWidth
  C:2F26H         PUBLIC        getFIFOCount
  C:3241H         PUBLIC        mpu_8051_malloc_setup
  C:3063H         PUBLIC        _SPI_RW_Reg
  C:3307H         PUBLIC        _SPI_RW
  C:3076H         PUBLIC        getIntStatus
  D:00E8H         PUBLIC        RFCON
  C:324CH         PUBLIC        _setSleepEnabled
  D:00D0H         PUBLIC        PSW
  C:30FBH         PUBLIC        iniciarIO
  D:00C0H         PUBLIC        IRCON
BL51 BANKED LINKER/LOCATER V6.22                                                      05/03/2017  21:36:44  PAGE 13


  C:31BEH         PUBLIC        _setDLPFMode
  X:0279H         PUBLIC        dmpPacketBuffer
  X:027BH         PUBLIC        buffer
  B:00E8H.1       PUBLIC        RFCSN
  D:00E6H         PUBLIC        SPIRSTAT
  -------         PROC          _SPI_RW
  D:0007H         SYMBOL        value
  C:3307H         LINE#         127
  C:3307H         LINE#         128
  C:3309H         LINE#         130
  C:330EH         LINE#         132
  C:3310H         LINE#         133
  -------         ENDPROC       _SPI_RW
  -------         PROC          _SPI_RW_REG
  D:0007H         SYMBOL        reg
  D:0006H         SYMBOL        value
  -------         DO            
  D:0005H         SYMBOL        status
  -------         ENDDO         
  C:3063H         LINE#         142
  C:3065H         LINE#         145
  C:3067H         LINE#         146
  C:306CH         LINE#         147
  C:3071H         LINE#         148
  C:3073H         LINE#         150
  C:3075H         LINE#         151
  -------         ENDPROC       _SPI_RW_REG
  -------         PROC          _SPI_READ
  D:0007H         SYMBOL        reg
  -------         DO            
  D:0007H         SYMBOL        reg_val
  -------         ENDDO         
  C:3204H         LINE#         159
  C:3204H         LINE#         162
  C:3206H         LINE#         163
  C:3209H         LINE#         164
  C:320EH         LINE#         165
  C:3210H         LINE#         167
  C:3210H         LINE#         168
  -------         ENDPROC       _SPI_READ
  -------         PROC          _SPI_READ_BUF
  D:0007H         SYMBOL        reg
  D:0023H         SYMBOL        pBuf
  D:0026H         SYMBOL        bytes
  -------         DO            
  D:0006H         SYMBOL        status
  D:0005H         SYMBOL        byte_ctr
  -------         ENDDO         
  C:2D71H         LINE#         177
  C:2D77H         LINE#         180
  C:2D79H         LINE#         181
  C:2D7EH         LINE#         183
  C:2D86H         LINE#         184
  C:2D9DH         LINE#         186
  C:2D9FH         LINE#         188
  C:2DA1H         LINE#         189
  -------         ENDPROC       _SPI_READ_BUF
BL51 BANKED LINKER/LOCATER V6.22                                                      05/03/2017  21:36:44  PAGE 14


  -------         PROC          _SPI_WRITE_BUF
  D:0007H         SYMBOL        reg
  D:0031H         SYMBOL        pBuf
  D:0034H         SYMBOL        bytes
  -------         DO            
  D:0006H         SYMBOL        status
  D:0005H         SYMBOL        byte_ctr
  -------         ENDDO         
  C:2D0DH         LINE#         199
  C:2D13H         LINE#         202
  C:2D15H         LINE#         203
  C:2D1AH         LINE#         204
  C:2D22H         LINE#         205
  C:2D3AH         LINE#         206
  C:2D3CH         LINE#         207
  C:2D3EH         LINE#         208
  -------         ENDPROC       _SPI_WRITE_BUF
  -------         PROC          RX_MODE
  C:3145H         LINE#         213
  C:3145H         LINE#         214
  C:3148H         LINE#         215
  C:314AH         LINE#         216
  C:314CH         LINE#         217
  C:3153H         LINE#         218
  C:3155H         LINE#         219
  -------         ENDPROC       RX_MODE
  -------         PROC          _TX_MODE_NOACK
  D:002CH         SYMBOL        payloadLength
  C:2D3FH         LINE#         227
  C:2D43H         LINE#         228
  C:2D45H         LINE#         229
  C:2D4CH         LINE#         230
  C:2D5AH         LINE#         231
  C:2D68H         LINE#         233
  C:2D6AH         LINE#         234
  C:2D70H         LINE#         235
  -------         ENDPROC       _TX_MODE_NOACK
  -------         PROC          RF_IRQ
  C:25B0H         LINE#         242
  C:25C9H         LINE#         244
  C:25D0H         LINE#         245
  C:25D3H         LINE#         246
  C:25E1H         LINE#         247
  C:25E8H         LINE#         248
  C:25EAH         LINE#         249
  C:25F4H         LINE#         250
  C:25F9H         LINE#         251
  C:25FBH         LINE#         252
  C:2601H         LINE#         253
  C:2603H         LINE#         254
  C:2603H         LINE#         255
  C:2603H         LINE#         256
  C:2606H         LINE#         257
  C:260DH         LINE#         258
  C:2610H         LINE#         259
  C:2617H         LINE#         260
  C:261EH         LINE#         261
BL51 BANKED LINKER/LOCATER V6.22                                                      05/03/2017  21:36:44  PAGE 15


  -------         ENDPROC       RF_IRQ
  -------         PROC          _RF_INIT
  D:0027H         SYMBOL        rx_addr
  D:002AH         SYMBOL        tx_addr
  D:002DH         SYMBOL        rf_channel
  D:002EH         SYMBOL        rf_data_rate
  D:002FH         SYMBOL        rf_pwr
  -------         DO            
  D:0004H         SYMBOL        rf_setup_byte
  -------         ENDDO         
  C:2244H         LINE#         271
  C:224AH         LINE#         272
  C:224CH         LINE#         273
  C:224EH         LINE#         274
  C:2250H         LINE#         275
  C:2252H         LINE#         276
  C:2254H         LINE#         277
  C:2256H         LINE#         279
  C:2265H         LINE#         280
  C:2265H         LINE#         281
  C:2268H         LINE#         282
  C:226AH         LINE#         283
  C:226AH         LINE#         284
  C:226DH         LINE#         285
  C:2270H         LINE#         286
  C:2272H         LINE#         287
  C:2272H         LINE#         288
  C:2275H         LINE#         289
  C:2275H         LINE#         290
  C:2277H         LINE#         291
  C:2277H         LINE#         292
  C:227AH         LINE#         293
  C:227AH         LINE#         294
  C:227AH         LINE#         295
  C:2284H         LINE#         296
  C:2284H         LINE#         297
  C:2287H         LINE#         298
  C:228AH         LINE#         299
  C:228CH         LINE#         300
  C:228CH         LINE#         301
  C:228FH         LINE#         302
  C:2291H         LINE#         303
  C:2291H         LINE#         304
  C:2294H         LINE#         305
  C:2297H         LINE#         306
  C:2297H         LINE#         307
  C:2297H         LINE#         309
  C:22A5H         LINE#         311
  C:22B3H         LINE#         313
  C:22BAH         LINE#         315
  C:22C1H         LINE#         317
  C:22C8H         LINE#         319
  C:22CFH         LINE#         321
  C:22D6H         LINE#         323
  C:22DDH         LINE#         325
  C:22E4H         LINE#         327
  C:22E6H         LINE#         328
BL51 BANKED LINKER/LOCATER V6.22                                                      05/03/2017  21:36:44  PAGE 16


  -------         ENDPROC       _RF_INIT
  -------         PROC          _SEND_INERTIAL_PACKET_BY_RF
  D:0007H         SYMBOL        pkt_type
  D:0028H         SYMBOL        fifo_buffer
  D:002BH         SYMBOL        my_sub_addr
  C:11DCH         LINE#         125
  C:11E2H         LINE#         126
  C:11E8H         LINE#         127
  C:1215H         LINE#         128
  C:1215H         LINE#         129
  C:1225H         LINE#         130
  C:122FH         LINE#         131
  C:1239H         LINE#         132
  C:1243H         LINE#         133
  C:124DH         LINE#         134
  C:1250H         LINE#         135
  C:1250H         LINE#         136
  C:1252H         LINE#         137
  C:1252H         LINE#         138
  C:1262H         LINE#         139
  C:126CH         LINE#         140
  C:1276H         LINE#         141
  C:1280H         LINE#         142
  C:128AH         LINE#         143
  C:1293H         LINE#         144
  C:1293H         LINE#         145
  C:1295H         LINE#         146
  C:1295H         LINE#         148
  C:12A2H         LINE#         149
  C:12A4H         LINE#         150
  C:12A6H         LINE#         151
  C:12A8H         LINE#         152
  C:12AAH         LINE#         153
  C:12ACH         LINE#         154
  C:12AEH         LINE#         155
  C:12B1H         LINE#         156
  C:12B1H         LINE#         157
  C:12C1H         LINE#         158
  C:12CBH         LINE#         159
  C:12D5H         LINE#         160
  C:12DFH         LINE#         161
  C:12E9H         LINE#         162
  C:12F3H         LINE#         163
  C:12FDH         LINE#         164
  C:1307H         LINE#         165
  C:1311H         LINE#         166
  C:131BH         LINE#         167
  C:1325H         LINE#         168
  C:132FH         LINE#         169
  C:1331H         LINE#         170
  C:1334H         LINE#         171
  C:1334H         LINE#         172
  C:1344H         LINE#         173
  C:134EH         LINE#         174
  C:1358H         LINE#         175
  C:1362H         LINE#         176
  C:136CH         LINE#         177
BL51 BANKED LINKER/LOCATER V6.22                                                      05/03/2017  21:36:44  PAGE 17


  C:1376H         LINE#         178
  C:1380H         LINE#         179
  C:138AH         LINE#         180
  C:1394H         LINE#         181
  C:139EH         LINE#         182
  C:13A8H         LINE#         183
  C:13B2H         LINE#         185
  C:13B9H         LINE#         186
  C:13BBH         LINE#         187
  C:13BDH         LINE#         188
  C:13BFH         LINE#         189
  C:13C1H         LINE#         190
  C:13C3H         LINE#         191
  C:13C5H         LINE#         192
  C:13C8H         LINE#         193
  C:13C8H         LINE#         194
  C:13D5H         LINE#         195
  C:13DFH         LINE#         196
  C:13E9H         LINE#         197
  C:13F3H         LINE#         198
  C:13FDH         LINE#         199
  C:1407H         LINE#         200
  C:1411H         LINE#         201
  C:141BH         LINE#         202
  C:141DH         LINE#         203
  C:1420H         LINE#         204
  C:1420H         LINE#         205
  C:1430H         LINE#         206
  C:143AH         LINE#         207
  C:1444H         LINE#         208
  C:144EH         LINE#         209
  C:1458H         LINE#         210
  C:1462H         LINE#         211
  C:146CH         LINE#         212
  C:1476H         LINE#         213
  C:1480H         LINE#         214
  C:148AH         LINE#         215
  C:1494H         LINE#         216
  C:149EH         LINE#         217
  C:14A5H         LINE#         218
  C:14AFH         LINE#         219
  C:14B9H         LINE#         220
  C:14C3H         LINE#         221
  C:14CDH         LINE#         222
  C:14D7H         LINE#         223
  C:14E1H         LINE#         224
  C:14EBH         LINE#         225
  C:14F2H         LINE#         226
  C:14F2H         LINE#         227
  C:14F2H         LINE#         229
  C:14F2H         LINE#         230
  C:14F2H         LINE#         231
  -------         ENDPROC       _SEND_INERTIAL_PACKET_BY_RF
  -------         PROC          _SEND_RF_COMMAND
  D:0007H         SYMBOL        cmd2send
  D:0005H         SYMBOL        sensor_id
  C:3121H         LINE#         234
BL51 BANKED LINKER/LOCATER V6.22                                                      05/03/2017  21:36:44  PAGE 18


  C:3121H         LINE#         235
  C:3126H         LINE#         236
  C:3129H         LINE#         237
  C:3130H         LINE#         238
  -------         ENDPROC       _SEND_RF_COMMAND
  -------         PROC          _SEND_RF_COMMAND_WITH_ARG
  D:0007H         SYMBOL        cmd2send
  D:0005H         SYMBOL        agr2send
  D:0003H         SYMBOL        sensor_id
  C:3026H         LINE#         241
  C:3026H         LINE#         242
  C:302BH         LINE#         243
  C:302EH         LINE#         244
  C:3031H         LINE#         245
  C:3038H         LINE#         246
  -------         ENDPROC       _SEND_RF_COMMAND_WITH_ARG
  -------         PROC          _SEND_OFFSET_VALUES
  D:0007H         SYMBOL        sensor_id
  D:0005H         SYMBOL        cmd2send
  D:0002H         SYMBOL        Xac_of
  D:000CH         SYMBOL        Yac_of
  D:000EH         SYMBOL        Zac_of
  D:0010H         SYMBOL        Xgy_of
  D:0012H         SYMBOL        Ygy_of
  D:0014H         SYMBOL        Zgy_of
  C:2385H         LINE#         248
  C:2385H         LINE#         249
  C:238AH         LINE#         250
  C:238DH         LINE#         251
  C:2392H         LINE#         252
  C:23A0H         LINE#         253
  C:23A6H         LINE#         254
  C:23B5H         LINE#         255
  C:23BBH         LINE#         256
  C:23CAH         LINE#         257
  C:23D0H         LINE#         258
  C:23DFH         LINE#         259
  C:23E5H         LINE#         260
  C:23F4H         LINE#         261
  C:23FAH         LINE#         262
  C:2409H         LINE#         263
  C:2410H         LINE#         264
  -------         ENDPROC       _SEND_OFFSET_VALUES
  -------         PROC          _SEND_PACKET_TO_HOST
  D:0007H         SYMBOL        packet_type
  D:0053H         SYMBOL        data_to_send
  D:0056H         SYMBOL        data_len
  D:0057H         SYMBOL        my_sub_addr
  -------         DO            
  D:0006H         SYMBOL        i
  -------         ENDDO         
  C:296CH         LINE#         269
  C:2972H         LINE#         271
  C:2977H         LINE#         272
  C:297BH         LINE#         273
  C:298EH         LINE#         274
  C:29AEH         LINE#         275
BL51 BANKED LINKER/LOCATER V6.22                                                      05/03/2017  21:36:44  PAGE 19


  C:29B5H         LINE#         276
  C:29C0H         LINE#         277
  -------         ENDPROC       _SEND_PACKET_TO_HOST
  -------         PROC          _SEND_PACKET_TO_COMPUTER
  D:003DH         SYMBOL        packet_type
  D:003EH         SYMBOL        data_to_send
  D:0041H         SYMBOL        data_len
  -------         DO            
  D:0042H         SYMBOL        i
  -------         ENDDO         
  C:29C3H         LINE#         282
  C:29CBH         LINE#         284
  C:29D0H         LINE#         285
  C:29D5H         LINE#         286
  C:29DAH         LINE#         287
  C:29F1H         LINE#         288
  C:2A04H         LINE#         289
  C:2A0EH         LINE#         290
  -------         ENDPROC       _SEND_PACKET_TO_COMPUTER
  -------         PROC          _REDIRECT_RF_PKT_TO_SERIAL
  D:0058H         SYMBOL        data_to_send
  D:005BH         SYMBOL        data_len
  -------         DO            
  D:005CH         SYMBOL        i
  -------         ENDDO         
  C:2BD9H         LINE#         293
  C:2BE1H         LINE#         295
  C:2BE6H         LINE#         296
  C:2BEBH         LINE#         297
  C:2BFBH         LINE#         298
  C:2C0EH         LINE#         299
  C:2C18H         LINE#         300
  -------         ENDPROC       _REDIRECT_RF_PKT_TO_SERIAL
  -------         PROC          _SEND_PACKET_FROM_HOST_TO_COMPUTER
  D:0016H         SYMBOL        packet_type
  D:0017H         SYMBOL        data_to_send
  D:001AH         SYMBOL        data_len
  D:001BH         SYMBOL        my_sub_addr
  -------         DO            
  D:001CH         SYMBOL        i
  -------         ENDDO         
  C:2A13H         LINE#         303
  C:2A1BH         LINE#         305
  C:2A20H         LINE#         306
  C:2A25H         LINE#         307
  C:2A2CH         LINE#         308
  C:2A31H         LINE#         309
  C:2A41H         LINE#         310
  C:2A54H         LINE#         311
  C:2A5EH         LINE#         312
  -------         ENDPROC       _SEND_PACKET_FROM_HOST_TO_COMPUTER
  -------         PROC          _HAL_UART_PUTSTRING
  D:0070H         SYMBOL        str_2_send
  C:0026H         LINE#         315
  C:002CH         LINE#         316
  C:0037H         LINE#         317
  C:004AH         LINE#         318
BL51 BANKED LINKER/LOCATER V6.22                                                      05/03/2017  21:36:44  PAGE 20


  -------         ENDPROC       _HAL_UART_PUTSTRING
  -------         PROC          MPU_8051_MALLOC_SETUP
  C:3241H         LINE#         312
  C:3241H         LINE#         313
  -------         ENDPROC       MPU_8051_MALLOC_SETUP
  -------         PROC          _SETCLOCKSOURCE
  D:0007H         SYMBOL        source
  C:3178H         LINE#         332
  C:3178H         LINE#         333
  -------         ENDPROC       _SETCLOCKSOURCE
  -------         PROC          _SETFULLSCALEGYRORANGE
  D:0007H         SYMBOL        range
  C:3186H         LINE#         341
  C:3186H         LINE#         342
  -------         ENDPROC       _SETFULLSCALEGYRORANGE
  -------         PROC          _SETFULLSCALEACCELRANGE
  D:0007H         SYMBOL        range
  C:3194H         LINE#         349
  C:3194H         LINE#         350
  -------         ENDPROC       _SETFULLSCALEACCELRANGE
  -------         PROC          _SETSLEEPENABLED
  D:0007H         SYMBOL        enabled
  C:324CH         LINE#         358
  C:324CH         LINE#         359
  -------         ENDPROC       _SETSLEEPENABLED
  -------         PROC          MPU_INITIALIZE
  C:303BH         LINE#         366
  C:303BH         LINE#         367
  C:3040H         LINE#         368
  C:3045H         LINE#         369
  C:304AH         LINE#         370
  -------         ENDPROC       MPU_INITIALIZE
  -------         PROC          MPU_TESTCONNECTION
  C:2E11H         LINE#         378
  C:2E11H         LINE#         379
  C:2E26H         LINE#         380
  C:2E33H         LINE#         381
  -------         ENDPROC       MPU_TESTCONNECTION
  -------         PROC          _GETMOTION6_PACKET
  X:036DH         SYMBOL        packet6
  C:20B6H         LINE#         388
  C:20BEH         LINE#         389
  C:20D0H         LINE#         390
  C:20E3H         LINE#         391
  C:20EDH         LINE#         392
  C:20F8H         LINE#         393
  C:2104H         LINE#         394
  C:2114H         LINE#         395
  C:2124H         LINE#         396
  C:2134H         LINE#         397
  C:2144H         LINE#         398
  C:2154H         LINE#         399
  C:2164H         LINE#         400
  C:2174H         LINE#         401
  C:2184H         LINE#         402
  -------         ENDPROC       _GETMOTION6_PACKET
  -------         PROC          _SETXACCELOFFSET
BL51 BANKED LINKER/LOCATER V6.22                                                      05/03/2017  21:36:44  PAGE 21


  D:0006H         SYMBOL        offset
  C:3257H         LINE#         407
  C:3257H         LINE#         408
  -------         ENDPROC       _SETXACCELOFFSET
  -------         PROC          _SETYACCELOFFSET
  D:0006H         SYMBOL        offset
  C:3262H         LINE#         410
  C:3262H         LINE#         411
  -------         ENDPROC       _SETYACCELOFFSET
  -------         PROC          _SETZACCELOFFSET
  D:0006H         SYMBOL        offset
  C:326DH         LINE#         413
  C:326DH         LINE#         414
  -------         ENDPROC       _SETZACCELOFFSET
  -------         PROC          _SETXGYROOFFSET
  D:0006H         SYMBOL        offset
  C:3278H         LINE#         416
  C:3278H         LINE#         417
  -------         ENDPROC       _SETXGYROOFFSET
  -------         PROC          _SETYGYROOFFSET
  D:0006H         SYMBOL        offset
  C:3283H         LINE#         419
  C:3283H         LINE#         420
  -------         ENDPROC       _SETYGYROOFFSET
  -------         PROC          _SETZGYROOFFSET
  D:0006H         SYMBOL        offset
  C:328EH         LINE#         422
  C:328EH         LINE#         423
  -------         ENDPROC       _SETZGYROOFFSET
  -------         PROC          GETXACCELOFFSET
  C:2E78H         LINE#         425
  C:2E78H         LINE#         426
  C:2E8AH         LINE#         427
  C:2E94H         LINE#         428
  -------         ENDPROC       GETXACCELOFFSET
  -------         PROC          GETYACCELOFFSET
  C:2E95H         LINE#         429
  C:2E95H         LINE#         430
  C:2EA7H         LINE#         431
  C:2EB1H         LINE#         432
  -------         ENDPROC       GETYACCELOFFSET
  -------         PROC          GETZACCELOFFSET
  C:2EB2H         LINE#         433
  C:2EB2H         LINE#         434
  C:2EC4H         LINE#         435
  C:2ECEH         LINE#         436
  -------         ENDPROC       GETZACCELOFFSET
  -------         PROC          GETXGYROOFFSET
  C:2ECFH         LINE#         437
  C:2ECFH         LINE#         438
  C:2EE1H         LINE#         439
  C:2EEBH         LINE#         440
  -------         ENDPROC       GETXGYROOFFSET
  -------         PROC          GETYGYROOFFSET
  C:2EECH         LINE#         441
  C:2EECH         LINE#         442
  C:2EFEH         LINE#         443
BL51 BANKED LINKER/LOCATER V6.22                                                      05/03/2017  21:36:44  PAGE 22


  C:2F08H         LINE#         444
  -------         ENDPROC       GETYGYROOFFSET
  -------         PROC          GETZGYROOFFSET
  C:2F09H         LINE#         445
  C:2F09H         LINE#         446
  C:2F1BH         LINE#         447
  C:2F25H         LINE#         448
  -------         ENDPROC       GETZGYROOFFSET
  C:2E34H         SYMBOL        L?0299
  C:2E37H         SYMBOL        L?0300
  -------         PROC          L?0298
  -------         ENDPROC       L?0298
  C:2E34H         SYMBOL        L?0299
  C:2E37H         SYMBOL        L?0300
  -------         PROC          _SETMEMORYBANK
  D:0007H         SYMBOL        bank
  D:0005H         SYMBOL        prefetchEnabled
  D:0003H         SYMBOL        userBank
  C:2E3CH         LINE#         450
  C:2E3CH         LINE#         451
  C:2E40H         LINE#         452
  C:2E47H         LINE#         453
  C:2E4EH         LINE#         454
  -------         ENDPROC       _SETMEMORYBANK
  -------         PROC          GETFIFOCOUNT
  C:2F26H         LINE#         462
  C:2F26H         LINE#         463
  C:2F38H         LINE#         464
  C:2F42H         LINE#         465
  -------         ENDPROC       GETFIFOCOUNT
  -------         PROC          GETINTSTATUS
  C:3076H         LINE#         467
  C:3076H         LINE#         468
  C:3083H         LINE#         469
  C:3088H         LINE#         470
  -------         ENDPROC       GETINTSTATUS
  -------         PROC          _SETDMPENABLED
  D:0007H         SYMBOL        enabled
  C:3299H         LINE#         472
  C:3299H         LINE#         473
  -------         ENDPROC       _SETDMPENABLED
  -------         PROC          RESETFIFO
  C:3211H         LINE#         480
  C:3211H         LINE#         481
  -------         ENDPROC       RESETFIFO
  -------         PROC          DMPGETFIFOPACKETSIZE
  C:3339H         LINE#         484
  C:3339H         LINE#         485
  C:3341H         LINE#         486
  -------         ENDPROC       DMPGETFIFOPACKETSIZE
  -------         PROC          L?0301
  -------         ENDPROC       L?0301
  -------         PROC          _GETFIFOBYTES
  X:0325H         SYMBOL        data_ptr
  D:0005H         SYMBOL        data_len
  C:2B0AH         LINE#         488
  C:2B15H         LINE#         489
BL51 BANKED LINKER/LOCATER V6.22                                                      05/03/2017  21:36:44  PAGE 23


  C:2B1BH         LINE#         490
  C:2B3AH         LINE#         491
  C:2B3AH         LINE#         492
  C:2B49H         LINE#         493
  C:2B49H         LINE#         494
  -------         ENDPROC       _GETFIFOBYTES
  C:31A2H         SYMBOL        L?0303
  -------         PROC          L?0302
  -------         ENDPROC       L?0302
  C:31A2H         SYMBOL        L?0303
  -------         PROC          _SETMEMORYSTARTADDRESS
  D:0007H         SYMBOL        address
  C:31A7H         LINE#         496
  C:31A7H         LINE#         497
  -------         ENDPROC       _SETMEMORYSTARTADDRESS
  C:1A62H         SYMBOL        L?0297
  -------         PROC          L?0296
  -------         ENDPROC       L?0296
  C:1A62H         SYMBOL        L?0297
  -------         PROC          _WRITEMEMORYBLOCK
  X:0335H         SYMBOL        data_ptr
  X:0338H         SYMBOL        dataSize
  X:033AH         SYMBOL        bank
  X:033BH         SYMBOL        address
  X:033CH         SYMBOL        verify
  X:033DH         SYMBOL        useProgMem
  -------         DO            
  X:033EH         SYMBOL        chunkSize_wmb
  X:033FH         SYMBOL        verifyBuffer_wmb
  X:0342H         SYMBOL        progBuffer_wmb
  X:0345H         SYMBOL        i_wmb
  D:0007H         SYMBOL        j_wmb
  -------         ENDDO         
  C:1A85H         LINE#         501
  C:1A96H         LINE#         505
  C:1A9FH         LINE#         508
  C:1AA2H         LINE#         509
  C:1AA5H         LINE#         510
  C:1AC2H         LINE#         511
  C:1ADFH         LINE#         512
  C:1AFFH         LINE#         514
  C:1B05H         LINE#         517
  C:1B27H         LINE#         520
  C:1B44H         LINE#         522
  C:1B4AH         LINE#         524
  C:1B92H         LINE#         525
  C:1B92H         LINE#         527
  C:1BB6H         LINE#         528
  C:1BB6H         LINE#         530
  C:1BD2H         LINE#         533
  C:1BEBH         LINE#         534
  C:1BEEH         LINE#         535
  C:1BF1H         LINE#         536
  C:1C0DH         LINE#         537
  C:1C34H         LINE#         538
  C:1C42H         LINE#         539
  C:1C56H         LINE#         540
BL51 BANKED LINKER/LOCATER V6.22                                                      05/03/2017  21:36:44  PAGE 24


  C:1C59H         LINE#         541
  C:1C59H         LINE#         542
  C:1C59H         LINE#         545
  C:1C6CH         LINE#         548
  C:1C72H         LINE#         551
  C:1C8AH         LINE#         552
  C:1C96H         LINE#         553
  C:1C99H         LINE#         554
  C:1C9CH         LINE#         555
  C:1C9CH         LINE#         556
  C:1C9FH         LINE#         557
  C:1CB3H         LINE#         558
  C:1CC7H         LINE#         559
  C:1CC9H         LINE#         560
  -------         ENDPROC       _WRITEMEMORYBLOCK
  -------         PROC          _WRITEDMPCONFIGURATIONSET
  X:0325H         SYMBOL        data_ptr
  X:0328H         SYMBOL        dataSize
  X:032AH         SYMBOL        useProgMem
  -------         DO            
  X:032BH         SYMBOL        progBuffer_wdcs
  X:032EH         SYMBOL        success_wdcs
  X:032FH         SYMBOL        special_wdcs
  X:0330H         SYMBOL        i_wdcs
  D:0006H         SYMBOL        j_wdcs
  X:0332H         SYMBOL        bank_wdcs
  X:0333H         SYMBOL        offset_wdcs
  X:0334H         SYMBOL        length_wdcs
  -------         ENDDO         
  C:17CBH         LINE#         563
  C:17DCH         LINE#         564
  C:17E5H         LINE#         568
  C:17EBH         LINE#         569
  C:1802H         LINE#         570
  C:1802H         LINE#         575
  C:1821H         LINE#         576
  C:182BH         LINE#         577
  C:184CH         LINE#         578
  C:1870H         LINE#         579
  C:1890H         LINE#         580
  C:1892H         LINE#         581
  C:18B0H         LINE#         582
  C:18C6H         LINE#         583
  C:18DCH         LINE#         584
  C:18DCH         LINE#         587
  C:18E9H         LINE#         589
  C:18ECH         LINE#         590
  C:1916H         LINE#         591
  C:1963H         LINE#         592
  C:1963H         LINE#         593
  C:1987H         LINE#         594
  C:1987H         LINE#         595
  C:19B8H         LINE#         596
  C:19CAH         LINE#         597
  C:19CCH         LINE#         603
  C:19D5H         LINE#         604
  C:19F2H         LINE#         605
BL51 BANKED LINKER/LOCATER V6.22                                                      05/03/2017  21:36:44  PAGE 25


  C:19F4H         LINE#         606
  C:1A12H         LINE#         607
  C:1A12H         LINE#         611
  C:1A19H         LINE#         617
  C:1A22H         LINE#         619
  C:1A28H         LINE#         620
  C:1A2AH         LINE#         622
  C:1A2FH         LINE#         623
  C:1A2FH         LINE#         624
  C:1A2FH         LINE#         626
  C:1A38H         LINE#         627
  C:1A4AH         LINE#         628
  C:1A4DH         LINE#         629
  C:1A4DH         LINE#         630
  C:1A4DH         LINE#         631
  C:1A5FH         LINE#         632
  C:1A61H         LINE#         633
  -------         ENDPROC       _WRITEDMPCONFIGURATIONSET
  -------         PROC          _READMEMORYBLOCK
  X:0325H         SYMBOL        data_ptr
  X:0328H         SYMBOL        dataSize
  X:032AH         SYMBOL        bank
  X:032BH         SYMBOL        address
  -------         DO            
  X:032CH         SYMBOL        chunkSize_rmb
  X:032DH         SYMBOL        i_rmb
  -------         ENDDO         
  C:1EDDH         LINE#         635
  C:1EEEH         LINE#         638
  C:1EF2H         LINE#         639
  C:1EFAH         LINE#         640
  C:1F1AH         LINE#         642
  C:1F20H         LINE#         645
  C:1F40H         LINE#         648
  C:1F5BH         LINE#         651
  C:1F85H         LINE#         654
  C:1F98H         LINE#         657
  C:1F9EH         LINE#         660
  C:1FB6H         LINE#         661
  C:1FC2H         LINE#         662
  C:1FC8H         LINE#         663
  C:1FD0H         LINE#         664
  C:1FD0H         LINE#         665
  C:1FD3H         LINE#         666
  -------         ENDPROC       _READMEMORYBLOCK
  -------         PROC          _WRITEPROGDMPCONFIGURATIONSET
  D:0001H         SYMBOL        data_ptr
  D:0004H         SYMBOL        dataSize
  C:3311H         LINE#         668
  C:3311H         LINE#         669
  C:331AH         LINE#         670
  -------         ENDPROC       _WRITEPROGDMPCONFIGURATIONSET
  -------         PROC          _WRITEPROGMEMORYBLOCK
  D:0001H         SYMBOL        data_ptr
  D:0004H         SYMBOL        dataSize
  X:032AH         SYMBOL        bank
  X:032BH         SYMBOL        address
BL51 BANKED LINKER/LOCATER V6.22                                                      05/03/2017  21:36:44  PAGE 26


  X:032CH         SYMBOL        verify
  C:0003H         LINE#         672
  C:0003H         LINE#         673
  C:0022H         LINE#         674
  -------         ENDPROC       _WRITEPROGMEMORYBLOCK
  -------         PROC          I2C_MPU_RESET
  C:321DH         LINE#         680
  C:321DH         LINE#         681
  -------         ENDPROC       I2C_MPU_RESET
  -------         PROC          _SETSLAVEADDRESS
  D:0007H         SYMBOL        num
  D:0006H         SYMBOL        address
  C:2F94H         LINE#         690
  C:2F96H         LINE#         691
  C:2F9CH         LINE#         692
  C:2FADH         LINE#         693
  -------         ENDPROC       _SETSLAVEADDRESS
  -------         PROC          _SETI2CMASTERMODEENABLED
  D:0007H         SYMBOL        enabled
  C:32A4H         LINE#         700
  C:32A4H         LINE#         701
  -------         ENDPROC       _SETI2CMASTERMODEENABLED
  -------         PROC          RESETI2CMASTER
  C:3229H         LINE#         708
  C:3229H         LINE#         709
  -------         ENDPROC       RESETI2CMASTER
  -------         PROC          _SETINTENABLED
  D:0007H         SYMBOL        enabled
  C:3342H         LINE#         712
  C:3342H         LINE#         713
  -------         ENDPROC       _SETINTENABLED
  -------         PROC          _SETRATE
  D:0007H         SYMBOL        rate
  C:334BH         LINE#         721
  C:334BH         LINE#         722
  -------         ENDPROC       _SETRATE
  -------         PROC          _SETEXTERNALFRAMESYNC
  D:0007H         SYMBOL        sync_ext
  C:31B0H         LINE#         730
  C:31B0H         LINE#         731
  -------         ENDPROC       _SETEXTERNALFRAMESYNC
  -------         PROC          _SETDLPFMODE
  D:0007H         SYMBOL        mode
  C:31BEH         LINE#         739
  C:31BEH         LINE#         740
  -------         ENDPROC       _SETDLPFMODE
  -------         PROC          GETDMPCONFIG1
  C:3089H         LINE#         746
  C:3089H         LINE#         747
  C:3096H         LINE#         748
  C:309BH         LINE#         749
  -------         ENDPROC       GETDMPCONFIG1
  -------         PROC          _SETDMPCONFIG1
  D:0007H         SYMBOL        config
  C:3354H         LINE#         750
  C:3354H         LINE#         751
  -------         ENDPROC       _SETDMPCONFIG1
BL51 BANKED LINKER/LOCATER V6.22                                                      05/03/2017  21:36:44  PAGE 27


  -------         PROC          GETDMPCONFIG2
  C:309CH         LINE#         757
  C:309CH         LINE#         758
  C:30A9H         LINE#         759
  C:30AEH         LINE#         760
  -------         ENDPROC       GETDMPCONFIG2
  -------         PROC          _SETDMPCONFIG2
  D:0007H         SYMBOL        config
  C:335DH         LINE#         761
  C:335DH         LINE#         762
  -------         ENDPROC       _SETDMPCONFIG2
  -------         PROC          GETOTPBANKVALID
  C:2FF9H         LINE#         765
  C:2FF9H         LINE#         766
  C:300AH         LINE#         767
  C:300FH         LINE#         768
  -------         ENDPROC       GETOTPBANKVALID
  -------         PROC          _SETOTPBANKVALID
  D:0007H         SYMBOL        enabled
  C:331BH         LINE#         769
  C:331BH         LINE#         770
  -------         ENDPROC       _SETOTPBANKVALID
  -------         PROC          GETXGYROOFFSETTC
  C:2F43H         LINE#         776
  C:2F43H         LINE#         777
  C:2F58H         LINE#         778
  C:2F5DH         LINE#         779
  -------         ENDPROC       GETXGYROOFFSETTC
  -------         PROC          _SETXGYROOFFSETTC
  D:0007H         SYMBOL        offset
  C:31CCH         LINE#         780
  C:31CCH         LINE#         781
  -------         ENDPROC       _SETXGYROOFFSETTC
  -------         PROC          GETYGYROOFFSETTC
  C:2F5EH         LINE#         787
  C:2F5EH         LINE#         788
  C:2F73H         LINE#         789
  C:2F78H         LINE#         790
  -------         ENDPROC       GETYGYROOFFSETTC
  -------         PROC          _SETYGYROOFFSETTC
  D:0007H         SYMBOL        offset
  C:31DAH         LINE#         791
  C:31DAH         LINE#         792
  -------         ENDPROC       _SETYGYROOFFSETTC
  -------         PROC          GETZGYROOFFSETTC
  C:2F79H         LINE#         798
  C:2F79H         LINE#         799
  C:2F8EH         LINE#         800
  C:2F93H         LINE#         801
  -------         ENDPROC       GETZGYROOFFSETTC
  -------         PROC          _SETZGYROOFFSETTC
  D:0007H         SYMBOL        offset
  C:31E8H         LINE#         802
  C:31E8H         LINE#         803
  -------         ENDPROC       _SETZGYROOFFSETTC
  -------         PROC          GETMOTIONDETECTIONTHRESHOLD
  C:30AFH         LINE#         813
BL51 BANKED LINKER/LOCATER V6.22                                                      05/03/2017  21:36:44  PAGE 28


  C:30AFH         LINE#         814
  C:30BCH         LINE#         815
  C:30C1H         LINE#         816
  -------         ENDPROC       GETMOTIONDETECTIONTHRESHOLD
  -------         PROC          _SETMOTIONDETECTIONTHRESHOLD
  D:0007H         SYMBOL        threshold
  C:3366H         LINE#         823
  C:3366H         LINE#         824
  -------         ENDPROC       _SETMOTIONDETECTIONTHRESHOLD
  -------         PROC          GETZEROMOTIONDETECTIONTHRESHOLD
  C:30C2H         LINE#         835
  C:30C2H         LINE#         836
  C:30CFH         LINE#         837
  C:30D4H         LINE#         838
  -------         ENDPROC       GETZEROMOTIONDETECTIONTHRESHOLD
  -------         PROC          _SETZEROMOTIONDETECTIONTHRESHOLD
  D:0007H         SYMBOL        threshold
  C:336FH         LINE#         845
  C:336FH         LINE#         846
  -------         ENDPROC       _SETZEROMOTIONDETECTIONTHRESHOLD
  -------         PROC          GETMOTIONDETECTIONDURATION
  C:30D5H         LINE#         855
  C:30D5H         LINE#         856
  C:30E2H         LINE#         857
  C:30E7H         LINE#         858
  -------         ENDPROC       GETMOTIONDETECTIONDURATION
  -------         PROC          _SETMOTIONDETECTIONDURATION
  D:0007H         SYMBOL        duration
  C:3378H         LINE#         865
  C:3378H         LINE#         866
  -------         ENDPROC       _SETMOTIONDETECTIONDURATION
  -------         PROC          GETZEROMOTIONDETECTIONDURATION
  C:30E8H         LINE#         875
  C:30E8H         LINE#         876
  C:30F5H         LINE#         877
  C:30FAH         LINE#         878
  -------         ENDPROC       GETZEROMOTIONDETECTIONDURATION
  -------         PROC          _SETZEROMOTIONDETECTIONDURATION
  D:0007H         SYMBOL        duration
  C:3381H         LINE#         885
  C:3381H         LINE#         886
  -------         ENDPROC       _SETZEROMOTIONDETECTIONDURATION
  -------         PROC          GETFIFOENABLED
  C:2FE1H         LINE#         894
  C:2FE1H         LINE#         895
  C:2FF3H         LINE#         896
  C:2FF8H         LINE#         897
  -------         ENDPROC       GETFIFOENABLED
  -------         PROC          _SETFIFOENABLED
  D:0007H         SYMBOL        enabled
  C:32AFH         LINE#         904
  C:32AFH         LINE#         905
  -------         ENDPROC       _SETFIFOENABLED
  -------         PROC          RESETDMP
  C:3235H         LINE#         908
  C:3235H         LINE#         909
  -------         ENDPROC       RESETDMP
BL51 BANKED LINKER/LOCATER V6.22                                                      05/03/2017  21:36:44  PAGE 29


  -------         PROC          DMPINITIALIZE
  -------         DO            
  X:028AH         SYMBOL        xgOffsetTC
  X:028BH         SYMBOL        ygOffsetTC
  X:028CH         SYMBOL        zgOffsetTC
  X:028DH         SYMBOL        dmpUpdate
  X:029DH         SYMBOL        j
  X:029EH         SYMBOL        pos
  X:02A0H         SYMBOL        fifoCount
  X:02A2H         SYMBOL        fifoBuffer
  X:0322H         SYMBOL        b
  X:0323H         SYMBOL        data_to_write
  X:0324H         SYMBOL        mask
  -------         ENDDO         
  C:08D3H         LINE#         912
  C:08D3H         LINE#         915
  C:08DAH         LINE#         925
  C:08DDH         LINE#         926
  C:08E4H         LINE#         937
  C:08E9H         LINE#         941
  C:08F2H         LINE#         944
  C:08F7H         LINE#         950
  C:08FEH         LINE#         960
  C:0906H         LINE#         961
  C:090EH         LINE#         962
  C:0916H         LINE#         973
  C:091DH         LINE#         976
  C:0922H         LINE#         978
  C:0929H         LINE#         980
  C:092CH         LINE#         981
  C:0933H         LINE#         989
  C:0950H         LINE#         997
  C:0963H         LINE#         1002
  C:0968H         LINE#         1006
  C:096DH         LINE#         1010
  C:0972H         LINE#         1018
  C:0978H         LINE#         1021
  C:0984H         LINE#         1023
  C:0984H         LINE#         1025
  C:0984H         LINE#         1028
  C:098AH         LINE#         1029
  C:0994H         LINE#         1030
  C:0998H         LINE#         1031
  C:09A4H         LINE#         1032
  C:09A7H         LINE#         1035
  C:09B0H         LINE#         1037
  C:09B0H         LINE#         1039
  C:09B0H         LINE#         1046
  C:09B5H         LINE#         1050
  C:09BAH         LINE#         1054
  C:09BFH         LINE#         1055
  C:09C4H         LINE#         1059
  C:09C9H         LINE#         1067
  C:09D6H         LINE#         1069
  C:09D6H         LINE#         1071
  C:09D6H         LINE#         1074
  C:09DCH         LINE#         1075
BL51 BANKED LINKER/LOCATER V6.22                                                      05/03/2017  21:36:44  PAGE 30


  C:09E3H         LINE#         1076
  C:09E7H         LINE#         1077
  C:09F3H         LINE#         1078
  C:09F6H         LINE#         1081
  C:09FFH         LINE#         1083
  C:09FFH         LINE#         1085
  C:09FFH         LINE#         1090
  C:0A0CH         LINE#         1092
  C:0A0CH         LINE#         1094
  C:0A0CH         LINE#         1097
  C:0A12H         LINE#         1098
  C:0A19H         LINE#         1099
  C:0A1DH         LINE#         1100
  C:0A29H         LINE#         1101
  C:0A2CH         LINE#         1104
  C:0A35H         LINE#         1106
  C:0A35H         LINE#         1108
  C:0A35H         LINE#         1113
  C:0A42H         LINE#         1115
  C:0A42H         LINE#         1117
  C:0A42H         LINE#         1120
  C:0A48H         LINE#         1121
  C:0A4FH         LINE#         1122
  C:0A52H         LINE#         1123
  C:0A5EH         LINE#         1124
  C:0A6BH         LINE#         1127
  C:0A74H         LINE#         1129
  C:0A74H         LINE#         1131
  C:0A74H         LINE#         1141
  C:0AD1H         LINE#         1144
  C:0AD4H         LINE#         1148
  C:0B31H         LINE#         1150
  C:0B34H         LINE#         1153
  C:0B37H         LINE#         1156
  C:0B42H         LINE#         1161
  C:0B4CH         LINE#         1164
  C:0B51H         LINE#         1167
  C:0B56H         LINE#         1170
  C:0B5BH         LINE#         1173
  C:0B60H         LINE#         1176
  C:0B63H         LINE#         1179
  C:0B68H         LINE#         1182
  C:0B6DH         LINE#         1185
  C:0B70H         LINE#         1189
  C:0BCDH         LINE#         1190
  C:0BD0H         LINE#         1194
  C:0C2DH         LINE#         1195
  C:0C30H         LINE#         1199
  C:0C8DH         LINE#         1200
  C:0C90H         LINE#         1206
  C:0C9FH         LINE#         1207
  C:0CAAH         LINE#         1209
  C:0CACH         LINE#         1214
  C:0CAFH         LINE#         1223
  C:0D0CH         LINE#         1224
  C:0D2CH         LINE#         1228
  C:0D3BH         LINE#         1229
BL51 BANKED LINKER/LOCATER V6.22                                                      05/03/2017  21:36:44  PAGE 31


  C:0D46H         LINE#         1230
  C:0D48H         LINE#         1236
  C:0D4BH         LINE#         1245
  C:0DA8H         LINE#         1246
  C:0DABH         LINE#         1251
  C:0DB0H         LINE#         1254
  C:0DB9H         LINE#         1260
  C:0DBCH         LINE#         1261
  C:0DBFH         LINE#         1262
  C:0DC1H         LINE#         1265
  C:0DC4H         LINE#         1266
  C:0DC4H         LINE#         1267
  C:0DC4H         LINE#         1270
  C:0DC7H         LINE#         1271
  C:0DC7H         LINE#         1273
  C:0DC9H         LINE#         1274
  -------         ENDPROC       DMPINITIALIZE
  -------         PROC          _DMPGETQUATERNION_INT16
  X:0361H         SYMBOL        data_ptr
  X:0364H         SYMBOL        packet
  C:1FD4H         LINE#         1277
  C:1FDFH         LINE#         1279
  C:1FFEH         LINE#         1280
  C:2026H         LINE#         1281
  C:2055H         LINE#         1282
  C:2084H         LINE#         1283
  C:20B3H         LINE#         1284
  C:20B5H         LINE#         1285
  -------         ENDPROC       _DMPGETQUATERNION_INT16
  -------         PROC          _DMPGETPACKET16BITS
  X:0367H         SYMBOL        data_ptr
  X:036AH         SYMBOL        packet
  C:14F5H         LINE#         1286
  C:1500H         LINE#         1289
  C:1540H         LINE#         1290
  C:1588H         LINE#         1291
  C:15D0H         LINE#         1292
  C:1618H         LINE#         1294
  C:1660H         LINE#         1295
  C:16A8H         LINE#         1296
  C:16F0H         LINE#         1298
  C:1738H         LINE#         1299
  C:1780H         LINE#         1300
  C:17C8H         LINE#         1301
  C:17CAH         LINE#         1302
  -------         ENDPROC       _DMPGETPACKET16BITS
  -------         PROC          _GETMOTION6_VARIABLES
  X:0347H         SYMBOL        ax
  X:034AH         SYMBOL        ay
[...]
  C:32C5H         LINE#         64
  C:32C5H         LINE#         65
BL51 BANKED LINKER/LOCATER V6.22                                                      05/03/2017  21:36:44  PAGE 39


  C:32C5H         LINE#         66
  C:32C8H         LINE#         67
  C:32C8H         LINE#         68
  C:32CBH         LINE#         69
  C:32CCH         LINE#         71
  C:32CCH         LINE#         72
  C:32CFH         LINE#         73
  C:32CFH         LINE#         74
  -------         ENDPROC       _HAL_W2_ALTER_CLOCK
  -------         PROC          _HAL_W2_IRQ_STOP_COND_ENABLE
  D:0007H         SYMBOL        stop_cond
  C:32D0H         LINE#         76
  C:32D0H         LINE#         77
  C:32D0H         LINE#         78
  C:32D3H         LINE#         79
  C:32D3H         LINE#         80
  C:32D6H         LINE#         81
  C:32D7H         LINE#         83
  C:32D7H         LINE#         84
  C:32DAH         LINE#         85
  C:32DAH         LINE#         86
  -------         ENDPROC       _HAL_W2_IRQ_STOP_COND_ENABLE
  -------         PROC          _HAL_W2_IRQ_ADR_MATCH_ENABLE
  D:0007H         SYMBOL        addr_match
  C:32DBH         LINE#         88
  C:32DBH         LINE#         89
  C:32DBH         LINE#         90
  C:32DEH         LINE#         91
  C:32DEH         LINE#         92
  C:32E1H         LINE#         93
  C:32E2H         LINE#         95
  C:32E2H         LINE#         96
  C:32E5H         LINE#         97
  C:32E5H         LINE#         98
  -------         ENDPROC       _HAL_W2_IRQ_ADR_MATCH_ENABLE
  -------         PROC          _HAL_W2_SET_SLAVE_ADDRESS
  D:0007H         SYMBOL        address
  C:338AH         LINE#         100
  C:338AH         LINE#         101
  C:338AH         LINE#         102
  C:338FH         LINE#         103
  -------         ENDPROC       _HAL_W2_SET_SLAVE_ADDRESS
  -------         PROC          _HAL_W2_SET_CLK_FREQ
  D:0007H         SYMBOL        freq
  C:31F6H         LINE#         107
  C:31F6H         LINE#         108
  C:31F6H         LINE#         109
  C:3203H         LINE#         110
  -------         ENDPROC       _HAL_W2_SET_CLK_FREQ
  -------         PROC          _HAL_W2_SET_OP_MODE
  D:0007H         SYMBOL        mode
  C:32E6H         LINE#         112
  C:32E6H         LINE#         113
  C:32E6H         LINE#         114
  C:32E9H         LINE#         115
  C:32E9H         LINE#         116
  C:32ECH         LINE#         117
BL51 BANKED LINKER/LOCATER V6.22                                                      05/03/2017  21:36:44  PAGE 40


  C:32EDH         LINE#         119
  C:32EDH         LINE#         120
  C:32F0H         LINE#         121
  C:32F0H         LINE#         122
  -------         ENDPROC       _HAL_W2_SET_OP_MODE
  -------         PROC          _HAL_W2_ENABLE
  D:0007H         SYMBOL        en
  C:32F1H         LINE#         124
  C:32F1H         LINE#         125
  C:32F1H         LINE#         126
  C:32F4H         LINE#         127
  C:32F4H         LINE#         128
  C:32F7H         LINE#         129
  C:32F8H         LINE#         131
  C:32F8H         LINE#         132
  C:32FBH         LINE#         133
  C:32FBH         LINE#         134
  -------         ENDPROC       _HAL_W2_ENABLE
  -------         PROC          _HAL_W2_ALL_IRQ_ENABLE
  D:0007H         SYMBOL        irq
  C:32FCH         LINE#         136
  C:32FCH         LINE#         137
  C:32FCH         LINE#         140
  C:32FFH         LINE#         141
  C:32FFH         LINE#         142
  C:3302H         LINE#         143
  C:3303H         LINE#         145
  C:3303H         LINE#         146
  C:3306H         LINE#         147
  C:3306H         LINE#         148
  -------         ENDPROC       _HAL_W2_ALL_IRQ_ENABLE
  -------         PROC          _HAL_W2_CONFIGURE_MASTER
  D:0006H         SYMBOL        mode
  C:2E57H         LINE#         150
  C:2E59H         LINE#         151
  C:2E59H         LINE#         152
  C:2E5EH         LINE#         153
  C:2E63H         LINE#         154
  C:2E68H         LINE#         156
  C:2E6BH         LINE#         157
  C:2E6EH         LINE#         158
  C:2E71H         LINE#         160
  C:2E75H         LINE#         161
  C:2E77H         LINE#         162
  -------         ENDPROC       _HAL_W2_CONFIGURE_MASTER
  -------         PROC          HAL_W2_WAIT_DATA_READY
  -------         DO            
  D:0044H         SYMBOL        timeout_counter
  D:0048H         SYMBOL        w2_status
  D:0049H         SYMBOL        data_ready
  D:004AH         SYMBOL        nack_received
  -------         ENDDO         
  C:2DA2H         LINE#         164
  C:2DA2H         LINE#         165
  C:2DA2H         LINE#         166
  C:2DACH         LINE#         172
  C:2DACH         LINE#         173
BL51 BANKED LINKER/LOCATER V6.22                                                      05/03/2017  21:36:44  PAGE 41


  C:2DAFH         LINE#         174
  C:2DB5H         LINE#         175
  C:2DBBH         LINE#         176
  C:2DC2H         LINE#         177
  C:2DC6H         LINE#         180
  C:2DC8H         LINE#         181
  -------         ENDPROC       HAL_W2_WAIT_DATA_READY
  -------         PROC          _HAL_W2_INIT_TRANSFER
  D:0007H         SYMBOL        address
  D:0005H         SYMBOL        direction
  -------         DO            
  D:0007H         SYMBOL        w2_status
  -------         ENDDO         
  C:3010H         LINE#         183
  C:3010H         LINE#         184
  C:3010H         LINE#         187
  C:3013H         LINE#         188
  C:3019H         LINE#         190
  C:301CH         LINE#         192
  C:3020H         LINE#         193
  C:3020H         LINE#         194
  C:3023H         LINE#         195
  C:3023H         LINE#         197
  C:3023H         LINE#         198
  C:3025H         LINE#         199
  C:3025H         LINE#         200
  -------         ENDPROC       _HAL_W2_INIT_TRANSFER
  -------         PROC          _HAL_W2_WRITE
  D:0007H         SYMBOL        address
  D:0065H         SYMBOL        data_ptr
  D:0068H         SYMBOL        data_len
  -------         DO            
  D:0006H         SYMBOL        ack_received
  -------         DO            
  D:0069H         SYMBOL        w2_status
  -------         ENDDO         
  -------         ENDDO         
  C:2CD3H         LINE#         202
  C:2CD9H         LINE#         203
  C:2CD9H         LINE#         205
  C:2CE0H         LINE#         207
  C:2CEDH         LINE#         208
  C:2CEDH         LINE#         210
  C:2CF9H         LINE#         211
  C:2CFEH         LINE#         212
  C:2D03H         LINE#         213
  C:2D03H         LINE#         214
  C:2D05H         LINE#         215
  C:2D05H         LINE#         216
  C:2D07H         LINE#         218
  C:2D0AH         LINE#         220
  C:2D0CH         LINE#         221
  -------         ENDPROC       _HAL_W2_WRITE
  -------         PROC          _HAL_W2_READ
  D:0007H         SYMBOL        address
  D:006BH         SYMBOL        data_ptr
  D:006EH         SYMBOL        data_len
BL51 BANKED LINKER/LOCATER V6.22                                                      05/03/2017  21:36:44  PAGE 42


  -------         DO            
  D:0007H         SYMBOL        w2_status
  D:006FH         SYMBOL        ack_received
  -------         ENDDO         
  C:2AB1H         LINE#         223
  C:2AB7H         LINE#         224
  C:2AB7H         LINE#         228
  C:2ABEH         LINE#         230
  C:2AC2H         LINE#         231
  C:2AC2H         LINE#         233
  C:2AC5H         LINE#         234
  C:2AC5H         LINE#         237
  C:2AD0H         LINE#         238
  C:2AD0H         LINE#         239
  C:2AD4H         LINE#         240
  C:2AD4H         LINE#         241
  C:2AD7H         LINE#         242
  C:2AD7H         LINE#         244
  C:2ADAH         LINE#         246
  C:2AEDH         LINE#         247
  C:2AF9H         LINE#         248
  C:2AFBH         LINE#         250
  C:2AFDH         LINE#         251
  -------         ENDPROC       _HAL_W2_READ
  -------         PROC          HAL_W2_SOFT_RESET
  -------         DO            
  D:003BH         SYMBOL        pulsecount
  D:003CH         SYMBOL        w2_freq
  -------         ENDDO         
  C:2635H         LINE#         253
  C:2635H         LINE#         254
  C:2635H         LINE#         259
  C:263BH         LINE#         261
  C:263EH         LINE#         262
  C:2646H         LINE#         266
  C:2649H         LINE#         267
  C:264CH         LINE#         270
  C:264FH         LINE#         275
  C:2657H         LINE#         278
  C:265EH         LINE#         280
  C:2661H         LINE#         284
  C:2668H         LINE#         285
  C:266BH         LINE#         286
  C:266BH         LINE#         288
  C:2673H         LINE#         289
  C:267AH         LINE#         291
  C:267DH         LINE#         292
  C:2684H         LINE#         293
  C:268DH         LINE#         296
  C:2694H         LINE#         298
  C:269CH         LINE#         301
  C:26A3H         LINE#         303
  C:26ABH         LINE#         306
  C:26AEH         LINE#         309
  C:26B1H         LINE#         310
  C:26B7H         LINE#         312
  -------         ENDPROC       HAL_W2_SOFT_RESET
BL51 BANKED LINKER/LOCATER V6.22                                                      05/03/2017  21:36:44  PAGE 43


  -------         PROC          _I2C_MPU_WRITEBYTE
  D:0007H         SYMBOL        devAddr
  D:0005H         SYMBOL        regAddr
  D:002EH         SYMBOL        data_to_write
  C:3167H         LINE#         317
  C:3169H         LINE#         318
  C:3177H         LINE#         319
  -------         ENDPROC       _I2C_MPU_WRITEBYTE
  -------         PROC          _I2C_MPU_WRITEBYTES
  D:0007H         SYMBOL        devAddr
  D:0004H         SYMBOL        regAddr
  D:0006H         SYMBOL        data_len
  D:0032H         SYMBOL        data_ptr
  -------         DO            
  D:0007H         SYMBOL        w2_status
  D:0005H         SYMBOL        ack_received
  -------         ENDDO         
  C:2C1DH         LINE#         321
  C:2C21H         LINE#         326
  C:2C28H         LINE#         327
  C:2C2AH         LINE#         328
  C:2C2DH         LINE#         329
  C:2C31H         LINE#         330
  C:2C31H         LINE#         331
  C:2C33H         LINE#         332
  C:2C33H         LINE#         334
  C:2C3FH         LINE#         335
  C:2C3FH         LINE#         336
  C:2C4BH         LINE#         337
  C:2C4EH         LINE#         338
  C:2C52H         LINE#         339
  C:2C52H         LINE#         340
  C:2C54H         LINE#         341
  C:2C54H         LINE#         342
  C:2C56H         LINE#         343
  C:2C59H         LINE#         345
  C:2C5BH         LINE#         346
  -------         ENDPROC       _I2C_MPU_WRITEBYTES
  -------         PROC          _I2C_MPU_READBYTE
  D:0007H         SYMBOL        devAddr
  D:0005H         SYMBOL        regAddr
  D:0030H         SYMBOL        data_ptr
  C:3133H         LINE#         348
  C:3139H         LINE#         349
  C:3144H         LINE#         350
  -------         ENDPROC       _I2C_MPU_READBYTE
  -------         PROC          _I2C_MPU_READBYTES
  D:0006H         SYMBOL        devAddr
  D:0004H         SYMBOL        regAddr
  D:0035H         SYMBOL        data_len
  D:0036H         SYMBOL        data_ptr
  -------         DO            
  D:0039H         SYMBOL        w2_status
  D:003AH         SYMBOL        ack_received
  -------         ENDDO         
  C:2730H         LINE#         352
  C:2736H         LINE#         357
BL51 BANKED LINKER/LOCATER V6.22                                                      05/03/2017  21:36:44  PAGE 44


  C:273DH         LINE#         358
  C:273FH         LINE#         359
  C:2744H         LINE#         360
  C:2749H         LINE#         361
  C:2749H         LINE#         362
  C:274CH         LINE#         363
  C:274CH         LINE#         367
  C:2755H         LINE#         369
  C:2759H         LINE#         370
  C:2759H         LINE#         372
  C:275CH         LINE#         374
  C:275CH         LINE#         376
  C:2767H         LINE#         377
  C:2767H         LINE#         378
  C:276BH         LINE#         379
  C:276BH         LINE#         380
  C:276EH         LINE#         381
  C:276EH         LINE#         383
  C:2773H         LINE#         385
  C:2786H         LINE#         386
  C:2793H         LINE#         387
  C:2795H         LINE#         389
  C:2797H         LINE#         390
  -------         ENDPROC       _I2C_MPU_READBYTES
  -------         PROC          _I2C_MPU_WRITEBIT
  D:0027H         SYMBOL        devAddr
  D:0028H         SYMBOL        regAddr
  D:0029H         SYMBOL        bitNum
  D:002AH         SYMBOL        data_to_write
  -------         DO            
  D:002BH         SYMBOL        b
  -------         ENDDO         
  C:2A63H         LINE#         393
  C:2A69H         LINE#         395
  C:2A72H         LINE#         396
  C:2AA7H         LINE#         397
  C:2AB0H         LINE#         398
  -------         ENDPROC       _I2C_MPU_WRITEBIT
  -------         PROC          _I2C_MPU_WRITEBITS
  D:0027H         SYMBOL        devAddr
  D:0028H         SYMBOL        regAddr
  D:0029H         SYMBOL        bitStart
  D:002AH         SYMBOL        data_length
  D:002BH         SYMBOL        data_to_write
  -------         DO            
  D:002CH         SYMBOL        b
  -------         DO            
  D:002DH         SYMBOL        mask
  -------         ENDDO         
  -------         ENDDO         
  C:2798H         LINE#         399
  C:279EH         LINE#         408
  C:27AAH         LINE#         409
  C:27D7H         LINE#         410
  C:27E4H         LINE#         411
  C:27E8H         LINE#         412
  C:27EBH         LINE#         413
BL51 BANKED LINKER/LOCATER V6.22                                                      05/03/2017  21:36:44  PAGE 45


  C:27EFH         LINE#         414
  C:27F8H         LINE#         415
  C:27F8H         LINE#         416
  C:27FAH         LINE#         417
  C:27FAH         LINE#         418
  -------         ENDPROC       _I2C_MPU_WRITEBITS
  -------         PROC          _I2C_MPU_READBIT
  D:0007H         SYMBOL        devAddr
  D:0005H         SYMBOL        regAddr
  D:004DH         SYMBOL        bitNum
  D:004EH         SYMBOL        data_ptr
  -------         DO            
  D:0051H         SYMBOL        b
  D:0007H         SYMBOL        count
  -------         ENDDO         
  C:2DEDH         LINE#         419
  C:2DEFH         LINE#         421
  C:2DF8H         LINE#         422
  C:2E10H         LINE#         423
  C:2E10H         LINE#         424
  -------         ENDPROC       _I2C_MPU_READBIT
  -------         PROC          _I2C_MPU_READBITS
  D:0007H         SYMBOL        devAddr
  D:0005H         SYMBOL        regAddr
  D:0029H         SYMBOL        bitStart
  D:002AH         SYMBOL        data_length
  D:002BH         SYMBOL        data_ptr
  -------         DO            
  D:0005H         SYMBOL        count
  D:002EH         SYMBOL        b
  -------         DO            
  D:002FH         SYMBOL        mask
  -------         ENDDO         
  -------         ENDDO         
  C:2914H         LINE#         425
  C:2916H         LINE#         432
  C:2924H         LINE#         433
  C:2951H         LINE#         434
  C:2953H         LINE#         435
  C:2960H         LINE#         436
  C:2969H         LINE#         437
  C:2969H         LINE#         438
  C:296BH         LINE#         439
  -------         ENDPROC       _I2C_MPU_READBITS
  -------         PROC          _I2C_MPU_WRITEWORD
  D:0007H         SYMBOL        devAddr
  D:0005H         SYMBOL        regAddr
  D:0027H         SYMBOL        data_to_write
  C:310EH         LINE#         442
  C:3112H         LINE#         443
  C:3120H         LINE#         444
  -------         ENDPROC       _I2C_MPU_WRITEWORD
  -------         PROC          _I2C_MPU_WRITEWORDS
  D:0007H         SYMBOL        devAddr
  D:0006H         SYMBOL        regAddr
  D:0004H         SYMBOL        data_length
  D:002CH         SYMBOL        data_ptr
BL51 BANKED LINKER/LOCATER V6.22                                                      05/03/2017  21:36:44  PAGE 46


  -------         DO            
  D:0007H         SYMBOL        w2_status
  D:0005H         SYMBOL        ack_received
  -------         ENDDO         
  C:27FBH         LINE#         445
  C:27FFH         LINE#         456
  C:2806H         LINE#         457
  C:2808H         LINE#         458
  C:280BH         LINE#         459
  C:280FH         LINE#         460
  C:280FH         LINE#         461
  C:2811H         LINE#         462
  C:2811H         LINE#         464
  C:281FH         LINE#         465
  C:281FH         LINE#         466
  C:282CH         LINE#         467
  C:282FH         LINE#         468
  C:2833H         LINE#         469
  C:2833H         LINE#         470
  C:2835H         LINE#         471
  C:2835H         LINE#         472
  C:2838H         LINE#         473
  C:284DH         LINE#         474
  C:2850H         LINE#         475
  C:2854H         LINE#         476
  C:2854H         LINE#         477
  C:2856H         LINE#         478
  C:2856H         LINE#         479
  C:2858H         LINE#         480
  C:2858H         LINE#         481
  C:2858H         LINE#         482
  C:2858H         LINE#         483
  C:285BH         LINE#         485
  C:285DH         LINE#         486
  -------         ENDPROC       _I2C_MPU_WRITEWORDS
  -------         ENDMOD        HAL_W2_ISR

  -------         MODULE        ?C?CLDPTR
  C:0DCAH         PUBLIC        ?C?CLDPTR
  -------         ENDMOD        ?C?CLDPTR

  -------         MODULE        ?C?CLDOPTR
  C:0DE3H         PUBLIC        ?C?CLDOPTR
  -------         ENDMOD        ?C?CLDOPTR

  -------         MODULE        ?C?CSTPTR
  C:0E10H         PUBLIC        ?C?CSTPTR
  -------         ENDMOD        ?C?CSTPTR

  -------         MODULE        ?C?CSTOPTR
  C:0E22H         PUBLIC        ?C?CSTOPTR
  -------         ENDMOD        ?C?CSTOPTR

  -------         MODULE        ?C?UIDIV
  C:0E44H         PUBLIC        ?C?UIDIV
  -------         ENDMOD        ?C?UIDIV

BL51 BANKED LINKER/LOCATER V6.22                                                      05/03/2017  21:36:44  PAGE 47


  -------         MODULE        ?C?ILDIX
  C:0E99H         PUBLIC        ?C?ILDIX
  -------         ENDMOD        ?C?ILDIX

  -------         MODULE        ?C?ILDPTR
  C:0EAFH         PUBLIC        ?C?ILDPTR
  -------         ENDMOD        ?C?ILDPTR

  -------         MODULE        ?C?ISTPTR
  C:0EDAH         PUBLIC        ?C?ISTPTR
  -------         ENDMOD        ?C?ISTPTR

  -------         MODULE        ?C?ISTOPTR
  C:0EF9H         PUBLIC        ?C?ISTOPTR
  -------         ENDMOD        ?C?ISTOPTR

  -------         MODULE        ?C?MEMCMP
  C:10ACH         PUBLIC        ?C?MEMCMP
  -------         ENDMOD        ?C?MEMCMP

  -------         MODULE        MALLOC
  C:22E9H         PUBLIC        _malloc
  -------         ENDMOD        MALLOC

  -------         MODULE        INIT_MEM
  X:0359H         PUBLIC        __mem_avail__
  C:2C5CH         PUBLIC        _init_mempool
  -------         ENDMOD        INIT_MEM

  -------         MODULE        REALLOC
  C:26B8H         PUBLIC        _realloc
  -------         ENDMOD        REALLOC

  -------         MODULE        FREE
  C:1DD9H         PUBLIC        _free
  -------         ENDMOD        FREE

  -------         MODULE        ?C?COPY
  C:11A0H         PUBLIC        ?C?COPY
  -------         ENDMOD        ?C?COPY

  -------         MODULE        ?C?IILDX
  C:11C6H         PUBLIC        ?C?IILDX
  -------         ENDMOD        ?C?IILDX

Program Size: data=131.1 xdata=879 code=13198
LINK/LOCATE RUN COMPLETE.  0 WARNING(S),  0 ERROR(S)
