BL51 BANKED LINKER/LOCATER V6.22                                                        04/29/2017  17:33:21  PAGE 1


BL51 BANKED LINKER/LOCATER V6.22, INVOKED BY:
C:\KEIL_V5\C51\BIN\BL51.EXE .\Objects\sensor.obj, .\Objects\hal_delay.obj, .\Objects\hal_uart.obj, .\Objects\hal_w2_isr.
>> obj TO .\Objects\sensor_project PRINT (.\Listings\sensor_project.m51) RAMSIZE (256) DISABLEWARNING (16)


MEMORY MODEL: SMALL


INPUT MODULES INCLUDED:
  .\Objects\sensor.obj (SENSOR)
  .\Objects\hal_delay.obj (HAL_DELAY)
  .\Objects\hal_uart.obj (HAL_UART)
  .\Objects\hal_w2_isr.obj (HAL_W2_ISR)
  C:\KEIL_V5\C51\LIB\C51S.LIB (?C_STARTUP)
  C:\KEIL_V5\C51\LIB\C51S.LIB (?C?CLDPTR)
  C:\KEIL_V5\C51\LIB\C51S.LIB (?C?CLDOPTR)
  C:\KEIL_V5\C51\LIB\C51S.LIB (?C?CSTPTR)
  C:\KEIL_V5\C51\LIB\C51S.LIB (?C?CSTOPTR)
  C:\KEIL_V5\C51\LIB\C51S.LIB (?C?ILDIX)
  C:\KEIL_V5\C51\LIB\C51S.LIB (?C?ILDPTR)
  C:\KEIL_V5\C51\LIB\C51S.LIB (?C?ISTPTR)
  C:\KEIL_V5\C51\LIB\C51S.LIB (?C?ISTOPTR)
  C:\KEIL_V5\C51\LIB\C51S.LIB (?C?MEMCMP)
  C:\KEIL_V5\C51\LIB\C51S.LIB (MALLOC)
  C:\KEIL_V5\C51\LIB\C51S.LIB (INIT_MEM)
  C:\KEIL_V5\C51\LIB\C51S.LIB (REALLOC)
  C:\KEIL_V5\C51\LIB\C51S.LIB (FREE)
  C:\KEIL_V5\C51\LIB\C51S.LIB (?C_INIT)
  C:\KEIL_V5\C51\LIB\C51S.LIB (?C?COPY)
  C:\KEIL_V5\C51\LIB\C51S.LIB (?C?IILDX)


LINK MAP OF MODULE:  .\Objects\sensor_project (SENSOR)


            TYPE    BASE      LENGTH    RELOCATION   SEGMENT NAME
            -----------------------------------------------------

            * * * * * * *   D A T A   M E M O R Y   * * * * * * *
            REG     0000H     0008H     ABSOLUTE     "REG BANK 0"
            DATA    0008H     000EH     UNIT         ?DT?_SEND_OFFSET_VALUES?SENSOR
            DATA    0016H     0008H     UNIT         ?DT?_SEND_PACKET_FROM_HOST_TO_COMPUTER?SENSOR
            DATA    001EH     0002H     UNIT         ?DT?HAL_W2_ISR
            DATA    0020H     0001H     BIT_ADDR     ?BA?SENSOR
            BIT     0021H.0   0000H.1   UNIT         ?BI?SENSOR
                    0021H.1   0000H.7                *** GAP ***
            DATA    0022H     001BH     UNIT         _DATA_GROUP_
            DATA    003DH     0007H     UNIT         ?DT?_SEND_PACKET_TO_COMPUTER?SENSOR
            DATA    0044H     0007H     UNIT         ?DT?HAL_W2_WAIT_DATA_READY?HAL_W2_ISR
            DATA    004BH     0007H     UNIT         ?DT?_I2C_MPU_READBIT?HAL_W2_ISR
            DATA    0052H     0006H     UNIT         ?DT?_SEND_PACKET_TO_HOST?SENSOR
            DATA    0058H     0006H     UNIT         ?DT?_REDIRECT_RF_PKT_TO_SERIAL?SENSOR
            DATA    005EH     0006H     UNIT         ?DT?HAL_UART
            DATA    0064H     0006H     UNIT         ?DT?_HAL_W2_WRITE?HAL_W2_ISR
            DATA    006AH     0006H     UNIT         ?DT?_HAL_W2_READ?HAL_W2_ISR
            DATA    0070H     0003H     UNIT         ?DT?_HAL_UART_PUTSTRING?SENSOR
            IDATA   0073H     0010H     UNIT         ?ID?HAL_UART
            IDATA   0083H     0001H     UNIT         ?STACK
BL51 BANKED LINKER/LOCATER V6.22                                                      04/29/2017  17:33:21  PAGE 2



            * * * * * * *  X D A T A   M E M O R Y  * * * * * * *
            XDATA   0000H     0289H     UNIT         ?XD?SENSOR
            XDATA   0289H     00BEH     UNIT         _XDATA_GROUP_
            XDATA   0347H     0012H     UNIT         ?XD?_GETMOTION6_VARIABLES?SENSOR
            XDATA   0359H     0008H     UNIT         ?XD?INIT_MEM
            XDATA   0361H     0006H     UNIT         ?XD?_DMPGETQUATERNION_INT16?SENSOR
            XDATA   0367H     0006H     UNIT         ?XD?_DMPGETPACKET16BITS?SENSOR
            XDATA   036DH     0002H     UNIT         ?XD?_GETMOTION6_PACKET?SENSOR

            * * * * * * *   C O D E   M E M O R Y   * * * * * * *
            CODE    0000H     0003H     ABSOLUTE     
            CODE    0003H     0020H     UNIT         ?PR?_WRITEPROGMEMORYBLOCK?SENSOR
            CODE    0023H     0003H     ABSOLUTE     
            CODE    0026H     0025H     UNIT         ?PR?_HAL_UART_PUTSTRING?SENSOR
            CODE    004BH     0003H     ABSOLUTE     
            CODE    004EH     0003H     UNIT         ?PR?HAL_UART_CHARS_AVAILABLE?HAL_UART
                    0051H     0002H                  *** GAP ***
            CODE    0053H     0003H     ABSOLUTE     
            CODE    0056H     087DH     UNIT         ?CO?SENSOR
            CODE    08D3H     04F7H     UNIT         ?PR?DMPINITIALIZE?SENSOR
            CODE    0DCAH     03BDH     UNIT         ?C?LIB_CODE
            CODE    1187H     0319H     UNIT         ?PR?_SEND_INERTIAL_PACKET_BY_RF?SENSOR
            CODE    14A0H     02D6H     UNIT         ?PR?_DMPGETPACKET16BITS?SENSOR
            CODE    1776H     0297H     UNIT         ?PR?_WRITEDMPCONFIGURATIONSET?SENSOR
            CODE    1A0DH     0268H     UNIT         ?PR?_WRITEMEMORYBLOCK?SENSOR
            CODE    1C75H     010FH     UNIT         ?PR?INITIAL_SETUP_DMP?SENSOR
            CODE    1D84H     0104H     UNIT         ?PR?_FREE?FREE
            CODE    1E88H     00F7H     UNIT         ?PR?_READMEMORYBLOCK?SENSOR
            CODE    1F7FH     00E2H     UNIT         ?PR?_DMPGETQUATERNION_INT16?SENSOR
            CODE    2061H     00CFH     UNIT         ?PR?_GETMOTION6_PACKET?SENSOR
            CODE    2130H     00BFH     UNIT         ?PR?_GETMOTION6_VARIABLES?SENSOR
            CODE    21EFH     00A5H     UNIT         ?PR?_RF_INIT?SENSOR
            CODE    2294H     009CH     UNIT         ?PR?_MALLOC?MALLOC
            CODE    2330H     008EH     UNIT         ?PR?_SEND_OFFSET_VALUES?SENSOR
            CODE    23BEH     008CH     UNIT         ?C_C51STARTUP
            CODE    244AH     0088H     UNIT         ?PR?MAIN?SENSOR
            CODE    24D2H     0085H     UNIT         ?PR?RF_IRQ?SENSOR
            CODE    2557H     0083H     UNIT         ?PR?HAL_W2_SOFT_RESET?HAL_W2_ISR
            CODE    25DAH     0078H     UNIT         ?PR?_REALLOC?REALLOC
            CODE    2652H     0068H     UNIT         ?PR?_I2C_MPU_READBYTES?HAL_W2_ISR
            CODE    26BAH     0063H     UNIT         ?PR?_I2C_MPU_WRITEBITS?HAL_W2_ISR
            CODE    271DH     0063H     UNIT         ?PR?_I2C_MPU_WRITEWORDS?HAL_W2_ISR
            CODE    2780H     005CH     UNIT         ?PR?SETUP?SENSOR
            CODE    27DCH     005AH     UNIT         ?C_INITSEG
            CODE    2836H     0058H     UNIT         ?PR?_I2C_MPU_READBITS?HAL_W2_ISR
            CODE    288EH     0057H     UNIT         ?PR?_SEND_PACKET_TO_HOST?SENSOR
            CODE    28E5H     0050H     UNIT         ?PR?_SEND_PACKET_TO_COMPUTER?SENSOR
            CODE    2935H     0050H     UNIT         ?PR?_SEND_PACKET_FROM_HOST_TO_COMPUTER?SENSOR
            CODE    2985H     004EH     UNIT         ?PR?_I2C_MPU_WRITEBIT?HAL_W2_ISR
            CODE    29D3H     004DH     UNIT         ?PR?_HAL_W2_READ?HAL_W2_ISR
            CODE    2A20H     004CH     UNIT         ?PR?_GETFIFOBYTES?SENSOR
            CODE    2A6CH     0049H     UNIT         ?PR?UART0_ISR?HAL_UART
            CODE    2AB5H     0046H     UNIT         ?PR?_HAL_UART_INIT?HAL_UART
            CODE    2AFBH     0044H     UNIT         ?PR?_REDIRECT_RF_PKT_TO_SERIAL?SENSOR
            CODE    2B3FH     003FH     UNIT         ?PR?_I2C_MPU_WRITEBYTES?HAL_W2_ISR
            CODE    2B7EH     003CH     UNIT         ?PR?_INIT_MEMPOOL?INIT_MEM
BL51 BANKED LINKER/LOCATER V6.22                                                      04/29/2017  17:33:21  PAGE 3


            CODE    2BBAH     003BH     UNIT         ?PR?I2C_IRQ?SENSOR
            CODE    2BF5H     003AH     UNIT         ?PR?_HAL_W2_WRITE?HAL_W2_ISR
            CODE    2C2FH     0032H     UNIT         ?PR?_SPI_WRITE_BUF?SENSOR
            CODE    2C61H     0032H     UNIT         ?PR?_TX_MODE_NOACK?SENSOR
            CODE    2C93H     0031H     UNIT         ?PR?_SPI_READ_BUF?SENSOR
            CODE    2CC4H     002CH     UNIT         ?PR?DATAACQ?SENSOR
            CODE    2CF0H     0027H     UNIT         ?PR?HAL_W2_WAIT_DATA_READY?HAL_W2_ISR
            CODE    2D17H     0024H     UNIT         ?PR?_HAL_UART_PUTCHAR?HAL_UART
            CODE    2D3BH     0024H     UNIT         ?PR?_I2C_MPU_READBIT?HAL_W2_ISR
            CODE    2D5FH     0023H     UNIT         ?PR?MPU_TESTCONNECTION?SENSOR
            CODE    2D82H     0023H     UNIT         ?PR?_SETMEMORYBANK?SENSOR
            CODE    2DA5H     0021H     UNIT         ?PR?_HAL_W2_CONFIGURE_MASTER?HAL_W2_ISR
            CODE    2DC6H     001DH     UNIT         ?PR?GETXACCELOFFSET?SENSOR
            CODE    2DE3H     001DH     UNIT         ?PR?GETYACCELOFFSET?SENSOR
            CODE    2E00H     001DH     UNIT         ?PR?GETZACCELOFFSET?SENSOR
            CODE    2E1DH     001DH     UNIT         ?PR?GETXGYROOFFSET?SENSOR
            CODE    2E3AH     001DH     UNIT         ?PR?GETYGYROOFFSET?SENSOR
            CODE    2E57H     001DH     UNIT         ?PR?GETZGYROOFFSET?SENSOR
            CODE    2E74H     001DH     UNIT         ?PR?GETFIFOCOUNT?SENSOR
            CODE    2E91H     001BH     UNIT         ?PR?GETXGYROOFFSETTC?SENSOR
            CODE    2EACH     001BH     UNIT         ?PR?GETYGYROOFFSETTC?SENSOR
            CODE    2EC7H     001BH     UNIT         ?PR?GETZGYROOFFSETTC?SENSOR
            CODE    2EE2H     001AH     UNIT         ?PR?_SETSLAVEADDRESS?SENSOR
            CODE    2EFCH     001AH     UNIT         ?PR?_DELAY_US?HAL_DELAY
            CODE    2F16H     0019H     UNIT         ?PR?HAL_UART_GETCHAR?HAL_UART
            CODE    2F2FH     0018H     UNIT         ?PR?GETFIFOENABLED?SENSOR
            CODE    2F47H     0017H     UNIT         ?PR?GETOTPBANKVALID?SENSOR
            CODE    2F5EH     0016H     UNIT         ?PR?_HAL_W2_INIT_TRANSFER?HAL_W2_ISR
            CODE    2F74H     0015H     UNIT         ?PR?_SEND_RF_COMMAND_WITH_ARG?SENSOR
            CODE    2F89H     0014H     UNIT         ?PR?MPU_INITIALIZE?SENSOR
            CODE    2F9DH     0014H     UNIT         ?PR?_DELAY_MS?HAL_DELAY
            CODE    2FB1H     0013H     UNIT         ?PR?_SPI_RW_REG?SENSOR
            CODE    2FC4H     0013H     UNIT         ?PR?GETINTSTATUS?SENSOR
            CODE    2FD7H     0013H     UNIT         ?PR?GETDMPCONFIG1?SENSOR
            CODE    2FEAH     0013H     UNIT         ?PR?GETDMPCONFIG2?SENSOR
            CODE    2FFDH     0013H     UNIT         ?PR?GETMOTIONDETECTIONTHRESHOLD?SENSOR
            CODE    3010H     0013H     UNIT         ?PR?GETZEROMOTIONDETECTIONTHRESHOLD?SENSOR
            CODE    3023H     0013H     UNIT         ?PR?GETMOTIONDETECTIONDURATION?SENSOR
            CODE    3036H     0013H     UNIT         ?PR?GETZEROMOTIONDETECTIONDURATION?SENSOR
            CODE    3049H     0013H     UNIT         ?PR?INICIARIO?SENSOR
            CODE    305CH     0013H     UNIT         ?PR?_I2C_MPU_WRITEWORD?HAL_W2_ISR
            CODE    306FH     0012H     UNIT         ?PR?_SEND_RF_COMMAND?SENSOR
            CODE    3081H     0012H     UNIT         ?PR?_I2C_MPU_READBYTE?HAL_W2_ISR
            CODE    3093H     0011H     UNIT         ?PR?RX_MODE?SENSOR
            CODE    30A4H     0011H     UNIT         ?PR?HAL_W2_WAIT_DATA_READY_ISR?HAL_W2_ISR
            CODE    30B5H     0011H     UNIT         ?PR?_I2C_MPU_WRITEBYTE?HAL_W2_ISR
            CODE    30C6H     000EH     UNIT         ?PR?_SETCLOCKSOURCE?SENSOR
            CODE    30D4H     000EH     UNIT         ?PR?_SETFULLSCALEGYRORANGE?SENSOR
            CODE    30E2H     000EH     UNIT         ?PR?_SETFULLSCALEACCELRANGE?SENSOR
            CODE    30F0H     000EH     UNIT         ?PR?_SETMEMORYSTARTADDRESS?SENSOR
            CODE    30FEH     000EH     UNIT         ?PR?_SETEXTERNALFRAMESYNC?SENSOR
            CODE    310CH     000EH     UNIT         ?PR?_SETDLPFMODE?SENSOR
            CODE    311AH     000EH     UNIT         ?PR?_SETXGYROOFFSETTC?SENSOR
            CODE    3128H     000EH     UNIT         ?PR?_SETYGYROOFFSETTC?SENSOR
            CODE    3136H     000EH     UNIT         ?PR?_SETZGYROOFFSETTC?SENSOR
            CODE    3144H     000EH     UNIT         ?PR?_HAL_W2_SET_CLK_FREQ?HAL_W2_ISR
            CODE    3152H     000DH     UNIT         ?PR?_SPI_READ?SENSOR
BL51 BANKED LINKER/LOCATER V6.22                                                      04/29/2017  17:33:21  PAGE 4


            CODE    315FH     000CH     UNIT         ?PR?RESETFIFO?SENSOR
            CODE    316BH     000CH     UNIT         ?PR?I2C_MPU_RESET?SENSOR
            CODE    3177H     000CH     UNIT         ?PR?RESETI2CMASTER?SENSOR
            CODE    3183H     000CH     UNIT         ?PR?RESETDMP?SENSOR
            CODE    318FH     000BH     UNIT         ?PR?MPU_8051_MALLOC_SETUP?SENSOR
            CODE    319AH     000BH     UNIT         ?PR?_SETSLEEPENABLED?SENSOR
            CODE    31A5H     000BH     UNIT         ?PR?_SETXACCELOFFSET?SENSOR
            CODE    31B0H     000BH     UNIT         ?PR?_SETYACCELOFFSET?SENSOR
            CODE    31BBH     000BH     UNIT         ?PR?_SETZACCELOFFSET?SENSOR
            CODE    31C6H     000BH     UNIT         ?PR?_SETXGYROOFFSET?SENSOR
            CODE    31D1H     000BH     UNIT         ?PR?_SETYGYROOFFSET?SENSOR
            CODE    31DCH     000BH     UNIT         ?PR?_SETZGYROOFFSET?SENSOR
            CODE    31E7H     000BH     UNIT         ?PR?_SETDMPENABLED?SENSOR
            CODE    31F2H     000BH     UNIT         ?PR?_SETI2CMASTERMODEENABLED?SENSOR
            CODE    31FDH     000BH     UNIT         ?PR?_SETFIFOENABLED?SENSOR
            CODE    3208H     000BH     UNIT         ?PR?_HAL_W2_RESPOND_TO_GEN_ADR?HAL_W2_ISR
            CODE    3213H     000BH     UNIT         ?PR?_HAL_W2_ALTER_CLOCK?HAL_W2_ISR
            CODE    321EH     000BH     UNIT         ?PR?_HAL_W2_IRQ_STOP_COND_ENABLE?HAL_W2_ISR
            CODE    3229H     000BH     UNIT         ?PR?_HAL_W2_IRQ_ADR_MATCH_ENABLE?HAL_W2_ISR
            CODE    3234H     000BH     UNIT         ?PR?_HAL_W2_SET_OP_MODE?HAL_W2_ISR
            CODE    323FH     000BH     UNIT         ?PR?_HAL_W2_ENABLE?HAL_W2_ISR
            CODE    324AH     000BH     UNIT         ?PR?_HAL_W2_ALL_IRQ_ENABLE?HAL_W2_ISR
            CODE    3255H     000AH     UNIT         ?PR?_SPI_RW?SENSOR
            CODE    325FH     000AH     UNIT         ?PR?_WRITEPROGDMPCONFIGURATIONSET?SENSOR
            CODE    3269H     000AH     UNIT         ?PR?_SETOTPBANKVALID?SENSOR
            CODE    3273H     000AH     UNIT         ?PR?HAL_UART_TX_COMPLETE?HAL_UART
            CODE    327DH     000AH     UNIT         ?PR?I2C_IRQ_HANDLER?HAL_W2_ISR
            CODE    3287H     0009H     UNIT         ?PR?DMPGETFIFOPACKETSIZE?SENSOR
            CODE    3290H     0009H     UNIT         ?PR?_SETINTENABLED?SENSOR
            CODE    3299H     0009H     UNIT         ?PR?_SETRATE?SENSOR
            CODE    32A2H     0009H     UNIT         ?PR?_SETDMPCONFIG1?SENSOR
            CODE    32ABH     0009H     UNIT         ?PR?_SETDMPCONFIG2?SENSOR
            CODE    32B4H     0009H     UNIT         ?PR?_SETMOTIONDETECTIONTHRESHOLD?SENSOR
            CODE    32BDH     0009H     UNIT         ?PR?_SETZEROMOTIONDETECTIONTHRESHOLD?SENSOR
            CODE    32C6H     0009H     UNIT         ?PR?_SETMOTIONDETECTIONDURATION?SENSOR
            CODE    32CFH     0009H     UNIT         ?PR?_SETZEROMOTIONDETECTIONDURATION?SENSOR
            CODE    32D8H     0006H     UNIT         ?PR?_HAL_W2_SET_SLAVE_ADDRESS?HAL_W2_ISR



OVERLAY MAP OF MODULE:   .\Objects\sensor_project (SENSOR)


SEGMENT                                            DATA_GROUP          XDATA_GROUP
  +--> CALLED SEGMENT                            START    LENGTH     START    LENGTH
------------------------------------------------------------------------------------
?PR?RF_IRQ?SENSOR                                -----    -----      -----    -----
  +--> ?PR?_SPI_READ?SENSOR
  +--> ?PR?_SPI_READ_BUF?SENSOR
  +--> ?PR?_SPI_RW_REG?SENSOR

?PR?_SPI_READ?SENSOR                             -----    -----      -----    -----
  +--> ?PR?_SPI_RW?SENSOR

?PR?_SPI_READ_BUF?SENSOR                         0022H    0005H      -----    -----
  +--> ?PR?_SPI_RW?SENSOR

BL51 BANKED LINKER/LOCATER V6.22                                                      04/29/2017  17:33:21  PAGE 5


?PR?_SPI_RW_REG?SENSOR                           -----    -----      -----    -----
  +--> ?PR?_SPI_RW?SENSOR

*** NEW ROOT ***************************************************

?PR?I2C_IRQ?SENSOR                               -----    -----      -----    -----
  +--> ?PR?I2C_IRQ_HANDLER?HAL_W2_ISR

*** NEW ROOT ***************************************************

?C_C51STARTUP                                    -----    -----      -----    -----
  +--> ?PR?MAIN?SENSOR
  +--> ?C_INITSEG

?PR?MAIN?SENSOR                                  -----    -----      -----    -----
  +--> ?PR?SETUP?SENSOR
  +--> ?PR?DATAACQ?SENSOR
  +--> ?PR?_SEND_RF_COMMAND_WITH_ARG?SENSOR
  +--> ?PR?_SEND_INERTIAL_PACKET_BY_RF?SENSOR
  +--> ?PR?_DELAY_MS?HAL_DELAY

?PR?SETUP?SENSOR                                 -----    -----      -----    -----
  +--> ?PR?INICIARIO?SENSOR
  +--> ?PR?_DELAY_MS?HAL_DELAY
  +--> ?CO?SENSOR
  +--> ?PR?_RF_INIT?SENSOR
  +--> ?PR?_HAL_W2_CONFIGURE_MASTER?HAL_W2_ISR
  +--> ?PR?INITIAL_SETUP_DMP?SENSOR

?PR?_DELAY_MS?HAL_DELAY                          -----    -----      -----    -----
  +--> ?PR?_DELAY_US?HAL_DELAY

?PR?_RF_INIT?SENSOR                              0027H    0009H      -----    -----
  +--> ?PR?_SPI_WRITE_BUF?SENSOR
  +--> ?PR?_SPI_RW_REG?SENSOR
  +--> ?PR?RX_MODE?SENSOR

?PR?_SPI_WRITE_BUF?SENSOR                        0030H    0005H      -----    -----
  +--> ?PR?_SPI_RW?SENSOR

?PR?RX_MODE?SENSOR                               -----    -----      -----    -----
  +--> ?PR?_SPI_RW_REG?SENSOR

?PR?_HAL_W2_CONFIGURE_MASTER?HAL_W2_ISR          -----    -----      -----    -----
  +--> ?PR?_HAL_W2_ENABLE?HAL_W2_ISR
  +--> ?PR?_HAL_W2_SET_CLK_FREQ?HAL_W2_ISR
  +--> ?PR?_HAL_W2_SET_OP_MODE?HAL_W2_ISR
  +--> ?PR?_HAL_W2_ALL_IRQ_ENABLE?HAL_W2_ISR

?PR?INITIAL_SETUP_DMP?SENSOR                     -----    -----      0289H    0001H
  +--> ?PR?_DELAY_MS?HAL_DELAY
  +--> ?PR?MPU_8051_MALLOC_SETUP?SENSOR
  +--> ?PR?MPU_TESTCONNECTION?SENSOR
  +--> ?PR?MPU_INITIALIZE?SENSOR
  +--> ?PR?DMPINITIALIZE?SENSOR
  +--> ?PR?_SETDMPENABLED?SENSOR
  +--> ?PR?_SETXACCELOFFSET?SENSOR
BL51 BANKED LINKER/LOCATER V6.22                                                      04/29/2017  17:33:21  PAGE 6


  +--> ?PR?_SETYACCELOFFSET?SENSOR
  +--> ?PR?_SETZACCELOFFSET?SENSOR
  +--> ?PR?_SETXGYROOFFSET?SENSOR
  +--> ?PR?_SETYGYROOFFSET?SENSOR
  +--> ?PR?_SETZGYROOFFSET?SENSOR

?PR?MPU_8051_MALLOC_SETUP?SENSOR                 -----    -----      -----    -----
  +--> ?PR?_INIT_MEMPOOL?INIT_MEM

?PR?MPU_TESTCONNECTION?SENSOR                    -----    -----      -----    -----
  +--> ?PR?_I2C_MPU_READBITS?HAL_W2_ISR

?PR?_I2C_MPU_READBITS?HAL_W2_ISR                 0027H    0009H      -----    -----
  +--> ?PR?_I2C_MPU_READBYTE?HAL_W2_ISR

?PR?_I2C_MPU_READBYTE?HAL_W2_ISR                 0030H    0003H      -----    -----
  +--> ?PR?_I2C_MPU_READBYTES?HAL_W2_ISR

?PR?_I2C_MPU_READBYTES?HAL_W2_ISR                0033H    0008H      -----    -----
  +--> ?PR?_HAL_W2_INIT_TRANSFER?HAL_W2_ISR
  +--> ?PR?HAL_W2_WAIT_DATA_READY_ISR?HAL_W2...
  +--> ?PR?HAL_W2_SOFT_RESET?HAL_W2_ISR

?PR?_HAL_W2_INIT_TRANSFER?HAL_W2_ISR             -----    -----      -----    -----
  +--> ?PR?HAL_W2_WAIT_DATA_READY_ISR?HAL_W2...

?PR?HAL_W2_SOFT_RESET?HAL_W2_ISR                 003BH    0002H      -----    -----
  +--> ?PR?_DELAY_US?HAL_DELAY

?PR?MPU_INITIALIZE?SENSOR                        -----    -----      -----    -----
  +--> ?PR?_SETCLOCKSOURCE?SENSOR
  +--> ?PR?_SETFULLSCALEGYRORANGE?SENSOR
  +--> ?PR?_SETFULLSCALEACCELRANGE?SENSOR
  +--> ?PR?_SETSLEEPENABLED?SENSOR

?PR?_SETCLOCKSOURCE?SENSOR                       -----    -----      -----    -----
  +--> ?PR?_I2C_MPU_WRITEBITS?HAL_W2_ISR

?PR?_I2C_MPU_WRITEBITS?HAL_W2_ISR                0027H    0007H      -----    -----
  +--> ?PR?_I2C_MPU_READBYTE?HAL_W2_ISR
  +--> ?PR?_I2C_MPU_WRITEBYTE?HAL_W2_ISR

?PR?_I2C_MPU_WRITEBYTE?HAL_W2_ISR                002EH    0001H      -----    -----
  +--> ?PR?_I2C_MPU_WRITEBYTES?HAL_W2_ISR

?PR?_I2C_MPU_WRITEBYTES?HAL_W2_ISR               002FH    0006H      -----    -----
  +--> ?PR?_HAL_W2_INIT_TRANSFER?HAL_W2_ISR
  +--> ?PR?HAL_W2_WAIT_DATA_READY_ISR?HAL_W2...

?PR?_SETFULLSCALEGYRORANGE?SENSOR                -----    -----      -----    -----
  +--> ?PR?_I2C_MPU_WRITEBITS?HAL_W2_ISR

?PR?_SETFULLSCALEACCELRANGE?SENSOR               -----    -----      -----    -----
  +--> ?PR?_I2C_MPU_WRITEBITS?HAL_W2_ISR

?PR?_SETSLEEPENABLED?SENSOR                      -----    -----      -----    -----
  +--> ?PR?_I2C_MPU_WRITEBIT?HAL_W2_ISR
BL51 BANKED LINKER/LOCATER V6.22                                                      04/29/2017  17:33:21  PAGE 7



?PR?_I2C_MPU_WRITEBIT?HAL_W2_ISR                 0027H    0005H      -----    -----
  +--> ?PR?_I2C_MPU_READBYTE?HAL_W2_ISR
  +--> ?PR?_I2C_MPU_WRITEBYTE?HAL_W2_ISR

?PR?DMPINITIALIZE?SENSOR                         -----    -----      028AH    009BH
  +--> ?PR?I2C_MPU_RESET?SENSOR
  +--> ?PR?_DELAY_MS?HAL_DELAY
  +--> ?PR?_SETSLEEPENABLED?SENSOR
  +--> ?PR?_SETMEMORYBANK?SENSOR
  +--> ?PR?_SETMEMORYSTARTADDRESS?SENSOR
  +--> ?PR?GETXGYROOFFSETTC?SENSOR
  +--> ?PR?GETYGYROOFFSETTC?SENSOR
  +--> ?PR?GETZGYROOFFSETTC?SENSOR
  +--> ?PR?_SETSLAVEADDRESS?SENSOR
  +--> ?PR?_SETI2CMASTERMODEENABLED?SENSOR
  +--> ?PR?RESETI2CMASTER?SENSOR
  +--> ?CO?SENSOR
  +--> ?PR?_WRITEPROGMEMORYBLOCK?SENSOR
  +--> ?PR?_WRITEPROGDMPCONFIGURATIONSET?SENSOR
  +--> ?PR?_SETCLOCKSOURCE?SENSOR
  +--> ?PR?_SETINTENABLED?SENSOR
  +--> ?PR?_SETRATE?SENSOR
  +--> ?PR?_I2C_MPU_READBYTE?HAL_W2_ISR
  +--> ?PR?_I2C_MPU_WRITEBYTE?HAL_W2_ISR
  +--> ?PR?_SETDLPFMODE?SENSOR
  +--> ?PR?_SETFULLSCALEGYRORANGE?SENSOR
  +--> ?PR?_SETDMPCONFIG1?SENSOR
  +--> ?PR?_SETDMPCONFIG2?SENSOR
  +--> ?PR?_SETOTPBANKVALID?SENSOR
  +--> ?PR?_WRITEMEMORYBLOCK?SENSOR
  +--> ?PR?RESETFIFO?SENSOR
  +--> ?PR?GETFIFOCOUNT?SENSOR
  +--> ?PR?_GETFIFOBYTES?SENSOR
  +--> ?PR?_SETMOTIONDETECTIONTHRESHOLD?SENSOR
  +--> ?PR?_SETZEROMOTIONDETECTIONTHRESHOLD?...
  +--> ?PR?_SETMOTIONDETECTIONDURATION?SENSOR
  +--> ?PR?_SETZEROMOTIONDETECTIONDURATION?S...
  +--> ?PR?_SETFIFOENABLED?SENSOR
  +--> ?PR?_SETDMPENABLED?SENSOR
  +--> ?PR?RESETDMP?SENSOR
  +--> ?PR?_READMEMORYBLOCK?SENSOR
  +--> ?PR?GETINTSTATUS?SENSOR

?PR?I2C_MPU_RESET?SENSOR                         -----    -----      -----    -----
  +--> ?PR?_I2C_MPU_WRITEBIT?HAL_W2_ISR

?PR?_SETMEMORYBANK?SENSOR                        -----    -----      -----    -----
  +--> ?PR?_I2C_MPU_WRITEBYTE?HAL_W2_ISR

?PR?_SETMEMORYSTARTADDRESS?SENSOR                -----    -----      -----    -----
  +--> ?PR?_I2C_MPU_WRITEBYTE?HAL_W2_ISR

?PR?GETXGYROOFFSETTC?SENSOR                      -----    -----      -----    -----
  +--> ?PR?_I2C_MPU_READBITS?HAL_W2_ISR

?PR?GETYGYROOFFSETTC?SENSOR                      -----    -----      -----    -----
BL51 BANKED LINKER/LOCATER V6.22                                                      04/29/2017  17:33:21  PAGE 8


  +--> ?PR?_I2C_MPU_READBITS?HAL_W2_ISR

?PR?GETZGYROOFFSETTC?SENSOR                      -----    -----      -----    -----
  +--> ?PR?_I2C_MPU_READBITS?HAL_W2_ISR

?PR?_SETSLAVEADDRESS?SENSOR                      -----    -----      -----    -----
  +--> ?PR?_I2C_MPU_WRITEBYTE?HAL_W2_ISR

?PR?_SETI2CMASTERMODEENABLED?SENSOR              -----    -----      -----    -----
  +--> ?PR?_I2C_MPU_WRITEBIT?HAL_W2_ISR

?PR?RESETI2CMASTER?SENSOR                        -----    -----      -----    -----
  +--> ?PR?_I2C_MPU_WRITEBIT?HAL_W2_ISR

?PR?_WRITEPROGMEMORYBLOCK?SENSOR                 -----    -----      0325H    0008H
  +--> ?PR?_WRITEMEMORYBLOCK?SENSOR

?PR?_WRITEMEMORYBLOCK?SENSOR                     -----    -----      0335H    0012H
  +--> ?PR?_SETMEMORYBANK?SENSOR
  +--> ?PR?_SETMEMORYSTARTADDRESS?SENSOR
  +--> ?PR?_MALLOC?MALLOC
  +--> ?PR?_I2C_MPU_WRITEBYTES?HAL_W2_ISR
  +--> ?PR?_I2C_MPU_READBYTES?HAL_W2_ISR
  +--> ?PR?_FREE?FREE

?PR?_MALLOC?MALLOC                               002FH    0004H      -----    -----

?PR?_FREE?FREE                                   002FH    0004H      -----    -----

?PR?_WRITEPROGDMPCONFIGURATIONSET?SENSOR         -----    -----      -----    -----
  +--> ?PR?_WRITEDMPCONFIGURATIONSET?SENSOR

?PR?_WRITEDMPCONFIGURATIONSET?SENSOR             -----    -----      0325H    0010H
  +--> ?PR?_MALLOC?MALLOC
  +--> ?PR?_REALLOC?REALLOC
  +--> ?PR?_WRITEMEMORYBLOCK?SENSOR
  +--> ?PR?_I2C_MPU_WRITEBYTE?HAL_W2_ISR
  +--> ?PR?_FREE?FREE

?PR?_REALLOC?REALLOC                             0027H    0008H      -----    -----
  +--> ?PR?_MALLOC?MALLOC
  +--> ?PR?_FREE?FREE

?PR?_SETINTENABLED?SENSOR                        -----    -----      -----    -----
  +--> ?PR?_I2C_MPU_WRITEBYTE?HAL_W2_ISR

?PR?_SETRATE?SENSOR                              -----    -----      -----    -----
  +--> ?PR?_I2C_MPU_WRITEBYTE?HAL_W2_ISR

?PR?_SETDLPFMODE?SENSOR                          -----    -----      -----    -----
  +--> ?PR?_I2C_MPU_WRITEBITS?HAL_W2_ISR

?PR?_SETDMPCONFIG1?SENSOR                        -----    -----      -----    -----
  +--> ?PR?_I2C_MPU_WRITEBYTE?HAL_W2_ISR

?PR?_SETDMPCONFIG2?SENSOR                        -----    -----      -----    -----
  +--> ?PR?_I2C_MPU_WRITEBYTE?HAL_W2_ISR
BL51 BANKED LINKER/LOCATER V6.22                                                      04/29/2017  17:33:21  PAGE 9



?PR?_SETOTPBANKVALID?SENSOR                      -----    -----      -----    -----
  +--> ?PR?_I2C_MPU_WRITEBIT?HAL_W2_ISR

?PR?RESETFIFO?SENSOR                             -----    -----      -----    -----
  +--> ?PR?_I2C_MPU_WRITEBIT?HAL_W2_ISR

?PR?GETFIFOCOUNT?SENSOR                          -----    -----      -----    -----
  +--> ?PR?_I2C_MPU_READBYTES?HAL_W2_ISR

?PR?_GETFIFOBYTES?SENSOR                         -----    -----      0325H    0003H
  +--> ?PR?_I2C_MPU_READBYTES?HAL_W2_ISR

?PR?_SETMOTIONDETECTIONTHRESHOLD?SENSOR          -----    -----      -----    -----
  +--> ?PR?_I2C_MPU_WRITEBYTE?HAL_W2_ISR

?PR?_SETZEROMOTIONDETECTIONTHRESHOLD?...         -----    -----      -----    -----
  +--> ?PR?_I2C_MPU_WRITEBYTE?HAL_W2_ISR

?PR?_SETMOTIONDETECTIONDURATION?SENSOR           -----    -----      -----    -----
  +--> ?PR?_I2C_MPU_WRITEBYTE?HAL_W2_ISR

?PR?_SETZEROMOTIONDETECTIONDURATION?S...         -----    -----      -----    -----
  +--> ?PR?_I2C_MPU_WRITEBYTE?HAL_W2_ISR

?PR?_SETFIFOENABLED?SENSOR                       -----    -----      -----    -----
  +--> ?PR?_I2C_MPU_WRITEBIT?HAL_W2_ISR

?PR?_SETDMPENABLED?SENSOR                        -----    -----      -----    -----
  +--> ?PR?_I2C_MPU_WRITEBIT?HAL_W2_ISR

?PR?RESETDMP?SENSOR                              -----    -----      -----    -----
  +--> ?PR?_I2C_MPU_WRITEBIT?HAL_W2_ISR

?PR?_READMEMORYBLOCK?SENSOR                      -----    -----      0325H    000AH
  +--> ?PR?_SETMEMORYBANK?SENSOR
  +--> ?PR?_SETMEMORYSTARTADDRESS?SENSOR
  +--> ?PR?_I2C_MPU_READBYTES?HAL_W2_ISR

?PR?GETINTSTATUS?SENSOR                          -----    -----      -----    -----
  +--> ?PR?_I2C_MPU_READBYTE?HAL_W2_ISR

?PR?_SETXACCELOFFSET?SENSOR                      -----    -----      -----    -----
  +--> ?PR?_I2C_MPU_WRITEWORD?HAL_W2_ISR

?PR?_I2C_MPU_WRITEWORD?HAL_W2_ISR                0027H    0002H      -----    -----
  +--> ?PR?_I2C_MPU_WRITEWORDS?HAL_W2_ISR

?PR?_I2C_MPU_WRITEWORDS?HAL_W2_ISR               0029H    0006H      -----    -----
  +--> ?PR?_HAL_W2_INIT_TRANSFER?HAL_W2_ISR
  +--> ?PR?HAL_W2_WAIT_DATA_READY_ISR?HAL_W2...

?PR?_SETYACCELOFFSET?SENSOR                      -----    -----      -----    -----
  +--> ?PR?_I2C_MPU_WRITEWORD?HAL_W2_ISR

?PR?_SETZACCELOFFSET?SENSOR                      -----    -----      -----    -----
  +--> ?PR?_I2C_MPU_WRITEWORD?HAL_W2_ISR
BL51 BANKED LINKER/LOCATER V6.22                                                      04/29/2017  17:33:21  PAGE 10



?PR?_SETXGYROOFFSET?SENSOR                       -----    -----      -----    -----
  +--> ?PR?_I2C_MPU_WRITEWORD?HAL_W2_ISR

?PR?_SETYGYROOFFSET?SENSOR                       -----    -----      -----    -----
  +--> ?PR?_I2C_MPU_WRITEWORD?HAL_W2_ISR

?PR?_SETZGYROOFFSET?SENSOR                       -----    -----      -----    -----
  +--> ?PR?_I2C_MPU_WRITEWORD?HAL_W2_ISR

?PR?DATAACQ?SENSOR                               -----    -----      -----    -----
  +--> ?PR?_SEND_INERTIAL_PACKET_BY_RF?SENSOR

?PR?_SEND_INERTIAL_PACKET_BY_RF?SENSOR           0027H    0005H      -----    -----
  +--> ?PR?_TX_MODE_NOACK?SENSOR
  +--> ?PR?RX_MODE?SENSOR

?PR?_TX_MODE_NOACK?SENSOR                        002CH    0002H      -----    -----
  +--> ?PR?_SPI_RW_REG?SENSOR
  +--> ?CO?SENSOR
  +--> ?PR?_SPI_WRITE_BUF?SENSOR

?PR?_SEND_RF_COMMAND_WITH_ARG?SENSOR             -----    -----      -----    -----
  +--> ?PR?_TX_MODE_NOACK?SENSOR
  +--> ?PR?RX_MODE?SENSOR



SYMBOL TABLE OF MODULE:  .\Objects\sensor_project (SENSOR)

  VALUE           TYPE          NAME
  ----------------------------------

  -------         MODULE        SENSOR
  C:0000H         SYMBOL        _ICE_DUMMY_
  D:0080H         PUBLIC        P0
  D:0090H         PUBLIC        P1
  D:00A0H         PUBLIC        P2
  D:00B0H         PUBLIC        P3
  X:0000H         PUBLIC        numbPackets
  X:0001H         PUBLIC        fifoBuffer
  C:3287H         PUBLIC        dmpGetFIFOPacketSize
  B:00A8H.7       PUBLIC        EA
  C:3183H         PUBLIC        resetDMP
  X:0041H         PUBLIC        rx_buf
  C:1E88H         PUBLIC        _readMemoryBlock
  C:2BBAH         PUBLIC        I2C_IRQ
  X:0061H         PUBLIC        tx_buf
  C:2330H         PUBLIC        _send_offset_values
  D:00A8H         PUBLIC        IEN0
  D:00B8H         PUBLIC        IEN1
  C:2D5FH         PUBLIC        mpu_testConnection
  C:3093H         PUBLIC        RX_Mode
  C:2CC4H         PUBLIC        DataAcq
  C:2130H         PUBLIC        _getMotion6_variables
  C:2FFDH         PUBLIC        getMotionDetectionThreshold
  X:0081H         PUBLIC        malloc_memory_pool
BL51 BANKED LINKER/LOCATER V6.22                                                      04/29/2017  17:33:21  PAGE 11


  C:2F2FH         PUBLIC        getFIFOEnabled
  C:2EE2H         PUBLIC        _setSlaveAddress
  B:00B8H.1       PUBLIC        RF
  D:00E7H         PUBLIC        SPIRDAT
  C:1A30H         PUBLIC        _writeMemoryBlock
  B:0021H.0       PUBLIC        newPayload
  C:30E2H         PUBLIC        _setFullScaleAccelRange
  C:07E4H         PUBLIC        dmpConfig
  C:08A4H         PUBLIC        dmpUpdates
  X:0275H         PUBLIC        packet_type
  B:0020H.6       PUBLIC        RX_DR
  B:00E8H.0       PUBLIC        RFCE
  C:1776H         PUBLIC        _writeDMPConfigurationSet
  C:32B4H         PUBLIC        _setMotionDetectionThreshold
  C:28E5H         PUBLIC        _send_packet_to_computer
  C:31FDH         PUBLIC        _setFIFOEnabled
  B:0020H.5       PUBLIC        TX_DS
  C:30FEH         PUBLIC        _setExternalFrameSync
  C:244AH         PUBLIC        main
  C:1C75H         PUBLIC        initial_setup_dmp
  C:1F7FH         PUBLIC        _dmpGetQuaternion_int16
  C:2F47H         PUBLIC        getOTPBankValid
  C:30F5H         PUBLIC        _setMemoryStartAddress
  C:2E1DH         PUBLIC        getXGyroOffset
  C:306FH         PUBLIC        _send_rf_command
  C:3290H         PUBLIC        _setIntEnabled
  C:2E3AH         PUBLIC        getYGyroOffset
  C:2E57H         PUBLIC        getZGyroOffset
  C:0026H         PUBLIC        _hal_uart_putstring
  C:3023H         PUBLIC        getMotionDetectionDuration
  C:2FD7H         PUBLIC        getDMPConfig1
  C:2FEAH         PUBLIC        getDMPConfig2
  C:30C6H         PUBLIC        _setClockSource
  B:0080H.3       PUBLIC        P03
  C:2780H         PUBLIC        setup
  C:3269H         PUBLIC        _setOTPBankValid
  D:0088H         PUBLIC        TCON
  C:0003H         PUBLIC        _writeProgMemoryBlock
  C:31F2H         PUBLIC        _setI2CMasterModeEnabled
  C:31C6H         PUBLIC        _setXGyroOffset
  C:31D1H         PUBLIC        _setYGyroOffset
  C:31DCH         PUBLIC        _setZGyroOffset
  C:3010H         PUBLIC        getZeroMotionDetectionThreshold
  C:316BH         PUBLIC        i2c_mpu_reset
  C:32C6H         PUBLIC        _setMotionDetectionDuration
  B:00E8H.2       PUBLIC        RFCKEN
  C:32A2H         PUBLIC        _setDMPConfig1
  C:0056H         PUBLIC        ADDR_HOST
  C:32ABH         PUBLIC        _setDMPConfig2
  C:325FH         PUBLIC        _writeProgDMPConfigurationSet
  X:0276H         PUBLIC        dmpPacketSize
  C:1187H         PUBLIC        _send_inertial_packet_by_rf
  C:005BH         PUBLIC        dmpMemory
  C:2E91H         PUBLIC        getXGyroOffsetTC
  C:2EACH         PUBLIC        getYGyroOffsetTC
  C:2EC7H         PUBLIC        getZGyroOffsetTC
  C:32BDH         PUBLIC        _setZeroMotionDetectionThreshold
BL51 BANKED LINKER/LOCATER V6.22                                                      04/29/2017  17:33:21  PAGE 12


  D:0020H         PUBLIC        sta
  C:2D8AH         PUBLIC        _setMemoryBank
  C:2C93H         PUBLIC        _SPI_Read_Buf
  C:3152H         PUBLIC        _SPI_Read
  C:315FH         PUBLIC        resetFIFO
  C:311AH         PUBLIC        _setXGyroOffsetTC
  C:3128H         PUBLIC        _setYGyroOffsetTC
  C:2061H         PUBLIC        _getMotion6_packet
  C:3136H         PUBLIC        _setZGyroOffsetTC
  C:3036H         PUBLIC        getZeroMotionDetectionDuration
  C:3177H         PUBLIC        resetI2CMaster
  C:2C2FH         PUBLIC        _SPI_Write_Buf
  C:2935H         PUBLIC        _send_packet_from_host_to_computer
  C:08D3H         PUBLIC        dmpInitialize
  C:3299H         PUBLIC        _setRate
  C:14A0H         PUBLIC        _dmpGetPacket16bits
  C:32CFH         PUBLIC        _setZeroMotionDetectionDuration
  C:31E7H         PUBLIC        _setDMPEnabled
  D:0093H         PUBLIC        P0DIR
  C:2DC6H         PUBLIC        getXAccelOffset
  D:009EH         PUBLIC        P0CON
  D:0094H         PUBLIC        P1DIR
  C:2DE3H         PUBLIC        getYAccelOffset
  C:2C61H         PUBLIC        _TX_Mode_NOACK
  D:009FH         PUBLIC        P1CON
  C:2E00H         PUBLIC        getZAccelOffset
  C:30D4H         PUBLIC        _setFullScaleGyroRange
  D:0098H         PUBLIC        S0CON
  C:2F74H         PUBLIC        _send_rf_command_with_arg
  C:24D2H         PUBLIC        RF_IRQ
  D:00D8H         PUBLIC        ADCON
  D:00C8H         PUBLIC        T2CON
  C:2AFBH         PUBLIC        _redirect_rf_pkt_to_serial
  D:00F8H         PUBLIC        FSR
  C:31A5H         PUBLIC        _setXAccelOffset
  C:2F89H         PUBLIC        mpu_initialize
  B:0020H.4       PUBLIC        MAX_RT
  C:31B0H         PUBLIC        _setYAccelOffset
  C:288EH         PUBLIC        _send_packet_to_host
  C:31BBH         PUBLIC        _setZAccelOffset
  C:21EFH         PUBLIC        _rf_init
  C:2A2CH         PUBLIC        _getFIFOBytes
  X:0278H         PUBLIC        payloadWidth
  C:2E74H         PUBLIC        getFIFOCount
  C:318FH         PUBLIC        mpu_8051_malloc_setup
  C:2FB1H         PUBLIC        _SPI_RW_Reg
  C:3255H         PUBLIC        _SPI_RW
  C:2FC4H         PUBLIC        getIntStatus
  D:00E8H         PUBLIC        RFCON
  C:319AH         PUBLIC        _setSleepEnabled
  D:00D0H         PUBLIC        PSW
  C:3049H         PUBLIC        iniciarIO
  D:00C0H         PUBLIC        IRCON
  C:310CH         PUBLIC        _setDLPFMode
  X:0279H         PUBLIC        dmpPacketBuffer
  X:027BH         PUBLIC        buffer
  B:00E8H.1       PUBLIC        RFCSN
BL51 BANKED LINKER/LOCATER V6.22                                                      04/29/2017  17:33:21  PAGE 13


  D:00E6H         PUBLIC        SPIRSTAT
  -------         PROC          _SPI_RW
  D:0007H         SYMBOL        value
  C:3255H         LINE#         127
  C:3255H         LINE#         128
  C:3257H         LINE#         130
  C:325CH         LINE#         132
  C:325EH         LINE#         133
  -------         ENDPROC       _SPI_RW
  -------         PROC          _SPI_RW_REG
  D:0007H         SYMBOL        reg
  D:0006H         SYMBOL        value
  -------         DO            
  D:0005H         SYMBOL        status
  -------         ENDDO         
  C:2FB1H         LINE#         142
  C:2FB3H         LINE#         145
  C:2FB5H         LINE#         146
  C:2FBAH         LINE#         147
  C:2FBFH         LINE#         148
  C:2FC1H         LINE#         150
  C:2FC3H         LINE#         151
  -------         ENDPROC       _SPI_RW_REG
  -------         PROC          _SPI_READ
  D:0007H         SYMBOL        reg
  -------         DO            
  D:0007H         SYMBOL        reg_val
  -------         ENDDO         
  C:3152H         LINE#         159
  C:3152H         LINE#         162
  C:3154H         LINE#         163
  C:3157H         LINE#         164
  C:315CH         LINE#         165
  C:315EH         LINE#         167
  C:315EH         LINE#         168
  -------         ENDPROC       _SPI_READ
  -------         PROC          _SPI_READ_BUF
  D:0007H         SYMBOL        reg
  D:0023H         SYMBOL        pBuf
  D:0026H         SYMBOL        bytes
  -------         DO            
  D:0006H         SYMBOL        status
  D:0005H         SYMBOL        byte_ctr
  -------         ENDDO         
  C:2C93H         LINE#         177
  C:2C99H         LINE#         180
  C:2C9BH         LINE#         181
  C:2CA0H         LINE#         183
  C:2CA8H         LINE#         184
  C:2CBFH         LINE#         186
  C:2CC1H         LINE#         188
  C:2CC3H         LINE#         189
  -------         ENDPROC       _SPI_READ_BUF
  -------         PROC          _SPI_WRITE_BUF
  D:0007H         SYMBOL        reg
  D:0031H         SYMBOL        pBuf
  D:0034H         SYMBOL        bytes
BL51 BANKED LINKER/LOCATER V6.22                                                      04/29/2017  17:33:21  PAGE 14


  -------         DO            
  D:0006H         SYMBOL        status
  D:0005H         SYMBOL        byte_ctr
  -------         ENDDO         
  C:2C2FH         LINE#         199
  C:2C35H         LINE#         202
  C:2C37H         LINE#         203
  C:2C3CH         LINE#         204
  C:2C44H         LINE#         205
  C:2C5CH         LINE#         206
  C:2C5EH         LINE#         207
  C:2C60H         LINE#         208
  -------         ENDPROC       _SPI_WRITE_BUF
  -------         PROC          RX_MODE
  C:3093H         LINE#         213
  C:3093H         LINE#         214
  C:3096H         LINE#         215
  C:3098H         LINE#         216
  C:309AH         LINE#         217
  C:30A1H         LINE#         218
  C:30A3H         LINE#         219
  -------         ENDPROC       RX_MODE
  -------         PROC          _TX_MODE_NOACK
  D:002CH         SYMBOL        payloadLength
  C:2C61H         LINE#         227
  C:2C65H         LINE#         228
  C:2C67H         LINE#         229
  C:2C6EH         LINE#         230
  C:2C7CH         LINE#         231
  C:2C8AH         LINE#         233
  C:2C8CH         LINE#         234
  C:2C92H         LINE#         235
  -------         ENDPROC       _TX_MODE_NOACK
  -------         PROC          RF_IRQ
  C:24D2H         LINE#         242
  C:24EBH         LINE#         244
  C:24F2H         LINE#         245
  C:24F5H         LINE#         246
  C:2503H         LINE#         247
  C:250AH         LINE#         248
  C:250CH         LINE#         249
  C:2516H         LINE#         250
  C:251BH         LINE#         251
  C:251DH         LINE#         252
  C:2523H         LINE#         253
  C:2525H         LINE#         254
  C:2525H         LINE#         255
  C:2525H         LINE#         256
  C:2528H         LINE#         257
  C:252FH         LINE#         258
  C:2532H         LINE#         259
  C:2539H         LINE#         260
  C:2540H         LINE#         261
  -------         ENDPROC       RF_IRQ
  -------         PROC          _RF_INIT
  D:0027H         SYMBOL        rx_addr
  D:002AH         SYMBOL        tx_addr
BL51 BANKED LINKER/LOCATER V6.22                                                      04/29/2017  17:33:21  PAGE 15


  D:002DH         SYMBOL        rf_channel
  D:002EH         SYMBOL        rf_data_rate
  D:002FH         SYMBOL        rf_pwr
  -------         DO            
  D:0004H         SYMBOL        rf_setup_byte
  -------         ENDDO         
  C:21EFH         LINE#         271
  C:21F5H         LINE#         272
  C:21F7H         LINE#         273
  C:21F9H         LINE#         274
  C:21FBH         LINE#         275
  C:21FDH         LINE#         276
  C:21FFH         LINE#         277
  C:2201H         LINE#         279
  C:2210H         LINE#         280
  C:2210H         LINE#         281
  C:2213H         LINE#         282
  C:2215H         LINE#         283
  C:2215H         LINE#         284
  C:2218H         LINE#         285
  C:221BH         LINE#         286
  C:221DH         LINE#         287
  C:221DH         LINE#         288
  C:2220H         LINE#         289
  C:2220H         LINE#         290
  C:2222H         LINE#         291
  C:2222H         LINE#         292
  C:2225H         LINE#         293
  C:2225H         LINE#         294
  C:2225H         LINE#         295
  C:222FH         LINE#         296
  C:222FH         LINE#         297
  C:2232H         LINE#         298
  C:2235H         LINE#         299
  C:2237H         LINE#         300
  C:2237H         LINE#         301
  C:223AH         LINE#         302
  C:223CH         LINE#         303
  C:223CH         LINE#         304
  C:223FH         LINE#         305
  C:2242H         LINE#         306
  C:2242H         LINE#         307
  C:2242H         LINE#         309
  C:2250H         LINE#         311
  C:225EH         LINE#         313
  C:2265H         LINE#         315
  C:226CH         LINE#         317
  C:2273H         LINE#         319
  C:227AH         LINE#         321
  C:2281H         LINE#         323
  C:2288H         LINE#         325
  C:228FH         LINE#         327
  C:2291H         LINE#         328
  -------         ENDPROC       _RF_INIT
  -------         PROC          _SEND_INERTIAL_PACKET_BY_RF
  D:0007H         SYMBOL        pkt_type
  D:0028H         SYMBOL        fifo_buffer
BL51 BANKED LINKER/LOCATER V6.22                                                      04/29/2017  17:33:21  PAGE 16


  D:002BH         SYMBOL        my_sub_addr
  C:1187H         LINE#         125
  C:118DH         LINE#         126
  C:1193H         LINE#         127
  C:11C0H         LINE#         128
  C:11C0H         LINE#         129
  C:11D0H         LINE#         130
  C:11DAH         LINE#         131
  C:11E4H         LINE#         132
  C:11EEH         LINE#         133
  C:11F8H         LINE#         134
  C:11FBH         LINE#         135
  C:11FBH         LINE#         136
  C:11FDH         LINE#         137
  C:11FDH         LINE#         138
  C:120DH         LINE#         139
  C:1217H         LINE#         140
  C:1221H         LINE#         141
  C:122BH         LINE#         142
  C:1235H         LINE#         143
  C:123EH         LINE#         144
  C:123EH         LINE#         145
  C:1240H         LINE#         146
  C:1240H         LINE#         148
  C:124DH         LINE#         149
  C:124FH         LINE#         150
  C:1251H         LINE#         151
  C:1253H         LINE#         152
  C:1255H         LINE#         153
  C:1257H         LINE#         154
  C:1259H         LINE#         155
  C:125CH         LINE#         156
  C:125CH         LINE#         157
  C:126CH         LINE#         158
  C:1276H         LINE#         159
  C:1280H         LINE#         160
  C:128AH         LINE#         161
  C:1294H         LINE#         162
  C:129EH         LINE#         163
  C:12A8H         LINE#         164
  C:12B2H         LINE#         165
  C:12BCH         LINE#         166
  C:12C6H         LINE#         167
  C:12D0H         LINE#         168
  C:12DAH         LINE#         169
  C:12DCH         LINE#         170
  C:12DFH         LINE#         171
  C:12DFH         LINE#         172
  C:12EFH         LINE#         173
  C:12F9H         LINE#         174
  C:1303H         LINE#         175
  C:130DH         LINE#         176
  C:1317H         LINE#         177
  C:1321H         LINE#         178
  C:132BH         LINE#         179
  C:1335H         LINE#         180
  C:133FH         LINE#         181
BL51 BANKED LINKER/LOCATER V6.22                                                      04/29/2017  17:33:21  PAGE 17


  C:1349H         LINE#         182
  C:1353H         LINE#         183
  C:135DH         LINE#         185
  C:1364H         LINE#         186
  C:1366H         LINE#         187
  C:1368H         LINE#         188
  C:136AH         LINE#         189
  C:136CH         LINE#         190
  C:136EH         LINE#         191
  C:1370H         LINE#         192
  C:1373H         LINE#         193
  C:1373H         LINE#         194
  C:1380H         LINE#         195
  C:138AH         LINE#         196
  C:1394H         LINE#         197
  C:139EH         LINE#         198
  C:13A8H         LINE#         199
  C:13B2H         LINE#         200
  C:13BCH         LINE#         201
  C:13C6H         LINE#         202
  C:13C8H         LINE#         203
  C:13CBH         LINE#         204
  C:13CBH         LINE#         205
  C:13DBH         LINE#         206
  C:13E5H         LINE#         207
  C:13EFH         LINE#         208
  C:13F9H         LINE#         209
  C:1403H         LINE#         210
  C:140DH         LINE#         211
  C:1417H         LINE#         212
  C:1421H         LINE#         213
  C:142BH         LINE#         214
  C:1435H         LINE#         215
  C:143FH         LINE#         216
  C:1449H         LINE#         217
  C:1450H         LINE#         218
  C:145AH         LINE#         219
  C:1464H         LINE#         220
  C:146EH         LINE#         221
  C:1478H         LINE#         222
  C:1482H         LINE#         223
  C:148CH         LINE#         224
  C:1496H         LINE#         225
  C:149DH         LINE#         226
  C:149DH         LINE#         227
  C:149DH         LINE#         229
  C:149DH         LINE#         230
  C:149DH         LINE#         231
  -------         ENDPROC       _SEND_INERTIAL_PACKET_BY_RF
  -------         PROC          _SEND_RF_COMMAND
  D:0007H         SYMBOL        cmd2send
  D:0005H         SYMBOL        sensor_id
  C:306FH         LINE#         234
  C:306FH         LINE#         235
  C:3074H         LINE#         236
  C:3077H         LINE#         237
  C:307EH         LINE#         238
BL51 BANKED LINKER/LOCATER V6.22                                                      04/29/2017  17:33:21  PAGE 18


  -------         ENDPROC       _SEND_RF_COMMAND
  -------         PROC          _SEND_RF_COMMAND_WITH_ARG
  D:0007H         SYMBOL        cmd2send
  D:0005H         SYMBOL        agr2send
  D:0003H         SYMBOL        sensor_id
  C:2F74H         LINE#         241
  C:2F74H         LINE#         242
  C:2F79H         LINE#         243
  C:2F7CH         LINE#         244
  C:2F7FH         LINE#         245
  C:2F86H         LINE#         246
  -------         ENDPROC       _SEND_RF_COMMAND_WITH_ARG
  -------         PROC          _SEND_OFFSET_VALUES
  D:0007H         SYMBOL        sensor_id
  D:0005H         SYMBOL        cmd2send
  D:0002H         SYMBOL        Xac_of
  D:000CH         SYMBOL        Yac_of
  D:000EH         SYMBOL        Zac_of
  D:0010H         SYMBOL        Xgy_of
  D:0012H         SYMBOL        Ygy_of
  D:0014H         SYMBOL        Zgy_of
  C:2330H         LINE#         248
  C:2330H         LINE#         249
  C:2335H         LINE#         250
  C:2338H         LINE#         251
  C:233DH         LINE#         252
  C:234BH         LINE#         253
  C:2351H         LINE#         254
  C:2360H         LINE#         255
  C:2366H         LINE#         256
  C:2375H         LINE#         257
  C:237BH         LINE#         258
  C:238AH         LINE#         259
  C:2390H         LINE#         260
  C:239FH         LINE#         261
  C:23A5H         LINE#         262
  C:23B4H         LINE#         263
  C:23BBH         LINE#         264
  -------         ENDPROC       _SEND_OFFSET_VALUES
  -------         PROC          _SEND_PACKET_TO_HOST
  D:0007H         SYMBOL        packet_type
  D:0053H         SYMBOL        data_to_send
  D:0056H         SYMBOL        data_len
  D:0057H         SYMBOL        my_sub_addr
  -------         DO            
  D:0006H         SYMBOL        i
  -------         ENDDO         
  C:288EH         LINE#         269
  C:2894H         LINE#         271
  C:2899H         LINE#         272
  C:289DH         LINE#         273
  C:28B0H         LINE#         274
  C:28D0H         LINE#         275
  C:28D7H         LINE#         276
  C:28E2H         LINE#         277
  -------         ENDPROC       _SEND_PACKET_TO_HOST
  -------         PROC          _SEND_PACKET_TO_COMPUTER
BL51 BANKED LINKER/LOCATER V6.22                                                      04/29/2017  17:33:21  PAGE 19


  D:003DH         SYMBOL        packet_type
  D:003EH         SYMBOL        data_to_send
  D:0041H         SYMBOL        data_len
  -------         DO            
  D:0042H         SYMBOL        i
  -------         ENDDO         
  C:28E5H         LINE#         282
  C:28EDH         LINE#         284
  C:28F2H         LINE#         285
  C:28F7H         LINE#         286
  C:28FCH         LINE#         287
  C:2913H         LINE#         288
  C:2926H         LINE#         289
  C:2930H         LINE#         290
  -------         ENDPROC       _SEND_PACKET_TO_COMPUTER
  -------         PROC          _REDIRECT_RF_PKT_TO_SERIAL
  D:0058H         SYMBOL        data_to_send
  D:005BH         SYMBOL        data_len
  -------         DO            
  D:005CH         SYMBOL        i
  -------         ENDDO         
  C:2AFBH         LINE#         293
  C:2B03H         LINE#         295
  C:2B08H         LINE#         296
  C:2B0DH         LINE#         297
  C:2B1DH         LINE#         298
  C:2B30H         LINE#         299
  C:2B3AH         LINE#         300
  -------         ENDPROC       _REDIRECT_RF_PKT_TO_SERIAL
  -------         PROC          _SEND_PACKET_FROM_HOST_TO_COMPUTER
  D:0016H         SYMBOL        packet_type
  D:0017H         SYMBOL        data_to_send
  D:001AH         SYMBOL        data_len
  D:001BH         SYMBOL        my_sub_addr
  -------         DO            
  D:001CH         SYMBOL        i
  -------         ENDDO         
  C:2935H         LINE#         303
  C:293DH         LINE#         305
  C:2942H         LINE#         306
  C:2947H         LINE#         307
  C:294EH         LINE#         308
  C:2953H         LINE#         309
  C:2963H         LINE#         310
  C:2976H         LINE#         311
  C:2980H         LINE#         312
  -------         ENDPROC       _SEND_PACKET_FROM_HOST_TO_COMPUTER
  -------         PROC          _HAL_UART_PUTSTRING
  D:0070H         SYMBOL        str_2_send
  C:0026H         LINE#         315
  C:002CH         LINE#         316
  C:0037H         LINE#         317
  C:004AH         LINE#         318
  -------         ENDPROC       _HAL_UART_PUTSTRING
  -------         PROC          MPU_8051_MALLOC_SETUP
  C:318FH         LINE#         312
  C:318FH         LINE#         313
BL51 BANKED LINKER/LOCATER V6.22                                                      04/29/2017  17:33:21  PAGE 20


  -------         ENDPROC       MPU_8051_MALLOC_SETUP
  -------         PROC          _SETCLOCKSOURCE
  D:0007H         SYMBOL        source
  C:30C6H         LINE#         332
  C:30C6H         LINE#         333
  -------         ENDPROC       _SETCLOCKSOURCE
  -------         PROC          _SETFULLSCALEGYRORANGE
  D:0007H         SYMBOL        range
  C:30D4H         LINE#         341
  C:30D4H         LINE#         342
  -------         ENDPROC       _SETFULLSCALEGYRORANGE
  -------         PROC          _SETFULLSCALEACCELRANGE
  D:0007H         SYMBOL        range
  C:30E2H         LINE#         349
  C:30E2H         LINE#         350
  -------         ENDPROC       _SETFULLSCALEACCELRANGE
  -------         PROC          _SETSLEEPENABLED
  D:0007H         SYMBOL        enabled
  C:319AH         LINE#         358
  C:319AH         LINE#         359
  -------         ENDPROC       _SETSLEEPENABLED
  -------         PROC          MPU_INITIALIZE
  C:2F89H         LINE#         366
  C:2F89H         LINE#         367
  C:2F8EH         LINE#         368
  C:2F93H         LINE#         369
  C:2F98H         LINE#         370
  -------         ENDPROC       MPU_INITIALIZE
  -------         PROC          MPU_TESTCONNECTION
  C:2D5FH         LINE#         378
  C:2D5FH         LINE#         379
  C:2D74H         LINE#         380
  C:2D81H         LINE#         381
  -------         ENDPROC       MPU_TESTCONNECTION
  -------         PROC          _GETMOTION6_PACKET
  X:036DH         SYMBOL        packet6
  C:2061H         LINE#         388
  C:2069H         LINE#         389
  C:207BH         LINE#         390
  C:208EH         LINE#         391
  C:2098H         LINE#         392
  C:20A3H         LINE#         393
  C:20AFH         LINE#         394
  C:20BFH         LINE#         395
  C:20CFH         LINE#         396
  C:20DFH         LINE#         397
  C:20EFH         LINE#         398
  C:20FFH         LINE#         399
  C:210FH         LINE#         400
  C:211FH         LINE#         401
  C:212FH         LINE#         402
  -------         ENDPROC       _GETMOTION6_PACKET
  -------         PROC          _SETXACCELOFFSET
  D:0006H         SYMBOL        offset
  C:31A5H         LINE#         407
  C:31A5H         LINE#         408
  -------         ENDPROC       _SETXACCELOFFSET
BL51 BANKED LINKER/LOCATER V6.22                                                      04/29/2017  17:33:21  PAGE 21


  -------         PROC          _SETYACCELOFFSET
  D:0006H         SYMBOL        offset
  C:31B0H         LINE#         410
  C:31B0H         LINE#         411
  -------         ENDPROC       _SETYACCELOFFSET
  -------         PROC          _SETZACCELOFFSET
  D:0006H         SYMBOL        offset
  C:31BBH         LINE#         413
  C:31BBH         LINE#         414
  -------         ENDPROC       _SETZACCELOFFSET
  -------         PROC          _SETXGYROOFFSET
  D:0006H         SYMBOL        offset
  C:31C6H         LINE#         416
  C:31C6H         LINE#         417
  -------         ENDPROC       _SETXGYROOFFSET
  -------         PROC          _SETYGYROOFFSET
  D:0006H         SYMBOL        offset
  C:31D1H         LINE#         419
  C:31D1H         LINE#         420
  -------         ENDPROC       _SETYGYROOFFSET
  -------         PROC          _SETZGYROOFFSET
  D:0006H         SYMBOL        offset
  C:31DCH         LINE#         422
  C:31DCH         LINE#         423
  -------         ENDPROC       _SETZGYROOFFSET
  -------         PROC          GETXACCELOFFSET
  C:2DC6H         LINE#         425
  C:2DC6H         LINE#         426
  C:2DD8H         LINE#         427
  C:2DE2H         LINE#         428
  -------         ENDPROC       GETXACCELOFFSET
  -------         PROC          GETYACCELOFFSET
  C:2DE3H         LINE#         429
  C:2DE3H         LINE#         430
  C:2DF5H         LINE#         431
  C:2DFFH         LINE#         432
  -------         ENDPROC       GETYACCELOFFSET
  -------         PROC          GETZACCELOFFSET
  C:2E00H         LINE#         433
  C:2E00H         LINE#         434
  C:2E12H         LINE#         435
  C:2E1CH         LINE#         436
  -------         ENDPROC       GETZACCELOFFSET
  -------         PROC          GETXGYROOFFSET
  C:2E1DH         LINE#         437
  C:2E1DH         LINE#         438
  C:2E2FH         LINE#         439
  C:2E39H         LINE#         440
  -------         ENDPROC       GETXGYROOFFSET
  -------         PROC          GETYGYROOFFSET
  C:2E3AH         LINE#         441
  C:2E3AH         LINE#         442
  C:2E4CH         LINE#         443
  C:2E56H         LINE#         444
  -------         ENDPROC       GETYGYROOFFSET
  -------         PROC          GETZGYROOFFSET
  C:2E57H         LINE#         445
BL51 BANKED LINKER/LOCATER V6.22                                                      04/29/2017  17:33:21  PAGE 22


  C:2E57H         LINE#         446
  C:2E69H         LINE#         447
  C:2E73H         LINE#         448
  -------         ENDPROC       GETZGYROOFFSET
  C:2D82H         SYMBOL        L?0296
  C:2D85H         SYMBOL        L?0297
  -------         PROC          L?0295
  -------         ENDPROC       L?0295
  C:2D82H         SYMBOL        L?0296
  C:2D85H         SYMBOL        L?0297
  -------         PROC          _SETMEMORYBANK
  D:0007H         SYMBOL        bank
  D:0005H         SYMBOL        prefetchEnabled
  D:0003H         SYMBOL        userBank
  C:2D8AH         LINE#         450
  C:2D8AH         LINE#         451
  C:2D8EH         LINE#         452
  C:2D95H         LINE#         453
  C:2D9CH         LINE#         454
  -------         ENDPROC       _SETMEMORYBANK
  -------         PROC          GETFIFOCOUNT
  C:2E74H         LINE#         462
  C:2E74H         LINE#         463
  C:2E86H         LINE#         464
  C:2E90H         LINE#         465
  -------         ENDPROC       GETFIFOCOUNT
  -------         PROC          GETINTSTATUS
  C:2FC4H         LINE#         467
  C:2FC4H         LINE#         468
  C:2FD1H         LINE#         469
  C:2FD6H         LINE#         470
  -------         ENDPROC       GETINTSTATUS
  -------         PROC          _SETDMPENABLED
  D:0007H         SYMBOL        enabled
  C:31E7H         LINE#         472
  C:31E7H         LINE#         473
  -------         ENDPROC       _SETDMPENABLED
  -------         PROC          RESETFIFO
  C:315FH         LINE#         480
  C:315FH         LINE#         481
  -------         ENDPROC       RESETFIFO
  -------         PROC          DMPGETFIFOPACKETSIZE
  C:3287H         LINE#         484
  C:3287H         LINE#         485
  C:328FH         LINE#         486
  -------         ENDPROC       DMPGETFIFOPACKETSIZE
  -------         PROC          L?0298
  -------         ENDPROC       L?0298
  -------         PROC          _GETFIFOBYTES
  X:0325H         SYMBOL        data_ptr
  D:0005H         SYMBOL        data_len
  C:2A2CH         LINE#         488
  C:2A37H         LINE#         489
  C:2A3DH         LINE#         490
  C:2A5CH         LINE#         491
  C:2A5CH         LINE#         492
  C:2A6BH         LINE#         493
BL51 BANKED LINKER/LOCATER V6.22                                                      04/29/2017  17:33:21  PAGE 23


  C:2A6BH         LINE#         494
  -------         ENDPROC       _GETFIFOBYTES
  C:30F0H         SYMBOL        L?0300
  -------         PROC          L?0299
  -------         ENDPROC       L?0299
  C:30F0H         SYMBOL        L?0300
  -------         PROC          _SETMEMORYSTARTADDRESS
  D:0007H         SYMBOL        address
  C:30F5H         LINE#         496
  C:30F5H         LINE#         497
  -------         ENDPROC       _SETMEMORYSTARTADDRESS
  C:1A0DH         SYMBOL        L?0294
  -------         PROC          L?0293
  -------         ENDPROC       L?0293
  C:1A0DH         SYMBOL        L?0294
  -------         PROC          _WRITEMEMORYBLOCK
  X:0335H         SYMBOL        data_ptr
  X:0338H         SYMBOL        dataSize
  X:033AH         SYMBOL        bank
  X:033BH         SYMBOL        address
  X:033CH         SYMBOL        verify
  X:033DH         SYMBOL        useProgMem
  -------         DO            
  X:033EH         SYMBOL        chunkSize_wmb
  X:033FH         SYMBOL        verifyBuffer_wmb
  X:0342H         SYMBOL        progBuffer_wmb
  X:0345H         SYMBOL        i_wmb
  D:0007H         SYMBOL        j_wmb
  -------         ENDDO         
  C:1A30H         LINE#         501
  C:1A41H         LINE#         505
  C:1A4AH         LINE#         508
  C:1A4DH         LINE#         509
  C:1A50H         LINE#         510
  C:1A6DH         LINE#         511
  C:1A8AH         LINE#         512
  C:1AAAH         LINE#         514
  C:1AB0H         LINE#         517
  C:1AD2H         LINE#         520
  C:1AEFH         LINE#         522
  C:1AF5H         LINE#         524
  C:1B3DH         LINE#         525
  C:1B3DH         LINE#         527
  C:1B61H         LINE#         528
  C:1B61H         LINE#         530
  C:1B7DH         LINE#         533
  C:1B96H         LINE#         534
  C:1B99H         LINE#         535
  C:1B9CH         LINE#         536
  C:1BB8H         LINE#         537
  C:1BDFH         LINE#         538
  C:1BEDH         LINE#         539
  C:1C01H         LINE#         540
  C:1C04H         LINE#         541
  C:1C04H         LINE#         542
  C:1C04H         LINE#         545
  C:1C17H         LINE#         548
BL51 BANKED LINKER/LOCATER V6.22                                                      04/29/2017  17:33:21  PAGE 24


  C:1C1DH         LINE#         551
  C:1C35H         LINE#         552
  C:1C41H         LINE#         553
  C:1C44H         LINE#         554
  C:1C47H         LINE#         555
  C:1C47H         LINE#         556
  C:1C4AH         LINE#         557
  C:1C5EH         LINE#         558
  C:1C72H         LINE#         559
  C:1C74H         LINE#         560
  -------         ENDPROC       _WRITEMEMORYBLOCK
  -------         PROC          _WRITEDMPCONFIGURATIONSET
  X:0325H         SYMBOL        data_ptr
  X:0328H         SYMBOL        dataSize
  X:032AH         SYMBOL        useProgMem
  -------         DO            
  X:032BH         SYMBOL        progBuffer_wdcs
  X:032EH         SYMBOL        success_wdcs
  X:032FH         SYMBOL        special_wdcs
  X:0330H         SYMBOL        i_wdcs
  D:0006H         SYMBOL        j_wdcs
  X:0332H         SYMBOL        bank_wdcs
  X:0333H         SYMBOL        offset_wdcs
  X:0334H         SYMBOL        length_wdcs
  -------         ENDDO         
  C:1776H         LINE#         563
  C:1787H         LINE#         564
  C:1790H         LINE#         568
  C:1796H         LINE#         569
  C:17ADH         LINE#         570
  C:17ADH         LINE#         575
  C:17CCH         LINE#         576
  C:17D6H         LINE#         577
  C:17F7H         LINE#         578
  C:181BH         LINE#         579
  C:183BH         LINE#         580
  C:183DH         LINE#         581
  C:185BH         LINE#         582
  C:1871H         LINE#         583
  C:1887H         LINE#         584
  C:1887H         LINE#         587
  C:1894H         LINE#         589
  C:1897H         LINE#         590
  C:18C1H         LINE#         591
  C:190EH         LINE#         592
  C:190EH         LINE#         593
  C:1932H         LINE#         594
  C:1932H         LINE#         595
  C:1963H         LINE#         596
  C:1975H         LINE#         597
  C:1977H         LINE#         603
  C:1980H         LINE#         604
  C:199DH         LINE#         605
  C:199FH         LINE#         606
  C:19BDH         LINE#         607
  C:19BDH         LINE#         611
  C:19C4H         LINE#         617
BL51 BANKED LINKER/LOCATER V6.22                                                      04/29/2017  17:33:21  PAGE 25


  C:19CDH         LINE#         619
  C:19D3H         LINE#         620
  C:19D5H         LINE#         622
  C:19DAH         LINE#         623
  C:19DAH         LINE#         624
  C:19DAH         LINE#         626
  C:19E3H         LINE#         627
  C:19F5H         LINE#         628
  C:19F8H         LINE#         629
  C:19F8H         LINE#         630
  C:19F8H         LINE#         631
  C:1A0AH         LINE#         632
  C:1A0CH         LINE#         633
  -------         ENDPROC       _WRITEDMPCONFIGURATIONSET
  -------         PROC          _READMEMORYBLOCK
  X:0325H         SYMBOL        data_ptr
  X:0328H         SYMBOL        dataSize
  X:032AH         SYMBOL        bank
  X:032BH         SYMBOL        address
  -------         DO            
  X:032CH         SYMBOL        chunkSize_rmb
  X:032DH         SYMBOL        i_rmb
  -------         ENDDO         
  C:1E88H         LINE#         635
  C:1E99H         LINE#         638
  C:1E9DH         LINE#         639
  C:1EA5H         LINE#         640
  C:1EC5H         LINE#         642
  C:1ECBH         LINE#         645
  C:1EEBH         LINE#         648
  C:1F06H         LINE#         651
  C:1F30H         LINE#         654
  C:1F43H         LINE#         657
  C:1F49H         LINE#         660
  C:1F61H         LINE#         661
  C:1F6DH         LINE#         662
  C:1F73H         LINE#         663
  C:1F7BH         LINE#         664
  C:1F7BH         LINE#         665
  C:1F7EH         LINE#         666
  -------         ENDPROC       _READMEMORYBLOCK
  -------         PROC          _WRITEPROGDMPCONFIGURATIONSET
  D:0001H         SYMBOL        data_ptr
  D:0004H         SYMBOL        dataSize
  C:325FH         LINE#         668
  C:325FH         LINE#         669
  C:3268H         LINE#         670
  -------         ENDPROC       _WRITEPROGDMPCONFIGURATIONSET
  -------         PROC          _WRITEPROGMEMORYBLOCK
  D:0001H         SYMBOL        data_ptr
  D:0004H         SYMBOL        dataSize
  X:032AH         SYMBOL        bank
  X:032BH         SYMBOL        address
  X:032CH         SYMBOL        verify
  C:0003H         LINE#         672
  C:0003H         LINE#         673
  C:0022H         LINE#         674
BL51 BANKED LINKER/LOCATER V6.22                                                      04/29/2017  17:33:21  PAGE 26


  -------         ENDPROC       _WRITEPROGMEMORYBLOCK
  -------         PROC          I2C_MPU_RESET
  C:316BH         LINE#         680
  C:316BH         LINE#         681
  -------         ENDPROC       I2C_MPU_RESET
  -------         PROC          _SETSLAVEADDRESS
  D:0007H         SYMBOL        num
  D:0006H         SYMBOL        address
  C:2EE2H         LINE#         690
  C:2EE4H         LINE#         691
  C:2EEAH         LINE#         692
  C:2EFBH         LINE#         693
  -------         ENDPROC       _SETSLAVEADDRESS
  -------         PROC          _SETI2CMASTERMODEENABLED
  D:0007H         SYMBOL        enabled
  C:31F2H         LINE#         700
  C:31F2H         LINE#         701
  -------         ENDPROC       _SETI2CMASTERMODEENABLED
  -------         PROC          RESETI2CMASTER
  C:3177H         LINE#         708
  C:3177H         LINE#         709
  -------         ENDPROC       RESETI2CMASTER
  -------         PROC          _SETINTENABLED
  D:0007H         SYMBOL        enabled
  C:3290H         LINE#         712
  C:3290H         LINE#         713
  -------         ENDPROC       _SETINTENABLED
  -------         PROC          _SETRATE
  D:0007H         SYMBOL        rate
  C:3299H         LINE#         721
  C:3299H         LINE#         722
  -------         ENDPROC       _SETRATE
  -------         PROC          _SETEXTERNALFRAMESYNC
  D:0007H         SYMBOL        sync_ext
  C:30FEH         LINE#         730
  C:30FEH         LINE#         731
  -------         ENDPROC       _SETEXTERNALFRAMESYNC
  -------         PROC          _SETDLPFMODE
  D:0007H         SYMBOL        mode
  C:310CH         LINE#         739
  C:310CH         LINE#         740
  -------         ENDPROC       _SETDLPFMODE
  -------         PROC          GETDMPCONFIG1
  C:2FD7H         LINE#         746
  C:2FD7H         LINE#         747
  C:2FE4H         LINE#         748
  C:2FE9H         LINE#         749
  -------         ENDPROC       GETDMPCONFIG1
  -------         PROC          _SETDMPCONFIG1
  D:0007H         SYMBOL        config
  C:32A2H         LINE#         750
  C:32A2H         LINE#         751
  -------         ENDPROC       _SETDMPCONFIG1
  -------         PROC          GETDMPCONFIG2
  C:2FEAH         LINE#         757
  C:2FEAH         LINE#         758
  C:2FF7H         LINE#         759
BL51 BANKED LINKER/LOCATER V6.22                                                      04/29/2017  17:33:21  PAGE 27


  C:2FFCH         LINE#         760
  -------         ENDPROC       GETDMPCONFIG2
  -------         PROC          _SETDMPCONFIG2
  D:0007H         SYMBOL        config
  C:32ABH         LINE#         761
  C:32ABH         LINE#         762
  -------         ENDPROC       _SETDMPCONFIG2
  -------         PROC          GETOTPBANKVALID
  C:2F47H         LINE#         765
  C:2F47H         LINE#         766
  C:2F58H         LINE#         767
  C:2F5DH         LINE#         768
  -------         ENDPROC       GETOTPBANKVALID
  -------         PROC          _SETOTPBANKVALID
  D:0007H         SYMBOL        enabled
  C:3269H         LINE#         769
  C:3269H         LINE#         770
  -------         ENDPROC       _SETOTPBANKVALID
  -------         PROC          GETXGYROOFFSETTC
  C:2E91H         LINE#         776
  C:2E91H         LINE#         777
  C:2EA6H         LINE#         778
  C:2EABH         LINE#         779
  -------         ENDPROC       GETXGYROOFFSETTC
  -------         PROC          _SETXGYROOFFSETTC
  D:0007H         SYMBOL        offset
  C:311AH         LINE#         780
  C:311AH         LINE#         781
  -------         ENDPROC       _SETXGYROOFFSETTC
  -------         PROC          GETYGYROOFFSETTC
  C:2EACH         LINE#         787
  C:2EACH         LINE#         788
  C:2EC1H         LINE#         789
  C:2EC6H         LINE#         790
  -------         ENDPROC       GETYGYROOFFSETTC
  -------         PROC          _SETYGYROOFFSETTC
  D:0007H         SYMBOL        offset
  C:3128H         LINE#         791
  C:3128H         LINE#         792
  -------         ENDPROC       _SETYGYROOFFSETTC
  -------         PROC          GETZGYROOFFSETTC
  C:2EC7H         LINE#         798
  C:2EC7H         LINE#         799
  C:2EDCH         LINE#         800
  C:2EE1H         LINE#         801
  -------         ENDPROC       GETZGYROOFFSETTC
  -------         PROC          _SETZGYROOFFSETTC
  D:0007H         SYMBOL        offset
  C:3136H         LINE#         802
  C:3136H         LINE#         803
  -------         ENDPROC       _SETZGYROOFFSETTC
  -------         PROC          GETMOTIONDETECTIONTHRESHOLD
  C:2FFDH         LINE#         813
  C:2FFDH         LINE#         814
  C:300AH         LINE#         815
  C:300FH         LINE#         816
  -------         ENDPROC       GETMOTIONDETECTIONTHRESHOLD
BL51 BANKED LINKER/LOCATER V6.22                                                      04/29/2017  17:33:21  PAGE 28


  -------         PROC          _SETMOTIONDETECTIONTHRESHOLD
  D:0007H         SYMBOL        threshold
  C:32B4H         LINE#         823
  C:32B4H         LINE#         824
  -------         ENDPROC       _SETMOTIONDETECTIONTHRESHOLD
  -------         PROC          GETZEROMOTIONDETECTIONTHRESHOLD
  C:3010H         LINE#         835
  C:3010H         LINE#         836
  C:301DH         LINE#         837
  C:3022H         LINE#         838
  -------         ENDPROC       GETZEROMOTIONDETECTIONTHRESHOLD
  -------         PROC          _SETZEROMOTIONDETECTIONTHRESHOLD
  D:0007H         SYMBOL        threshold
  C:32BDH         LINE#         845
  C:32BDH         LINE#         846
  -------         ENDPROC       _SETZEROMOTIONDETECTIONTHRESHOLD
  -------         PROC          GETMOTIONDETECTIONDURATION
  C:3023H         LINE#         855
  C:3023H         LINE#         856
  C:3030H         LINE#         857
  C:3035H         LINE#         858
  -------         ENDPROC       GETMOTIONDETECTIONDURATION
  -------         PROC          _SETMOTIONDETECTIONDURATION
  D:0007H         SYMBOL        duration
  C:32C6H         LINE#         865
  C:32C6H         LINE#         866
  -------         ENDPROC       _SETMOTIONDETECTIONDURATION
  -------         PROC          GETZEROMOTIONDETECTIONDURATION
  C:3036H         LINE#         875
  C:3036H         LINE#         876
  C:3043H         LINE#         877
  C:3048H         LINE#         878
  -------         ENDPROC       GETZEROMOTIONDETECTIONDURATION
  -------         PROC          _SETZEROMOTIONDETECTIONDURATION
  D:0007H         SYMBOL        duration
  C:32CFH         LINE#         885
  C:32CFH         LINE#         886
  -------         ENDPROC       _SETZEROMOTIONDETECTIONDURATION
  -------         PROC          GETFIFOENABLED
  C:2F2FH         LINE#         894
  C:2F2FH         LINE#         895
  C:2F41H         LINE#         896
  C:2F46H         LINE#         897
  -------         ENDPROC       GETFIFOENABLED
  -------         PROC          _SETFIFOENABLED
  D:0007H         SYMBOL        enabled
  C:31FDH         LINE#         904
  C:31FDH         LINE#         905
  -------         ENDPROC       _SETFIFOENABLED
  -------         PROC          RESETDMP
  C:3183H         LINE#         908
  C:3183H         LINE#         909
  -------         ENDPROC       RESETDMP
  -------         PROC          DMPINITIALIZE
  -------         DO            
  X:028AH         SYMBOL        xgOffsetTC
  X:028BH         SYMBOL        ygOffsetTC
BL51 BANKED LINKER/LOCATER V6.22                                                      04/29/2017  17:33:21  PAGE 29


  X:028CH         SYMBOL        zgOffsetTC
  X:028DH         SYMBOL        dmpUpdate
  X:029DH         SYMBOL        j
  X:029EH         SYMBOL        pos
  X:02A0H         SYMBOL        fifoCount
  X:02A2H         SYMBOL        fifoBuffer
  X:0322H         SYMBOL        b
  X:0323H         SYMBOL        data_to_write
  X:0324H         SYMBOL        mask
  -------         ENDDO         
  C:08D3H         LINE#         912
  C:08D3H         LINE#         915
  C:08DAH         LINE#         925
  C:08DDH         LINE#         926
  C:08E4H         LINE#         937
  C:08E9H         LINE#         941
  C:08F2H         LINE#         944
  C:08F7H         LINE#         950
  C:08FEH         LINE#         960
  C:0906H         LINE#         961
  C:090EH         LINE#         962
  C:0916H         LINE#         973
  C:091DH         LINE#         976
  C:0922H         LINE#         978
  C:0929H         LINE#         980
  C:092CH         LINE#         981
  C:0933H         LINE#         989
  C:0950H         LINE#         997
  C:0963H         LINE#         1002
  C:0968H         LINE#         1006
  C:096DH         LINE#         1010
  C:0972H         LINE#         1018
  C:0978H         LINE#         1021
  C:0984H         LINE#         1023
  C:0984H         LINE#         1025
  C:0984H         LINE#         1028
  C:098AH         LINE#         1029
  C:0994H         LINE#         1030
  C:0998H         LINE#         1031
  C:09A4H         LINE#         1032
  C:09A7H         LINE#         1035
  C:09B0H         LINE#         1037
  C:09B0H         LINE#         1039
  C:09B0H         LINE#         1046
  C:09B5H         LINE#         1050
  C:09BAH         LINE#         1054
  C:09BFH         LINE#         1055
  C:09C4H         LINE#         1059
  C:09C9H         LINE#         1067
  C:09D6H         LINE#         1069
  C:09D6H         LINE#         1071
  C:09D6H         LINE#         1074
  C:09DCH         LINE#         1075
  C:09E3H         LINE#         1076
  C:09E7H         LINE#         1077
  C:09F3H         LINE#         1078
  C:09F6H         LINE#         1081
BL51 BANKED LINKER/LOCATER V6.22                                                      04/29/2017  17:33:21  PAGE 30


  C:09FFH         LINE#         1083
  C:09FFH         LINE#         1085
  C:09FFH         LINE#         1090
  C:0A0CH         LINE#         1092
  C:0A0CH         LINE#         1094
  C:0A0CH         LINE#         1097
  C:0A12H         LINE#         1098
  C:0A19H         LINE#         1099
  C:0A1DH         LINE#         1100
  C:0A29H         LINE#         1101
  C:0A2CH         LINE#         1104
  C:0A35H         LINE#         1106
  C:0A35H         LINE#         1108
  C:0A35H         LINE#         1113
  C:0A42H         LINE#         1115
  C:0A42H         LINE#         1117
  C:0A42H         LINE#         1120
  C:0A48H         LINE#         1121
  C:0A4FH         LINE#         1122
  C:0A52H         LINE#         1123
  C:0A5EH         LINE#         1124
  C:0A6BH         LINE#         1127
  C:0A74H         LINE#         1129
  C:0A74H         LINE#         1131
  C:0A74H         LINE#         1141
  C:0AD1H         LINE#         1144
  C:0AD4H         LINE#         1148
  C:0B31H         LINE#         1150
  C:0B34H         LINE#         1153
  C:0B37H         LINE#         1156
  C:0B42H         LINE#         1161
  C:0B4CH         LINE#         1164
  C:0B51H         LINE#         1167
  C:0B56H         LINE#         1170
  C:0B5BH         LINE#         1173
  C:0B60H         LINE#         1176
  C:0B63H         LINE#         1179
  C:0B68H         LINE#         1182
  C:0B6DH         LINE#         1185
  C:0B70H         LINE#         1189
  C:0BCDH         LINE#         1190
  C:0BD0H         LINE#         1194
  C:0C2DH         LINE#         1195
  C:0C30H         LINE#         1199
  C:0C8DH         LINE#         1200
  C:0C90H         LINE#         1206
  C:0C9FH         LINE#         1207
  C:0CAAH         LINE#         1209
  C:0CACH         LINE#         1214
  C:0CAFH         LINE#         1223
  C:0D0CH         LINE#         1224
  C:0D2CH         LINE#         1228
  C:0D3BH         LINE#         1229
  C:0D46H         LINE#         1230
  C:0D48H         LINE#         1236
  C:0D4BH         LINE#         1245
  C:0DA8H         LINE#         1246
BL51 BANKED LINKER/LOCATER V6.22                                                      04/29/2017  17:33:21  PAGE 31


  C:0DABH         LINE#         1251
  C:0DB0H         LINE#         1254
  C:0DB9H         LINE#         1260
  C:0DBCH         LINE#         1261
  C:0DBFH         LINE#         1262
  C:0DC1H         LINE#         1265
  C:0DC4H         LINE#         1266
  C:0DC4H         LINE#         1267
  C:0DC4H         LINE#         1270
  C:0DC7H         LINE#         1271
  C:0DC7H         LINE#         1273
  C:0DC9H         LINE#         1274
  -------         ENDPROC       DMPINITIALIZE
  -------         PROC          _DMPGETQUATERNION_INT16
  X:0361H         SYMBOL        data_ptr
  X:0364H         SYMBOL        packet
  C:1F7FH         LINE#         1277
  C:1F8AH         LINE#         1279
  C:1FA9H         LINE#         1280
  C:1FD1H         LINE#         1281
  C:2000H         LINE#         1282
  C:202FH         LINE#         1283
  C:205EH         LINE#         1284
  C:2060H         LINE#         1285
  -------         ENDPROC       _DMPGETQUATERNION_INT16
  -------         PROC          _DMPGETPACKET16BITS
  X:0367H         SYMBOL        data_ptr
  X:036AH         SYMBOL        packet
  C:14A0H         LINE#         1286
  C:14ABH         LINE#         1289
  C:14EBH         LINE#         1290
  C:1533H         LINE#         1291
  C:157BH         LINE#         1292
  C:15C3H         LINE#         1294
  C:160BH         LINE#         1295
  C:1653H         LINE#         1296
  C:169BH         LINE#         1298
  C:16E3H         LINE#         1299
  C:172BH         LINE#         1300
  C:1773H         LINE#         1301
  C:1775H         LINE#         1302
  -------         ENDPROC       _DMPGETPACKET16BITS
  -------         PROC          _GETMOTION6_VARIABLES
  X:0347H         SYMBOL        ax
  X:034AH         SYMBOL        ay
  X:034DH         SYMBOL        az
  X:0350H         SYMBOL        gx
  X:0353H         SYMBOL        gy
[...]
  -------         PROC          _HAL_W2_ALTER_CLOCK
  D:0007H         SYMBOL        alt_clk
  C:3213H         LINE#         64
  C:3213H         LINE#         65
  C:3213H         LINE#         66
  C:3216H         LINE#         67
  C:3216H         LINE#         68
  C:3219H         LINE#         69
  C:321AH         LINE#         71
  C:321AH         LINE#         72
  C:321DH         LINE#         73
  C:321DH         LINE#         74
  -------         ENDPROC       _HAL_W2_ALTER_CLOCK
  -------         PROC          _HAL_W2_IRQ_STOP_COND_ENABLE
  D:0007H         SYMBOL        stop_cond
  C:321EH         LINE#         76
  C:321EH         LINE#         77
  C:321EH         LINE#         78
BL51 BANKED LINKER/LOCATER V6.22                                                      04/29/2017  17:33:21  PAGE 39


  C:3221H         LINE#         79
  C:3221H         LINE#         80
  C:3224H         LINE#         81
  C:3225H         LINE#         83
  C:3225H         LINE#         84
  C:3228H         LINE#         85
  C:3228H         LINE#         86
  -------         ENDPROC       _HAL_W2_IRQ_STOP_COND_ENABLE
  -------         PROC          _HAL_W2_IRQ_ADR_MATCH_ENABLE
  D:0007H         SYMBOL        addr_match
  C:3229H         LINE#         88
  C:3229H         LINE#         89
  C:3229H         LINE#         90
  C:322CH         LINE#         91
  C:322CH         LINE#         92
  C:322FH         LINE#         93
  C:3230H         LINE#         95
  C:3230H         LINE#         96
  C:3233H         LINE#         97
  C:3233H         LINE#         98
  -------         ENDPROC       _HAL_W2_IRQ_ADR_MATCH_ENABLE
  -------         PROC          _HAL_W2_SET_SLAVE_ADDRESS
  D:0007H         SYMBOL        address
  C:32D8H         LINE#         100
  C:32D8H         LINE#         101
  C:32D8H         LINE#         102
  C:32DDH         LINE#         103
  -------         ENDPROC       _HAL_W2_SET_SLAVE_ADDRESS
  -------         PROC          _HAL_W2_SET_CLK_FREQ
  D:0007H         SYMBOL        freq
  C:3144H         LINE#         107
  C:3144H         LINE#         108
  C:3144H         LINE#         109
  C:3151H         LINE#         110
  -------         ENDPROC       _HAL_W2_SET_CLK_FREQ
  -------         PROC          _HAL_W2_SET_OP_MODE
  D:0007H         SYMBOL        mode
  C:3234H         LINE#         112
  C:3234H         LINE#         113
  C:3234H         LINE#         114
  C:3237H         LINE#         115
  C:3237H         LINE#         116
  C:323AH         LINE#         117
  C:323BH         LINE#         119
  C:323BH         LINE#         120
  C:323EH         LINE#         121
  C:323EH         LINE#         122
  -------         ENDPROC       _HAL_W2_SET_OP_MODE
  -------         PROC          _HAL_W2_ENABLE
  D:0007H         SYMBOL        en
  C:323FH         LINE#         124
  C:323FH         LINE#         125
  C:323FH         LINE#         126
  C:3242H         LINE#         127
  C:3242H         LINE#         128
  C:3245H         LINE#         129
  C:3246H         LINE#         131
BL51 BANKED LINKER/LOCATER V6.22                                                      04/29/2017  17:33:21  PAGE 40


  C:3246H         LINE#         132
  C:3249H         LINE#         133
  C:3249H         LINE#         134
  -------         ENDPROC       _HAL_W2_ENABLE
  -------         PROC          _HAL_W2_ALL_IRQ_ENABLE
  D:0007H         SYMBOL        irq
  C:324AH         LINE#         136
  C:324AH         LINE#         137
  C:324AH         LINE#         140
  C:324DH         LINE#         141
  C:324DH         LINE#         142
  C:3250H         LINE#         143
  C:3251H         LINE#         145
  C:3251H         LINE#         146
  C:3254H         LINE#         147
  C:3254H         LINE#         148
  -------         ENDPROC       _HAL_W2_ALL_IRQ_ENABLE
  -------         PROC          _HAL_W2_CONFIGURE_MASTER
  D:0006H         SYMBOL        mode
  C:2DA5H         LINE#         150
  C:2DA7H         LINE#         151
  C:2DA7H         LINE#         152
  C:2DACH         LINE#         153
  C:2DB1H         LINE#         154
  C:2DB6H         LINE#         156
  C:2DB9H         LINE#         157
  C:2DBCH         LINE#         158
  C:2DBFH         LINE#         160
  C:2DC3H         LINE#         161
  C:2DC5H         LINE#         162
  -------         ENDPROC       _HAL_W2_CONFIGURE_MASTER
  -------         PROC          HAL_W2_WAIT_DATA_READY
  -------         DO            
  D:0044H         SYMBOL        timeout_counter
  D:0048H         SYMBOL        w2_status
  D:0049H         SYMBOL        data_ready
  D:004AH         SYMBOL        nack_received
  -------         ENDDO         
  C:2CF0H         LINE#         164
  C:2CF0H         LINE#         165
  C:2CF0H         LINE#         166
  C:2CFAH         LINE#         172
  C:2CFAH         LINE#         173
  C:2CFDH         LINE#         174
  C:2D03H         LINE#         175
  C:2D09H         LINE#         176
  C:2D10H         LINE#         177
  C:2D14H         LINE#         180
  C:2D16H         LINE#         181
  -------         ENDPROC       HAL_W2_WAIT_DATA_READY
  -------         PROC          _HAL_W2_INIT_TRANSFER
  D:0007H         SYMBOL        address
  D:0005H         SYMBOL        direction
  -------         DO            
  D:0007H         SYMBOL        w2_status
  -------         ENDDO         
  C:2F5EH         LINE#         183
BL51 BANKED LINKER/LOCATER V6.22                                                      04/29/2017  17:33:21  PAGE 41


  C:2F5EH         LINE#         184
  C:2F5EH         LINE#         187
  C:2F61H         LINE#         188
  C:2F67H         LINE#         190
  C:2F6AH         LINE#         192
  C:2F6EH         LINE#         193
  C:2F6EH         LINE#         194
  C:2F71H         LINE#         195
  C:2F71H         LINE#         197
  C:2F71H         LINE#         198
  C:2F73H         LINE#         199
  C:2F73H         LINE#         200
  -------         ENDPROC       _HAL_W2_INIT_TRANSFER
  -------         PROC          _HAL_W2_WRITE
  D:0007H         SYMBOL        address
  D:0065H         SYMBOL        data_ptr
  D:0068H         SYMBOL        data_len
  -------         DO            
  D:0006H         SYMBOL        ack_received
  -------         DO            
  D:0069H         SYMBOL        w2_status
  -------         ENDDO         
  -------         ENDDO         
  C:2BF5H         LINE#         202
  C:2BFBH         LINE#         203
  C:2BFBH         LINE#         205
  C:2C02H         LINE#         207
  C:2C0FH         LINE#         208
  C:2C0FH         LINE#         210
  C:2C1BH         LINE#         211
  C:2C20H         LINE#         212
  C:2C25H         LINE#         213
  C:2C25H         LINE#         214
  C:2C27H         LINE#         215
  C:2C27H         LINE#         216
  C:2C29H         LINE#         218
  C:2C2CH         LINE#         220
  C:2C2EH         LINE#         221
  -------         ENDPROC       _HAL_W2_WRITE
  -------         PROC          _HAL_W2_READ
  D:0007H         SYMBOL        address
  D:006BH         SYMBOL        data_ptr
  D:006EH         SYMBOL        data_len
  -------         DO            
  D:0007H         SYMBOL        w2_status
  D:006FH         SYMBOL        ack_received
  -------         ENDDO         
  C:29D3H         LINE#         223
  C:29D9H         LINE#         224
  C:29D9H         LINE#         228
  C:29E0H         LINE#         230
  C:29E4H         LINE#         231
  C:29E4H         LINE#         233
  C:29E7H         LINE#         234
  C:29E7H         LINE#         237
  C:29F2H         LINE#         238
  C:29F2H         LINE#         239
BL51 BANKED LINKER/LOCATER V6.22                                                      04/29/2017  17:33:21  PAGE 42


  C:29F6H         LINE#         240
  C:29F6H         LINE#         241
  C:29F9H         LINE#         242
  C:29F9H         LINE#         244
  C:29FCH         LINE#         246
  C:2A0FH         LINE#         247
  C:2A1BH         LINE#         248
  C:2A1DH         LINE#         250
  C:2A1FH         LINE#         251
  -------         ENDPROC       _HAL_W2_READ
  -------         PROC          HAL_W2_SOFT_RESET
  -------         DO            
  D:003BH         SYMBOL        pulsecount
  D:003CH         SYMBOL        w2_freq
  -------         ENDDO         
  C:2557H         LINE#         253
  C:2557H         LINE#         254
  C:2557H         LINE#         259
  C:255DH         LINE#         261
  C:2560H         LINE#         262
  C:2568H         LINE#         266
  C:256BH         LINE#         267
  C:256EH         LINE#         270
  C:2571H         LINE#         275
  C:2579H         LINE#         278
  C:2580H         LINE#         280
  C:2583H         LINE#         284
  C:258AH         LINE#         285
  C:258DH         LINE#         286
  C:258DH         LINE#         288
  C:2595H         LINE#         289
  C:259CH         LINE#         291
  C:259FH         LINE#         292
  C:25A6H         LINE#         293
  C:25AFH         LINE#         296
  C:25B6H         LINE#         298
  C:25BEH         LINE#         301
  C:25C5H         LINE#         303
  C:25CDH         LINE#         306
  C:25D0H         LINE#         309
  C:25D3H         LINE#         310
  C:25D9H         LINE#         312
  -------         ENDPROC       HAL_W2_SOFT_RESET
  -------         PROC          _I2C_MPU_WRITEBYTE
  D:0007H         SYMBOL        devAddr
  D:0005H         SYMBOL        regAddr
  D:002EH         SYMBOL        data_to_write
  C:30B5H         LINE#         317
  C:30B7H         LINE#         318
  C:30C5H         LINE#         319
  -------         ENDPROC       _I2C_MPU_WRITEBYTE
  -------         PROC          _I2C_MPU_WRITEBYTES
  D:0007H         SYMBOL        devAddr
  D:0004H         SYMBOL        regAddr
  D:0006H         SYMBOL        data_len
  D:0032H         SYMBOL        data_ptr
  -------         DO            
BL51 BANKED LINKER/LOCATER V6.22                                                      04/29/2017  17:33:21  PAGE 43


  D:0007H         SYMBOL        w2_status
  D:0005H         SYMBOL        ack_received
  -------         ENDDO         
  C:2B3FH         LINE#         321
  C:2B43H         LINE#         326
  C:2B4AH         LINE#         327
  C:2B4CH         LINE#         328
  C:2B4FH         LINE#         329
  C:2B53H         LINE#         330
  C:2B53H         LINE#         331
  C:2B55H         LINE#         332
  C:2B55H         LINE#         334
  C:2B61H         LINE#         335
  C:2B61H         LINE#         336
  C:2B6DH         LINE#         337
  C:2B70H         LINE#         338
  C:2B74H         LINE#         339
  C:2B74H         LINE#         340
  C:2B76H         LINE#         341
  C:2B76H         LINE#         342
  C:2B78H         LINE#         343
  C:2B7BH         LINE#         345
  C:2B7DH         LINE#         346
  -------         ENDPROC       _I2C_MPU_WRITEBYTES
  -------         PROC          _I2C_MPU_READBYTE
  D:0007H         SYMBOL        devAddr
  D:0005H         SYMBOL        regAddr
  D:0030H         SYMBOL        data_ptr
  C:3081H         LINE#         348
  C:3087H         LINE#         349
  C:3092H         LINE#         350
  -------         ENDPROC       _I2C_MPU_READBYTE
  -------         PROC          _I2C_MPU_READBYTES
  D:0006H         SYMBOL        devAddr
  D:0004H         SYMBOL        regAddr
  D:0035H         SYMBOL        data_len
  D:0036H         SYMBOL        data_ptr
  -------         DO            
  D:0039H         SYMBOL        w2_status
  D:003AH         SYMBOL        ack_received
  -------         ENDDO         
  C:2652H         LINE#         352
  C:2658H         LINE#         357
  C:265FH         LINE#         358
  C:2661H         LINE#         359
  C:2666H         LINE#         360
  C:266BH         LINE#         361
  C:266BH         LINE#         362
  C:266EH         LINE#         363
  C:266EH         LINE#         367
  C:2677H         LINE#         369
  C:267BH         LINE#         370
  C:267BH         LINE#         372
  C:267EH         LINE#         374
  C:267EH         LINE#         376
  C:2689H         LINE#         377
  C:2689H         LINE#         378
BL51 BANKED LINKER/LOCATER V6.22                                                      04/29/2017  17:33:21  PAGE 44


  C:268DH         LINE#         379
  C:268DH         LINE#         380
  C:2690H         LINE#         381
  C:2690H         LINE#         383
  C:2695H         LINE#         385
  C:26A8H         LINE#         386
  C:26B5H         LINE#         387
  C:26B7H         LINE#         389
  C:26B9H         LINE#         390
  -------         ENDPROC       _I2C_MPU_READBYTES
  -------         PROC          _I2C_MPU_WRITEBIT
  D:0027H         SYMBOL        devAddr
  D:0028H         SYMBOL        regAddr
  D:0029H         SYMBOL        bitNum
  D:002AH         SYMBOL        data_to_write
  -------         DO            
  D:002BH         SYMBOL        b
  -------         ENDDO         
  C:2985H         LINE#         393
  C:298BH         LINE#         395
  C:2994H         LINE#         396
  C:29C9H         LINE#         397
  C:29D2H         LINE#         398
  -------         ENDPROC       _I2C_MPU_WRITEBIT
  -------         PROC          _I2C_MPU_WRITEBITS
  D:0027H         SYMBOL        devAddr
  D:0028H         SYMBOL        regAddr
  D:0029H         SYMBOL        bitStart
  D:002AH         SYMBOL        data_length
  D:002BH         SYMBOL        data_to_write
  -------         DO            
  D:002CH         SYMBOL        b
  -------         DO            
  D:002DH         SYMBOL        mask
  -------         ENDDO         
  -------         ENDDO         
  C:26BAH         LINE#         399
  C:26C0H         LINE#         408
  C:26CCH         LINE#         409
  C:26F9H         LINE#         410
  C:2706H         LINE#         411
  C:270AH         LINE#         412
  C:270DH         LINE#         413
  C:2711H         LINE#         414
  C:271AH         LINE#         415
  C:271AH         LINE#         416
  C:271CH         LINE#         417
  C:271CH         LINE#         418
  -------         ENDPROC       _I2C_MPU_WRITEBITS
  -------         PROC          _I2C_MPU_READBIT
  D:0007H         SYMBOL        devAddr
  D:0005H         SYMBOL        regAddr
  D:004DH         SYMBOL        bitNum
  D:004EH         SYMBOL        data_ptr
  -------         DO            
  D:0051H         SYMBOL        b
  D:0007H         SYMBOL        count
BL51 BANKED LINKER/LOCATER V6.22                                                      04/29/2017  17:33:21  PAGE 45


  -------         ENDDO         
  C:2D3BH         LINE#         419
  C:2D3DH         LINE#         421
  C:2D46H         LINE#         422
  C:2D5EH         LINE#         423
  C:2D5EH         LINE#         424
  -------         ENDPROC       _I2C_MPU_READBIT
  -------         PROC          _I2C_MPU_READBITS
  D:0007H         SYMBOL        devAddr
  D:0005H         SYMBOL        regAddr
  D:0029H         SYMBOL        bitStart
  D:002AH         SYMBOL        data_length
  D:002BH         SYMBOL        data_ptr
  -------         DO            
  D:0005H         SYMBOL        count
  D:002EH         SYMBOL        b
  -------         DO            
  D:002FH         SYMBOL        mask
  -------         ENDDO         
  -------         ENDDO         
  C:2836H         LINE#         425
  C:2838H         LINE#         432
  C:2846H         LINE#         433
  C:2873H         LINE#         434
  C:2875H         LINE#         435
  C:2882H         LINE#         436
  C:288BH         LINE#         437
  C:288BH         LINE#         438
  C:288DH         LINE#         439
  -------         ENDPROC       _I2C_MPU_READBITS
  -------         PROC          _I2C_MPU_WRITEWORD
  D:0007H         SYMBOL        devAddr
  D:0005H         SYMBOL        regAddr
  D:0027H         SYMBOL        data_to_write
  C:305CH         LINE#         442
  C:3060H         LINE#         443
  C:306EH         LINE#         444
  -------         ENDPROC       _I2C_MPU_WRITEWORD
  -------         PROC          _I2C_MPU_WRITEWORDS
  D:0007H         SYMBOL        devAddr
  D:0006H         SYMBOL        regAddr
  D:0004H         SYMBOL        data_length
  D:002CH         SYMBOL        data_ptr
  -------         DO            
  D:0007H         SYMBOL        w2_status
  D:0005H         SYMBOL        ack_received
  -------         ENDDO         
  C:271DH         LINE#         445
  C:2721H         LINE#         456
  C:2728H         LINE#         457
  C:272AH         LINE#         458
  C:272DH         LINE#         459
  C:2731H         LINE#         460
  C:2731H         LINE#         461
  C:2733H         LINE#         462
  C:2733H         LINE#         464
  C:2741H         LINE#         465
BL51 BANKED LINKER/LOCATER V6.22                                                      04/29/2017  17:33:21  PAGE 46


  C:2741H         LINE#         466
  C:274EH         LINE#         467
  C:2751H         LINE#         468
  C:2755H         LINE#         469
  C:2755H         LINE#         470
  C:2757H         LINE#         471
  C:2757H         LINE#         472
  C:275AH         LINE#         473
  C:276FH         LINE#         474
  C:2772H         LINE#         475
  C:2776H         LINE#         476
  C:2776H         LINE#         477
  C:2778H         LINE#         478
  C:2778H         LINE#         479
  C:277AH         LINE#         480
  C:277AH         LINE#         481
  C:277AH         LINE#         482
  C:277AH         LINE#         483
  C:277DH         LINE#         485
  C:277FH         LINE#         486
  -------         ENDPROC       _I2C_MPU_WRITEWORDS
  -------         ENDMOD        HAL_W2_ISR

  -------         MODULE        ?C?CLDPTR
  C:0DCAH         PUBLIC        ?C?CLDPTR
  -------         ENDMOD        ?C?CLDPTR

  -------         MODULE        ?C?CLDOPTR
  C:0DE3H         PUBLIC        ?C?CLDOPTR
  -------         ENDMOD        ?C?CLDOPTR

  -------         MODULE        ?C?CSTPTR
  C:0E10H         PUBLIC        ?C?CSTPTR
  -------         ENDMOD        ?C?CSTPTR

  -------         MODULE        ?C?CSTOPTR
  C:0E22H         PUBLIC        ?C?CSTOPTR
  -------         ENDMOD        ?C?CSTOPTR

  -------         MODULE        ?C?ILDIX
  C:0E44H         PUBLIC        ?C?ILDIX
  -------         ENDMOD        ?C?ILDIX

  -------         MODULE        ?C?ILDPTR
  C:0E5AH         PUBLIC        ?C?ILDPTR
  -------         ENDMOD        ?C?ILDPTR

  -------         MODULE        ?C?ISTPTR
  C:0E85H         PUBLIC        ?C?ISTPTR
  -------         ENDMOD        ?C?ISTPTR

  -------         MODULE        ?C?ISTOPTR
  C:0EA4H         PUBLIC        ?C?ISTOPTR
  -------         ENDMOD        ?C?ISTOPTR

  -------         MODULE        ?C?MEMCMP
  C:1057H         PUBLIC        ?C?MEMCMP
BL51 BANKED LINKER/LOCATER V6.22                                                      04/29/2017  17:33:21  PAGE 47


  -------         ENDMOD        ?C?MEMCMP

  -------         MODULE        MALLOC
  C:2294H         PUBLIC        _malloc
  -------         ENDMOD        MALLOC

  -------         MODULE        INIT_MEM
  X:0359H         PUBLIC        __mem_avail__
  C:2B7EH         PUBLIC        _init_mempool
  -------         ENDMOD        INIT_MEM

  -------         MODULE        REALLOC
  C:25DAH         PUBLIC        _realloc
  -------         ENDMOD        REALLOC

  -------         MODULE        FREE
  C:1D84H         PUBLIC        _free
  -------         ENDMOD        FREE

  -------         MODULE        ?C?COPY
  C:114BH         PUBLIC        ?C?COPY
  -------         ENDMOD        ?C?COPY

  -------         MODULE        ?C?IILDX
  C:1171H         PUBLIC        ?C?IILDX
  -------         ENDMOD        ?C?IILDX

Program Size: data=131.1 xdata=879 code=13020
LINK/LOCATE RUN COMPLETE.  0 WARNING(S),  0 ERROR(S)
