BL51 BANKED LINKER/LOCATER V6.22                                                        04/02/2017  16:46:40  PAGE 1


BL51 BANKED LINKER/LOCATER V6.22, INVOKED BY:
C:\KEIL_V5\C51\BIN\BL51.EXE .\Objects\sensor.obj, .\Objects\hal_delay.obj, .\Objects\hal_w2_isr.obj, .\Objects\hal_uart.
>> obj TO .\Objects\sensor_project PRINT (.\Listings\sensor_project.m51) RAMSIZE (256) DISABLEWARNING (16)


MEMORY MODEL: SMALL


INPUT MODULES INCLUDED:
  .\Objects\sensor.obj (SENSOR)
  .\Objects\hal_delay.obj (HAL_DELAY)
  .\Objects\hal_w2_isr.obj (HAL_W2_ISR)
  .\Objects\hal_uart.obj (HAL_UART)
  C:\KEIL_V5\C51\LIB\C51S.LIB (?C_STARTUP)
  C:\KEIL_V5\C51\LIB\C51S.LIB (?C?CLDPTR)
  C:\KEIL_V5\C51\LIB\C51S.LIB (?C?CLDOPTR)
  C:\KEIL_V5\C51\LIB\C51S.LIB (?C?CSTPTR)
  C:\KEIL_V5\C51\LIB\C51S.LIB (?C?CSTOPTR)
  C:\KEIL_V5\C51\LIB\C51S.LIB (?C?ILDIX)
  C:\KEIL_V5\C51\LIB\C51S.LIB (?C?ILDPTR)
  C:\KEIL_V5\C51\LIB\C51S.LIB (?C?ISTPTR)
  C:\KEIL_V5\C51\LIB\C51S.LIB (?C?ISTOPTR)
  C:\KEIL_V5\C51\LIB\C51S.LIB (?C?MEMCMP)
  C:\KEIL_V5\C51\LIB\C51S.LIB (MALLOC)
  C:\KEIL_V5\C51\LIB\C51S.LIB (INIT_MEM)
  C:\KEIL_V5\C51\LIB\C51S.LIB (REALLOC)
  C:\KEIL_V5\C51\LIB\C51S.LIB (FREE)
  C:\KEIL_V5\C51\LIB\C51S.LIB (?C_INIT)
  C:\KEIL_V5\C51\LIB\C51S.LIB (?C?COPY)
  C:\KEIL_V5\C51\LIB\C51S.LIB (?C?IILDX)


LINK MAP OF MODULE:  .\Objects\sensor_project (SENSOR)


            TYPE    BASE      LENGTH    RELOCATION   SEGMENT NAME
            -----------------------------------------------------

            * * * * * * *   D A T A   M E M O R Y   * * * * * * *
            REG     0000H     0008H     ABSOLUTE     "REG BANK 0"
            DATA    0008H     0008H     UNIT         ?DT?_SEND_PACKET_FROM_HOST_TO_COMPUTER?SENSOR
            DATA    0010H     0007H     UNIT         ?DT?_SEND_PACKET_TO_COMPUTER?SENSOR
            DATA    0017H     0007H     UNIT         ?DT?HAL_W2_WAIT_DATA_READY?HAL_W2_ISR
            DATA    001EH     0002H     UNIT         ?DT?HAL_W2_ISR
            DATA    0020H     0001H     BIT_ADDR     ?BA?SENSOR
            BIT     0021H.0   0000H.1   UNIT         ?BI?SENSOR
                    0021H.1   0000H.7                *** GAP ***
            DATA    0022H     001BH     UNIT         _DATA_GROUP_
            DATA    003DH     0007H     UNIT         ?DT?_I2C_MPU_READBIT?HAL_W2_ISR
            DATA    0044H     0006H     UNIT         ?DT?_SEND_PACKET_TO_HOST?SENSOR
            DATA    004AH     0006H     UNIT         ?DT?_REDIRECT_RF_PKT_TO_SERIAL?SENSOR
            DATA    0050H     0006H     UNIT         ?DT?_HAL_W2_WRITE?HAL_W2_ISR
            DATA    0056H     0006H     UNIT         ?DT?_HAL_W2_READ?HAL_W2_ISR
            DATA    005CH     0006H     UNIT         ?DT?HAL_UART
            DATA    0062H     0003H     UNIT         ?DT?_HAL_UART_PUTSTRING?SENSOR
            IDATA   0065H     0010H     UNIT         ?ID?HAL_UART
            IDATA   0075H     0001H     UNIT         ?STACK

BL51 BANKED LINKER/LOCATER V6.22                                                      04/02/2017  16:46:40  PAGE 2


            * * * * * * *  X D A T A   M E M O R Y  * * * * * * *
            XDATA   0000H     0273H     UNIT         ?XD?SENSOR
            XDATA   0273H     00BEH     UNIT         _XDATA_GROUP_
            XDATA   0331H     0012H     UNIT         ?XD?_GETMOTION6_VARIABLES?SENSOR
            XDATA   0343H     0008H     UNIT         ?XD?INIT_MEM
            XDATA   034BH     0006H     UNIT         ?XD?_DMPGETQUATERNION_INT16?SENSOR
            XDATA   0351H     0006H     UNIT         ?XD?_DMPGETPACKET16BITS?SENSOR
            XDATA   0357H     0002H     UNIT         ?XD?_GETMOTION6_PACKET?SENSOR

            * * * * * * *   C O D E   M E M O R Y   * * * * * * *
            CODE    0000H     0003H     ABSOLUTE     
            CODE    0003H     0020H     UNIT         ?PR?_WRITEPROGMEMORYBLOCK?SENSOR
            CODE    0023H     0003H     ABSOLUTE     
            CODE    0026H     0025H     UNIT         ?PR?_HAL_UART_PUTSTRING?SENSOR
            CODE    004BH     0003H     ABSOLUTE     
            CODE    004EH     0003H     UNIT         ?PR?HAL_UART_CHARS_AVAILABLE?HAL_UART
                    0051H     0002H                  *** GAP ***
            CODE    0053H     0003H     ABSOLUTE     
            CODE    0056H     087DH     UNIT         ?CO?SENSOR
            CODE    08D3H     04F7H     UNIT         ?PR?DMPINITIALIZE?SENSOR
            CODE    0DCAH     03BDH     UNIT         ?C?LIB_CODE
            CODE    1187H     031BH     UNIT         ?PR?_SEND_INERTIAL_PACKET_BY_RF?SENSOR
            CODE    14A2H     02D6H     UNIT         ?PR?_DMPGETPACKET16BITS?SENSOR
            CODE    1778H     0297H     UNIT         ?PR?_WRITEDMPCONFIGURATIONSET?SENSOR
            CODE    1A0FH     0268H     UNIT         ?PR?_WRITEMEMORYBLOCK?SENSOR
            CODE    1C77H     017CH     UNIT         ?PR?MAIN?SENSOR
            CODE    1DF3H     0104H     UNIT         ?PR?_FREE?FREE
            CODE    1EF7H     00F7H     UNIT         ?PR?_READMEMORYBLOCK?SENSOR
            CODE    1FEEH     00E2H     UNIT         ?PR?_DMPGETQUATERNION_INT16?SENSOR
            CODE    20D0H     00CFH     UNIT         ?PR?_GETMOTION6_PACKET?SENSOR
            CODE    219FH     00BFH     UNIT         ?PR?_GETMOTION6_VARIABLES?SENSOR
            CODE    225EH     00A5H     UNIT         ?PR?_RF_INIT?SENSOR
            CODE    2303H     009CH     UNIT         ?PR?_MALLOC?MALLOC
            CODE    239FH     008EH     UNIT         ?PR?_SEND_OFFSET_VALUES?SENSOR
            CODE    242DH     008CH     UNIT         ?C_C51STARTUP
            CODE    24B9H     0085H     UNIT         ?PR?RF_IRQ?SENSOR
            CODE    253EH     0083H     UNIT         ?PR?HAL_W2_SOFT_RESET?HAL_W2_ISR
            CODE    25C1H     0078H     UNIT         ?PR?_REALLOC?REALLOC
            CODE    2639H     0068H     UNIT         ?PR?_I2C_MPU_READBYTES?HAL_W2_ISR
            CODE    26A1H     0063H     UNIT         ?PR?_I2C_MPU_WRITEBITS?HAL_W2_ISR
            CODE    2704H     0063H     UNIT         ?PR?_I2C_MPU_WRITEWORDS?HAL_W2_ISR
            CODE    2767H     005FH     UNIT         ?PR?INITIAL_SETUP_DMP?SENSOR
            CODE    27C6H     0058H     UNIT         ?PR?_I2C_MPU_READBITS?HAL_W2_ISR
            CODE    281EH     0057H     UNIT         ?PR?_SEND_PACKET_TO_HOST?SENSOR
            CODE    2875H     0050H     UNIT         ?PR?_SEND_PACKET_TO_COMPUTER?SENSOR
            CODE    28C5H     0050H     UNIT         ?PR?_SEND_PACKET_FROM_HOST_TO_COMPUTER?SENSOR
            CODE    2915H     004EH     UNIT         ?PR?_I2C_MPU_WRITEBIT?HAL_W2_ISR
            CODE    2963H     004DH     UNIT         ?PR?_HAL_W2_READ?HAL_W2_ISR
            CODE    29B0H     004CH     UNIT         ?PR?_GETFIFOBYTES?SENSOR
            CODE    29FCH     004AH     UNIT         ?PR?SETUP?SENSOR
            CODE    2A46H     0049H     UNIT         ?PR?UART0_ISR?HAL_UART
            CODE    2A8FH     0048H     UNIT         ?C_INITSEG
            CODE    2AD7H     0046H     UNIT         ?PR?_HAL_UART_INIT?HAL_UART
            CODE    2B1DH     0044H     UNIT         ?PR?_REDIRECT_RF_PKT_TO_SERIAL?SENSOR
            CODE    2B61H     003FH     UNIT         ?PR?_I2C_MPU_WRITEBYTES?HAL_W2_ISR
            CODE    2BA0H     003CH     UNIT         ?PR?_INIT_MEMPOOL?INIT_MEM
            CODE    2BDCH     003BH     UNIT         ?PR?I2C_IRQ?SENSOR
BL51 BANKED LINKER/LOCATER V6.22                                                      04/02/2017  16:46:40  PAGE 3


            CODE    2C17H     003AH     UNIT         ?PR?_HAL_W2_WRITE?HAL_W2_ISR
            CODE    2C51H     0032H     UNIT         ?PR?_SPI_WRITE_BUF?SENSOR
            CODE    2C83H     0032H     UNIT         ?PR?_TX_MODE_NOACK?SENSOR
            CODE    2CB5H     0031H     UNIT         ?PR?_SPI_READ_BUF?SENSOR
            CODE    2CE6H     0027H     UNIT         ?PR?HAL_W2_WAIT_DATA_READY?HAL_W2_ISR
            CODE    2D0DH     0024H     UNIT         ?PR?_I2C_MPU_READBIT?HAL_W2_ISR
            CODE    2D31H     0024H     UNIT         ?PR?_HAL_UART_PUTCHAR?HAL_UART
            CODE    2D55H     0023H     UNIT         ?PR?MPU_TESTCONNECTION?SENSOR
            CODE    2D78H     0023H     UNIT         ?PR?_SETMEMORYBANK?SENSOR
            CODE    2D9BH     0021H     UNIT         ?PR?_HAL_W2_CONFIGURE_MASTER?HAL_W2_ISR
            CODE    2DBCH     001DH     UNIT         ?PR?GETXACCELOFFSET?SENSOR
            CODE    2DD9H     001DH     UNIT         ?PR?GETYACCELOFFSET?SENSOR
            CODE    2DF6H     001DH     UNIT         ?PR?GETZACCELOFFSET?SENSOR
            CODE    2E13H     001DH     UNIT         ?PR?GETXGYROOFFSET?SENSOR
            CODE    2E30H     001DH     UNIT         ?PR?GETYGYROOFFSET?SENSOR
            CODE    2E4DH     001DH     UNIT         ?PR?GETZGYROOFFSET?SENSOR
            CODE    2E6AH     001DH     UNIT         ?PR?GETFIFOCOUNT?SENSOR
            CODE    2E87H     001CH     UNIT         ?PR?DATAACQ?SENSOR
            CODE    2EA3H     001BH     UNIT         ?PR?GETXGYROOFFSETTC?SENSOR
            CODE    2EBEH     001BH     UNIT         ?PR?GETYGYROOFFSETTC?SENSOR
            CODE    2ED9H     001BH     UNIT         ?PR?GETZGYROOFFSETTC?SENSOR
            CODE    2EF4H     001AH     UNIT         ?PR?_SETSLAVEADDRESS?SENSOR
            CODE    2F0EH     001AH     UNIT         ?PR?_DELAY_US?HAL_DELAY
            CODE    2F28H     0019H     UNIT         ?PR?HAL_UART_GETCHAR?HAL_UART
            CODE    2F41H     0018H     UNIT         ?PR?GETFIFOENABLED?SENSOR
            CODE    2F59H     0017H     UNIT         ?PR?GETOTPBANKVALID?SENSOR
            CODE    2F70H     0016H     UNIT         ?PR?_HAL_W2_INIT_TRANSFER?HAL_W2_ISR
            CODE    2F86H     0015H     UNIT         ?PR?_SEND_RF_COMMAND_WITH_ARG?SENSOR
            CODE    2F9BH     0014H     UNIT         ?PR?MPU_INITIALIZE?SENSOR
            CODE    2FAFH     0014H     UNIT         ?PR?_DELAY_MS?HAL_DELAY
            CODE    2FC3H     0013H     UNIT         ?PR?_SPI_RW_REG?SENSOR
            CODE    2FD6H     0013H     UNIT         ?PR?GETINTSTATUS?SENSOR
            CODE    2FE9H     0013H     UNIT         ?PR?GETDMPCONFIG1?SENSOR
            CODE    2FFCH     0013H     UNIT         ?PR?GETDMPCONFIG2?SENSOR
            CODE    300FH     0013H     UNIT         ?PR?GETMOTIONDETECTIONTHRESHOLD?SENSOR
            CODE    3022H     0013H     UNIT         ?PR?GETZEROMOTIONDETECTIONTHRESHOLD?SENSOR
            CODE    3035H     0013H     UNIT         ?PR?GETMOTIONDETECTIONDURATION?SENSOR
            CODE    3048H     0013H     UNIT         ?PR?GETZEROMOTIONDETECTIONDURATION?SENSOR
            CODE    305BH     0013H     UNIT         ?PR?INICIARIO?SENSOR
            CODE    306EH     0013H     UNIT         ?PR?_I2C_MPU_WRITEWORD?HAL_W2_ISR
            CODE    3081H     0012H     UNIT         ?PR?_SEND_RF_COMMAND?SENSOR
            CODE    3093H     0012H     UNIT         ?PR?_I2C_MPU_READBYTE?HAL_W2_ISR
            CODE    30A5H     0011H     UNIT         ?PR?RX_MODE?SENSOR
            CODE    30B6H     0011H     UNIT         ?PR?HAL_W2_WAIT_DATA_READY_ISR?HAL_W2_ISR
            CODE    30C7H     0011H     UNIT         ?PR?_I2C_MPU_WRITEBYTE?HAL_W2_ISR
            CODE    30D8H     000EH     UNIT         ?PR?_SETCLOCKSOURCE?SENSOR
            CODE    30E6H     000EH     UNIT         ?PR?_SETFULLSCALEGYRORANGE?SENSOR
            CODE    30F4H     000EH     UNIT         ?PR?_SETFULLSCALEACCELRANGE?SENSOR
            CODE    3102H     000EH     UNIT         ?PR?_SETMEMORYSTARTADDRESS?SENSOR
            CODE    3110H     000EH     UNIT         ?PR?_SETEXTERNALFRAMESYNC?SENSOR
            CODE    311EH     000EH     UNIT         ?PR?_SETDLPFMODE?SENSOR
            CODE    312CH     000EH     UNIT         ?PR?_SETXGYROOFFSETTC?SENSOR
            CODE    313AH     000EH     UNIT         ?PR?_SETYGYROOFFSETTC?SENSOR
            CODE    3148H     000EH     UNIT         ?PR?_SETZGYROOFFSETTC?SENSOR
            CODE    3156H     000EH     UNIT         ?PR?_HAL_W2_SET_CLK_FREQ?HAL_W2_ISR
            CODE    3164H     000DH     UNIT         ?PR?_SPI_READ?SENSOR
            CODE    3171H     000CH     UNIT         ?PR?RESETFIFO?SENSOR
BL51 BANKED LINKER/LOCATER V6.22                                                      04/02/2017  16:46:40  PAGE 4


            CODE    317DH     000CH     UNIT         ?PR?I2C_MPU_RESET?SENSOR
            CODE    3189H     000CH     UNIT         ?PR?RESETI2CMASTER?SENSOR
            CODE    3195H     000CH     UNIT         ?PR?RESETDMP?SENSOR
            CODE    31A1H     000BH     UNIT         ?PR?MPU_8051_MALLOC_SETUP?SENSOR
            CODE    31ACH     000BH     UNIT         ?PR?_SETSLEEPENABLED?SENSOR
            CODE    31B7H     000BH     UNIT         ?PR?_SETXACCELOFFSET?SENSOR
            CODE    31C2H     000BH     UNIT         ?PR?_SETYACCELOFFSET?SENSOR
            CODE    31CDH     000BH     UNIT         ?PR?_SETZACCELOFFSET?SENSOR
            CODE    31D8H     000BH     UNIT         ?PR?_SETXGYROOFFSET?SENSOR
            CODE    31E3H     000BH     UNIT         ?PR?_SETYGYROOFFSET?SENSOR
            CODE    31EEH     000BH     UNIT         ?PR?_SETZGYROOFFSET?SENSOR
            CODE    31F9H     000BH     UNIT         ?PR?_SETDMPENABLED?SENSOR
            CODE    3204H     000BH     UNIT         ?PR?_SETI2CMASTERMODEENABLED?SENSOR
            CODE    320FH     000BH     UNIT         ?PR?_SETFIFOENABLED?SENSOR
            CODE    321AH     000BH     UNIT         ?PR?_HAL_W2_RESPOND_TO_GEN_ADR?HAL_W2_ISR
            CODE    3225H     000BH     UNIT         ?PR?_HAL_W2_ALTER_CLOCK?HAL_W2_ISR
            CODE    3230H     000BH     UNIT         ?PR?_HAL_W2_IRQ_STOP_COND_ENABLE?HAL_W2_ISR
            CODE    323BH     000BH     UNIT         ?PR?_HAL_W2_IRQ_ADR_MATCH_ENABLE?HAL_W2_ISR
            CODE    3246H     000BH     UNIT         ?PR?_HAL_W2_SET_OP_MODE?HAL_W2_ISR
            CODE    3251H     000BH     UNIT         ?PR?_HAL_W2_ENABLE?HAL_W2_ISR
            CODE    325CH     000BH     UNIT         ?PR?_HAL_W2_ALL_IRQ_ENABLE?HAL_W2_ISR
            CODE    3267H     000AH     UNIT         ?PR?_SPI_RW?SENSOR
            CODE    3271H     000AH     UNIT         ?PR?_WRITEPROGDMPCONFIGURATIONSET?SENSOR
            CODE    327BH     000AH     UNIT         ?PR?_SETOTPBANKVALID?SENSOR
            CODE    3285H     000AH     UNIT         ?PR?I2C_IRQ_HANDLER?HAL_W2_ISR
            CODE    328FH     000AH     UNIT         ?PR?HAL_UART_TX_COMPLETE?HAL_UART
            CODE    3299H     0009H     UNIT         ?PR?DMPGETFIFOPACKETSIZE?SENSOR
            CODE    32A2H     0009H     UNIT         ?PR?_SETINTENABLED?SENSOR
            CODE    32ABH     0009H     UNIT         ?PR?_SETRATE?SENSOR
            CODE    32B4H     0009H     UNIT         ?PR?_SETDMPCONFIG1?SENSOR
            CODE    32BDH     0009H     UNIT         ?PR?_SETDMPCONFIG2?SENSOR
            CODE    32C6H     0009H     UNIT         ?PR?_SETMOTIONDETECTIONTHRESHOLD?SENSOR
            CODE    32CFH     0009H     UNIT         ?PR?_SETZEROMOTIONDETECTIONTHRESHOLD?SENSOR
            CODE    32D8H     0009H     UNIT         ?PR?_SETMOTIONDETECTIONDURATION?SENSOR
            CODE    32E1H     0009H     UNIT         ?PR?_SETZEROMOTIONDETECTIONDURATION?SENSOR
            CODE    32EAH     0006H     UNIT         ?PR?_HAL_W2_SET_SLAVE_ADDRESS?HAL_W2_ISR



OVERLAY MAP OF MODULE:   .\Objects\sensor_project (SENSOR)


SEGMENT                                            DATA_GROUP          XDATA_GROUP
  +--> CALLED SEGMENT                            START    LENGTH     START    LENGTH
------------------------------------------------------------------------------------
?PR?RF_IRQ?SENSOR                                -----    -----      -----    -----
  +--> ?PR?_SPI_READ?SENSOR
  +--> ?PR?_SPI_READ_BUF?SENSOR
  +--> ?PR?_SPI_RW_REG?SENSOR

?PR?_SPI_READ?SENSOR                             -----    -----      -----    -----
  +--> ?PR?_SPI_RW?SENSOR

?PR?_SPI_READ_BUF?SENSOR                         0022H    0005H      -----    -----
  +--> ?PR?_SPI_RW?SENSOR

?PR?_SPI_RW_REG?SENSOR                           -----    -----      -----    -----
BL51 BANKED LINKER/LOCATER V6.22                                                      04/02/2017  16:46:40  PAGE 5


  +--> ?PR?_SPI_RW?SENSOR

*** NEW ROOT ***************************************************

?PR?I2C_IRQ?SENSOR                               -----    -----      -----    -----
  +--> ?PR?I2C_IRQ_HANDLER?HAL_W2_ISR

*** NEW ROOT ***************************************************

?C_C51STARTUP                                    -----    -----      -----    -----
  +--> ?PR?MAIN?SENSOR
  +--> ?C_INITSEG

?PR?MAIN?SENSOR                                  -----    -----      -----    -----
  +--> ?PR?SETUP?SENSOR
  +--> ?PR?DATAACQ?SENSOR
  +--> ?PR?RESETFIFO?SENSOR
  +--> ?PR?_DELAY_MS?HAL_DELAY
  +--> ?PR?MPU_TESTCONNECTION?SENSOR
  +--> ?PR?_SETXACCELOFFSET?SENSOR
  +--> ?PR?_SETYACCELOFFSET?SENSOR
  +--> ?PR?_SETZACCELOFFSET?SENSOR
  +--> ?PR?_SETXGYROOFFSET?SENSOR
  +--> ?PR?_SETYGYROOFFSET?SENSOR
  +--> ?PR?_SETZGYROOFFSET?SENSOR
  +--> ?PR?_SEND_RF_COMMAND?SENSOR
  +--> ?PR?GETXACCELOFFSET?SENSOR
  +--> ?PR?GETYACCELOFFSET?SENSOR
  +--> ?PR?GETZACCELOFFSET?SENSOR
  +--> ?PR?GETXGYROOFFSET?SENSOR
  +--> ?PR?GETYGYROOFFSET?SENSOR
  +--> ?PR?GETZGYROOFFSET?SENSOR
  +--> ?PR?_SEND_OFFSET_VALUES?SENSOR
  +--> ?PR?_SEND_RF_COMMAND_WITH_ARG?SENSOR

?PR?SETUP?SENSOR                                 -----    -----      -----    -----
  +--> ?PR?INICIARIO?SENSOR
  +--> ?CO?SENSOR
  +--> ?PR?_RF_INIT?SENSOR
  +--> ?PR?_HAL_W2_CONFIGURE_MASTER?HAL_W2_ISR
  +--> ?PR?INITIAL_SETUP_DMP?SENSOR
  +--> ?PR?_DELAY_MS?HAL_DELAY

?PR?_RF_INIT?SENSOR                              0027H    0009H      -----    -----
  +--> ?PR?_SPI_WRITE_BUF?SENSOR
  +--> ?PR?_SPI_RW_REG?SENSOR
  +--> ?PR?RX_MODE?SENSOR

?PR?_SPI_WRITE_BUF?SENSOR                        0037H    0005H      -----    -----
  +--> ?PR?_SPI_RW?SENSOR

?PR?RX_MODE?SENSOR                               -----    -----      -----    -----
  +--> ?PR?_SPI_RW_REG?SENSOR

?PR?_HAL_W2_CONFIGURE_MASTER?HAL_W2_ISR          -----    -----      -----    -----
  +--> ?PR?_HAL_W2_ENABLE?HAL_W2_ISR
  +--> ?PR?_HAL_W2_SET_CLK_FREQ?HAL_W2_ISR
BL51 BANKED LINKER/LOCATER V6.22                                                      04/02/2017  16:46:40  PAGE 6


  +--> ?PR?_HAL_W2_SET_OP_MODE?HAL_W2_ISR
  +--> ?PR?_HAL_W2_ALL_IRQ_ENABLE?HAL_W2_ISR

?PR?INITIAL_SETUP_DMP?SENSOR                     -----    -----      0273H    0001H
  +--> ?PR?MPU_8051_MALLOC_SETUP?SENSOR
  +--> ?PR?MPU_TESTCONNECTION?SENSOR
  +--> ?PR?MPU_INITIALIZE?SENSOR
  +--> ?PR?DMPINITIALIZE?SENSOR
  +--> ?PR?_DELAY_MS?HAL_DELAY
  +--> ?PR?_SETDMPENABLED?SENSOR
  +--> ?PR?_SETXACCELOFFSET?SENSOR
  +--> ?PR?_SETYACCELOFFSET?SENSOR
  +--> ?PR?_SETZACCELOFFSET?SENSOR
  +--> ?PR?_SETXGYROOFFSET?SENSOR
  +--> ?PR?_SETYGYROOFFSET?SENSOR
  +--> ?PR?_SETZGYROOFFSET?SENSOR

?PR?MPU_8051_MALLOC_SETUP?SENSOR                 -----    -----      -----    -----
  +--> ?PR?_INIT_MEMPOOL?INIT_MEM

?PR?MPU_TESTCONNECTION?SENSOR                    -----    -----      -----    -----
  +--> ?PR?_I2C_MPU_READBITS?HAL_W2_ISR

?PR?_I2C_MPU_READBITS?HAL_W2_ISR                 0027H    0009H      -----    -----
  +--> ?PR?_I2C_MPU_READBYTE?HAL_W2_ISR

?PR?_I2C_MPU_READBYTE?HAL_W2_ISR                 0030H    0003H      -----    -----
  +--> ?PR?_I2C_MPU_READBYTES?HAL_W2_ISR

?PR?_I2C_MPU_READBYTES?HAL_W2_ISR                0033H    0008H      -----    -----
  +--> ?PR?_HAL_W2_INIT_TRANSFER?HAL_W2_ISR
  +--> ?PR?HAL_W2_WAIT_DATA_READY_ISR?HAL_W2...
  +--> ?PR?HAL_W2_SOFT_RESET?HAL_W2_ISR

?PR?_HAL_W2_INIT_TRANSFER?HAL_W2_ISR             -----    -----      -----    -----
  +--> ?PR?HAL_W2_WAIT_DATA_READY_ISR?HAL_W2...

?PR?HAL_W2_SOFT_RESET?HAL_W2_ISR                 003BH    0002H      -----    -----
  +--> ?PR?_DELAY_US?HAL_DELAY

?PR?MPU_INITIALIZE?SENSOR                        -----    -----      -----    -----
  +--> ?PR?_SETCLOCKSOURCE?SENSOR
  +--> ?PR?_SETFULLSCALEGYRORANGE?SENSOR
  +--> ?PR?_SETFULLSCALEACCELRANGE?SENSOR
  +--> ?PR?_SETSLEEPENABLED?SENSOR

?PR?_SETCLOCKSOURCE?SENSOR                       -----    -----      -----    -----
  +--> ?PR?_I2C_MPU_WRITEBITS?HAL_W2_ISR

?PR?_I2C_MPU_WRITEBITS?HAL_W2_ISR                0027H    0007H      -----    -----
  +--> ?PR?_I2C_MPU_READBYTE?HAL_W2_ISR
  +--> ?PR?_I2C_MPU_WRITEBYTE?HAL_W2_ISR

?PR?_I2C_MPU_WRITEBYTE?HAL_W2_ISR                002EH    0001H      -----    -----
  +--> ?PR?_I2C_MPU_WRITEBYTES?HAL_W2_ISR

?PR?_I2C_MPU_WRITEBYTES?HAL_W2_ISR               002FH    0006H      -----    -----
BL51 BANKED LINKER/LOCATER V6.22                                                      04/02/2017  16:46:40  PAGE 7


  +--> ?PR?_HAL_W2_INIT_TRANSFER?HAL_W2_ISR
  +--> ?PR?HAL_W2_WAIT_DATA_READY_ISR?HAL_W2...

?PR?_SETFULLSCALEGYRORANGE?SENSOR                -----    -----      -----    -----
  +--> ?PR?_I2C_MPU_WRITEBITS?HAL_W2_ISR

?PR?_SETFULLSCALEACCELRANGE?SENSOR               -----    -----      -----    -----
  +--> ?PR?_I2C_MPU_WRITEBITS?HAL_W2_ISR

?PR?_SETSLEEPENABLED?SENSOR                      -----    -----      -----    -----
  +--> ?PR?_I2C_MPU_WRITEBIT?HAL_W2_ISR

?PR?_I2C_MPU_WRITEBIT?HAL_W2_ISR                 0027H    0005H      -----    -----
  +--> ?PR?_I2C_MPU_READBYTE?HAL_W2_ISR
  +--> ?PR?_I2C_MPU_WRITEBYTE?HAL_W2_ISR

?PR?DMPINITIALIZE?SENSOR                         -----    -----      0274H    009BH
  +--> ?PR?I2C_MPU_RESET?SENSOR
  +--> ?PR?_DELAY_MS?HAL_DELAY
  +--> ?PR?_SETSLEEPENABLED?SENSOR
  +--> ?PR?_SETMEMORYBANK?SENSOR
  +--> ?PR?_SETMEMORYSTARTADDRESS?SENSOR
  +--> ?PR?GETXGYROOFFSETTC?SENSOR
  +--> ?PR?GETYGYROOFFSETTC?SENSOR
  +--> ?PR?GETZGYROOFFSETTC?SENSOR
  +--> ?PR?_SETSLAVEADDRESS?SENSOR
  +--> ?PR?_SETI2CMASTERMODEENABLED?SENSOR
  +--> ?PR?RESETI2CMASTER?SENSOR
  +--> ?CO?SENSOR
  +--> ?PR?_WRITEPROGMEMORYBLOCK?SENSOR
  +--> ?PR?_WRITEPROGDMPCONFIGURATIONSET?SENSOR
  +--> ?PR?_SETCLOCKSOURCE?SENSOR
  +--> ?PR?_SETINTENABLED?SENSOR
  +--> ?PR?_SETRATE?SENSOR
  +--> ?PR?_I2C_MPU_READBYTE?HAL_W2_ISR
  +--> ?PR?_I2C_MPU_WRITEBYTE?HAL_W2_ISR
  +--> ?PR?_SETDLPFMODE?SENSOR
  +--> ?PR?_SETFULLSCALEGYRORANGE?SENSOR
  +--> ?PR?_SETDMPCONFIG1?SENSOR
  +--> ?PR?_SETDMPCONFIG2?SENSOR
  +--> ?PR?_SETOTPBANKVALID?SENSOR
  +--> ?PR?_WRITEMEMORYBLOCK?SENSOR
  +--> ?PR?RESETFIFO?SENSOR
  +--> ?PR?GETFIFOCOUNT?SENSOR
  +--> ?PR?_GETFIFOBYTES?SENSOR
  +--> ?PR?_SETMOTIONDETECTIONTHRESHOLD?SENSOR
  +--> ?PR?_SETZEROMOTIONDETECTIONTHRESHOLD?...
  +--> ?PR?_SETMOTIONDETECTIONDURATION?SENSOR
  +--> ?PR?_SETZEROMOTIONDETECTIONDURATION?S...
  +--> ?PR?_SETFIFOENABLED?SENSOR
  +--> ?PR?_SETDMPENABLED?SENSOR
  +--> ?PR?RESETDMP?SENSOR
  +--> ?PR?_READMEMORYBLOCK?SENSOR
  +--> ?PR?GETINTSTATUS?SENSOR

?PR?I2C_MPU_RESET?SENSOR                         -----    -----      -----    -----
  +--> ?PR?_I2C_MPU_WRITEBIT?HAL_W2_ISR
BL51 BANKED LINKER/LOCATER V6.22                                                      04/02/2017  16:46:40  PAGE 8



?PR?_DELAY_MS?HAL_DELAY                          -----    -----      -----    -----
  +--> ?PR?_DELAY_US?HAL_DELAY

?PR?_SETMEMORYBANK?SENSOR                        -----    -----      -----    -----
  +--> ?PR?_I2C_MPU_WRITEBYTE?HAL_W2_ISR

?PR?_SETMEMORYSTARTADDRESS?SENSOR                -----    -----      -----    -----
  +--> ?PR?_I2C_MPU_WRITEBYTE?HAL_W2_ISR

?PR?GETXGYROOFFSETTC?SENSOR                      -----    -----      -----    -----
  +--> ?PR?_I2C_MPU_READBITS?HAL_W2_ISR

?PR?GETYGYROOFFSETTC?SENSOR                      -----    -----      -----    -----
  +--> ?PR?_I2C_MPU_READBITS?HAL_W2_ISR

?PR?GETZGYROOFFSETTC?SENSOR                      -----    -----      -----    -----
  +--> ?PR?_I2C_MPU_READBITS?HAL_W2_ISR

?PR?_SETSLAVEADDRESS?SENSOR                      -----    -----      -----    -----
  +--> ?PR?_I2C_MPU_WRITEBYTE?HAL_W2_ISR

?PR?_SETI2CMASTERMODEENABLED?SENSOR              -----    -----      -----    -----
  +--> ?PR?_I2C_MPU_WRITEBIT?HAL_W2_ISR

?PR?RESETI2CMASTER?SENSOR                        -----    -----      -----    -----
  +--> ?PR?_I2C_MPU_WRITEBIT?HAL_W2_ISR

?PR?_WRITEPROGMEMORYBLOCK?SENSOR                 -----    -----      030FH    0008H
  +--> ?PR?_WRITEMEMORYBLOCK?SENSOR

?PR?_WRITEMEMORYBLOCK?SENSOR                     -----    -----      031FH    0012H
  +--> ?PR?_SETMEMORYBANK?SENSOR
  +--> ?PR?_SETMEMORYSTARTADDRESS?SENSOR
  +--> ?PR?_MALLOC?MALLOC
  +--> ?PR?_I2C_MPU_WRITEBYTES?HAL_W2_ISR
  +--> ?PR?_I2C_MPU_READBYTES?HAL_W2_ISR
  +--> ?PR?_FREE?FREE

?PR?_MALLOC?MALLOC                               002FH    0004H      -----    -----

?PR?_FREE?FREE                                   002FH    0004H      -----    -----

?PR?_WRITEPROGDMPCONFIGURATIONSET?SENSOR         -----    -----      -----    -----
  +--> ?PR?_WRITEDMPCONFIGURATIONSET?SENSOR

?PR?_WRITEDMPCONFIGURATIONSET?SENSOR             -----    -----      030FH    0010H
  +--> ?PR?_MALLOC?MALLOC
  +--> ?PR?_REALLOC?REALLOC
  +--> ?PR?_WRITEMEMORYBLOCK?SENSOR
  +--> ?PR?_I2C_MPU_WRITEBYTE?HAL_W2_ISR
  +--> ?PR?_FREE?FREE

?PR?_REALLOC?REALLOC                             0027H    0008H      -----    -----
  +--> ?PR?_MALLOC?MALLOC
  +--> ?PR?_FREE?FREE

BL51 BANKED LINKER/LOCATER V6.22                                                      04/02/2017  16:46:40  PAGE 9


?PR?_SETINTENABLED?SENSOR                        -----    -----      -----    -----
  +--> ?PR?_I2C_MPU_WRITEBYTE?HAL_W2_ISR

?PR?_SETRATE?SENSOR                              -----    -----      -----    -----
  +--> ?PR?_I2C_MPU_WRITEBYTE?HAL_W2_ISR

?PR?_SETDLPFMODE?SENSOR                          -----    -----      -----    -----
  +--> ?PR?_I2C_MPU_WRITEBITS?HAL_W2_ISR

?PR?_SETDMPCONFIG1?SENSOR                        -----    -----      -----    -----
  +--> ?PR?_I2C_MPU_WRITEBYTE?HAL_W2_ISR

?PR?_SETDMPCONFIG2?SENSOR                        -----    -----      -----    -----
  +--> ?PR?_I2C_MPU_WRITEBYTE?HAL_W2_ISR

?PR?_SETOTPBANKVALID?SENSOR                      -----    -----      -----    -----
  +--> ?PR?_I2C_MPU_WRITEBIT?HAL_W2_ISR

?PR?RESETFIFO?SENSOR                             -----    -----      -----    -----
  +--> ?PR?_I2C_MPU_WRITEBIT?HAL_W2_ISR

?PR?GETFIFOCOUNT?SENSOR                          -----    -----      -----    -----
  +--> ?PR?_I2C_MPU_READBYTES?HAL_W2_ISR

?PR?_GETFIFOBYTES?SENSOR                         -----    -----      030FH    0003H
  +--> ?PR?_I2C_MPU_READBYTES?HAL_W2_ISR

?PR?_SETMOTIONDETECTIONTHRESHOLD?SENSOR          -----    -----      -----    -----
  +--> ?PR?_I2C_MPU_WRITEBYTE?HAL_W2_ISR

?PR?_SETZEROMOTIONDETECTIONTHRESHOLD?...         -----    -----      -----    -----
  +--> ?PR?_I2C_MPU_WRITEBYTE?HAL_W2_ISR

?PR?_SETMOTIONDETECTIONDURATION?SENSOR           -----    -----      -----    -----
  +--> ?PR?_I2C_MPU_WRITEBYTE?HAL_W2_ISR

?PR?_SETZEROMOTIONDETECTIONDURATION?S...         -----    -----      -----    -----
  +--> ?PR?_I2C_MPU_WRITEBYTE?HAL_W2_ISR

?PR?_SETFIFOENABLED?SENSOR                       -----    -----      -----    -----
  +--> ?PR?_I2C_MPU_WRITEBIT?HAL_W2_ISR

?PR?_SETDMPENABLED?SENSOR                        -----    -----      -----    -----
  +--> ?PR?_I2C_MPU_WRITEBIT?HAL_W2_ISR

?PR?RESETDMP?SENSOR                              -----    -----      -----    -----
  +--> ?PR?_I2C_MPU_WRITEBIT?HAL_W2_ISR

?PR?_READMEMORYBLOCK?SENSOR                      -----    -----      030FH    000AH
  +--> ?PR?_SETMEMORYBANK?SENSOR
  +--> ?PR?_SETMEMORYSTARTADDRESS?SENSOR
  +--> ?PR?_I2C_MPU_READBYTES?HAL_W2_ISR

?PR?GETINTSTATUS?SENSOR                          -----    -----      -----    -----
  +--> ?PR?_I2C_MPU_READBYTE?HAL_W2_ISR

?PR?_SETXACCELOFFSET?SENSOR                      -----    -----      -----    -----
BL51 BANKED LINKER/LOCATER V6.22                                                      04/02/2017  16:46:40  PAGE 10


  +--> ?PR?_I2C_MPU_WRITEWORD?HAL_W2_ISR

?PR?_I2C_MPU_WRITEWORD?HAL_W2_ISR                0027H    0002H      -----    -----
  +--> ?PR?_I2C_MPU_WRITEWORDS?HAL_W2_ISR

?PR?_I2C_MPU_WRITEWORDS?HAL_W2_ISR               0029H    0006H      -----    -----
  +--> ?PR?_HAL_W2_INIT_TRANSFER?HAL_W2_ISR
  +--> ?PR?HAL_W2_WAIT_DATA_READY_ISR?HAL_W2...

?PR?_SETYACCELOFFSET?SENSOR                      -----    -----      -----    -----
  +--> ?PR?_I2C_MPU_WRITEWORD?HAL_W2_ISR

?PR?_SETZACCELOFFSET?SENSOR                      -----    -----      -----    -----
  +--> ?PR?_I2C_MPU_WRITEWORD?HAL_W2_ISR

?PR?_SETXGYROOFFSET?SENSOR                       -----    -----      -----    -----
  +--> ?PR?_I2C_MPU_WRITEWORD?HAL_W2_ISR

?PR?_SETYGYROOFFSET?SENSOR                       -----    -----      -----    -----
  +--> ?PR?_I2C_MPU_WRITEWORD?HAL_W2_ISR

?PR?_SETZGYROOFFSET?SENSOR                       -----    -----      -----    -----
  +--> ?PR?_I2C_MPU_WRITEWORD?HAL_W2_ISR

?PR?DATAACQ?SENSOR                               -----    -----      -----    -----
  +--> ?PR?_GETFIFOBYTES?SENSOR
  +--> ?PR?_SEND_INERTIAL_PACKET_BY_RF?SENSOR

?PR?_SEND_INERTIAL_PACKET_BY_RF?SENSOR           0027H    0005H      -----    -----
  +--> ?PR?_TX_MODE_NOACK?SENSOR
  +--> ?PR?RX_MODE?SENSOR

?PR?_TX_MODE_NOACK?SENSOR                        0035H    0002H      -----    -----
  +--> ?PR?_SPI_RW_REG?SENSOR
  +--> ?CO?SENSOR
  +--> ?PR?_SPI_WRITE_BUF?SENSOR

?PR?_SEND_RF_COMMAND?SENSOR                      -----    -----      -----    -----
  +--> ?PR?_TX_MODE_NOACK?SENSOR
  +--> ?PR?RX_MODE?SENSOR

?PR?GETXACCELOFFSET?SENSOR                       -----    -----      -----    -----
  +--> ?PR?_I2C_MPU_READBYTES?HAL_W2_ISR

?PR?GETYACCELOFFSET?SENSOR                       -----    -----      -----    -----
  +--> ?PR?_I2C_MPU_READBYTES?HAL_W2_ISR

?PR?GETZACCELOFFSET?SENSOR                       -----    -----      -----    -----
  +--> ?PR?_I2C_MPU_READBYTES?HAL_W2_ISR

?PR?GETXGYROOFFSET?SENSOR                        -----    -----      -----    -----
  +--> ?PR?_I2C_MPU_READBYTES?HAL_W2_ISR

?PR?GETYGYROOFFSET?SENSOR                        -----    -----      -----    -----
  +--> ?PR?_I2C_MPU_READBYTES?HAL_W2_ISR

?PR?GETZGYROOFFSET?SENSOR                        -----    -----      -----    -----
BL51 BANKED LINKER/LOCATER V6.22                                                      04/02/2017  16:46:40  PAGE 11


  +--> ?PR?_I2C_MPU_READBYTES?HAL_W2_ISR

?PR?_SEND_OFFSET_VALUES?SENSOR                   0027H    000EH      -----    -----
  +--> ?PR?_TX_MODE_NOACK?SENSOR
  +--> ?PR?RX_MODE?SENSOR

?PR?_SEND_RF_COMMAND_WITH_ARG?SENSOR             -----    -----      -----    -----
  +--> ?PR?_TX_MODE_NOACK?SENSOR
  +--> ?PR?RX_MODE?SENSOR



SYMBOL TABLE OF MODULE:  .\Objects\sensor_project (SENSOR)

  VALUE           TYPE          NAME
  ----------------------------------

  -------         MODULE        SENSOR
  C:0000H         SYMBOL        _ICE_DUMMY_
  D:0080H         PUBLIC        P0
  D:0090H         PUBLIC        P1
  D:00A0H         PUBLIC        P2
  D:00B0H         PUBLIC        P3
  X:0000H         PUBLIC        fifoBuffer
  C:3299H         PUBLIC        dmpGetFIFOPacketSize
  B:00A8H.7       PUBLIC        EA
  C:3195H         PUBLIC        resetDMP
  X:002AH         PUBLIC        rx_buf
  C:1EF7H         PUBLIC        _readMemoryBlock
  C:2BDCH         PUBLIC        I2C_IRQ
  X:004AH         PUBLIC        tx_buf
  C:239FH         PUBLIC        _send_offset_values
  D:00A8H         PUBLIC        IEN0
  D:00B8H         PUBLIC        IEN1
  C:2D55H         PUBLIC        mpu_testConnection
  C:30A5H         PUBLIC        RX_Mode
  C:2E87H         PUBLIC        DataAcq
  C:219FH         PUBLIC        _getMotion6_variables
  C:300FH         PUBLIC        getMotionDetectionThreshold
  X:006AH         PUBLIC        malloc_memory_pool
  C:2F41H         PUBLIC        getFIFOEnabled
  C:2EF4H         PUBLIC        _setSlaveAddress
  B:00B8H.1       PUBLIC        RF
  D:00E7H         PUBLIC        SPIRDAT
  C:1A32H         PUBLIC        _writeMemoryBlock
  B:0021H.0       PUBLIC        newPayload
  C:30F4H         PUBLIC        _setFullScaleAccelRange
  C:07E4H         PUBLIC        dmpConfig
  C:08A4H         PUBLIC        dmpUpdates
  X:025EH         PUBLIC        packet_type
  B:0020H.6       PUBLIC        RX_DR
  B:00E8H.0       PUBLIC        RFCE
  C:1778H         PUBLIC        _writeDMPConfigurationSet
  C:32C6H         PUBLIC        _setMotionDetectionThreshold
  C:2875H         PUBLIC        _send_packet_to_computer
  C:320FH         PUBLIC        _setFIFOEnabled
  B:0020H.5       PUBLIC        TX_DS
BL51 BANKED LINKER/LOCATER V6.22                                                      04/02/2017  16:46:40  PAGE 12


  C:3110H         PUBLIC        _setExternalFrameSync
  C:1C77H         PUBLIC        main
  C:2767H         PUBLIC        initial_setup_dmp
  X:025FH         PUBLIC        sensor_status
  C:1FEEH         PUBLIC        _dmpGetQuaternion_int16
  C:2F59H         PUBLIC        getOTPBankValid
  C:3107H         PUBLIC        _setMemoryStartAddress
  C:2E13H         PUBLIC        getXGyroOffset
  C:3081H         PUBLIC        _send_rf_command
  C:32A2H         PUBLIC        _setIntEnabled
  C:2E30H         PUBLIC        getYGyroOffset
  C:2E4DH         PUBLIC        getZGyroOffset
  C:0026H         PUBLIC        _hal_uart_putstring
  C:3035H         PUBLIC        getMotionDetectionDuration
  C:2FE9H         PUBLIC        getDMPConfig1
  C:2FFCH         PUBLIC        getDMPConfig2
  C:30D8H         PUBLIC        _setClockSource
  B:0080H.3       PUBLIC        P03
  C:29FCH         PUBLIC        setup
  C:327BH         PUBLIC        _setOTPBankValid
  D:0088H         PUBLIC        TCON
  C:0003H         PUBLIC        _writeProgMemoryBlock
  C:3204H         PUBLIC        _setI2CMasterModeEnabled
  C:31D8H         PUBLIC        _setXGyroOffset
  C:31E3H         PUBLIC        _setYGyroOffset
  C:31EEH         PUBLIC        _setZGyroOffset
  C:3022H         PUBLIC        getZeroMotionDetectionThreshold
  C:317DH         PUBLIC        i2c_mpu_reset
  C:32D8H         PUBLIC        _setMotionDetectionDuration
  B:00E8H.2       PUBLIC        RFCKEN
  C:32B4H         PUBLIC        _setDMPConfig1
  C:0056H         PUBLIC        ADDR_HOST
  C:32BDH         PUBLIC        _setDMPConfig2
  C:3271H         PUBLIC        _writeProgDMPConfigurationSet
  X:0260H         PUBLIC        dmpPacketSize
  C:1187H         PUBLIC        _send_inertial_packet_by_rf
  C:005BH         PUBLIC        dmpMemory
  C:2EA3H         PUBLIC        getXGyroOffsetTC
  C:2EBEH         PUBLIC        getYGyroOffsetTC
  C:2ED9H         PUBLIC        getZGyroOffsetTC
  C:32CFH         PUBLIC        _setZeroMotionDetectionThreshold
  D:0020H         PUBLIC        sta
  C:2D80H         PUBLIC        _setMemoryBank
  C:2CB5H         PUBLIC        _SPI_Read_Buf
  C:3164H         PUBLIC        _SPI_Read
  C:3171H         PUBLIC        resetFIFO
  C:312CH         PUBLIC        _setXGyroOffsetTC
  C:313AH         PUBLIC        _setYGyroOffsetTC
  C:20D0H         PUBLIC        _getMotion6_packet
  C:3148H         PUBLIC        _setZGyroOffsetTC
  C:3048H         PUBLIC        getZeroMotionDetectionDuration
  C:3189H         PUBLIC        resetI2CMaster
  C:2C51H         PUBLIC        _SPI_Write_Buf
  C:28C5H         PUBLIC        _send_packet_from_host_to_computer
  C:08D3H         PUBLIC        dmpInitialize
  C:32ABH         PUBLIC        _setRate
  C:14A2H         PUBLIC        _dmpGetPacket16bits
BL51 BANKED LINKER/LOCATER V6.22                                                      04/02/2017  16:46:40  PAGE 13


  C:32E1H         PUBLIC        _setZeroMotionDetectionDuration
  C:31F9H         PUBLIC        _setDMPEnabled
  D:0093H         PUBLIC        P0DIR
  C:2DBCH         PUBLIC        getXAccelOffset
  D:009EH         PUBLIC        P0CON
  D:0094H         PUBLIC        P1DIR
  C:2DD9H         PUBLIC        getYAccelOffset
  C:2C83H         PUBLIC        _TX_Mode_NOACK
  D:009FH         PUBLIC        P1CON
  C:2DF6H         PUBLIC        getZAccelOffset
  C:30E6H         PUBLIC        _setFullScaleGyroRange
  D:0098H         PUBLIC        S0CON
  C:2F86H         PUBLIC        _send_rf_command_with_arg
  C:24B9H         PUBLIC        RF_IRQ
  D:00D8H         PUBLIC        ADCON
  D:00C8H         PUBLIC        T2CON
  C:2B1DH         PUBLIC        _redirect_rf_pkt_to_serial
  D:00F8H         PUBLIC        FSR
  C:31B7H         PUBLIC        _setXAccelOffset
  C:2F9BH         PUBLIC        mpu_initialize
  B:0020H.4       PUBLIC        MAX_RT
  C:31C2H         PUBLIC        _setYAccelOffset
  C:281EH         PUBLIC        _send_packet_to_host
  C:31CDH         PUBLIC        _setZAccelOffset
  C:225EH         PUBLIC        _rf_init
  C:29BCH         PUBLIC        _getFIFOBytes
  X:0262H         PUBLIC        payloadWidth
  C:2E6AH         PUBLIC        getFIFOCount
  C:31A1H         PUBLIC        mpu_8051_malloc_setup
  C:2FC3H         PUBLIC        _SPI_RW_Reg
  C:3267H         PUBLIC        _SPI_RW
  C:2FD6H         PUBLIC        getIntStatus
  D:00E8H         PUBLIC        RFCON
  C:31ACH         PUBLIC        _setSleepEnabled
  D:00D0H         PUBLIC        PSW
  C:305BH         PUBLIC        iniciarIO
  D:00C0H         PUBLIC        IRCON
  C:311EH         PUBLIC        _setDLPFMode
  X:0263H         PUBLIC        dmpPacketBuffer
  X:0265H         PUBLIC        buffer
  B:00E8H.1       PUBLIC        RFCSN
  D:00E6H         PUBLIC        SPIRSTAT
  -------         PROC          _SPI_RW
  D:0007H         SYMBOL        value
  C:3267H         LINE#         127
  C:3267H         LINE#         128
  C:3269H         LINE#         130
  C:326EH         LINE#         132
  C:3270H         LINE#         133
  -------         ENDPROC       _SPI_RW
  -------         PROC          _SPI_RW_REG
  D:0007H         SYMBOL        reg
  D:0006H         SYMBOL        value
  -------         DO            
  D:0005H         SYMBOL        status
  -------         ENDDO         
  C:2FC3H         LINE#         142
BL51 BANKED LINKER/LOCATER V6.22                                                      04/02/2017  16:46:40  PAGE 14


  C:2FC5H         LINE#         145
  C:2FC7H         LINE#         146
  C:2FCCH         LINE#         147
  C:2FD1H         LINE#         148
  C:2FD3H         LINE#         150
  C:2FD5H         LINE#         151
  -------         ENDPROC       _SPI_RW_REG
  -------         PROC          _SPI_READ
  D:0007H         SYMBOL        reg
  -------         DO            
  D:0007H         SYMBOL        reg_val
  -------         ENDDO         
  C:3164H         LINE#         159
  C:3164H         LINE#         162
  C:3166H         LINE#         163
  C:3169H         LINE#         164
  C:316EH         LINE#         165
  C:3170H         LINE#         167
  C:3170H         LINE#         168
  -------         ENDPROC       _SPI_READ
  -------         PROC          _SPI_READ_BUF
  D:0007H         SYMBOL        reg
  D:0023H         SYMBOL        pBuf
  D:0026H         SYMBOL        bytes
  -------         DO            
  D:0006H         SYMBOL        status
  D:0005H         SYMBOL        byte_ctr
  -------         ENDDO         
  C:2CB5H         LINE#         177
  C:2CBBH         LINE#         180
  C:2CBDH         LINE#         181
  C:2CC2H         LINE#         183
  C:2CCAH         LINE#         184
  C:2CE1H         LINE#         186
  C:2CE3H         LINE#         188
  C:2CE5H         LINE#         189
  -------         ENDPROC       _SPI_READ_BUF
  -------         PROC          _SPI_WRITE_BUF
  D:0007H         SYMBOL        reg
  D:0038H         SYMBOL        pBuf
  D:003BH         SYMBOL        bytes
  -------         DO            
  D:0006H         SYMBOL        status
  D:0005H         SYMBOL        byte_ctr
  -------         ENDDO         
  C:2C51H         LINE#         199
  C:2C57H         LINE#         202
  C:2C59H         LINE#         203
  C:2C5EH         LINE#         204
  C:2C66H         LINE#         205
  C:2C7EH         LINE#         206
  C:2C80H         LINE#         207
  C:2C82H         LINE#         208
  -------         ENDPROC       _SPI_WRITE_BUF
  -------         PROC          RX_MODE
  C:30A5H         LINE#         213
  C:30A5H         LINE#         214
BL51 BANKED LINKER/LOCATER V6.22                                                      04/02/2017  16:46:40  PAGE 15


  C:30A8H         LINE#         215
  C:30AAH         LINE#         216
  C:30ACH         LINE#         217
  C:30B3H         LINE#         218
  C:30B5H         LINE#         219
  -------         ENDPROC       RX_MODE
  -------         PROC          _TX_MODE_NOACK
  D:0035H         SYMBOL        payloadLength
  C:2C83H         LINE#         227
  C:2C87H         LINE#         228
  C:2C89H         LINE#         229
  C:2C90H         LINE#         230
  C:2C9EH         LINE#         231
  C:2CACH         LINE#         233
  C:2CAEH         LINE#         234
  C:2CB4H         LINE#         235
  -------         ENDPROC       _TX_MODE_NOACK
  -------         PROC          RF_IRQ
  C:24B9H         LINE#         242
  C:24D2H         LINE#         244
  C:24D9H         LINE#         245
  C:24DCH         LINE#         246
  C:24EAH         LINE#         247
  C:24F1H         LINE#         248
  C:24F3H         LINE#         249
  C:24FDH         LINE#         250
  C:2502H         LINE#         251
  C:2504H         LINE#         252
  C:250AH         LINE#         253
  C:250CH         LINE#         254
  C:250CH         LINE#         255
  C:250CH         LINE#         256
  C:250FH         LINE#         257
  C:2516H         LINE#         258
  C:2519H         LINE#         259
  C:2520H         LINE#         260
  C:2527H         LINE#         261
  -------         ENDPROC       RF_IRQ
  -------         PROC          _RF_INIT
  D:0027H         SYMBOL        rx_addr
  D:002AH         SYMBOL        tx_addr
  D:002DH         SYMBOL        rf_channel
  D:002EH         SYMBOL        rf_data_rate
  D:002FH         SYMBOL        rf_pwr
  -------         DO            
  D:0004H         SYMBOL        rf_setup_byte
  -------         ENDDO         
  C:225EH         LINE#         271
  C:2264H         LINE#         272
  C:2266H         LINE#         273
  C:2268H         LINE#         274
  C:226AH         LINE#         275
  C:226CH         LINE#         276
  C:226EH         LINE#         277
  C:2270H         LINE#         279
  C:227FH         LINE#         280
  C:227FH         LINE#         281
BL51 BANKED LINKER/LOCATER V6.22                                                      04/02/2017  16:46:40  PAGE 16


  C:2282H         LINE#         282
  C:2284H         LINE#         283
  C:2284H         LINE#         284
  C:2287H         LINE#         285
  C:228AH         LINE#         286
  C:228CH         LINE#         287
  C:228CH         LINE#         288
  C:228FH         LINE#         289
  C:228FH         LINE#         290
  C:2291H         LINE#         291
  C:2291H         LINE#         292
  C:2294H         LINE#         293
  C:2294H         LINE#         294
  C:2294H         LINE#         295
  C:229EH         LINE#         296
  C:229EH         LINE#         297
  C:22A1H         LINE#         298
  C:22A4H         LINE#         299
  C:22A6H         LINE#         300
  C:22A6H         LINE#         301
  C:22A9H         LINE#         302
  C:22ABH         LINE#         303
  C:22ABH         LINE#         304
  C:22AEH         LINE#         305
  C:22B1H         LINE#         306
  C:22B1H         LINE#         307
  C:22B1H         LINE#         309
  C:22BFH         LINE#         311
  C:22CDH         LINE#         313
  C:22D4H         LINE#         315
  C:22DBH         LINE#         317
  C:22E2H         LINE#         319
  C:22E9H         LINE#         321
  C:22F0H         LINE#         323
  C:22F7H         LINE#         325
  C:22FEH         LINE#         327
  C:2300H         LINE#         328
  -------         ENDPROC       _RF_INIT
  -------         PROC          _SEND_INERTIAL_PACKET_BY_RF
  D:0007H         SYMBOL        pkt_type
  D:0028H         SYMBOL        fifo_buffer
  D:002BH         SYMBOL        my_sub_addr
  C:1187H         LINE#         125
  C:118DH         LINE#         126
  C:1193H         LINE#         127
  C:1196H         LINE#         128
  C:11C2H         LINE#         129
  C:11C2H         LINE#         130
  C:11D2H         LINE#         131
  C:11DCH         LINE#         132
  C:11E6H         LINE#         133
  C:11F0H         LINE#         134
  C:11FAH         LINE#         135
  C:11FDH         LINE#         136
  C:11FDH         LINE#         137
  C:11FFH         LINE#         138
  C:11FFH         LINE#         139
BL51 BANKED LINKER/LOCATER V6.22                                                      04/02/2017  16:46:40  PAGE 17


  C:120FH         LINE#         140
  C:1219H         LINE#         141
  C:1223H         LINE#         142
  C:122DH         LINE#         143
  C:1237H         LINE#         144
  C:1240H         LINE#         145
  C:1240H         LINE#         146
  C:1242H         LINE#         147
  C:1242H         LINE#         149
  C:124FH         LINE#         150
  C:1251H         LINE#         151
  C:1253H         LINE#         152
  C:1255H         LINE#         153
  C:1257H         LINE#         154
  C:1259H         LINE#         155
  C:125BH         LINE#         156
  C:125EH         LINE#         157
  C:125EH         LINE#         158
  C:126EH         LINE#         159
  C:1278H         LINE#         160
  C:1282H         LINE#         161
  C:128CH         LINE#         162
  C:1296H         LINE#         163
  C:12A0H         LINE#         164
  C:12AAH         LINE#         165
  C:12B4H         LINE#         166
  C:12BEH         LINE#         167
  C:12C8H         LINE#         168
  C:12D2H         LINE#         169
  C:12DCH         LINE#         170
  C:12DEH         LINE#         171
  C:12E1H         LINE#         172
  C:12E1H         LINE#         173
  C:12F1H         LINE#         174
  C:12FBH         LINE#         175
  C:1305H         LINE#         176
  C:130FH         LINE#         177
  C:1319H         LINE#         178
  C:1323H         LINE#         179
  C:132DH         LINE#         180
  C:1337H         LINE#         181
  C:1341H         LINE#         182
  C:134BH         LINE#         183
  C:1355H         LINE#         184
  C:135FH         LINE#         186
  C:1366H         LINE#         187
  C:1368H         LINE#         188
  C:136AH         LINE#         189
  C:136CH         LINE#         190
  C:136EH         LINE#         191
  C:1370H         LINE#         192
  C:1372H         LINE#         193
  C:1375H         LINE#         194
  C:1375H         LINE#         195
  C:1382H         LINE#         196
  C:138CH         LINE#         197
  C:1396H         LINE#         198
BL51 BANKED LINKER/LOCATER V6.22                                                      04/02/2017  16:46:40  PAGE 18


  C:13A0H         LINE#         199
  C:13AAH         LINE#         200
  C:13B4H         LINE#         201
  C:13BEH         LINE#         202
  C:13C8H         LINE#         203
  C:13CAH         LINE#         204
  C:13CDH         LINE#         205
  C:13CDH         LINE#         206
  C:13DDH         LINE#         207
  C:13E7H         LINE#         208
  C:13F1H         LINE#         209
  C:13FBH         LINE#         210
  C:1405H         LINE#         211
  C:140FH         LINE#         212
  C:1419H         LINE#         213
  C:1423H         LINE#         214
  C:142DH         LINE#         215
  C:1437H         LINE#         216
  C:1441H         LINE#         217
  C:144BH         LINE#         218
  C:1452H         LINE#         219
  C:145CH         LINE#         220
  C:1466H         LINE#         221
  C:1470H         LINE#         222
  C:147AH         LINE#         223
  C:1484H         LINE#         224
  C:148EH         LINE#         225
  C:1498H         LINE#         226
  C:149FH         LINE#         227
  C:149FH         LINE#         228
  C:149FH         LINE#         230
  C:149FH         LINE#         231
  C:149FH         LINE#         232
  -------         ENDPROC       _SEND_INERTIAL_PACKET_BY_RF
  -------         PROC          _SEND_RF_COMMAND
  D:0007H         SYMBOL        cmd2send
  D:0005H         SYMBOL        sensor_id
  C:3081H         LINE#         235
  C:3081H         LINE#         236
  C:3086H         LINE#         237
  C:3089H         LINE#         238
  C:3090H         LINE#         239
  -------         ENDPROC       _SEND_RF_COMMAND
  -------         PROC          _SEND_RF_COMMAND_WITH_ARG
  D:0007H         SYMBOL        cmd2send
  D:0005H         SYMBOL        agr2send
  D:0003H         SYMBOL        sensor_id
  C:2F86H         LINE#         242
  C:2F86H         LINE#         243
  C:2F8BH         LINE#         244
  C:2F8EH         LINE#         245
  C:2F91H         LINE#         246
  C:2F98H         LINE#         247
  -------         ENDPROC       _SEND_RF_COMMAND_WITH_ARG
  -------         PROC          _SEND_OFFSET_VALUES
  D:0007H         SYMBOL        sensor_id
  D:0005H         SYMBOL        cmd2send
BL51 BANKED LINKER/LOCATER V6.22                                                      04/02/2017  16:46:40  PAGE 19


  D:0002H         SYMBOL        Xac_of
  D:002BH         SYMBOL        Yac_of
  D:002DH         SYMBOL        Zac_of
  D:002FH         SYMBOL        Xgy_of
  D:0031H         SYMBOL        Ygy_of
  D:0033H         SYMBOL        Zgy_of
  C:239FH         LINE#         249
  C:239FH         LINE#         250
  C:23A4H         LINE#         251
  C:23A7H         LINE#         252
  C:23ACH         LINE#         253
  C:23BAH         LINE#         254
  C:23C0H         LINE#         255
  C:23CFH         LINE#         256
  C:23D5H         LINE#         257
  C:23E4H         LINE#         258
  C:23EAH         LINE#         259
  C:23F9H         LINE#         260
  C:23FFH         LINE#         261
  C:240EH         LINE#         262
  C:2414H         LINE#         263
  C:2423H         LINE#         264
  C:242AH         LINE#         265
  -------         ENDPROC       _SEND_OFFSET_VALUES
  -------         PROC          _SEND_PACKET_TO_HOST
  D:0007H         SYMBOL        packet_type
  D:0045H         SYMBOL        data_to_send
  D:0048H         SYMBOL        data_len
  D:0049H         SYMBOL        my_sub_addr
  -------         DO            
  D:0006H         SYMBOL        i
  -------         ENDDO         
  C:281EH         LINE#         270
  C:2824H         LINE#         272
  C:2829H         LINE#         273
  C:282DH         LINE#         274
  C:2840H         LINE#         275
  C:2860H         LINE#         276
  C:2867H         LINE#         277
  C:2872H         LINE#         278
  -------         ENDPROC       _SEND_PACKET_TO_HOST
  -------         PROC          _SEND_PACKET_TO_COMPUTER
  D:0010H         SYMBOL        packet_type
  D:0011H         SYMBOL        data_to_send
  D:0014H         SYMBOL        data_len
  -------         DO            
  D:0015H         SYMBOL        i
  -------         ENDDO         
  C:2875H         LINE#         283
  C:287DH         LINE#         285
  C:2882H         LINE#         286
  C:2887H         LINE#         287
  C:288CH         LINE#         288
  C:28A3H         LINE#         289
  C:28B6H         LINE#         290
  C:28C0H         LINE#         291
  -------         ENDPROC       _SEND_PACKET_TO_COMPUTER
BL51 BANKED LINKER/LOCATER V6.22                                                      04/02/2017  16:46:40  PAGE 20


  -------         PROC          _REDIRECT_RF_PKT_TO_SERIAL
  D:004AH         SYMBOL        data_to_send
  D:004DH         SYMBOL        data_len
  -------         DO            
  D:004EH         SYMBOL        i
  -------         ENDDO         
  C:2B1DH         LINE#         294
  C:2B25H         LINE#         296
  C:2B2AH         LINE#         297
  C:2B2FH         LINE#         298
  C:2B3FH         LINE#         299
  C:2B52H         LINE#         300
  C:2B5CH         LINE#         301
  -------         ENDPROC       _REDIRECT_RF_PKT_TO_SERIAL
  -------         PROC          _SEND_PACKET_FROM_HOST_TO_COMPUTER
  D:0008H         SYMBOL        packet_type
  D:0009H         SYMBOL        data_to_send
  D:000CH         SYMBOL        data_len
  D:000DH         SYMBOL        my_sub_addr
  -------         DO            
  D:000EH         SYMBOL        i
  -------         ENDDO         
  C:28C5H         LINE#         304
  C:28CDH         LINE#         306
  C:28D2H         LINE#         307
  C:28D7H         LINE#         308
  C:28DEH         LINE#         309
  C:28E3H         LINE#         310
  C:28F3H         LINE#         311
  C:2906H         LINE#         312
  C:2910H         LINE#         313
  -------         ENDPROC       _SEND_PACKET_FROM_HOST_TO_COMPUTER
  -------         PROC          _HAL_UART_PUTSTRING
  D:0062H         SYMBOL        str_2_send
  C:0026H         LINE#         316
  C:002CH         LINE#         317
  C:0037H         LINE#         318
  C:004AH         LINE#         319
  -------         ENDPROC       _HAL_UART_PUTSTRING
  -------         PROC          MPU_8051_MALLOC_SETUP
  C:31A1H         LINE#         312
  C:31A1H         LINE#         313
  -------         ENDPROC       MPU_8051_MALLOC_SETUP
  -------         PROC          _SETCLOCKSOURCE
  D:0007H         SYMBOL        source
  C:30D8H         LINE#         332
  C:30D8H         LINE#         333
  -------         ENDPROC       _SETCLOCKSOURCE
  -------         PROC          _SETFULLSCALEGYRORANGE
  D:0007H         SYMBOL        range
  C:30E6H         LINE#         341
  C:30E6H         LINE#         342
  -------         ENDPROC       _SETFULLSCALEGYRORANGE
  -------         PROC          _SETFULLSCALEACCELRANGE
  D:0007H         SYMBOL        range
  C:30F4H         LINE#         349
  C:30F4H         LINE#         350
BL51 BANKED LINKER/LOCATER V6.22                                                      04/02/2017  16:46:40  PAGE 21


  -------         ENDPROC       _SETFULLSCALEACCELRANGE
  -------         PROC          _SETSLEEPENABLED
  D:0007H         SYMBOL        enabled
  C:31ACH         LINE#         358
  C:31ACH         LINE#         359
  -------         ENDPROC       _SETSLEEPENABLED
  -------         PROC          MPU_INITIALIZE
  C:2F9BH         LINE#         366
  C:2F9BH         LINE#         367
  C:2FA0H         LINE#         368
  C:2FA5H         LINE#         369
  C:2FAAH         LINE#         370
  -------         ENDPROC       MPU_INITIALIZE
  -------         PROC          MPU_TESTCONNECTION
  C:2D55H         LINE#         378
  C:2D55H         LINE#         379
  C:2D6AH         LINE#         380
  C:2D77H         LINE#         381
  -------         ENDPROC       MPU_TESTCONNECTION
  -------         PROC          _GETMOTION6_PACKET
  X:0357H         SYMBOL        packet6
  C:20D0H         LINE#         388
  C:20D8H         LINE#         389
  C:20EAH         LINE#         390
  C:20FDH         LINE#         391
  C:2107H         LINE#         392
  C:2112H         LINE#         393
  C:211EH         LINE#         394
  C:212EH         LINE#         395
  C:213EH         LINE#         396
  C:214EH         LINE#         397
  C:215EH         LINE#         398
  C:216EH         LINE#         399
  C:217EH         LINE#         400
  C:218EH         LINE#         401
  C:219EH         LINE#         402
  -------         ENDPROC       _GETMOTION6_PACKET
  -------         PROC          _SETXACCELOFFSET
  D:0006H         SYMBOL        offset
  C:31B7H         LINE#         407
  C:31B7H         LINE#         408
  -------         ENDPROC       _SETXACCELOFFSET
  -------         PROC          _SETYACCELOFFSET
  D:0006H         SYMBOL        offset
  C:31C2H         LINE#         410
  C:31C2H         LINE#         411
  -------         ENDPROC       _SETYACCELOFFSET
  -------         PROC          _SETZACCELOFFSET
  D:0006H         SYMBOL        offset
  C:31CDH         LINE#         413
  C:31CDH         LINE#         414
  -------         ENDPROC       _SETZACCELOFFSET
  -------         PROC          _SETXGYROOFFSET
  D:0006H         SYMBOL        offset
  C:31D8H         LINE#         416
  C:31D8H         LINE#         417
  -------         ENDPROC       _SETXGYROOFFSET
BL51 BANKED LINKER/LOCATER V6.22                                                      04/02/2017  16:46:40  PAGE 22


  -------         PROC          _SETYGYROOFFSET
  D:0006H         SYMBOL        offset
  C:31E3H         LINE#         419
  C:31E3H         LINE#         420
  -------         ENDPROC       _SETYGYROOFFSET
  -------         PROC          _SETZGYROOFFSET
  D:0006H         SYMBOL        offset
  C:31EEH         LINE#         422
  C:31EEH         LINE#         423
  -------         ENDPROC       _SETZGYROOFFSET
  -------         PROC          GETXACCELOFFSET
  C:2DBCH         LINE#         425
  C:2DBCH         LINE#         426
  C:2DCEH         LINE#         427
  C:2DD8H         LINE#         428
  -------         ENDPROC       GETXACCELOFFSET
  -------         PROC          GETYACCELOFFSET
  C:2DD9H         LINE#         429
  C:2DD9H         LINE#         430
  C:2DEBH         LINE#         431
  C:2DF5H         LINE#         432
  -------         ENDPROC       GETYACCELOFFSET
  -------         PROC          GETZACCELOFFSET
  C:2DF6H         LINE#         433
  C:2DF6H         LINE#         434
  C:2E08H         LINE#         435
  C:2E12H         LINE#         436
  -------         ENDPROC       GETZACCELOFFSET
  -------         PROC          GETXGYROOFFSET
  C:2E13H         LINE#         437
  C:2E13H         LINE#         438
  C:2E25H         LINE#         439
  C:2E2FH         LINE#         440
  -------         ENDPROC       GETXGYROOFFSET
  -------         PROC          GETYGYROOFFSET
  C:2E30H         LINE#         441
  C:2E30H         LINE#         442
  C:2E42H         LINE#         443
  C:2E4CH         LINE#         444
  -------         ENDPROC       GETYGYROOFFSET
  -------         PROC          GETZGYROOFFSET
  C:2E4DH         LINE#         445
  C:2E4DH         LINE#         446
  C:2E5FH         LINE#         447
  C:2E69H         LINE#         448
  -------         ENDPROC       GETZGYROOFFSET
  C:2D78H         SYMBOL        L?0309
  C:2D7BH         SYMBOL        L?0310
  -------         PROC          L?0308
  -------         ENDPROC       L?0308
  C:2D78H         SYMBOL        L?0309
  C:2D7BH         SYMBOL        L?0310
  -------         PROC          _SETMEMORYBANK
  D:0007H         SYMBOL        bank
  D:0005H         SYMBOL        prefetchEnabled
  D:0003H         SYMBOL        userBank
  C:2D80H         LINE#         450
BL51 BANKED LINKER/LOCATER V6.22                                                      04/02/2017  16:46:40  PAGE 23


  C:2D80H         LINE#         451
  C:2D84H         LINE#         452
  C:2D8BH         LINE#         453
  C:2D92H         LINE#         454
  -------         ENDPROC       _SETMEMORYBANK
  -------         PROC          GETFIFOCOUNT
  C:2E6AH         LINE#         462
  C:2E6AH         LINE#         463
  C:2E7CH         LINE#         464
  C:2E86H         LINE#         465
  -------         ENDPROC       GETFIFOCOUNT
  -------         PROC          GETINTSTATUS
  C:2FD6H         LINE#         467
  C:2FD6H         LINE#         468
  C:2FE3H         LINE#         469
  C:2FE8H         LINE#         470
  -------         ENDPROC       GETINTSTATUS
  -------         PROC          _SETDMPENABLED
  D:0007H         SYMBOL        enabled
  C:31F9H         LINE#         472
  C:31F9H         LINE#         473
  -------         ENDPROC       _SETDMPENABLED
  -------         PROC          RESETFIFO
  C:3171H         LINE#         480
  C:3171H         LINE#         481
  -------         ENDPROC       RESETFIFO
  -------         PROC          DMPGETFIFOPACKETSIZE
  C:3299H         LINE#         484
  C:3299H         LINE#         485
  C:32A1H         LINE#         486
  -------         ENDPROC       DMPGETFIFOPACKETSIZE
  -------         PROC          L?0311
  -------         ENDPROC       L?0311
  -------         PROC          _GETFIFOBYTES
  X:030FH         SYMBOL        data_ptr
  D:0005H         SYMBOL        data_len
  C:29BCH         LINE#         488
  C:29C7H         LINE#         489
  C:29CDH         LINE#         490
  C:29ECH         LINE#         491
  C:29ECH         LINE#         492
  C:29FBH         LINE#         493
  C:29FBH         LINE#         494
  -------         ENDPROC       _GETFIFOBYTES
  C:3102H         SYMBOL        L?0313
  -------         PROC          L?0312
  -------         ENDPROC       L?0312
  C:3102H         SYMBOL        L?0313
  -------         PROC          _SETMEMORYSTARTADDRESS
  D:0007H         SYMBOL        address
  C:3107H         LINE#         496
  C:3107H         LINE#         497
  -------         ENDPROC       _SETMEMORYSTARTADDRESS
  C:1A0FH         SYMBOL        L?0307
  -------         PROC          L?0306
  -------         ENDPROC       L?0306
  C:1A0FH         SYMBOL        L?0307
BL51 BANKED LINKER/LOCATER V6.22                                                      04/02/2017  16:46:40  PAGE 24


  -------         PROC          _WRITEMEMORYBLOCK
  X:031FH         SYMBOL        data_ptr
  X:0322H         SYMBOL        dataSize
  X:0324H         SYMBOL        bank
  X:0325H         SYMBOL        address
  X:0326H         SYMBOL        verify
  X:0327H         SYMBOL        useProgMem
  -------         DO            
  X:0328H         SYMBOL        chunkSize_wmb
  X:0329H         SYMBOL        verifyBuffer_wmb
  X:032CH         SYMBOL        progBuffer_wmb
  X:032FH         SYMBOL        i_wmb
  D:0007H         SYMBOL        j_wmb
  -------         ENDDO         
  C:1A32H         LINE#         501
  C:1A43H         LINE#         505
  C:1A4CH         LINE#         508
  C:1A4FH         LINE#         509
  C:1A52H         LINE#         510
  C:1A6FH         LINE#         511
  C:1A8CH         LINE#         512
  C:1AACH         LINE#         514
  C:1AB2H         LINE#         517
  C:1AD4H         LINE#         520
  C:1AF1H         LINE#         522
  C:1AF7H         LINE#         524
  C:1B3FH         LINE#         525
  C:1B3FH         LINE#         527
  C:1B63H         LINE#         528
  C:1B63H         LINE#         530
  C:1B7FH         LINE#         533
  C:1B98H         LINE#         534
  C:1B9BH         LINE#         535
  C:1B9EH         LINE#         536
  C:1BBAH         LINE#         537
  C:1BE1H         LINE#         538
  C:1BEFH         LINE#         539
  C:1C03H         LINE#         540
  C:1C06H         LINE#         541
  C:1C06H         LINE#         542
  C:1C06H         LINE#         545
  C:1C19H         LINE#         548
  C:1C1FH         LINE#         551
  C:1C37H         LINE#         552
  C:1C43H         LINE#         553
  C:1C46H         LINE#         554
  C:1C49H         LINE#         555
  C:1C49H         LINE#         556
  C:1C4CH         LINE#         557
  C:1C60H         LINE#         558
  C:1C74H         LINE#         559
  C:1C76H         LINE#         560
  -------         ENDPROC       _WRITEMEMORYBLOCK
  -------         PROC          _WRITEDMPCONFIGURATIONSET
  X:030FH         SYMBOL        data_ptr
  X:0312H         SYMBOL        dataSize
  X:0314H         SYMBOL        useProgMem
BL51 BANKED LINKER/LOCATER V6.22                                                      04/02/2017  16:46:40  PAGE 25


  -------         DO            
  X:0315H         SYMBOL        progBuffer_wdcs
  X:0318H         SYMBOL        success_wdcs
  X:0319H         SYMBOL        special_wdcs
  X:031AH         SYMBOL        i_wdcs
  D:0006H         SYMBOL        j_wdcs
  X:031CH         SYMBOL        bank_wdcs
  X:031DH         SYMBOL        offset_wdcs
  X:031EH         SYMBOL        length_wdcs
  -------         ENDDO         
  C:1778H         LINE#         563
  C:1789H         LINE#         564
  C:1792H         LINE#         568
  C:1798H         LINE#         569
  C:17AFH         LINE#         570
  C:17AFH         LINE#         575
  C:17CEH         LINE#         576
  C:17D8H         LINE#         577
  C:17F9H         LINE#         578
  C:181DH         LINE#         579
  C:183DH         LINE#         580
  C:183FH         LINE#         581
  C:185DH         LINE#         582
  C:1873H         LINE#         583
  C:1889H         LINE#         584
  C:1889H         LINE#         587
  C:1896H         LINE#         589
  C:1899H         LINE#         590
  C:18C3H         LINE#         591
  C:1910H         LINE#         592
  C:1910H         LINE#         593
  C:1934H         LINE#         594
  C:1934H         LINE#         595
  C:1965H         LINE#         596
  C:1977H         LINE#         597
  C:1979H         LINE#         603
  C:1982H         LINE#         604
  C:199FH         LINE#         605
  C:19A1H         LINE#         606
  C:19BFH         LINE#         607
  C:19BFH         LINE#         611
  C:19C6H         LINE#         617
  C:19CFH         LINE#         619
  C:19D5H         LINE#         620
  C:19D7H         LINE#         622
  C:19DCH         LINE#         623
  C:19DCH         LINE#         624
  C:19DCH         LINE#         626
  C:19E5H         LINE#         627
  C:19F7H         LINE#         628
  C:19FAH         LINE#         629
  C:19FAH         LINE#         630
  C:19FAH         LINE#         631
  C:1A0CH         LINE#         632
  C:1A0EH         LINE#         633
  -------         ENDPROC       _WRITEDMPCONFIGURATIONSET
  -------         PROC          _READMEMORYBLOCK
BL51 BANKED LINKER/LOCATER V6.22                                                      04/02/2017  16:46:40  PAGE 26


  X:030FH         SYMBOL        data_ptr
  X:0312H         SYMBOL        dataSize
  X:0314H         SYMBOL        bank
  X:0315H         SYMBOL        address
  -------         DO            
  X:0316H         SYMBOL        chunkSize_rmb
  X:0317H         SYMBOL        i_rmb
  -------         ENDDO         
  C:1EF7H         LINE#         635
  C:1F08H         LINE#         638
  C:1F0CH         LINE#         639
  C:1F14H         LINE#         640
  C:1F34H         LINE#         642
  C:1F3AH         LINE#         645
  C:1F5AH         LINE#         648
  C:1F75H         LINE#         651
  C:1F9FH         LINE#         654
  C:1FB2H         LINE#         657
  C:1FB8H         LINE#         660
  C:1FD0H         LINE#         661
  C:1FDCH         LINE#         662
  C:1FE2H         LINE#         663
  C:1FEAH         LINE#         664
  C:1FEAH         LINE#         665
  C:1FEDH         LINE#         666
  -------         ENDPROC       _READMEMORYBLOCK
  -------         PROC          _WRITEPROGDMPCONFIGURATIONSET
  D:0001H         SYMBOL        data_ptr
  D:0004H         SYMBOL        dataSize
  C:3271H         LINE#         668
  C:3271H         LINE#         669
  C:327AH         LINE#         670
  -------         ENDPROC       _WRITEPROGDMPCONFIGURATIONSET
  -------         PROC          _WRITEPROGMEMORYBLOCK
  D:0001H         SYMBOL        data_ptr
  D:0004H         SYMBOL        dataSize
  X:0314H         SYMBOL        bank
  X:0315H         SYMBOL        address
  X:0316H         SYMBOL        verify
  C:0003H         LINE#         672
  C:0003H         LINE#         673
  C:0022H         LINE#         674
  -------         ENDPROC       _WRITEPROGMEMORYBLOCK
  -------         PROC          I2C_MPU_RESET
  C:317DH         LINE#         680
  C:317DH         LINE#         681
  -------         ENDPROC       I2C_MPU_RESET
  -------         PROC          _SETSLAVEADDRESS
  D:0007H         SYMBOL        num
  D:0006H         SYMBOL        address
  C:2EF4H         LINE#         690
  C:2EF6H         LINE#         691
  C:2EFCH         LINE#         692
  C:2F0DH         LINE#         693
  -------         ENDPROC       _SETSLAVEADDRESS
  -------         PROC          _SETI2CMASTERMODEENABLED
  D:0007H         SYMBOL        enabled
BL51 BANKED LINKER/LOCATER V6.22                                                      04/02/2017  16:46:40  PAGE 27


  C:3204H         LINE#         700
  C:3204H         LINE#         701
  -------         ENDPROC       _SETI2CMASTERMODEENABLED
  -------         PROC          RESETI2CMASTER
  C:3189H         LINE#         708
  C:3189H         LINE#         709
  -------         ENDPROC       RESETI2CMASTER
  -------         PROC          _SETINTENABLED
  D:0007H         SYMBOL        enabled
  C:32A2H         LINE#         712
  C:32A2H         LINE#         713
  -------         ENDPROC       _SETINTENABLED
  -------         PROC          _SETRATE
  D:0007H         SYMBOL        rate
  C:32ABH         LINE#         721
  C:32ABH         LINE#         722
  -------         ENDPROC       _SETRATE
  -------         PROC          _SETEXTERNALFRAMESYNC
  D:0007H         SYMBOL        sync_ext
  C:3110H         LINE#         730
  C:3110H         LINE#         731
  -------         ENDPROC       _SETEXTERNALFRAMESYNC
  -------         PROC          _SETDLPFMODE
  D:0007H         SYMBOL        mode
  C:311EH         LINE#         739
  C:311EH         LINE#         740
  -------         ENDPROC       _SETDLPFMODE
  -------         PROC          GETDMPCONFIG1
  C:2FE9H         LINE#         746
  C:2FE9H         LINE#         747
  C:2FF6H         LINE#         748
  C:2FFBH         LINE#         749
  -------         ENDPROC       GETDMPCONFIG1
  -------         PROC          _SETDMPCONFIG1
  D:0007H         SYMBOL        config
  C:32B4H         LINE#         750
  C:32B4H         LINE#         751
  -------         ENDPROC       _SETDMPCONFIG1
  -------         PROC          GETDMPCONFIG2
  C:2FFCH         LINE#         757
  C:2FFCH         LINE#         758
  C:3009H         LINE#         759
  C:300EH         LINE#         760
  -------         ENDPROC       GETDMPCONFIG2
  -------         PROC          _SETDMPCONFIG2
  D:0007H         SYMBOL        config
  C:32BDH         LINE#         761
  C:32BDH         LINE#         762
  -------         ENDPROC       _SETDMPCONFIG2
  -------         PROC          GETOTPBANKVALID
  C:2F59H         LINE#         765
  C:2F59H         LINE#         766
  C:2F6AH         LINE#         767
  C:2F6FH         LINE#         768
  -------         ENDPROC       GETOTPBANKVALID
  -------         PROC          _SETOTPBANKVALID
  D:0007H         SYMBOL        enabled
BL51 BANKED LINKER/LOCATER V6.22                                                      04/02/2017  16:46:40  PAGE 28


  C:327BH         LINE#         769
  C:327BH         LINE#         770
  -------         ENDPROC       _SETOTPBANKVALID
  -------         PROC          GETXGYROOFFSETTC
  C:2EA3H         LINE#         776
  C:2EA3H         LINE#         777
  C:2EB8H         LINE#         778
  C:2EBDH         LINE#         779
  -------         ENDPROC       GETXGYROOFFSETTC
  -------         PROC          _SETXGYROOFFSETTC
  D:0007H         SYMBOL        offset
  C:312CH         LINE#         780
  C:312CH         LINE#         781
  -------         ENDPROC       _SETXGYROOFFSETTC
  -------         PROC          GETYGYROOFFSETTC
  C:2EBEH         LINE#         787
  C:2EBEH         LINE#         788
  C:2ED3H         LINE#         789
  C:2ED8H         LINE#         790
  -------         ENDPROC       GETYGYROOFFSETTC
  -------         PROC          _SETYGYROOFFSETTC
  D:0007H         SYMBOL        offset
  C:313AH         LINE#         791
  C:313AH         LINE#         792
  -------         ENDPROC       _SETYGYROOFFSETTC
  -------         PROC          GETZGYROOFFSETTC
  C:2ED9H         LINE#         798
  C:2ED9H         LINE#         799
  C:2EEEH         LINE#         800
  C:2EF3H         LINE#         801
  -------         ENDPROC       GETZGYROOFFSETTC
  -------         PROC          _SETZGYROOFFSETTC
  D:0007H         SYMBOL        offset
  C:3148H         LINE#         802
  C:3148H         LINE#         803
  -------         ENDPROC       _SETZGYROOFFSETTC
  -------         PROC          GETMOTIONDETECTIONTHRESHOLD
  C:300FH         LINE#         813
  C:300FH         LINE#         814
  C:301CH         LINE#         815
  C:3021H         LINE#         816
  -------         ENDPROC       GETMOTIONDETECTIONTHRESHOLD
  -------         PROC          _SETMOTIONDETECTIONTHRESHOLD
  D:0007H         SYMBOL        threshold
  C:32C6H         LINE#         823
  C:32C6H         LINE#         824
  -------         ENDPROC       _SETMOTIONDETECTIONTHRESHOLD
  -------         PROC          GETZEROMOTIONDETECTIONTHRESHOLD
  C:3022H         LINE#         835
  C:3022H         LINE#         836
  C:302FH         LINE#         837
  C:3034H         LINE#         838
  -------         ENDPROC       GETZEROMOTIONDETECTIONTHRESHOLD
  -------         PROC          _SETZEROMOTIONDETECTIONTHRESHOLD
  D:0007H         SYMBOL        threshold
  C:32CFH         LINE#         845
  C:32CFH         LINE#         846
BL51 BANKED LINKER/LOCATER V6.22                                                      04/02/2017  16:46:40  PAGE 29


  -------         ENDPROC       _SETZEROMOTIONDETECTIONTHRESHOLD
  -------         PROC          GETMOTIONDETECTIONDURATION
  C:3035H         LINE#         855
  C:3035H         LINE#         856
  C:3042H         LINE#         857
  C:3047H         LINE#         858
  -------         ENDPROC       GETMOTIONDETECTIONDURATION
  -------         PROC          _SETMOTIONDETECTIONDURATION
  D:0007H         SYMBOL        duration
  C:32D8H         LINE#         865
  C:32D8H         LINE#         866
  -------         ENDPROC       _SETMOTIONDETECTIONDURATION
  -------         PROC          GETZEROMOTIONDETECTIONDURATION
  C:3048H         LINE#         875
  C:3048H         LINE#         876
  C:3055H         LINE#         877
  C:305AH         LINE#         878
  -------         ENDPROC       GETZEROMOTIONDETECTIONDURATION
  -------         PROC          _SETZEROMOTIONDETECTIONDURATION
  D:0007H         SYMBOL        duration
  C:32E1H         LINE#         885
  C:32E1H         LINE#         886
  -------         ENDPROC       _SETZEROMOTIONDETECTIONDURATION
  -------         PROC          GETFIFOENABLED
  C:2F41H         LINE#         894
  C:2F41H         LINE#         895
  C:2F53H         LINE#         896
  C:2F58H         LINE#         897
  -------         ENDPROC       GETFIFOENABLED
  -------         PROC          _SETFIFOENABLED
  D:0007H         SYMBOL        enabled
  C:320FH         LINE#         904
  C:320FH         LINE#         905
  -------         ENDPROC       _SETFIFOENABLED
  -------         PROC          RESETDMP
  C:3195H         LINE#         908
  C:3195H         LINE#         909
  -------         ENDPROC       RESETDMP
  -------         PROC          DMPINITIALIZE
  -------         DO            
  X:0274H         SYMBOL        xgOffsetTC
  X:0275H         SYMBOL        ygOffsetTC
  X:0276H         SYMBOL        zgOffsetTC
  X:0277H         SYMBOL        dmpUpdate
  X:0287H         SYMBOL        j
  X:0288H         SYMBOL        pos
  X:028AH         SYMBOL        fifoCount
  X:028CH         SYMBOL        fifoBuffer
  X:030CH         SYMBOL        b
  X:030DH         SYMBOL        data_to_write
  X:030EH         SYMBOL        mask
  -------         ENDDO         
  C:08D3H         LINE#         912
  C:08D3H         LINE#         915
  C:08DAH         LINE#         925
  C:08DDH         LINE#         926
  C:08E4H         LINE#         937
BL51 BANKED LINKER/LOCATER V6.22                                                      04/02/2017  16:46:40  PAGE 30


  C:08E9H         LINE#         941
  C:08F2H         LINE#         944
  C:08F7H         LINE#         950
  C:08FEH         LINE#         960
  C:0906H         LINE#         961
  C:090EH         LINE#         962
  C:0916H         LINE#         973
  C:091DH         LINE#         976
  C:0922H         LINE#         978
  C:0929H         LINE#         980
  C:092CH         LINE#         981
  C:0933H         LINE#         989
  C:0950H         LINE#         997
  C:0963H         LINE#         1002
  C:0968H         LINE#         1006
  C:096DH         LINE#         1010
  C:0972H         LINE#         1018
  C:0978H         LINE#         1021
  C:0984H         LINE#         1023
  C:0984H         LINE#         1025
  C:0984H         LINE#         1028
  C:098AH         LINE#         1029
  C:0994H         LINE#         1030
  C:0998H         LINE#         1031
  C:09A4H         LINE#         1032
  C:09A7H         LINE#         1035
  C:09B0H         LINE#         1037
  C:09B0H         LINE#         1039
  C:09B0H         LINE#         1046
  C:09B5H         LINE#         1050
  C:09BAH         LINE#         1054
  C:09BFH         LINE#         1055
  C:09C4H         LINE#         1059
  C:09C9H         LINE#         1067
  C:09D6H         LINE#         1069
  C:09D6H         LINE#         1071
  C:09D6H         LINE#         1074
  C:09DCH         LINE#         1075
  C:09E3H         LINE#         1076
  C:09E7H         LINE#         1077
  C:09F3H         LINE#         1078
  C:09F6H         LINE#         1081
  C:09FFH         LINE#         1083
  C:09FFH         LINE#         1085
  C:09FFH         LINE#         1090
  C:0A0CH         LINE#         1092
  C:0A0CH         LINE#         1094
  C:0A0CH         LINE#         1097
  C:0A12H         LINE#         1098
  C:0A19H         LINE#         1099
  C:0A1DH         LINE#         1100
  C:0A29H         LINE#         1101
  C:0A2CH         LINE#         1104
  C:0A35H         LINE#         1106
  C:0A35H         LINE#         1108
  C:0A35H         LINE#         1113
  C:0A42H         LINE#         1115
BL51 BANKED LINKER/LOCATER V6.22                                                      04/02/2017  16:46:40  PAGE 31


  C:0A42H         LINE#         1117
  C:0A42H         LINE#         1120
  C:0A48H         LINE#         1121
  C:0A4FH         LINE#         1122
  C:0A52H         LINE#         1123
  C:0A5EH         LINE#         1124
  C:0A6BH         LINE#         1127
  C:0A74H         LINE#         1129
  C:0A74H         LINE#         1131
  C:0A74H         LINE#         1141
  C:0AD1H         LINE#         1144
  C:0AD4H         LINE#         1148
  C:0B31H         LINE#         1150
  C:0B34H         LINE#         1153
  C:0B37H         LINE#         1156
  C:0B42H         LINE#         1161
  C:0B4CH         LINE#         1164
  C:0B51H         LINE#         1167
  C:0B56H         LINE#         1170
  C:0B5BH         LINE#         1173
  C:0B60H         LINE#         1176
  C:0B63H         LINE#         1179
  C:0B68H         LINE#         1182
  C:0B6DH         LINE#         1185
  C:0B70H         LINE#         1189
  C:0BCDH         LINE#         1190
  C:0BD0H         LINE#         1194
  C:0C2DH         LINE#         1195
  C:0C30H         LINE#         1199
  C:0C8DH         LINE#         1200
  C:0C90H         LINE#         1206
  C:0C9FH         LINE#         1207
  C:0CAAH         LINE#         1209
  C:0CACH         LINE#         1214
  C:0CAFH         LINE#         1223
  C:0D0CH         LINE#         1224
  C:0D2CH         LINE#         1228
  C:0D3BH         LINE#         1229
  C:0D46H         LINE#         1230
  C:0D48H         LINE#         1236
  C:0D4BH         LINE#         1245
  C:0DA8H         LINE#         1246
  C:0DABH         LINE#         1251
  C:0DB0H         LINE#         1254
  C:0DB9H         LINE#         1260
  C:0DBCH         LINE#         1261
  C:0DBFH         LINE#         1262
  C:0DC1H         LINE#         1265
  C:0DC4H         LINE#         1266
  C:0DC4H         LINE#         1267
  C:0DC4H         LINE#         1270
  C:0DC7H         LINE#         1271
[...]
  -------         DO            
  D:0006H         SYMBOL        ack_received
  -------         DO            
  D:0055H         SYMBOL        w2_status
  -------         ENDDO         
  -------         ENDDO         
  C:2C17H         LINE#         202
  C:2C1DH         LINE#         203
  C:2C1DH         LINE#         205
  C:2C24H         LINE#         207
  C:2C31H         LINE#         208
  C:2C31H         LINE#         210
  C:2C3DH         LINE#         211
  C:2C42H         LINE#         212
  C:2C47H         LINE#         213
  C:2C47H         LINE#         214
  C:2C49H         LINE#         215
  C:2C49H         LINE#         216
  C:2C4BH         LINE#         218
  C:2C4EH         LINE#         220
  C:2C50H         LINE#         221
  -------         ENDPROC       _HAL_W2_WRITE
  -------         PROC          _HAL_W2_READ
  D:0007H         SYMBOL        address
  D:0057H         SYMBOL        data_ptr
  D:005AH         SYMBOL        data_len
  -------         DO            
  D:0007H         SYMBOL        w2_status
  D:005BH         SYMBOL        ack_received
  -------         ENDDO         
  C:2963H         LINE#         223
  C:2969H         LINE#         224
  C:2969H         LINE#         228
BL51 BANKED LINKER/LOCATER V6.22                                                      04/02/2017  16:46:40  PAGE 40


  C:2970H         LINE#         230
  C:2974H         LINE#         231
  C:2974H         LINE#         233
  C:2977H         LINE#         234
  C:2977H         LINE#         237
  C:2982H         LINE#         238
  C:2982H         LINE#         239
  C:2986H         LINE#         240
  C:2986H         LINE#         241
  C:2989H         LINE#         242
  C:2989H         LINE#         244
  C:298CH         LINE#         246
  C:299FH         LINE#         247
  C:29ABH         LINE#         248
  C:29ADH         LINE#         250
  C:29AFH         LINE#         251
  -------         ENDPROC       _HAL_W2_READ
  -------         PROC          HAL_W2_SOFT_RESET
  -------         DO            
  D:003BH         SYMBOL        pulsecount
  D:003CH         SYMBOL        w2_freq
  -------         ENDDO         
  C:253EH         LINE#         253
  C:253EH         LINE#         254
  C:253EH         LINE#         259
  C:2544H         LINE#         261
  C:2547H         LINE#         262
  C:254FH         LINE#         266
  C:2552H         LINE#         267
  C:2555H         LINE#         270
  C:2558H         LINE#         275
  C:2560H         LINE#         278
  C:2567H         LINE#         280
  C:256AH         LINE#         284
  C:2571H         LINE#         285
  C:2574H         LINE#         286
  C:2574H         LINE#         288
  C:257CH         LINE#         289
  C:2583H         LINE#         291
  C:2586H         LINE#         292
  C:258DH         LINE#         293
  C:2596H         LINE#         296
  C:259DH         LINE#         298
  C:25A5H         LINE#         301
  C:25ACH         LINE#         303
  C:25B4H         LINE#         306
  C:25B7H         LINE#         309
  C:25BAH         LINE#         310
  C:25C0H         LINE#         312
  -------         ENDPROC       HAL_W2_SOFT_RESET
  -------         PROC          _I2C_MPU_WRITEBYTE
  D:0007H         SYMBOL        devAddr
  D:0005H         SYMBOL        regAddr
  D:002EH         SYMBOL        data_to_write
  C:30C7H         LINE#         317
  C:30C9H         LINE#         318
  C:30D7H         LINE#         319
BL51 BANKED LINKER/LOCATER V6.22                                                      04/02/2017  16:46:40  PAGE 41


  -------         ENDPROC       _I2C_MPU_WRITEBYTE
  -------         PROC          _I2C_MPU_WRITEBYTES
  D:0007H         SYMBOL        devAddr
  D:0004H         SYMBOL        regAddr
  D:0006H         SYMBOL        data_len
  D:0032H         SYMBOL        data_ptr
  -------         DO            
  D:0007H         SYMBOL        w2_status
  D:0005H         SYMBOL        ack_received
  -------         ENDDO         
  C:2B61H         LINE#         321
  C:2B65H         LINE#         326
  C:2B6CH         LINE#         327
  C:2B6EH         LINE#         328
  C:2B71H         LINE#         329
  C:2B75H         LINE#         330
  C:2B75H         LINE#         331
  C:2B77H         LINE#         332
  C:2B77H         LINE#         334
  C:2B83H         LINE#         335
  C:2B83H         LINE#         336
  C:2B8FH         LINE#         337
  C:2B92H         LINE#         338
  C:2B96H         LINE#         339
  C:2B96H         LINE#         340
  C:2B98H         LINE#         341
  C:2B98H         LINE#         342
  C:2B9AH         LINE#         343
  C:2B9DH         LINE#         345
  C:2B9FH         LINE#         346
  -------         ENDPROC       _I2C_MPU_WRITEBYTES
  -------         PROC          _I2C_MPU_READBYTE
  D:0007H         SYMBOL        devAddr
  D:0005H         SYMBOL        regAddr
  D:0030H         SYMBOL        data_ptr
  C:3093H         LINE#         348
  C:3099H         LINE#         349
  C:30A4H         LINE#         350
  -------         ENDPROC       _I2C_MPU_READBYTE
  -------         PROC          _I2C_MPU_READBYTES
  D:0006H         SYMBOL        devAddr
  D:0004H         SYMBOL        regAddr
  D:0035H         SYMBOL        data_len
  D:0036H         SYMBOL        data_ptr
  -------         DO            
  D:0039H         SYMBOL        w2_status
  D:003AH         SYMBOL        ack_received
  -------         ENDDO         
  C:2639H         LINE#         352
  C:263FH         LINE#         357
  C:2646H         LINE#         358
  C:2648H         LINE#         359
  C:264DH         LINE#         360
  C:2652H         LINE#         361
  C:2652H         LINE#         362
  C:2655H         LINE#         363
  C:2655H         LINE#         367
BL51 BANKED LINKER/LOCATER V6.22                                                      04/02/2017  16:46:40  PAGE 42


  C:265EH         LINE#         369
  C:2662H         LINE#         370
  C:2662H         LINE#         372
  C:2665H         LINE#         374
  C:2665H         LINE#         376
  C:2670H         LINE#         377
  C:2670H         LINE#         378
  C:2674H         LINE#         379
  C:2674H         LINE#         380
  C:2677H         LINE#         381
  C:2677H         LINE#         383
  C:267CH         LINE#         385
  C:268FH         LINE#         386
  C:269CH         LINE#         387
  C:269EH         LINE#         389
  C:26A0H         LINE#         390
  -------         ENDPROC       _I2C_MPU_READBYTES
  -------         PROC          _I2C_MPU_WRITEBIT
  D:0027H         SYMBOL        devAddr
  D:0028H         SYMBOL        regAddr
  D:0029H         SYMBOL        bitNum
  D:002AH         SYMBOL        data_to_write
  -------         DO            
  D:002BH         SYMBOL        b
  -------         ENDDO         
  C:2915H         LINE#         393
  C:291BH         LINE#         395
  C:2924H         LINE#         396
  C:2959H         LINE#         397
  C:2962H         LINE#         398
  -------         ENDPROC       _I2C_MPU_WRITEBIT
  -------         PROC          _I2C_MPU_WRITEBITS
  D:0027H         SYMBOL        devAddr
  D:0028H         SYMBOL        regAddr
  D:0029H         SYMBOL        bitStart
  D:002AH         SYMBOL        data_length
  D:002BH         SYMBOL        data_to_write
  -------         DO            
  D:002CH         SYMBOL        b
  -------         DO            
  D:002DH         SYMBOL        mask
  -------         ENDDO         
  -------         ENDDO         
  C:26A1H         LINE#         399
  C:26A7H         LINE#         408
  C:26B3H         LINE#         409
  C:26E0H         LINE#         410
  C:26EDH         LINE#         411
  C:26F1H         LINE#         412
  C:26F4H         LINE#         413
  C:26F8H         LINE#         414
  C:2701H         LINE#         415
  C:2701H         LINE#         416
  C:2703H         LINE#         417
  C:2703H         LINE#         418
  -------         ENDPROC       _I2C_MPU_WRITEBITS
  -------         PROC          _I2C_MPU_READBIT
BL51 BANKED LINKER/LOCATER V6.22                                                      04/02/2017  16:46:40  PAGE 43


  D:0007H         SYMBOL        devAddr
  D:0005H         SYMBOL        regAddr
  D:003FH         SYMBOL        bitNum
  D:0040H         SYMBOL        data_ptr
  -------         DO            
  D:0043H         SYMBOL        b
  D:0007H         SYMBOL        count
  -------         ENDDO         
  C:2D0DH         LINE#         419
  C:2D0FH         LINE#         421
  C:2D18H         LINE#         422
  C:2D30H         LINE#         423
  C:2D30H         LINE#         424
  -------         ENDPROC       _I2C_MPU_READBIT
  -------         PROC          _I2C_MPU_READBITS
  D:0007H         SYMBOL        devAddr
  D:0005H         SYMBOL        regAddr
  D:0029H         SYMBOL        bitStart
  D:002AH         SYMBOL        data_length
  D:002BH         SYMBOL        data_ptr
  -------         DO            
  D:0005H         SYMBOL        count
  D:002EH         SYMBOL        b
  -------         DO            
  D:002FH         SYMBOL        mask
  -------         ENDDO         
  -------         ENDDO         
  C:27C6H         LINE#         425
  C:27C8H         LINE#         432
  C:27D6H         LINE#         433
  C:2803H         LINE#         434
  C:2805H         LINE#         435
  C:2812H         LINE#         436
  C:281BH         LINE#         437
  C:281BH         LINE#         438
  C:281DH         LINE#         439
  -------         ENDPROC       _I2C_MPU_READBITS
  -------         PROC          _I2C_MPU_WRITEWORD
  D:0007H         SYMBOL        devAddr
  D:0005H         SYMBOL        regAddr
  D:0027H         SYMBOL        data_to_write
  C:306EH         LINE#         442
  C:3072H         LINE#         443
  C:3080H         LINE#         444
  -------         ENDPROC       _I2C_MPU_WRITEWORD
  -------         PROC          _I2C_MPU_WRITEWORDS
  D:0007H         SYMBOL        devAddr
  D:0006H         SYMBOL        regAddr
  D:0004H         SYMBOL        data_length
  D:002CH         SYMBOL        data_ptr
  -------         DO            
  D:0007H         SYMBOL        w2_status
  D:0005H         SYMBOL        ack_received
  -------         ENDDO         
  C:2704H         LINE#         445
  C:2708H         LINE#         456
  C:270FH         LINE#         457
BL51 BANKED LINKER/LOCATER V6.22                                                      04/02/2017  16:46:40  PAGE 44


  C:2711H         LINE#         458
  C:2714H         LINE#         459
  C:2718H         LINE#         460
  C:2718H         LINE#         461
  C:271AH         LINE#         462
  C:271AH         LINE#         464
  C:2728H         LINE#         465
  C:2728H         LINE#         466
  C:2735H         LINE#         467
  C:2738H         LINE#         468
  C:273CH         LINE#         469
  C:273CH         LINE#         470
  C:273EH         LINE#         471
  C:273EH         LINE#         472
  C:2741H         LINE#         473
  C:2756H         LINE#         474
  C:2759H         LINE#         475
  C:275DH         LINE#         476
  C:275DH         LINE#         477
  C:275FH         LINE#         478
  C:275FH         LINE#         479
  C:2761H         LINE#         480
  C:2761H         LINE#         481
  C:2761H         LINE#         482
  C:2761H         LINE#         483
  C:2764H         LINE#         485
  C:2766H         LINE#         486
  -------         ENDPROC       _I2C_MPU_WRITEWORDS
  -------         ENDMOD        HAL_W2_ISR

  -------         MODULE        HAL_UART
  C:0000H         SYMBOL        _ICE_DUMMY_
  D:0080H         PUBLIC        P0
  D:0090H         PUBLIC        P1
  D:00A0H         PUBLIC        P2
  D:00B0H         PUBLIC        P3
  I:0065H         SYMBOL        uart_rx
  I:006DH         SYMBOL        uart_tx
  D:00A8H         PUBLIC        IEN0
  D:00B8H         PUBLIC        IEN1
  B:0098H.4       PUBLIC        REN0
  C:2F28H         PUBLIC        hal_uart_getchar
  C:2A46H         PUBLIC        uart0_isr
  D:00BAH         PUBLIC        S0RELH
  D:005CH         SYMBOL        uart_rx_cnt
  D:0087H         PUBLIC        PCON
  C:2D31H         PUBLIC        _hal_uart_putchar
  D:005DH         SYMBOL        uart_tx_cnt
  D:00AAH         PUBLIC        S0RELL
  D:0088H         PUBLIC        TCON
  B:00A8H.4       PUBLIC        ES0
  B:0098H.0       PUBLIC        RI0
  D:005EH         SYMBOL        uart_rx_rp
  B:0098H.1       PUBLIC        TI0
  D:005FH         SYMBOL        uart_tx_rp
  B:0098H.7       PUBLIC        SM0
  B:0098H.6       PUBLIC        SM1
BL51 BANKED LINKER/LOCATER V6.22                                                      04/02/2017  16:46:40  PAGE 45


  D:0060H         SYMBOL        uart_rx_wp
  C:004EH         PUBLIC        hal_uart_chars_available
  D:0061H         SYMBOL        uart_tx_wp
  D:0099H         PUBLIC        S0BUF
  C:328FH         PUBLIC        hal_uart_tx_complete
  D:0098H         PUBLIC        S0CON
  D:00D8H         PUBLIC        ADCON
  D:00C8H         PUBLIC        T2CON
  D:00F8H         PUBLIC        FSR
  C:2AD7H         PUBLIC        _hal_uart_init
  D:00E8H         PUBLIC        RFCON
  D:00D0H         PUBLIC        PSW
  D:00C0H         PUBLIC        IRCON
  -------         PROC          UART0_ISR
  C:2A46H         LINE#         41
  C:2A4FH         LINE#         43
  C:2A52H         LINE#         44
  C:2A52H         LINE#         45
  C:2A54H         LINE#         46
  C:2A5BH         LINE#         47
  C:2A5BH         LINE#         48
  C:2A62H         LINE#         49
  C:2A69H         LINE#         50
  C:2A6BH         LINE#         51
  C:2A6BH         LINE#         52
  C:2A6BH         LINE#         53
  C:2A6EH         LINE#         54
  C:2A6EH         LINE#         55
  C:2A70H         LINE#         56
  C:2A77H         LINE#         57
  C:2A77H         LINE#         58
  C:2A7FH         LINE#         59
  C:2A86H         LINE#         60
  C:2A86H         LINE#         61
  C:2A88H         LINE#         62
  C:2A88H         LINE#         63
  -------         ENDPROC       UART0_ISR
  -------         PROC          _HAL_UART_INIT
  D:0007H         SYMBOL        baud
  -------         DO            
  D:0004H         SYMBOL        temp
  -------         ENDDO         
  C:2AD7H         LINE#         65
  C:2AD7H         LINE#         66
  C:2AD7H         LINE#         69
  C:2AD9H         LINE#         70
  C:2ADEH         LINE#         71
  C:2AE0H         LINE#         72
  C:2AE4H         LINE#         73
  C:2AE6H         LINE#         74
  C:2AE8H         LINE#         75
  C:2AEAH         LINE#         76
  C:2AECH         LINE#         77
  C:2AEFH         LINE#         78
  C:2AF2H         LINE#         79
  C:2AFEH         LINE#         80
  C:2AFEH         LINE#         81
BL51 BANKED LINKER/LOCATER V6.22                                                      04/02/2017  16:46:40  PAGE 46


  C:2AFEH         LINE#         82
  C:2B02H         LINE#         83
  C:2B04H         LINE#         84
  C:2B04H         LINE#         85
  C:2B08H         LINE#         86
  C:2B0AH         LINE#         87
  C:2B0AH         LINE#         88
  C:2B0EH         LINE#         89
  C:2B10H         LINE#         90
  C:2B10H         LINE#         91
  C:2B10H         LINE#         92
  C:2B14H         LINE#         93
  C:2B14H         LINE#         94
  C:2B14H         LINE#         95
  C:2B16H         LINE#         96
  C:2B18H         LINE#         98
  C:2B1AH         LINE#         99
  C:2B1CH         LINE#         100
  -------         ENDPROC       _HAL_UART_INIT
  -------         PROC          _HAL_UART_PUTCHAR
  D:0007H         SYMBOL        ch
  C:2D31H         LINE#         102
  C:2D31H         LINE#         103
  C:2D31H         LINE#         105
  C:2D38H         LINE#         107
  C:2D3AH         LINE#         108
  C:2D3EH         LINE#         109
  C:2D3EH         LINE#         110
  C:2D40H         LINE#         111
  C:2D42H         LINE#         113
  C:2D42H         LINE#         114
  C:2D49H         LINE#         115
  C:2D50H         LINE#         116
  C:2D50H         LINE#         117
  C:2D52H         LINE#         118
  C:2D54H         LINE#         119
  -------         ENDPROC       _HAL_UART_PUTCHAR
  -------         PROC          HAL_UART_CHARS_AVAILABLE
  C:004EH         LINE#         122
  C:004EH         LINE#         123
  C:004EH         LINE#         124
  C:0050H         LINE#         125
  -------         ENDPROC       HAL_UART_CHARS_AVAILABLE
  -------         PROC          HAL_UART_TX_COMPLETE
  C:328FH         LINE#         127
  C:328FH         LINE#         128
  C:328FH         LINE#         129
  C:3293H         LINE#         130
  C:3293H         LINE#         131
  C:3296H         LINE#         132
  C:3296H         LINE#         134
  C:3296H         LINE#         135
  C:3298H         LINE#         136
  C:3298H         LINE#         137
  -------         ENDPROC       HAL_UART_TX_COMPLETE
  -------         PROC          HAL_UART_GETCHAR
  -------         DO            
BL51 BANKED LINKER/LOCATER V6.22                                                      04/02/2017  16:46:40  PAGE 47


  D:0007H         SYMBOL        ch
  -------         ENDDO         
  C:2F28H         LINE#         138
  C:2F28H         LINE#         139
  C:2F28H         LINE#         144
  C:2F2CH         LINE#         145
  C:2F2CH         LINE#         146
  C:2F2EH         LINE#         147
  C:2F35H         LINE#         148
  C:2F3CH         LINE#         149
  C:2F3EH         LINE#         150
  C:2F40H         LINE#         151
  C:2F40H         LINE#         152
  -------         ENDPROC       HAL_UART_GETCHAR
  -------         ENDMOD        HAL_UART

  -------         MODULE        ?C?CLDPTR
  C:0DCAH         PUBLIC        ?C?CLDPTR
  -------         ENDMOD        ?C?CLDPTR

  -------         MODULE        ?C?CLDOPTR
  C:0DE3H         PUBLIC        ?C?CLDOPTR
  -------         ENDMOD        ?C?CLDOPTR

  -------         MODULE        ?C?CSTPTR
  C:0E10H         PUBLIC        ?C?CSTPTR
  -------         ENDMOD        ?C?CSTPTR

  -------         MODULE        ?C?CSTOPTR
  C:0E22H         PUBLIC        ?C?CSTOPTR
  -------         ENDMOD        ?C?CSTOPTR

  -------         MODULE        ?C?ILDIX
  C:0E44H         PUBLIC        ?C?ILDIX
  -------         ENDMOD        ?C?ILDIX

  -------         MODULE        ?C?ILDPTR
  C:0E5AH         PUBLIC        ?C?ILDPTR
  -------         ENDMOD        ?C?ILDPTR

  -------         MODULE        ?C?ISTPTR
  C:0E85H         PUBLIC        ?C?ISTPTR
  -------         ENDMOD        ?C?ISTPTR

  -------         MODULE        ?C?ISTOPTR
  C:0EA4H         PUBLIC        ?C?ISTOPTR
  -------         ENDMOD        ?C?ISTOPTR

  -------         MODULE        ?C?MEMCMP
  C:1057H         PUBLIC        ?C?MEMCMP
  -------         ENDMOD        ?C?MEMCMP

  -------         MODULE        MALLOC
  C:2303H         PUBLIC        _malloc
  -------         ENDMOD        MALLOC

  -------         MODULE        INIT_MEM
BL51 BANKED LINKER/LOCATER V6.22                                                      04/02/2017  16:46:40  PAGE 48


  X:0343H         PUBLIC        __mem_avail__
  C:2BA0H         PUBLIC        _init_mempool
  -------         ENDMOD        INIT_MEM

  -------         MODULE        REALLOC
  C:25C1H         PUBLIC        _realloc
  -------         ENDMOD        REALLOC

  -------         MODULE        FREE
  C:1DF3H         PUBLIC        _free
  -------         ENDMOD        FREE

  -------         MODULE        ?C?COPY
  C:114BH         PUBLIC        ?C?COPY
  -------         ENDMOD        ?C?COPY

  -------         MODULE        ?C?IILDX
  C:1171H         PUBLIC        ?C?IILDX
  -------         ENDMOD        ?C?IILDX

Program Size: data=117.1 xdata=857 code=13038
LINK/LOCATE RUN COMPLETE.  0 WARNING(S),  0 ERROR(S)
