BL51 BANKED LINKER/LOCATER V6.22                                                        05/10/2017  20:31:48  PAGE 1


BL51 BANKED LINKER/LOCATER V6.22, INVOKED BY:
C:\KEIL_V5\C51\BIN\BL51.EXE .\Objects\sensor.obj, .\Objects\hal_delay.obj, .\Objects\hal_uart.obj, .\Objects\hal_w2_isr.
>> obj TO .\Objects\sensor_project PRINT (.\Listings\sensor_project.m51) RAMSIZE (256) DISABLEWARNING (16)


MEMORY MODEL: SMALL


INPUT MODULES INCLUDED:
  .\Objects\sensor.obj (SENSOR)
  .\Objects\hal_delay.obj (HAL_DELAY)
  .\Objects\hal_uart.obj (HAL_UART)
  .\Objects\hal_w2_isr.obj (HAL_W2_ISR)
  C:\KEIL_V5\C51\LIB\C51S.LIB (?C_STARTUP)
  C:\KEIL_V5\C51\LIB\C51S.LIB (?C?CLDPTR)
  C:\KEIL_V5\C51\LIB\C51S.LIB (?C?CLDOPTR)
  C:\KEIL_V5\C51\LIB\C51S.LIB (?C?CSTPTR)
  C:\KEIL_V5\C51\LIB\C51S.LIB (?C?CSTOPTR)
  C:\KEIL_V5\C51\LIB\C51S.LIB (?C?UIDIV)
  C:\KEIL_V5\C51\LIB\C51S.LIB (?C?ILDIX)
  C:\KEIL_V5\C51\LIB\C51S.LIB (?C?ILDPTR)
  C:\KEIL_V5\C51\LIB\C51S.LIB (?C?ISTPTR)
  C:\KEIL_V5\C51\LIB\C51S.LIB (?C?ISTOPTR)
  C:\KEIL_V5\C51\LIB\C51S.LIB (?C?MEMCMP)
  C:\KEIL_V5\C51\LIB\C51S.LIB (MALLOC)
  C:\KEIL_V5\C51\LIB\C51S.LIB (INIT_MEM)
  C:\KEIL_V5\C51\LIB\C51S.LIB (REALLOC)
  C:\KEIL_V5\C51\LIB\C51S.LIB (FREE)
  C:\KEIL_V5\C51\LIB\C51S.LIB (?C_INIT)
  C:\KEIL_V5\C51\LIB\C51S.LIB (?C?COPY)
  C:\KEIL_V5\C51\LIB\C51S.LIB (?C?IILDX)


LINK MAP OF MODULE:  .\Objects\sensor_project (SENSOR)


            TYPE    BASE      LENGTH    RELOCATION   SEGMENT NAME
            -----------------------------------------------------

            * * * * * * *   D A T A   M E M O R Y   * * * * * * *
            REG     0000H     0008H     ABSOLUTE     "REG BANK 0"
            DATA    0008H     000EH     UNIT         ?DT?_SEND_OFFSET_VALUES?SENSOR
            DATA    0016H     0008H     UNIT         ?DT?_SEND_PACKET_FROM_HOST_TO_COMPUTER?SENSOR
            DATA    001EH     0002H     UNIT         ?DT?HAL_W2_ISR
            DATA    0020H     0001H     BIT_ADDR     ?BA?SENSOR
            BIT     0021H.0   0000H.1   UNIT         ?BI?SENSOR
                    0021H.1   0000H.7                *** GAP ***
            DATA    0022H     001BH     UNIT         _DATA_GROUP_
            DATA    003DH     0007H     UNIT         ?DT?_SEND_PACKET_TO_COMPUTER?SENSOR
            DATA    0044H     0007H     UNIT         ?DT?HAL_W2_WAIT_DATA_READY?HAL_W2_ISR
            DATA    004BH     0007H     UNIT         ?DT?_I2C_MPU_READBIT?HAL_W2_ISR
            DATA    0052H     0006H     UNIT         ?DT?_SEND_PACKET_TO_HOST?SENSOR
            DATA    0058H     0006H     UNIT         ?DT?_REDIRECT_RF_PKT_TO_SERIAL?SENSOR
            DATA    005EH     0006H     UNIT         ?DT?HAL_UART
            DATA    0064H     0006H     UNIT         ?DT?_HAL_W2_WRITE?HAL_W2_ISR
            DATA    006AH     0006H     UNIT         ?DT?_HAL_W2_READ?HAL_W2_ISR
            DATA    0070H     0003H     UNIT         ?DT?_HAL_UART_PUTSTRING?SENSOR
            IDATA   0073H     0010H     UNIT         ?ID?HAL_UART
BL51 BANKED LINKER/LOCATER V6.22                                                      05/10/2017  20:31:48  PAGE 2


            IDATA   0083H     0001H     UNIT         ?STACK

            * * * * * * *  X D A T A   M E M O R Y  * * * * * * *
            XDATA   0000H     0273H     UNIT         ?XD?SENSOR
            XDATA   0273H     00BEH     UNIT         _XDATA_GROUP_
            XDATA   0331H     0012H     UNIT         ?XD?_GETMOTION6_VARIABLES?SENSOR
            XDATA   0343H     0008H     UNIT         ?XD?INIT_MEM
            XDATA   034BH     0006H     UNIT         ?XD?_DMPGETQUATERNION_INT16?SENSOR
            XDATA   0351H     0006H     UNIT         ?XD?_DMPGETPACKET16BITS?SENSOR
            XDATA   0357H     0002H     UNIT         ?XD?_GETMOTION6_PACKET?SENSOR

            * * * * * * *   C O D E   M E M O R Y   * * * * * * *
            CODE    0000H     0003H     ABSOLUTE     
            CODE    0003H     0020H     UNIT         ?PR?_WRITEPROGMEMORYBLOCK?SENSOR
            CODE    0023H     0003H     ABSOLUTE     
            CODE    0026H     0025H     UNIT         ?PR?_HAL_UART_PUTSTRING?SENSOR
            CODE    004BH     0003H     ABSOLUTE     
            CODE    004EH     0003H     UNIT         ?PR?HAL_UART_CHARS_AVAILABLE?HAL_UART
                    0051H     0002H                  *** GAP ***
            CODE    0053H     0003H     ABSOLUTE     
            CODE    0056H     087DH     UNIT         ?CO?SENSOR
            CODE    08D3H     04F7H     UNIT         ?PR?DMPINITIALIZE?SENSOR
            CODE    0DCAH     0412H     UNIT         ?C?LIB_CODE
            CODE    11DCH     0319H     UNIT         ?PR?_SEND_INERTIAL_PACKET_BY_RF?SENSOR
            CODE    14F5H     02D6H     UNIT         ?PR?_DMPGETPACKET16BITS?SENSOR
            CODE    17CBH     0297H     UNIT         ?PR?_WRITEDMPCONFIGURATIONSET?SENSOR
            CODE    1A62H     0268H     UNIT         ?PR?_WRITEMEMORYBLOCK?SENSOR
            CODE    1CCAH     0104H     UNIT         ?PR?_FREE?FREE
            CODE    1DCEH     00F7H     UNIT         ?PR?_READMEMORYBLOCK?SENSOR
            CODE    1EC5H     00F1H     UNIT         ?PR?DATAACQ?SENSOR
            CODE    1FB6H     00E2H     UNIT         ?PR?_DMPGETQUATERNION_INT16?SENSOR
            CODE    2098H     00CFH     UNIT         ?PR?_GETMOTION6_PACKET?SENSOR
            CODE    2167H     00C6H     UNIT         ?PR?MAIN?SENSOR
            CODE    222DH     00BFH     UNIT         ?PR?_GETMOTION6_VARIABLES?SENSOR
            CODE    22ECH     00A5H     UNIT         ?PR?_RF_INIT?SENSOR
            CODE    2391H     009CH     UNIT         ?PR?_MALLOC?MALLOC
            CODE    242DH     008EH     UNIT         ?PR?_SEND_OFFSET_VALUES?SENSOR
            CODE    24BBH     008CH     UNIT         ?C_C51STARTUP
            CODE    2547H     0085H     UNIT         ?PR?RF_IRQ?SENSOR
            CODE    25CCH     0083H     UNIT         ?PR?HAL_W2_SOFT_RESET?HAL_W2_ISR
            CODE    264FH     0078H     UNIT         ?PR?_REALLOC?REALLOC
            CODE    26C7H     0077H     UNIT         ?PR?INITIAL_SETUP_DMP?SENSOR
            CODE    273EH     0068H     UNIT         ?PR?_I2C_MPU_READBYTES?HAL_W2_ISR
            CODE    27A6H     0063H     UNIT         ?PR?_I2C_MPU_WRITEBITS?HAL_W2_ISR
            CODE    2809H     0063H     UNIT         ?PR?_I2C_MPU_WRITEWORDS?HAL_W2_ISR
            CODE    286CH     0058H     UNIT         ?PR?_I2C_MPU_READBITS?HAL_W2_ISR
            CODE    28C4H     0057H     UNIT         ?PR?_SEND_PACKET_TO_HOST?SENSOR
            CODE    291BH     0050H     UNIT         ?PR?_SEND_PACKET_TO_COMPUTER?SENSOR
            CODE    296BH     0050H     UNIT         ?PR?_SEND_PACKET_FROM_HOST_TO_COMPUTER?SENSOR
            CODE    29BBH     004EH     UNIT         ?PR?_I2C_MPU_WRITEBIT?HAL_W2_ISR
            CODE    2A09H     004DH     UNIT         ?PR?_HAL_W2_READ?HAL_W2_ISR
            CODE    2A56H     004CH     UNIT         ?PR?_GETFIFOBYTES?SENSOR
            CODE    2AA2H     0049H     UNIT         ?PR?UART0_ISR?HAL_UART
            CODE    2AEBH     0046H     UNIT         ?PR?_HAL_UART_INIT?HAL_UART
            CODE    2B31H     0044H     UNIT         ?PR?_REDIRECT_RF_PKT_TO_SERIAL?SENSOR
            CODE    2B75H     0044H     UNIT         ?C_INITSEG
            CODE    2BB9H     003FH     UNIT         ?PR?_I2C_MPU_WRITEBYTES?HAL_W2_ISR
BL51 BANKED LINKER/LOCATER V6.22                                                      05/10/2017  20:31:48  PAGE 3


            CODE    2BF8H     003CH     UNIT         ?PR?_INIT_MEMPOOL?INIT_MEM
            CODE    2C34H     003BH     UNIT         ?PR?I2C_IRQ?SENSOR
            CODE    2C6FH     003AH     UNIT         ?PR?_HAL_W2_WRITE?HAL_W2_ISR
            CODE    2CA9H     0032H     UNIT         ?PR?_SPI_WRITE_BUF?SENSOR
            CODE    2CDBH     0032H     UNIT         ?PR?_TX_MODE_NOACK?SENSOR
            CODE    2D0DH     0031H     UNIT         ?PR?_SPI_READ_BUF?SENSOR
            CODE    2D3EH     002FH     UNIT         ?PR?SETUP?SENSOR
            CODE    2D6DH     0027H     UNIT         ?PR?HAL_W2_WAIT_DATA_READY?HAL_W2_ISR
            CODE    2D94H     0024H     UNIT         ?PR?_HAL_UART_PUTCHAR?HAL_UART
            CODE    2DB8H     0024H     UNIT         ?PR?_I2C_MPU_READBIT?HAL_W2_ISR
            CODE    2DDCH     0023H     UNIT         ?PR?MPU_TESTCONNECTION?SENSOR
            CODE    2DFFH     0023H     UNIT         ?PR?_SETMEMORYBANK?SENSOR
            CODE    2E22H     0021H     UNIT         ?PR?_HAL_W2_CONFIGURE_MASTER?HAL_W2_ISR
            CODE    2E43H     001DH     UNIT         ?PR?GETXACCELOFFSET?SENSOR
            CODE    2E60H     001DH     UNIT         ?PR?GETYACCELOFFSET?SENSOR
            CODE    2E7DH     001DH     UNIT         ?PR?GETZACCELOFFSET?SENSOR
            CODE    2E9AH     001DH     UNIT         ?PR?GETXGYROOFFSET?SENSOR
            CODE    2EB7H     001DH     UNIT         ?PR?GETYGYROOFFSET?SENSOR
            CODE    2ED4H     001DH     UNIT         ?PR?GETZGYROOFFSET?SENSOR
            CODE    2EF1H     001DH     UNIT         ?PR?GETFIFOCOUNT?SENSOR
            CODE    2F0EH     001BH     UNIT         ?PR?GETXGYROOFFSETTC?SENSOR
            CODE    2F29H     001BH     UNIT         ?PR?GETYGYROOFFSETTC?SENSOR
            CODE    2F44H     001BH     UNIT         ?PR?GETZGYROOFFSETTC?SENSOR
            CODE    2F5FH     001AH     UNIT         ?PR?_SETSLAVEADDRESS?SENSOR
            CODE    2F79H     001AH     UNIT         ?PR?_DELAY_US?HAL_DELAY
            CODE    2F93H     0019H     UNIT         ?PR?HAL_UART_GETCHAR?HAL_UART
            CODE    2FACH     0018H     UNIT         ?PR?GETFIFOENABLED?SENSOR
            CODE    2FC4H     0017H     UNIT         ?PR?GETOTPBANKVALID?SENSOR
            CODE    2FDBH     0016H     UNIT         ?PR?_HAL_W2_INIT_TRANSFER?HAL_W2_ISR
            CODE    2FF1H     0015H     UNIT         ?PR?_SEND_RF_COMMAND_WITH_ARG?SENSOR
            CODE    3006H     0014H     UNIT         ?PR?MPU_INITIALIZE?SENSOR
            CODE    301AH     0014H     UNIT         ?PR?_DELAY_MS?HAL_DELAY
            CODE    302EH     0013H     UNIT         ?PR?_SPI_RW_REG?SENSOR
            CODE    3041H     0013H     UNIT         ?PR?GETINTSTATUS?SENSOR
            CODE    3054H     0013H     UNIT         ?PR?GETDMPCONFIG1?SENSOR
            CODE    3067H     0013H     UNIT         ?PR?GETDMPCONFIG2?SENSOR
            CODE    307AH     0013H     UNIT         ?PR?GETMOTIONDETECTIONTHRESHOLD?SENSOR
            CODE    308DH     0013H     UNIT         ?PR?GETZEROMOTIONDETECTIONTHRESHOLD?SENSOR
            CODE    30A0H     0013H     UNIT         ?PR?GETMOTIONDETECTIONDURATION?SENSOR
            CODE    30B3H     0013H     UNIT         ?PR?GETZEROMOTIONDETECTIONDURATION?SENSOR
            CODE    30C6H     0013H     UNIT         ?PR?INICIARIO?SENSOR
            CODE    30D9H     0013H     UNIT         ?PR?_I2C_MPU_WRITEWORD?HAL_W2_ISR
            CODE    30ECH     0012H     UNIT         ?PR?_SEND_RF_COMMAND?SENSOR
            CODE    30FEH     0012H     UNIT         ?PR?BLINK_STATUS_LED?SENSOR
            CODE    3110H     0012H     UNIT         ?PR?_I2C_MPU_READBYTE?HAL_W2_ISR
            CODE    3122H     0011H     UNIT         ?PR?RX_MODE?SENSOR
            CODE    3133H     0011H     UNIT         ?PR?HAL_W2_WAIT_DATA_READY_ISR?HAL_W2_ISR
            CODE    3144H     0011H     UNIT         ?PR?_I2C_MPU_WRITEBYTE?HAL_W2_ISR
            CODE    3155H     000EH     UNIT         ?PR?_SETCLOCKSOURCE?SENSOR
            CODE    3163H     000EH     UNIT         ?PR?_SETFULLSCALEGYRORANGE?SENSOR
            CODE    3171H     000EH     UNIT         ?PR?_SETFULLSCALEACCELRANGE?SENSOR
            CODE    317FH     000EH     UNIT         ?PR?_SETMEMORYSTARTADDRESS?SENSOR
            CODE    318DH     000EH     UNIT         ?PR?_SETEXTERNALFRAMESYNC?SENSOR
            CODE    319BH     000EH     UNIT         ?PR?_SETDLPFMODE?SENSOR
            CODE    31A9H     000EH     UNIT         ?PR?_SETXGYROOFFSETTC?SENSOR
            CODE    31B7H     000EH     UNIT         ?PR?_SETYGYROOFFSETTC?SENSOR
            CODE    31C5H     000EH     UNIT         ?PR?_SETZGYROOFFSETTC?SENSOR
BL51 BANKED LINKER/LOCATER V6.22                                                      05/10/2017  20:31:48  PAGE 4


            CODE    31D3H     000EH     UNIT         ?PR?_HAL_W2_SET_CLK_FREQ?HAL_W2_ISR
            CODE    31E1H     000DH     UNIT         ?PR?_SPI_READ?SENSOR
            CODE    31EEH     000CH     UNIT         ?PR?RESETFIFO?SENSOR
            CODE    31FAH     000CH     UNIT         ?PR?I2C_MPU_RESET?SENSOR
            CODE    3206H     000CH     UNIT         ?PR?RESETI2CMASTER?SENSOR
            CODE    3212H     000CH     UNIT         ?PR?RESETDMP?SENSOR
            CODE    321EH     000BH     UNIT         ?PR?MPU_8051_MALLOC_SETUP?SENSOR
            CODE    3229H     000BH     UNIT         ?PR?_SETSLEEPENABLED?SENSOR
            CODE    3234H     000BH     UNIT         ?PR?_SETXACCELOFFSET?SENSOR
            CODE    323FH     000BH     UNIT         ?PR?_SETYACCELOFFSET?SENSOR
            CODE    324AH     000BH     UNIT         ?PR?_SETZACCELOFFSET?SENSOR
            CODE    3255H     000BH     UNIT         ?PR?_SETXGYROOFFSET?SENSOR
            CODE    3260H     000BH     UNIT         ?PR?_SETYGYROOFFSET?SENSOR
            CODE    326BH     000BH     UNIT         ?PR?_SETZGYROOFFSET?SENSOR
            CODE    3276H     000BH     UNIT         ?PR?_SETDMPENABLED?SENSOR
            CODE    3281H     000BH     UNIT         ?PR?_SETI2CMASTERMODEENABLED?SENSOR
            CODE    328CH     000BH     UNIT         ?PR?_SETFIFOENABLED?SENSOR
            CODE    3297H     000BH     UNIT         ?PR?_HAL_W2_RESPOND_TO_GEN_ADR?HAL_W2_ISR
            CODE    32A2H     000BH     UNIT         ?PR?_HAL_W2_ALTER_CLOCK?HAL_W2_ISR
            CODE    32ADH     000BH     UNIT         ?PR?_HAL_W2_IRQ_STOP_COND_ENABLE?HAL_W2_ISR
            CODE    32B8H     000BH     UNIT         ?PR?_HAL_W2_IRQ_ADR_MATCH_ENABLE?HAL_W2_ISR
            CODE    32C3H     000BH     UNIT         ?PR?_HAL_W2_SET_OP_MODE?HAL_W2_ISR
            CODE    32CEH     000BH     UNIT         ?PR?_HAL_W2_ENABLE?HAL_W2_ISR
            CODE    32D9H     000BH     UNIT         ?PR?_HAL_W2_ALL_IRQ_ENABLE?HAL_W2_ISR
            CODE    32E4H     000AH     UNIT         ?PR?_SPI_RW?SENSOR
            CODE    32EEH     000AH     UNIT         ?PR?_WRITEPROGDMPCONFIGURATIONSET?SENSOR
            CODE    32F8H     000AH     UNIT         ?PR?_SETOTPBANKVALID?SENSOR
            CODE    3302H     000AH     UNIT         ?PR?HAL_UART_TX_COMPLETE?HAL_UART
            CODE    330CH     000AH     UNIT         ?PR?I2C_IRQ_HANDLER?HAL_W2_ISR
            CODE    3316H     0009H     UNIT         ?PR?DMPGETFIFOPACKETSIZE?SENSOR
            CODE    331FH     0009H     UNIT         ?PR?_SETINTENABLED?SENSOR
            CODE    3328H     0009H     UNIT         ?PR?_SETRATE?SENSOR
            CODE    3331H     0009H     UNIT         ?PR?_SETDMPCONFIG1?SENSOR
            CODE    333AH     0009H     UNIT         ?PR?_SETDMPCONFIG2?SENSOR
            CODE    3343H     0009H     UNIT         ?PR?_SETMOTIONDETECTIONTHRESHOLD?SENSOR
            CODE    334CH     0009H     UNIT         ?PR?_SETZEROMOTIONDETECTIONTHRESHOLD?SENSOR
            CODE    3355H     0009H     UNIT         ?PR?_SETMOTIONDETECTIONDURATION?SENSOR
            CODE    335EH     0009H     UNIT         ?PR?_SETZEROMOTIONDETECTIONDURATION?SENSOR
            CODE    3367H     0006H     UNIT         ?PR?_HAL_W2_SET_SLAVE_ADDRESS?HAL_W2_ISR



OVERLAY MAP OF MODULE:   .\Objects\sensor_project (SENSOR)


SEGMENT                                            DATA_GROUP          XDATA_GROUP
  +--> CALLED SEGMENT                            START    LENGTH     START    LENGTH
------------------------------------------------------------------------------------
?PR?RF_IRQ?SENSOR                                -----    -----      -----    -----
  +--> ?PR?_SPI_READ?SENSOR
  +--> ?PR?_SPI_READ_BUF?SENSOR
  +--> ?PR?_SPI_RW_REG?SENSOR

?PR?_SPI_READ?SENSOR                             -----    -----      -----    -----
  +--> ?PR?_SPI_RW?SENSOR

?PR?_SPI_READ_BUF?SENSOR                         0022H    0005H      -----    -----
BL51 BANKED LINKER/LOCATER V6.22                                                      05/10/2017  20:31:48  PAGE 5


  +--> ?PR?_SPI_RW?SENSOR

?PR?_SPI_RW_REG?SENSOR                           -----    -----      -----    -----
  +--> ?PR?_SPI_RW?SENSOR

*** NEW ROOT ***************************************************

?PR?I2C_IRQ?SENSOR                               -----    -----      -----    -----
  +--> ?PR?I2C_IRQ_HANDLER?HAL_W2_ISR

*** NEW ROOT ***************************************************

?C_C51STARTUP                                    -----    -----      -----    -----
  +--> ?PR?MAIN?SENSOR
  +--> ?C_INITSEG

?PR?MAIN?SENSOR                                  -----    -----      -----    -----
  +--> ?PR?SETUP?SENSOR
  +--> ?PR?DATAACQ?SENSOR
  +--> ?PR?_SEND_RF_COMMAND_WITH_ARG?SENSOR
  +--> ?PR?_SEND_INERTIAL_PACKET_BY_RF?SENSOR
  +--> ?PR?_DELAY_MS?HAL_DELAY

?PR?SETUP?SENSOR                                 -----    -----      -----    -----
  +--> ?PR?INICIARIO?SENSOR
  +--> ?PR?BLINK_STATUS_LED?SENSOR
  +--> ?CO?SENSOR
  +--> ?PR?_RF_INIT?SENSOR
  +--> ?PR?_HAL_W2_CONFIGURE_MASTER?HAL_W2_ISR
  +--> ?PR?INITIAL_SETUP_DMP?SENSOR

?PR?BLINK_STATUS_LED?SENSOR                      -----    -----      -----    -----
  +--> ?PR?_DELAY_MS?HAL_DELAY

?PR?_DELAY_MS?HAL_DELAY                          -----    -----      -----    -----
  +--> ?PR?_DELAY_US?HAL_DELAY

?PR?_RF_INIT?SENSOR                              0027H    0009H      -----    -----
  +--> ?PR?_SPI_WRITE_BUF?SENSOR
  +--> ?PR?_SPI_RW_REG?SENSOR
  +--> ?PR?RX_MODE?SENSOR

?PR?_SPI_WRITE_BUF?SENSOR                        0030H    0005H      -----    -----
  +--> ?PR?_SPI_RW?SENSOR

?PR?RX_MODE?SENSOR                               -----    -----      -----    -----
  +--> ?PR?_SPI_RW_REG?SENSOR

?PR?_HAL_W2_CONFIGURE_MASTER?HAL_W2_ISR          -----    -----      -----    -----
  +--> ?PR?_HAL_W2_ENABLE?HAL_W2_ISR
  +--> ?PR?_HAL_W2_SET_CLK_FREQ?HAL_W2_ISR
  +--> ?PR?_HAL_W2_SET_OP_MODE?HAL_W2_ISR
  +--> ?PR?_HAL_W2_ALL_IRQ_ENABLE?HAL_W2_ISR

?PR?INITIAL_SETUP_DMP?SENSOR                     -----    -----      0273H    0001H
  +--> ?PR?BLINK_STATUS_LED?SENSOR
  +--> ?PR?MPU_8051_MALLOC_SETUP?SENSOR
BL51 BANKED LINKER/LOCATER V6.22                                                      05/10/2017  20:31:48  PAGE 6


  +--> ?PR?MPU_TESTCONNECTION?SENSOR
  +--> ?PR?MPU_INITIALIZE?SENSOR
  +--> ?PR?DMPINITIALIZE?SENSOR
  +--> ?PR?_DELAY_MS?HAL_DELAY
  +--> ?PR?_SETDMPENABLED?SENSOR
  +--> ?PR?_SETXACCELOFFSET?SENSOR
  +--> ?PR?_SETYACCELOFFSET?SENSOR
  +--> ?PR?_SETZACCELOFFSET?SENSOR
  +--> ?PR?_SETXGYROOFFSET?SENSOR
  +--> ?PR?_SETYGYROOFFSET?SENSOR
  +--> ?PR?_SETZGYROOFFSET?SENSOR

?PR?MPU_8051_MALLOC_SETUP?SENSOR                 -----    -----      -----    -----
  +--> ?PR?_INIT_MEMPOOL?INIT_MEM

?PR?MPU_TESTCONNECTION?SENSOR                    -----    -----      -----    -----
  +--> ?PR?_I2C_MPU_READBITS?HAL_W2_ISR

?PR?_I2C_MPU_READBITS?HAL_W2_ISR                 0027H    0009H      -----    -----
  +--> ?PR?_I2C_MPU_READBYTE?HAL_W2_ISR

?PR?_I2C_MPU_READBYTE?HAL_W2_ISR                 0030H    0003H      -----    -----
  +--> ?PR?_I2C_MPU_READBYTES?HAL_W2_ISR

?PR?_I2C_MPU_READBYTES?HAL_W2_ISR                0033H    0008H      -----    -----
  +--> ?PR?_HAL_W2_INIT_TRANSFER?HAL_W2_ISR
  +--> ?PR?HAL_W2_WAIT_DATA_READY_ISR?HAL_W2...
  +--> ?PR?HAL_W2_SOFT_RESET?HAL_W2_ISR

?PR?_HAL_W2_INIT_TRANSFER?HAL_W2_ISR             -----    -----      -----    -----
  +--> ?PR?HAL_W2_WAIT_DATA_READY_ISR?HAL_W2...

?PR?HAL_W2_SOFT_RESET?HAL_W2_ISR                 003BH    0002H      -----    -----
  +--> ?PR?_DELAY_US?HAL_DELAY

?PR?MPU_INITIALIZE?SENSOR                        -----    -----      -----    -----
  +--> ?PR?_SETCLOCKSOURCE?SENSOR
  +--> ?PR?_SETFULLSCALEGYRORANGE?SENSOR
  +--> ?PR?_SETFULLSCALEACCELRANGE?SENSOR
  +--> ?PR?_SETSLEEPENABLED?SENSOR

?PR?_SETCLOCKSOURCE?SENSOR                       -----    -----      -----    -----
  +--> ?PR?_I2C_MPU_WRITEBITS?HAL_W2_ISR

?PR?_I2C_MPU_WRITEBITS?HAL_W2_ISR                0027H    0007H      -----    -----
  +--> ?PR?_I2C_MPU_READBYTE?HAL_W2_ISR
  +--> ?PR?_I2C_MPU_WRITEBYTE?HAL_W2_ISR

?PR?_I2C_MPU_WRITEBYTE?HAL_W2_ISR                002EH    0001H      -----    -----
  +--> ?PR?_I2C_MPU_WRITEBYTES?HAL_W2_ISR

?PR?_I2C_MPU_WRITEBYTES?HAL_W2_ISR               002FH    0006H      -----    -----
  +--> ?PR?_HAL_W2_INIT_TRANSFER?HAL_W2_ISR
  +--> ?PR?HAL_W2_WAIT_DATA_READY_ISR?HAL_W2...

?PR?_SETFULLSCALEGYRORANGE?SENSOR                -----    -----      -----    -----
  +--> ?PR?_I2C_MPU_WRITEBITS?HAL_W2_ISR
BL51 BANKED LINKER/LOCATER V6.22                                                      05/10/2017  20:31:48  PAGE 7



?PR?_SETFULLSCALEACCELRANGE?SENSOR               -----    -----      -----    -----
  +--> ?PR?_I2C_MPU_WRITEBITS?HAL_W2_ISR

?PR?_SETSLEEPENABLED?SENSOR                      -----    -----      -----    -----
  +--> ?PR?_I2C_MPU_WRITEBIT?HAL_W2_ISR

?PR?_I2C_MPU_WRITEBIT?HAL_W2_ISR                 0027H    0005H      -----    -----
  +--> ?PR?_I2C_MPU_READBYTE?HAL_W2_ISR
  +--> ?PR?_I2C_MPU_WRITEBYTE?HAL_W2_ISR

?PR?DMPINITIALIZE?SENSOR                         -----    -----      0274H    009BH
  +--> ?PR?I2C_MPU_RESET?SENSOR
  +--> ?PR?_DELAY_MS?HAL_DELAY
  +--> ?PR?_SETSLEEPENABLED?SENSOR
  +--> ?PR?_SETMEMORYBANK?SENSOR
  +--> ?PR?_SETMEMORYSTARTADDRESS?SENSOR
  +--> ?PR?GETXGYROOFFSETTC?SENSOR
  +--> ?PR?GETYGYROOFFSETTC?SENSOR
  +--> ?PR?GETZGYROOFFSETTC?SENSOR
  +--> ?PR?_SETSLAVEADDRESS?SENSOR
  +--> ?PR?_SETI2CMASTERMODEENABLED?SENSOR
  +--> ?PR?RESETI2CMASTER?SENSOR
  +--> ?CO?SENSOR
  +--> ?PR?_WRITEPROGMEMORYBLOCK?SENSOR
  +--> ?PR?_WRITEPROGDMPCONFIGURATIONSET?SENSOR
  +--> ?PR?_SETCLOCKSOURCE?SENSOR
  +--> ?PR?_SETINTENABLED?SENSOR
  +--> ?PR?_SETRATE?SENSOR
  +--> ?PR?_I2C_MPU_READBYTE?HAL_W2_ISR
  +--> ?PR?_I2C_MPU_WRITEBYTE?HAL_W2_ISR
  +--> ?PR?_SETDLPFMODE?SENSOR
  +--> ?PR?_SETFULLSCALEGYRORANGE?SENSOR
  +--> ?PR?_SETDMPCONFIG1?SENSOR
  +--> ?PR?_SETDMPCONFIG2?SENSOR
  +--> ?PR?_SETOTPBANKVALID?SENSOR
  +--> ?PR?_WRITEMEMORYBLOCK?SENSOR
  +--> ?PR?RESETFIFO?SENSOR
  +--> ?PR?GETFIFOCOUNT?SENSOR
  +--> ?PR?_GETFIFOBYTES?SENSOR
  +--> ?PR?_SETMOTIONDETECTIONTHRESHOLD?SENSOR
  +--> ?PR?_SETZEROMOTIONDETECTIONTHRESHOLD?...
  +--> ?PR?_SETMOTIONDETECTIONDURATION?SENSOR
  +--> ?PR?_SETZEROMOTIONDETECTIONDURATION?S...
  +--> ?PR?_SETFIFOENABLED?SENSOR
  +--> ?PR?_SETDMPENABLED?SENSOR
  +--> ?PR?RESETDMP?SENSOR
  +--> ?PR?_READMEMORYBLOCK?SENSOR
  +--> ?PR?GETINTSTATUS?SENSOR

?PR?I2C_MPU_RESET?SENSOR                         -----    -----      -----    -----
  +--> ?PR?_I2C_MPU_WRITEBIT?HAL_W2_ISR

?PR?_SETMEMORYBANK?SENSOR                        -----    -----      -----    -----
  +--> ?PR?_I2C_MPU_WRITEBYTE?HAL_W2_ISR

?PR?_SETMEMORYSTARTADDRESS?SENSOR                -----    -----      -----    -----
BL51 BANKED LINKER/LOCATER V6.22                                                      05/10/2017  20:31:48  PAGE 8


  +--> ?PR?_I2C_MPU_WRITEBYTE?HAL_W2_ISR

?PR?GETXGYROOFFSETTC?SENSOR                      -----    -----      -----    -----
  +--> ?PR?_I2C_MPU_READBITS?HAL_W2_ISR

?PR?GETYGYROOFFSETTC?SENSOR                      -----    -----      -----    -----
  +--> ?PR?_I2C_MPU_READBITS?HAL_W2_ISR

?PR?GETZGYROOFFSETTC?SENSOR                      -----    -----      -----    -----
  +--> ?PR?_I2C_MPU_READBITS?HAL_W2_ISR

?PR?_SETSLAVEADDRESS?SENSOR                      -----    -----      -----    -----
  +--> ?PR?_I2C_MPU_WRITEBYTE?HAL_W2_ISR

?PR?_SETI2CMASTERMODEENABLED?SENSOR              -----    -----      -----    -----
  +--> ?PR?_I2C_MPU_WRITEBIT?HAL_W2_ISR

?PR?RESETI2CMASTER?SENSOR                        -----    -----      -----    -----
  +--> ?PR?_I2C_MPU_WRITEBIT?HAL_W2_ISR

?PR?_WRITEPROGMEMORYBLOCK?SENSOR                 -----    -----      030FH    0008H
  +--> ?PR?_WRITEMEMORYBLOCK?SENSOR

?PR?_WRITEMEMORYBLOCK?SENSOR                     -----    -----      031FH    0012H
  +--> ?PR?_SETMEMORYBANK?SENSOR
  +--> ?PR?_SETMEMORYSTARTADDRESS?SENSOR
  +--> ?PR?_MALLOC?MALLOC
  +--> ?PR?_I2C_MPU_WRITEBYTES?HAL_W2_ISR
  +--> ?PR?_I2C_MPU_READBYTES?HAL_W2_ISR
  +--> ?PR?_FREE?FREE

?PR?_MALLOC?MALLOC                               002FH    0004H      -----    -----

?PR?_FREE?FREE                                   002FH    0004H      -----    -----

?PR?_WRITEPROGDMPCONFIGURATIONSET?SENSOR         -----    -----      -----    -----
  +--> ?PR?_WRITEDMPCONFIGURATIONSET?SENSOR

?PR?_WRITEDMPCONFIGURATIONSET?SENSOR             -----    -----      030FH    0010H
  +--> ?PR?_MALLOC?MALLOC
  +--> ?PR?_REALLOC?REALLOC
  +--> ?PR?_WRITEMEMORYBLOCK?SENSOR
  +--> ?PR?_I2C_MPU_WRITEBYTE?HAL_W2_ISR
  +--> ?PR?_FREE?FREE

?PR?_REALLOC?REALLOC                             0027H    0008H      -----    -----
  +--> ?PR?_MALLOC?MALLOC
  +--> ?PR?_FREE?FREE

?PR?_SETINTENABLED?SENSOR                        -----    -----      -----    -----
  +--> ?PR?_I2C_MPU_WRITEBYTE?HAL_W2_ISR

?PR?_SETRATE?SENSOR                              -----    -----      -----    -----
  +--> ?PR?_I2C_MPU_WRITEBYTE?HAL_W2_ISR

?PR?_SETDLPFMODE?SENSOR                          -----    -----      -----    -----
  +--> ?PR?_I2C_MPU_WRITEBITS?HAL_W2_ISR
BL51 BANKED LINKER/LOCATER V6.22                                                      05/10/2017  20:31:48  PAGE 9



?PR?_SETDMPCONFIG1?SENSOR                        -----    -----      -----    -----
  +--> ?PR?_I2C_MPU_WRITEBYTE?HAL_W2_ISR

?PR?_SETDMPCONFIG2?SENSOR                        -----    -----      -----    -----
  +--> ?PR?_I2C_MPU_WRITEBYTE?HAL_W2_ISR

?PR?_SETOTPBANKVALID?SENSOR                      -----    -----      -----    -----
  +--> ?PR?_I2C_MPU_WRITEBIT?HAL_W2_ISR

?PR?RESETFIFO?SENSOR                             -----    -----      -----    -----
  +--> ?PR?_I2C_MPU_WRITEBIT?HAL_W2_ISR

?PR?GETFIFOCOUNT?SENSOR                          -----    -----      -----    -----
  +--> ?PR?_I2C_MPU_READBYTES?HAL_W2_ISR

?PR?_GETFIFOBYTES?SENSOR                         -----    -----      030FH    0003H
  +--> ?PR?_I2C_MPU_READBYTES?HAL_W2_ISR

?PR?_SETMOTIONDETECTIONTHRESHOLD?SENSOR          -----    -----      -----    -----
  +--> ?PR?_I2C_MPU_WRITEBYTE?HAL_W2_ISR

?PR?_SETZEROMOTIONDETECTIONTHRESHOLD?...         -----    -----      -----    -----
  +--> ?PR?_I2C_MPU_WRITEBYTE?HAL_W2_ISR

?PR?_SETMOTIONDETECTIONDURATION?SENSOR           -----    -----      -----    -----
  +--> ?PR?_I2C_MPU_WRITEBYTE?HAL_W2_ISR

?PR?_SETZEROMOTIONDETECTIONDURATION?S...         -----    -----      -----    -----
  +--> ?PR?_I2C_MPU_WRITEBYTE?HAL_W2_ISR

?PR?_SETFIFOENABLED?SENSOR                       -----    -----      -----    -----
  +--> ?PR?_I2C_MPU_WRITEBIT?HAL_W2_ISR

?PR?_SETDMPENABLED?SENSOR                        -----    -----      -----    -----
  +--> ?PR?_I2C_MPU_WRITEBIT?HAL_W2_ISR

?PR?RESETDMP?SENSOR                              -----    -----      -----    -----
  +--> ?PR?_I2C_MPU_WRITEBIT?HAL_W2_ISR

?PR?_READMEMORYBLOCK?SENSOR                      -----    -----      030FH    000AH
  +--> ?PR?_SETMEMORYBANK?SENSOR
  +--> ?PR?_SETMEMORYSTARTADDRESS?SENSOR
  +--> ?PR?_I2C_MPU_READBYTES?HAL_W2_ISR

?PR?GETINTSTATUS?SENSOR                          -----    -----      -----    -----
  +--> ?PR?_I2C_MPU_READBYTE?HAL_W2_ISR

?PR?_SETXACCELOFFSET?SENSOR                      -----    -----      -----    -----
  +--> ?PR?_I2C_MPU_WRITEWORD?HAL_W2_ISR

?PR?_I2C_MPU_WRITEWORD?HAL_W2_ISR                0027H    0002H      -----    -----
  +--> ?PR?_I2C_MPU_WRITEWORDS?HAL_W2_ISR

?PR?_I2C_MPU_WRITEWORDS?HAL_W2_ISR               0029H    0006H      -----    -----
  +--> ?PR?_HAL_W2_INIT_TRANSFER?HAL_W2_ISR
  +--> ?PR?HAL_W2_WAIT_DATA_READY_ISR?HAL_W2...
BL51 BANKED LINKER/LOCATER V6.22                                                      05/10/2017  20:31:48  PAGE 10



?PR?_SETYACCELOFFSET?SENSOR                      -----    -----      -----    -----
  +--> ?PR?_I2C_MPU_WRITEWORD?HAL_W2_ISR

?PR?_SETZACCELOFFSET?SENSOR                      -----    -----      -----    -----
  +--> ?PR?_I2C_MPU_WRITEWORD?HAL_W2_ISR

?PR?_SETXGYROOFFSET?SENSOR                       -----    -----      -----    -----
  +--> ?PR?_I2C_MPU_WRITEWORD?HAL_W2_ISR

?PR?_SETYGYROOFFSET?SENSOR                       -----    -----      -----    -----
  +--> ?PR?_I2C_MPU_WRITEWORD?HAL_W2_ISR

?PR?_SETZGYROOFFSET?SENSOR                       -----    -----      -----    -----
  +--> ?PR?_I2C_MPU_WRITEWORD?HAL_W2_ISR

?PR?DATAACQ?SENSOR                               -----    -----      0273H    0001H
  +--> ?PR?GETFIFOCOUNT?SENSOR
  +--> ?PR?_GETFIFOBYTES?SENSOR
  +--> ?PR?_TX_MODE_NOACK?SENSOR
  +--> ?PR?RX_MODE?SENSOR

?PR?_TX_MODE_NOACK?SENSOR                        002CH    0002H      -----    -----
  +--> ?PR?_SPI_RW_REG?SENSOR
  +--> ?CO?SENSOR
  +--> ?PR?_SPI_WRITE_BUF?SENSOR

?PR?_SEND_RF_COMMAND_WITH_ARG?SENSOR             -----    -----      -----    -----
  +--> ?PR?_TX_MODE_NOACK?SENSOR
  +--> ?PR?RX_MODE?SENSOR

?PR?_SEND_INERTIAL_PACKET_BY_RF?SENSOR           0027H    0005H      -----    -----
  +--> ?PR?_TX_MODE_NOACK?SENSOR
  +--> ?PR?RX_MODE?SENSOR



SYMBOL TABLE OF MODULE:  .\Objects\sensor_project (SENSOR)

  VALUE           TYPE          NAME
  ----------------------------------

  -------         MODULE        SENSOR
  C:0000H         SYMBOL        _ICE_DUMMY_
  D:0080H         PUBLIC        P0
  D:0090H         PUBLIC        P1
  D:00A0H         PUBLIC        P2
  D:00B0H         PUBLIC        P3
  X:0000H         PUBLIC        numbPackets
  X:0001H         PUBLIC        fifoBuffer
  C:3316H         PUBLIC        dmpGetFIFOPacketSize
  B:00A8H.7       PUBLIC        EA
  C:3212H         PUBLIC        resetDMP
  X:002BH         PUBLIC        rx_buf
  C:1DCEH         PUBLIC        _readMemoryBlock
  C:2C34H         PUBLIC        I2C_IRQ
  X:004BH         PUBLIC        tx_buf
BL51 BANKED LINKER/LOCATER V6.22                                                      05/10/2017  20:31:48  PAGE 11


  C:242DH         PUBLIC        _send_offset_values
  D:00A8H         PUBLIC        IEN0
  D:00B8H         PUBLIC        IEN1
  C:2DDCH         PUBLIC        mpu_testConnection
  C:3122H         PUBLIC        RX_Mode
  C:1EC5H         PUBLIC        DataAcq
  C:222DH         PUBLIC        _getMotion6_variables
  C:307AH         PUBLIC        getMotionDetectionThreshold
  X:006BH         PUBLIC        malloc_memory_pool
  C:2FACH         PUBLIC        getFIFOEnabled
  C:2F5FH         PUBLIC        _setSlaveAddress
  B:00B8H.1       PUBLIC        RF
  D:00E7H         PUBLIC        SPIRDAT
  C:1A85H         PUBLIC        _writeMemoryBlock
  B:0021H.0       PUBLIC        newPayload
  C:3171H         PUBLIC        _setFullScaleAccelRange
  C:07E4H         PUBLIC        dmpConfig
  C:08A4H         PUBLIC        dmpUpdates
  X:025FH         PUBLIC        packet_type
  B:0020H.6       PUBLIC        RX_DR
  B:00E8H.0       PUBLIC        RFCE
  C:17CBH         PUBLIC        _writeDMPConfigurationSet
  C:3343H         PUBLIC        _setMotionDetectionThreshold
  C:291BH         PUBLIC        _send_packet_to_computer
  C:328CH         PUBLIC        _setFIFOEnabled
  B:0020H.5       PUBLIC        TX_DS
  C:318DH         PUBLIC        _setExternalFrameSync
  C:2167H         PUBLIC        main
  C:26C7H         PUBLIC        initial_setup_dmp
  C:1FB6H         PUBLIC        _dmpGetQuaternion_int16
  C:2FC4H         PUBLIC        getOTPBankValid
  C:3184H         PUBLIC        _setMemoryStartAddress
  C:2E9AH         PUBLIC        getXGyroOffset
  C:30ECH         PUBLIC        _send_rf_command
  C:331FH         PUBLIC        _setIntEnabled
  C:2EB7H         PUBLIC        getYGyroOffset
  C:2ED4H         PUBLIC        getZGyroOffset
  C:0026H         PUBLIC        _hal_uart_putstring
  C:30A0H         PUBLIC        getMotionDetectionDuration
  C:3054H         PUBLIC        getDMPConfig1
  C:3067H         PUBLIC        getDMPConfig2
  C:30FEH         PUBLIC        blink_status_led
  C:3155H         PUBLIC        _setClockSource
  B:0080H.3       PUBLIC        P03
  C:2D3EH         PUBLIC        setup
  C:32F8H         PUBLIC        _setOTPBankValid
  D:0088H         PUBLIC        TCON
  C:0003H         PUBLIC        _writeProgMemoryBlock
  C:3281H         PUBLIC        _setI2CMasterModeEnabled
  C:3255H         PUBLIC        _setXGyroOffset
  C:3260H         PUBLIC        _setYGyroOffset
  C:326BH         PUBLIC        _setZGyroOffset
  C:308DH         PUBLIC        getZeroMotionDetectionThreshold
  C:31FAH         PUBLIC        i2c_mpu_reset
  C:3355H         PUBLIC        _setMotionDetectionDuration
  B:00E8H.2       PUBLIC        RFCKEN
  C:3331H         PUBLIC        _setDMPConfig1
BL51 BANKED LINKER/LOCATER V6.22                                                      05/10/2017  20:31:48  PAGE 12


  C:0056H         PUBLIC        ADDR_HOST
  C:333AH         PUBLIC        _setDMPConfig2
  C:32EEH         PUBLIC        _writeProgDMPConfigurationSet
  X:0260H         PUBLIC        dmpPacketSize
  C:11DCH         PUBLIC        _send_inertial_packet_by_rf
  C:005BH         PUBLIC        dmpMemory
  C:2F0EH         PUBLIC        getXGyroOffsetTC
  C:2F29H         PUBLIC        getYGyroOffsetTC
  C:2F44H         PUBLIC        getZGyroOffsetTC
  C:334CH         PUBLIC        _setZeroMotionDetectionThreshold
  D:0020H         PUBLIC        sta
  C:2E07H         PUBLIC        _setMemoryBank
  C:2D0DH         PUBLIC        _SPI_Read_Buf
  C:31E1H         PUBLIC        _SPI_Read
  C:31EEH         PUBLIC        resetFIFO
  C:31A9H         PUBLIC        _setXGyroOffsetTC
  C:31B7H         PUBLIC        _setYGyroOffsetTC
  C:2098H         PUBLIC        _getMotion6_packet
  C:31C5H         PUBLIC        _setZGyroOffsetTC
  C:30B3H         PUBLIC        getZeroMotionDetectionDuration
  C:3206H         PUBLIC        resetI2CMaster
  C:2CA9H         PUBLIC        _SPI_Write_Buf
  C:296BH         PUBLIC        _send_packet_from_host_to_computer
  C:08D3H         PUBLIC        dmpInitialize
  C:3328H         PUBLIC        _setRate
  C:14F5H         PUBLIC        _dmpGetPacket16bits
  C:335EH         PUBLIC        _setZeroMotionDetectionDuration
  C:3276H         PUBLIC        _setDMPEnabled
  D:0093H         PUBLIC        P0DIR
  C:2E43H         PUBLIC        getXAccelOffset
  D:009EH         PUBLIC        P0CON
  D:0094H         PUBLIC        P1DIR
  C:2E60H         PUBLIC        getYAccelOffset
  C:2CDBH         PUBLIC        _TX_Mode_NOACK
  D:009FH         PUBLIC        P1CON
  C:2E7DH         PUBLIC        getZAccelOffset
  C:3163H         PUBLIC        _setFullScaleGyroRange
  D:0098H         PUBLIC        S0CON
  C:2FF1H         PUBLIC        _send_rf_command_with_arg
  C:2547H         PUBLIC        RF_IRQ
  D:00D8H         PUBLIC        ADCON
  D:00C8H         PUBLIC        T2CON
  C:2B31H         PUBLIC        _redirect_rf_pkt_to_serial
  D:00F8H         PUBLIC        FSR
  C:3234H         PUBLIC        _setXAccelOffset
  C:3006H         PUBLIC        mpu_initialize
  B:0020H.4       PUBLIC        MAX_RT
  C:323FH         PUBLIC        _setYAccelOffset
  C:28C4H         PUBLIC        _send_packet_to_host
  C:324AH         PUBLIC        _setZAccelOffset
  C:22ECH         PUBLIC        _rf_init
  C:2A62H         PUBLIC        _getFIFOBytes
  X:0262H         PUBLIC        payloadWidth
  C:2EF1H         PUBLIC        getFIFOCount
  C:321EH         PUBLIC        mpu_8051_malloc_setup
  C:302EH         PUBLIC        _SPI_RW_Reg
  C:32E4H         PUBLIC        _SPI_RW
BL51 BANKED LINKER/LOCATER V6.22                                                      05/10/2017  20:31:48  PAGE 13


  C:3041H         PUBLIC        getIntStatus
  D:00E8H         PUBLIC        RFCON
  C:3229H         PUBLIC        _setSleepEnabled
  D:00D0H         PUBLIC        PSW
  C:30C6H         PUBLIC        iniciarIO
  D:00C0H         PUBLIC        IRCON
  C:319BH         PUBLIC        _setDLPFMode
  X:0263H         PUBLIC        dmpPacketBuffer
  X:0265H         PUBLIC        buffer
  B:00E8H.1       PUBLIC        RFCSN
  D:00E6H         PUBLIC        SPIRSTAT
  -------         PROC          _SPI_RW
  D:0007H         SYMBOL        value
  C:32E4H         LINE#         127
  C:32E4H         LINE#         128
  C:32E6H         LINE#         130
  C:32EBH         LINE#         132
  C:32EDH         LINE#         133
  -------         ENDPROC       _SPI_RW
  -------         PROC          _SPI_RW_REG
  D:0007H         SYMBOL        reg
  D:0006H         SYMBOL        value
  -------         DO            
  D:0005H         SYMBOL        status
  -------         ENDDO         
  C:302EH         LINE#         142
  C:3030H         LINE#         145
  C:3032H         LINE#         146
  C:3037H         LINE#         147
  C:303CH         LINE#         148
  C:303EH         LINE#         150
  C:3040H         LINE#         151
  -------         ENDPROC       _SPI_RW_REG
  -------         PROC          _SPI_READ
  D:0007H         SYMBOL        reg
  -------         DO            
  D:0007H         SYMBOL        reg_val
  -------         ENDDO         
  C:31E1H         LINE#         159
  C:31E1H         LINE#         162
  C:31E3H         LINE#         163
  C:31E6H         LINE#         164
  C:31EBH         LINE#         165
  C:31EDH         LINE#         167
  C:31EDH         LINE#         168
  -------         ENDPROC       _SPI_READ
  -------         PROC          _SPI_READ_BUF
  D:0007H         SYMBOL        reg
  D:0023H         SYMBOL        pBuf
  D:0026H         SYMBOL        bytes
  -------         DO            
  D:0006H         SYMBOL        status
  D:0005H         SYMBOL        byte_ctr
  -------         ENDDO         
  C:2D0DH         LINE#         177
  C:2D13H         LINE#         180
  C:2D15H         LINE#         181
BL51 BANKED LINKER/LOCATER V6.22                                                      05/10/2017  20:31:48  PAGE 14


  C:2D1AH         LINE#         183
  C:2D22H         LINE#         184
  C:2D39H         LINE#         186
  C:2D3BH         LINE#         188
  C:2D3DH         LINE#         189
  -------         ENDPROC       _SPI_READ_BUF
  -------         PROC          _SPI_WRITE_BUF
  D:0007H         SYMBOL        reg
  D:0031H         SYMBOL        pBuf
  D:0034H         SYMBOL        bytes
  -------         DO            
  D:0006H         SYMBOL        status
  D:0005H         SYMBOL        byte_ctr
  -------         ENDDO         
  C:2CA9H         LINE#         199
  C:2CAFH         LINE#         202
  C:2CB1H         LINE#         203
  C:2CB6H         LINE#         204
  C:2CBEH         LINE#         205
  C:2CD6H         LINE#         206
  C:2CD8H         LINE#         207
  C:2CDAH         LINE#         208
  -------         ENDPROC       _SPI_WRITE_BUF
  -------         PROC          RX_MODE
  C:3122H         LINE#         213
  C:3122H         LINE#         214
  C:3125H         LINE#         215
  C:3127H         LINE#         216
  C:3129H         LINE#         217
  C:3130H         LINE#         218
  C:3132H         LINE#         219
  -------         ENDPROC       RX_MODE
  -------         PROC          _TX_MODE_NOACK
  D:002CH         SYMBOL        payloadLength
  C:2CDBH         LINE#         227
  C:2CDFH         LINE#         228
  C:2CE1H         LINE#         229
  C:2CE8H         LINE#         230
  C:2CF6H         LINE#         231
  C:2D04H         LINE#         233
  C:2D06H         LINE#         234
  C:2D0CH         LINE#         235
  -------         ENDPROC       _TX_MODE_NOACK
  -------         PROC          RF_IRQ
  C:2547H         LINE#         242
  C:2560H         LINE#         244
  C:2567H         LINE#         245
  C:256AH         LINE#         246
  C:2578H         LINE#         247
  C:257FH         LINE#         248
  C:2581H         LINE#         249
  C:258BH         LINE#         250
  C:2590H         LINE#         251
  C:2592H         LINE#         252
  C:2598H         LINE#         253
  C:259AH         LINE#         254
  C:259AH         LINE#         255
BL51 BANKED LINKER/LOCATER V6.22                                                      05/10/2017  20:31:48  PAGE 15


  C:259AH         LINE#         256
  C:259DH         LINE#         257
  C:25A4H         LINE#         258
  C:25A7H         LINE#         259
  C:25AEH         LINE#         260
  C:25B5H         LINE#         261
  -------         ENDPROC       RF_IRQ
  -------         PROC          _RF_INIT
  D:0027H         SYMBOL        rx_addr
  D:002AH         SYMBOL        tx_addr
  D:002DH         SYMBOL        rf_channel
  D:002EH         SYMBOL        rf_data_rate
  D:002FH         SYMBOL        rf_pwr
  -------         DO            
  D:0004H         SYMBOL        rf_setup_byte
  -------         ENDDO         
  C:22ECH         LINE#         271
  C:22F2H         LINE#         272
  C:22F4H         LINE#         273
  C:22F6H         LINE#         274
  C:22F8H         LINE#         275
  C:22FAH         LINE#         276
  C:22FCH         LINE#         277
  C:22FEH         LINE#         279
  C:230DH         LINE#         280
  C:230DH         LINE#         281
  C:2310H         LINE#         282
  C:2312H         LINE#         283
  C:2312H         LINE#         284
  C:2315H         LINE#         285
  C:2318H         LINE#         286
  C:231AH         LINE#         287
  C:231AH         LINE#         288
  C:231DH         LINE#         289
  C:231DH         LINE#         290
  C:231FH         LINE#         291
  C:231FH         LINE#         292
  C:2322H         LINE#         293
  C:2322H         LINE#         294
  C:2322H         LINE#         295
  C:232CH         LINE#         296
  C:232CH         LINE#         297
  C:232FH         LINE#         298
  C:2332H         LINE#         299
  C:2334H         LINE#         300
  C:2334H         LINE#         301
  C:2337H         LINE#         302
  C:2339H         LINE#         303
  C:2339H         LINE#         304
  C:233CH         LINE#         305
  C:233FH         LINE#         306
  C:233FH         LINE#         307
  C:233FH         LINE#         309
  C:234DH         LINE#         311
  C:235BH         LINE#         313
  C:2362H         LINE#         315
  C:2369H         LINE#         317
BL51 BANKED LINKER/LOCATER V6.22                                                      05/10/2017  20:31:48  PAGE 16


  C:2370H         LINE#         319
  C:2377H         LINE#         321
  C:237EH         LINE#         323
  C:2385H         LINE#         325
  C:238CH         LINE#         327
  C:238EH         LINE#         328
  -------         ENDPROC       _RF_INIT
  -------         PROC          _SEND_INERTIAL_PACKET_BY_RF
  D:0007H         SYMBOL        pkt_type
  D:0028H         SYMBOL        fifo_buffer
  D:002BH         SYMBOL        my_sub_addr
  C:11DCH         LINE#         125
  C:11E2H         LINE#         126
  C:11E8H         LINE#         127
  C:1215H         LINE#         128
  C:1215H         LINE#         129
  C:1225H         LINE#         130
  C:122FH         LINE#         131
  C:1239H         LINE#         132
  C:1243H         LINE#         133
  C:124DH         LINE#         134
  C:1250H         LINE#         135
  C:1250H         LINE#         136
  C:1252H         LINE#         137
  C:1252H         LINE#         138
  C:1262H         LINE#         139
  C:126CH         LINE#         140
  C:1276H         LINE#         141
  C:1280H         LINE#         142
  C:128AH         LINE#         143
  C:1293H         LINE#         144
  C:1293H         LINE#         145
  C:1295H         LINE#         146
  C:1295H         LINE#         148
  C:12A2H         LINE#         149
  C:12A4H         LINE#         150
  C:12A6H         LINE#         151
  C:12A8H         LINE#         152
  C:12AAH         LINE#         153
  C:12ACH         LINE#         154
  C:12AEH         LINE#         155
  C:12B1H         LINE#         156
  C:12B1H         LINE#         157
  C:12C1H         LINE#         158
  C:12CBH         LINE#         159
  C:12D5H         LINE#         160
  C:12DFH         LINE#         161
  C:12E9H         LINE#         162
  C:12F3H         LINE#         163
  C:12FDH         LINE#         164
  C:1307H         LINE#         165
  C:1311H         LINE#         166
  C:131BH         LINE#         167
  C:1325H         LINE#         168
  C:132FH         LINE#         169
  C:1331H         LINE#         170
  C:1334H         LINE#         171
BL51 BANKED LINKER/LOCATER V6.22                                                      05/10/2017  20:31:48  PAGE 17


  C:1334H         LINE#         172
  C:1344H         LINE#         173
  C:134EH         LINE#         174
  C:1358H         LINE#         175
  C:1362H         LINE#         176
  C:136CH         LINE#         177
  C:1376H         LINE#         178
  C:1380H         LINE#         179
  C:138AH         LINE#         180
  C:1394H         LINE#         181
  C:139EH         LINE#         182
  C:13A8H         LINE#         183
  C:13B2H         LINE#         185
  C:13B9H         LINE#         186
  C:13BBH         LINE#         187
  C:13BDH         LINE#         188
  C:13BFH         LINE#         189
  C:13C1H         LINE#         190
  C:13C3H         LINE#         191
  C:13C5H         LINE#         192
  C:13C8H         LINE#         193
  C:13C8H         LINE#         194
  C:13D5H         LINE#         195
  C:13DFH         LINE#         196
  C:13E9H         LINE#         197
  C:13F3H         LINE#         198
  C:13FDH         LINE#         199
  C:1407H         LINE#         200
  C:1411H         LINE#         201
  C:141BH         LINE#         202
  C:141DH         LINE#         203
  C:1420H         LINE#         204
  C:1420H         LINE#         205
  C:1430H         LINE#         206
  C:143AH         LINE#         207
  C:1444H         LINE#         208
  C:144EH         LINE#         209
  C:1458H         LINE#         210
  C:1462H         LINE#         211
  C:146CH         LINE#         212
  C:1476H         LINE#         213
  C:1480H         LINE#         214
  C:148AH         LINE#         215
  C:1494H         LINE#         216
  C:149EH         LINE#         217
  C:14A5H         LINE#         218
  C:14AFH         LINE#         219
  C:14B9H         LINE#         220
  C:14C3H         LINE#         221
  C:14CDH         LINE#         222
  C:14D7H         LINE#         223
  C:14E1H         LINE#         224
  C:14EBH         LINE#         225
  C:14F2H         LINE#         226
  C:14F2H         LINE#         227
  C:14F2H         LINE#         229
  C:14F2H         LINE#         230
BL51 BANKED LINKER/LOCATER V6.22                                                      05/10/2017  20:31:48  PAGE 18


  C:14F2H         LINE#         231
  -------         ENDPROC       _SEND_INERTIAL_PACKET_BY_RF
  -------         PROC          _SEND_RF_COMMAND
  D:0007H         SYMBOL        cmd2send
  D:0005H         SYMBOL        sensor_id
  C:30ECH         LINE#         234
  C:30ECH         LINE#         235
  C:30F1H         LINE#         236
  C:30F4H         LINE#         237
  C:30FBH         LINE#         238
  -------         ENDPROC       _SEND_RF_COMMAND
  -------         PROC          _SEND_RF_COMMAND_WITH_ARG
  D:0007H         SYMBOL        cmd2send
  D:0005H         SYMBOL        agr2send
  D:0003H         SYMBOL        sensor_id
  C:2FF1H         LINE#         241
  C:2FF1H         LINE#         242
  C:2FF6H         LINE#         243
  C:2FF9H         LINE#         244
  C:2FFCH         LINE#         245
  C:3003H         LINE#         246
  -------         ENDPROC       _SEND_RF_COMMAND_WITH_ARG
  -------         PROC          _SEND_OFFSET_VALUES
  D:0007H         SYMBOL        sensor_id
  D:0005H         SYMBOL        cmd2send
  D:0002H         SYMBOL        Xac_of
  D:000CH         SYMBOL        Yac_of
  D:000EH         SYMBOL        Zac_of
  D:0010H         SYMBOL        Xgy_of
  D:0012H         SYMBOL        Ygy_of
  D:0014H         SYMBOL        Zgy_of
  C:242DH         LINE#         248
  C:242DH         LINE#         249
  C:2432H         LINE#         250
  C:2435H         LINE#         251
  C:243AH         LINE#         252
  C:2448H         LINE#         253
  C:244EH         LINE#         254
  C:245DH         LINE#         255
  C:2463H         LINE#         256
  C:2472H         LINE#         257
  C:2478H         LINE#         258
  C:2487H         LINE#         259
  C:248DH         LINE#         260
  C:249CH         LINE#         261
  C:24A2H         LINE#         262
  C:24B1H         LINE#         263
  C:24B8H         LINE#         264
  -------         ENDPROC       _SEND_OFFSET_VALUES
  -------         PROC          _SEND_PACKET_TO_HOST
  D:0007H         SYMBOL        packet_type
  D:0053H         SYMBOL        data_to_send
  D:0056H         SYMBOL        data_len
  D:0057H         SYMBOL        my_sub_addr
  -------         DO            
  D:0006H         SYMBOL        i
  -------         ENDDO         
BL51 BANKED LINKER/LOCATER V6.22                                                      05/10/2017  20:31:48  PAGE 19


  C:28C4H         LINE#         269
  C:28CAH         LINE#         271
  C:28CFH         LINE#         272
  C:28D3H         LINE#         273
  C:28E6H         LINE#         274
  C:2906H         LINE#         275
  C:290DH         LINE#         276
  C:2918H         LINE#         277
  -------         ENDPROC       _SEND_PACKET_TO_HOST
  -------         PROC          _SEND_PACKET_TO_COMPUTER
  D:003DH         SYMBOL        packet_type
  D:003EH         SYMBOL        data_to_send
  D:0041H         SYMBOL        data_len
  -------         DO            
  D:0042H         SYMBOL        i
  -------         ENDDO         
  C:291BH         LINE#         282
  C:2923H         LINE#         284
  C:2928H         LINE#         285
  C:292DH         LINE#         286
  C:2932H         LINE#         287
  C:2949H         LINE#         288
  C:295CH         LINE#         289
  C:2966H         LINE#         290
  -------         ENDPROC       _SEND_PACKET_TO_COMPUTER
  -------         PROC          _REDIRECT_RF_PKT_TO_SERIAL
  D:0058H         SYMBOL        data_to_send
  D:005BH         SYMBOL        data_len
  -------         DO            
  D:005CH         SYMBOL        i
  -------         ENDDO         
  C:2B31H         LINE#         293
  C:2B39H         LINE#         295
  C:2B3EH         LINE#         296
  C:2B43H         LINE#         297
  C:2B53H         LINE#         298
  C:2B66H         LINE#         299
  C:2B70H         LINE#         300
  -------         ENDPROC       _REDIRECT_RF_PKT_TO_SERIAL
  -------         PROC          _SEND_PACKET_FROM_HOST_TO_COMPUTER
  D:0016H         SYMBOL        packet_type
  D:0017H         SYMBOL        data_to_send
  D:001AH         SYMBOL        data_len
  D:001BH         SYMBOL        my_sub_addr
  -------         DO            
  D:001CH         SYMBOL        i
  -------         ENDDO         
  C:296BH         LINE#         303
  C:2973H         LINE#         305
  C:2978H         LINE#         306
  C:297DH         LINE#         307
  C:2984H         LINE#         308
  C:2989H         LINE#         309
  C:2999H         LINE#         310
  C:29ACH         LINE#         311
  C:29B6H         LINE#         312
  -------         ENDPROC       _SEND_PACKET_FROM_HOST_TO_COMPUTER
BL51 BANKED LINKER/LOCATER V6.22                                                      05/10/2017  20:31:48  PAGE 20


  -------         PROC          _HAL_UART_PUTSTRING
  D:0070H         SYMBOL        str_2_send
  C:0026H         LINE#         315
  C:002CH         LINE#         316
  C:0037H         LINE#         317
  C:004AH         LINE#         318
  -------         ENDPROC       _HAL_UART_PUTSTRING
  -------         PROC          MPU_8051_MALLOC_SETUP
  C:321EH         LINE#         312
  C:321EH         LINE#         313
  -------         ENDPROC       MPU_8051_MALLOC_SETUP
  -------         PROC          _SETCLOCKSOURCE
  D:0007H         SYMBOL        source
  C:3155H         LINE#         332
  C:3155H         LINE#         333
  -------         ENDPROC       _SETCLOCKSOURCE
  -------         PROC          _SETFULLSCALEGYRORANGE
  D:0007H         SYMBOL        range
  C:3163H         LINE#         341
  C:3163H         LINE#         342
  -------         ENDPROC       _SETFULLSCALEGYRORANGE
  -------         PROC          _SETFULLSCALEACCELRANGE
  D:0007H         SYMBOL        range
  C:3171H         LINE#         349
  C:3171H         LINE#         350
  -------         ENDPROC       _SETFULLSCALEACCELRANGE
  -------         PROC          _SETSLEEPENABLED
  D:0007H         SYMBOL        enabled
  C:3229H         LINE#         358
  C:3229H         LINE#         359
  -------         ENDPROC       _SETSLEEPENABLED
  -------         PROC          MPU_INITIALIZE
  C:3006H         LINE#         366
  C:3006H         LINE#         367
  C:300BH         LINE#         368
  C:3010H         LINE#         369
  C:3015H         LINE#         370
  -------         ENDPROC       MPU_INITIALIZE
  -------         PROC          MPU_TESTCONNECTION
  C:2DDCH         LINE#         378
  C:2DDCH         LINE#         379
  C:2DF1H         LINE#         380
  C:2DFEH         LINE#         381
  -------         ENDPROC       MPU_TESTCONNECTION
  -------         PROC          _GETMOTION6_PACKET
  X:0357H         SYMBOL        packet6
  C:2098H         LINE#         388
  C:20A0H         LINE#         389
  C:20B2H         LINE#         390
  C:20C5H         LINE#         391
  C:20CFH         LINE#         392
  C:20DAH         LINE#         393
  C:20E6H         LINE#         394
  C:20F6H         LINE#         395
  C:2106H         LINE#         396
  C:2116H         LINE#         397
  C:2126H         LINE#         398
BL51 BANKED LINKER/LOCATER V6.22                                                      05/10/2017  20:31:48  PAGE 21


  C:2136H         LINE#         399
  C:2146H         LINE#         400
  C:2156H         LINE#         401
  C:2166H         LINE#         402
  -------         ENDPROC       _GETMOTION6_PACKET
  -------         PROC          _SETXACCELOFFSET
  D:0006H         SYMBOL        offset
  C:3234H         LINE#         407
  C:3234H         LINE#         408
  -------         ENDPROC       _SETXACCELOFFSET
  -------         PROC          _SETYACCELOFFSET
  D:0006H         SYMBOL        offset
  C:323FH         LINE#         410
  C:323FH         LINE#         411
  -------         ENDPROC       _SETYACCELOFFSET
  -------         PROC          _SETZACCELOFFSET
  D:0006H         SYMBOL        offset
  C:324AH         LINE#         413
  C:324AH         LINE#         414
  -------         ENDPROC       _SETZACCELOFFSET
  -------         PROC          _SETXGYROOFFSET
  D:0006H         SYMBOL        offset
  C:3255H         LINE#         416
  C:3255H         LINE#         417
  -------         ENDPROC       _SETXGYROOFFSET
  -------         PROC          _SETYGYROOFFSET
  D:0006H         SYMBOL        offset
  C:3260H         LINE#         419
  C:3260H         LINE#         420
  -------         ENDPROC       _SETYGYROOFFSET
  -------         PROC          _SETZGYROOFFSET
  D:0006H         SYMBOL        offset
  C:326BH         LINE#         422
  C:326BH         LINE#         423
  -------         ENDPROC       _SETZGYROOFFSET
  -------         PROC          GETXACCELOFFSET
  C:2E43H         LINE#         425
  C:2E43H         LINE#         426
  C:2E55H         LINE#         427
  C:2E5FH         LINE#         428
  -------         ENDPROC       GETXACCELOFFSET
  -------         PROC          GETYACCELOFFSET
  C:2E60H         LINE#         429
  C:2E60H         LINE#         430
  C:2E72H         LINE#         431
  C:2E7CH         LINE#         432
  -------         ENDPROC       GETYACCELOFFSET
  -------         PROC          GETZACCELOFFSET
  C:2E7DH         LINE#         433
  C:2E7DH         LINE#         434
  C:2E8FH         LINE#         435
  C:2E99H         LINE#         436
  -------         ENDPROC       GETZACCELOFFSET
  -------         PROC          GETXGYROOFFSET
  C:2E9AH         LINE#         437
  C:2E9AH         LINE#         438
  C:2EACH         LINE#         439
BL51 BANKED LINKER/LOCATER V6.22                                                      05/10/2017  20:31:48  PAGE 22


  C:2EB6H         LINE#         440
  -------         ENDPROC       GETXGYROOFFSET
  -------         PROC          GETYGYROOFFSET
  C:2EB7H         LINE#         441
  C:2EB7H         LINE#         442
  C:2EC9H         LINE#         443
  C:2ED3H         LINE#         444
  -------         ENDPROC       GETYGYROOFFSET
  -------         PROC          GETZGYROOFFSET
  C:2ED4H         LINE#         445
  C:2ED4H         LINE#         446
  C:2EE6H         LINE#         447
  C:2EF0H         LINE#         448
  -------         ENDPROC       GETZGYROOFFSET
  C:2DFFH         SYMBOL        L?0300
  C:2E02H         SYMBOL        L?0301
  -------         PROC          L?0299
  -------         ENDPROC       L?0299
  C:2DFFH         SYMBOL        L?0300
  C:2E02H         SYMBOL        L?0301
  -------         PROC          _SETMEMORYBANK
  D:0007H         SYMBOL        bank
  D:0005H         SYMBOL        prefetchEnabled
  D:0003H         SYMBOL        userBank
  C:2E07H         LINE#         450
  C:2E07H         LINE#         451
  C:2E0BH         LINE#         452
  C:2E12H         LINE#         453
  C:2E19H         LINE#         454
  -------         ENDPROC       _SETMEMORYBANK
  -------         PROC          GETFIFOCOUNT
  C:2EF1H         LINE#         462
  C:2EF1H         LINE#         463
  C:2F03H         LINE#         464
  C:2F0DH         LINE#         465
  -------         ENDPROC       GETFIFOCOUNT
  -------         PROC          GETINTSTATUS
  C:3041H         LINE#         467
  C:3041H         LINE#         468
  C:304EH         LINE#         469
  C:3053H         LINE#         470
  -------         ENDPROC       GETINTSTATUS
  -------         PROC          _SETDMPENABLED
  D:0007H         SYMBOL        enabled
  C:3276H         LINE#         472
  C:3276H         LINE#         473
  -------         ENDPROC       _SETDMPENABLED
  -------         PROC          RESETFIFO
  C:31EEH         LINE#         480
  C:31EEH         LINE#         481
  -------         ENDPROC       RESETFIFO
  -------         PROC          DMPGETFIFOPACKETSIZE
  C:3316H         LINE#         484
  C:3316H         LINE#         485
  C:331EH         LINE#         486
  -------         ENDPROC       DMPGETFIFOPACKETSIZE
  -------         PROC          L?0302
BL51 BANKED LINKER/LOCATER V6.22                                                      05/10/2017  20:31:48  PAGE 23


  -------         ENDPROC       L?0302
  -------         PROC          _GETFIFOBYTES
  X:030FH         SYMBOL        data_ptr
  D:0005H         SYMBOL        data_len
  C:2A62H         LINE#         488
  C:2A6DH         LINE#         489
  C:2A73H         LINE#         490
  C:2A92H         LINE#         491
  C:2A92H         LINE#         492
  C:2AA1H         LINE#         493
  C:2AA1H         LINE#         494
  -------         ENDPROC       _GETFIFOBYTES
  C:317FH         SYMBOL        L?0304
  -------         PROC          L?0303
  -------         ENDPROC       L?0303
  C:317FH         SYMBOL        L?0304
  -------         PROC          _SETMEMORYSTARTADDRESS
  D:0007H         SYMBOL        address
  C:3184H         LINE#         496
  C:3184H         LINE#         497
  -------         ENDPROC       _SETMEMORYSTARTADDRESS
  C:1A62H         SYMBOL        L?0298
  -------         PROC          L?0297
  -------         ENDPROC       L?0297
  C:1A62H         SYMBOL        L?0298
  -------         PROC          _WRITEMEMORYBLOCK
  X:031FH         SYMBOL        data_ptr
  X:0322H         SYMBOL        dataSize
  X:0324H         SYMBOL        bank
  X:0325H         SYMBOL        address
  X:0326H         SYMBOL        verify
  X:0327H         SYMBOL        useProgMem
  -------         DO            
  X:0328H         SYMBOL        chunkSize_wmb
  X:0329H         SYMBOL        verifyBuffer_wmb
  X:032CH         SYMBOL        progBuffer_wmb
  X:032FH         SYMBOL        i_wmb
  D:0007H         SYMBOL        j_wmb
  -------         ENDDO         
  C:1A85H         LINE#         501
  C:1A96H         LINE#         505
  C:1A9FH         LINE#         508
  C:1AA2H         LINE#         509
  C:1AA5H         LINE#         510
  C:1AC2H         LINE#         511
  C:1ADFH         LINE#         512
  C:1AFFH         LINE#         514
  C:1B05H         LINE#         517
  C:1B27H         LINE#         520
  C:1B44H         LINE#         522
  C:1B4AH         LINE#         524
  C:1B92H         LINE#         525
  C:1B92H         LINE#         527
  C:1BB6H         LINE#         528
  C:1BB6H         LINE#         530
  C:1BD2H         LINE#         533
  C:1BEBH         LINE#         534
BL51 BANKED LINKER/LOCATER V6.22                                                      05/10/2017  20:31:48  PAGE 24


  C:1BEEH         LINE#         535
  C:1BF1H         LINE#         536
  C:1C0DH         LINE#         537
  C:1C34H         LINE#         538
  C:1C42H         LINE#         539
  C:1C56H         LINE#         540
  C:1C59H         LINE#         541
  C:1C59H         LINE#         542
  C:1C59H         LINE#         545
  C:1C6CH         LINE#         548
  C:1C72H         LINE#         551
  C:1C8AH         LINE#         552
  C:1C96H         LINE#         553
  C:1C99H         LINE#         554
  C:1C9CH         LINE#         555
  C:1C9CH         LINE#         556
  C:1C9FH         LINE#         557
  C:1CB3H         LINE#         558
  C:1CC7H         LINE#         559
  C:1CC9H         LINE#         560
  -------         ENDPROC       _WRITEMEMORYBLOCK
  -------         PROC          _WRITEDMPCONFIGURATIONSET
  X:030FH         SYMBOL        data_ptr
  X:0312H         SYMBOL        dataSize
  X:0314H         SYMBOL        useProgMem
  -------         DO            
  X:0315H         SYMBOL        progBuffer_wdcs
  X:0318H         SYMBOL        success_wdcs
  X:0319H         SYMBOL        special_wdcs
  X:031AH         SYMBOL        i_wdcs
  D:0006H         SYMBOL        j_wdcs
  X:031CH         SYMBOL        bank_wdcs
  X:031DH         SYMBOL        offset_wdcs
  X:031EH         SYMBOL        length_wdcs
  -------         ENDDO         
  C:17CBH         LINE#         563
  C:17DCH         LINE#         564
  C:17E5H         LINE#         568
  C:17EBH         LINE#         569
  C:1802H         LINE#         570
  C:1802H         LINE#         575
  C:1821H         LINE#         576
  C:182BH         LINE#         577
  C:184CH         LINE#         578
  C:1870H         LINE#         579
  C:1890H         LINE#         580
  C:1892H         LINE#         581
  C:18B0H         LINE#         582
  C:18C6H         LINE#         583
  C:18DCH         LINE#         584
  C:18DCH         LINE#         587
  C:18E9H         LINE#         589
  C:18ECH         LINE#         590
  C:1916H         LINE#         591
  C:1963H         LINE#         592
  C:1963H         LINE#         593
  C:1987H         LINE#         594
BL51 BANKED LINKER/LOCATER V6.22                                                      05/10/2017  20:31:48  PAGE 25


  C:1987H         LINE#         595
  C:19B8H         LINE#         596
  C:19CAH         LINE#         597
  C:19CCH         LINE#         603
  C:19D5H         LINE#         604
  C:19F2H         LINE#         605
  C:19F4H         LINE#         606
  C:1A12H         LINE#         607
  C:1A12H         LINE#         611
  C:1A19H         LINE#         617
  C:1A22H         LINE#         619
  C:1A28H         LINE#         620
  C:1A2AH         LINE#         622
  C:1A2FH         LINE#         623
  C:1A2FH         LINE#         624
  C:1A2FH         LINE#         626
  C:1A38H         LINE#         627
  C:1A4AH         LINE#         628
  C:1A4DH         LINE#         629
  C:1A4DH         LINE#         630
  C:1A4DH         LINE#         631
  C:1A5FH         LINE#         632
  C:1A61H         LINE#         633
  -------         ENDPROC       _WRITEDMPCONFIGURATIONSET
  -------         PROC          _READMEMORYBLOCK
  X:030FH         SYMBOL        data_ptr
  X:0312H         SYMBOL        dataSize
  X:0314H         SYMBOL        bank
  X:0315H         SYMBOL        address
  -------         DO            
  X:0316H         SYMBOL        chunkSize_rmb
  X:0317H         SYMBOL        i_rmb
  -------         ENDDO         
  C:1DCEH         LINE#         635
  C:1DDFH         LINE#         638
  C:1DE3H         LINE#         639
  C:1DEBH         LINE#         640
  C:1E0BH         LINE#         642
  C:1E11H         LINE#         645
  C:1E31H         LINE#         648
  C:1E4CH         LINE#         651
  C:1E76H         LINE#         654
  C:1E89H         LINE#         657
  C:1E8FH         LINE#         660
  C:1EA7H         LINE#         661
  C:1EB3H         LINE#         662
  C:1EB9H         LINE#         663
  C:1EC1H         LINE#         664
  C:1EC1H         LINE#         665
  C:1EC4H         LINE#         666
  -------         ENDPROC       _READMEMORYBLOCK
  -------         PROC          _WRITEPROGDMPCONFIGURATIONSET
  D:0001H         SYMBOL        data_ptr
  D:0004H         SYMBOL        dataSize
  C:32EEH         LINE#         668
  C:32EEH         LINE#         669
  C:32F7H         LINE#         670
BL51 BANKED LINKER/LOCATER V6.22                                                      05/10/2017  20:31:48  PAGE 26


  -------         ENDPROC       _WRITEPROGDMPCONFIGURATIONSET
  -------         PROC          _WRITEPROGMEMORYBLOCK
  D:0001H         SYMBOL        data_ptr
  D:0004H         SYMBOL        dataSize
  X:0314H         SYMBOL        bank
  X:0315H         SYMBOL        address
  X:0316H         SYMBOL        verify
  C:0003H         LINE#         672
  C:0003H         LINE#         673
  C:0022H         LINE#         674
  -------         ENDPROC       _WRITEPROGMEMORYBLOCK
  -------         PROC          I2C_MPU_RESET
  C:31FAH         LINE#         680
  C:31FAH         LINE#         681
  -------         ENDPROC       I2C_MPU_RESET
  -------         PROC          _SETSLAVEADDRESS
  D:0007H         SYMBOL        num
  D:0006H         SYMBOL        address
  C:2F5FH         LINE#         690
  C:2F61H         LINE#         691
  C:2F67H         LINE#         692
  C:2F78H         LINE#         693
  -------         ENDPROC       _SETSLAVEADDRESS
  -------         PROC          _SETI2CMASTERMODEENABLED
  D:0007H         SYMBOL        enabled
  C:3281H         LINE#         700
  C:3281H         LINE#         701
  -------         ENDPROC       _SETI2CMASTERMODEENABLED
  -------         PROC          RESETI2CMASTER
  C:3206H         LINE#         708
  C:3206H         LINE#         709
  -------         ENDPROC       RESETI2CMASTER
  -------         PROC          _SETINTENABLED
  D:0007H         SYMBOL        enabled
  C:331FH         LINE#         712
  C:331FH         LINE#         713
  -------         ENDPROC       _SETINTENABLED
  -------         PROC          _SETRATE
  D:0007H         SYMBOL        rate
  C:3328H         LINE#         721
  C:3328H         LINE#         722
  -------         ENDPROC       _SETRATE
  -------         PROC          _SETEXTERNALFRAMESYNC
  D:0007H         SYMBOL        sync_ext
  C:318DH         LINE#         730
  C:318DH         LINE#         731
  -------         ENDPROC       _SETEXTERNALFRAMESYNC
  -------         PROC          _SETDLPFMODE
  D:0007H         SYMBOL        mode
  C:319BH         LINE#         739
  C:319BH         LINE#         740
  -------         ENDPROC       _SETDLPFMODE
  -------         PROC          GETDMPCONFIG1
  C:3054H         LINE#         746
  C:3054H         LINE#         747
  C:3061H         LINE#         748
  C:3066H         LINE#         749
BL51 BANKED LINKER/LOCATER V6.22                                                      05/10/2017  20:31:48  PAGE 27


  -------         ENDPROC       GETDMPCONFIG1
  -------         PROC          _SETDMPCONFIG1
  D:0007H         SYMBOL        config
  C:3331H         LINE#         750
  C:3331H         LINE#         751
  -------         ENDPROC       _SETDMPCONFIG1
  -------         PROC          GETDMPCONFIG2
  C:3067H         LINE#         757
  C:3067H         LINE#         758
  C:3074H         LINE#         759
  C:3079H         LINE#         760
  -------         ENDPROC       GETDMPCONFIG2
  -------         PROC          _SETDMPCONFIG2
  D:0007H         SYMBOL        config
  C:333AH         LINE#         761
  C:333AH         LINE#         762
  -------         ENDPROC       _SETDMPCONFIG2
  -------         PROC          GETOTPBANKVALID
  C:2FC4H         LINE#         765
  C:2FC4H         LINE#         766
  C:2FD5H         LINE#         767
  C:2FDAH         LINE#         768
  -------         ENDPROC       GETOTPBANKVALID
  -------         PROC          _SETOTPBANKVALID
  D:0007H         SYMBOL        enabled
  C:32F8H         LINE#         769
  C:32F8H         LINE#         770
  -------         ENDPROC       _SETOTPBANKVALID
  -------         PROC          GETXGYROOFFSETTC
  C:2F0EH         LINE#         776
  C:2F0EH         LINE#         777
  C:2F23H         LINE#         778
  C:2F28H         LINE#         779
  -------         ENDPROC       GETXGYROOFFSETTC
  -------         PROC          _SETXGYROOFFSETTC
  D:0007H         SYMBOL        offset
  C:31A9H         LINE#         780
  C:31A9H         LINE#         781
  -------         ENDPROC       _SETXGYROOFFSETTC
  -------         PROC          GETYGYROOFFSETTC
  C:2F29H         LINE#         787
  C:2F29H         LINE#         788
  C:2F3EH         LINE#         789
  C:2F43H         LINE#         790
  -------         ENDPROC       GETYGYROOFFSETTC
  -------         PROC          _SETYGYROOFFSETTC
  D:0007H         SYMBOL        offset
  C:31B7H         LINE#         791
  C:31B7H         LINE#         792
  -------         ENDPROC       _SETYGYROOFFSETTC
  -------         PROC          GETZGYROOFFSETTC
  C:2F44H         LINE#         798
  C:2F44H         LINE#         799
  C:2F59H         LINE#         800
  C:2F5EH         LINE#         801
  -------         ENDPROC       GETZGYROOFFSETTC
  -------         PROC          _SETZGYROOFFSETTC
BL51 BANKED LINKER/LOCATER V6.22                                                      05/10/2017  20:31:48  PAGE 28


  D:0007H         SYMBOL        offset
  C:31C5H         LINE#         802
  C:31C5H         LINE#         803
  -------         ENDPROC       _SETZGYROOFFSETTC
  -------         PROC          GETMOTIONDETECTIONTHRESHOLD
  C:307AH         LINE#         813
  C:307AH         LINE#         814
  C:3087H         LINE#         815
  C:308CH         LINE#         816
  -------         ENDPROC       GETMOTIONDETECTIONTHRESHOLD
  -------         PROC          _SETMOTIONDETECTIONTHRESHOLD
  D:0007H         SYMBOL        threshold
  C:3343H         LINE#         823
  C:3343H         LINE#         824
  -------         ENDPROC       _SETMOTIONDETECTIONTHRESHOLD
  -------         PROC          GETZEROMOTIONDETECTIONTHRESHOLD
  C:308DH         LINE#         835
  C:308DH         LINE#         836
  C:309AH         LINE#         837
  C:309FH         LINE#         838
  -------         ENDPROC       GETZEROMOTIONDETECTIONTHRESHOLD
  -------         PROC          _SETZEROMOTIONDETECTIONTHRESHOLD
  D:0007H         SYMBOL        threshold
  C:334CH         LINE#         845
  C:334CH         LINE#         846
  -------         ENDPROC       _SETZEROMOTIONDETECTIONTHRESHOLD
  -------         PROC          GETMOTIONDETECTIONDURATION
  C:30A0H         LINE#         855
  C:30A0H         LINE#         856
  C:30ADH         LINE#         857
  C:30B2H         LINE#         858
  -------         ENDPROC       GETMOTIONDETECTIONDURATION
  -------         PROC          _SETMOTIONDETECTIONDURATION
  D:0007H         SYMBOL        duration
  C:3355H         LINE#         865
  C:3355H         LINE#         866
  -------         ENDPROC       _SETMOTIONDETECTIONDURATION
  -------         PROC          GETZEROMOTIONDETECTIONDURATION
  C:30B3H         LINE#         875
  C:30B3H         LINE#         876
  C:30C0H         LINE#         877
  C:30C5H         LINE#         878
  -------         ENDPROC       GETZEROMOTIONDETECTIONDURATION
  -------         PROC          _SETZEROMOTIONDETECTIONDURATION
  D:0007H         SYMBOL        duration
  C:335EH         LINE#         885
  C:335EH         LINE#         886
  -------         ENDPROC       _SETZEROMOTIONDETECTIONDURATION
  -------         PROC          GETFIFOENABLED
  C:2FACH         LINE#         894
  C:2FACH         LINE#         895
  C:2FBEH         LINE#         896
  C:2FC3H         LINE#         897
  -------         ENDPROC       GETFIFOENABLED
  -------         PROC          _SETFIFOENABLED
  D:0007H         SYMBOL        enabled
  C:328CH         LINE#         904
BL51 BANKED LINKER/LOCATER V6.22                                                      05/10/2017  20:31:48  PAGE 29


  C:328CH         LINE#         905
  -------         ENDPROC       _SETFIFOENABLED
  -------         PROC          RESETDMP
  C:3212H         LINE#         908
  C:3212H         LINE#         909
  -------         ENDPROC       RESETDMP
  -------         PROC          DMPINITIALIZE
  -------         DO            
  X:0274H         SYMBOL        xgOffsetTC
  X:0275H         SYMBOL        ygOffsetTC
  X:0276H         SYMBOL        zgOffsetTC
  X:0277H         SYMBOL        dmpUpdate
  X:0287H         SYMBOL        j
  X:0288H         SYMBOL        pos
  X:028AH         SYMBOL        fifoCount
  X:028CH         SYMBOL        fifoBuffer
  X:030CH         SYMBOL        b
  X:030DH         SYMBOL        data_to_write
  X:030EH         SYMBOL        mask
  -------         ENDDO         
  C:08D3H         LINE#         912
  C:08D3H         LINE#         915
  C:08DAH         LINE#         925
  C:08DDH         LINE#         926
  C:08E4H         LINE#         937
  C:08E9H         LINE#         941
  C:08F2H         LINE#         944
  C:08F7H         LINE#         950
  C:08FEH         LINE#         960
  C:0906H         LINE#         961
  C:090EH         LINE#         962
  C:0916H         LINE#         973
  C:091DH         LINE#         976
  C:0922H         LINE#         978
  C:0929H         LINE#         980
  C:092CH         LINE#         981
  C:0933H         LINE#         989
  C:0950H         LINE#         997
  C:0963H         LINE#         1002
  C:0968H         LINE#         1006
  C:096DH         LINE#         1010
  C:0972H         LINE#         1018
  C:0978H         LINE#         1021
  C:0984H         LINE#         1023
  C:0984H         LINE#         1025
  C:0984H         LINE#         1028
  C:098AH         LINE#         1029
  C:0994H         LINE#         1030
  C:0998H         LINE#         1031
  C:09A4H         LINE#         1032
  C:09A7H         LINE#         1035
  C:09B0H         LINE#         1037
  C:09B0H         LINE#         1039
  C:09B0H         LINE#         1046
  C:09B5H         LINE#         1050
  C:09BAH         LINE#         1054
  C:09BFH         LINE#         1055
BL51 BANKED LINKER/LOCATER V6.22                                                      05/10/2017  20:31:48  PAGE 30


  C:09C4H         LINE#         1059
  C:09C9H         LINE#         1067
  C:09D6H         LINE#         1069
  C:09D6H         LINE#         1071
  C:09D6H         LINE#         1074
  C:09DCH         LINE#         1075
  C:09E3H         LINE#         1076
  C:09E7H         LINE#         1077
  C:09F3H         LINE#         1078
  C:09F6H         LINE#         1081
  C:09FFH         LINE#         1083
  C:09FFH         LINE#         1085
  C:09FFH         LINE#         1090
  C:0A0CH         LINE#         1092
  C:0A0CH         LINE#         1094
  C:0A0CH         LINE#         1097
  C:0A12H         LINE#         1098
  C:0A19H         LINE#         1099
  C:0A1DH         LINE#         1100
  C:0A29H         LINE#         1101
  C:0A2CH         LINE#         1104
  C:0A35H         LINE#         1106
  C:0A35H         LINE#         1108
  C:0A35H         LINE#         1113
  C:0A42H         LINE#         1115
  C:0A42H         LINE#         1117
  C:0A42H         LINE#         1120
  C:0A48H         LINE#         1121
  C:0A4FH         LINE#         1122
  C:0A52H         LINE#         1123
  C:0A5EH         LINE#         1124
  C:0A6BH         LINE#         1127
  C:0A74H         LINE#         1129
  C:0A74H         LINE#         1131
  C:0A74H         LINE#         1141
  C:0AD1H         LINE#         1144
  C:0AD4H         LINE#         1148
  C:0B31H         LINE#         1150
  C:0B34H         LINE#         1153
  C:0B37H         LINE#         1156
  C:0B42H         LINE#         1161
  C:0B4CH         LINE#         1164
  C:0B51H         LINE#         1167
  C:0B56H         LINE#         1170
  C:0B5BH         LINE#         1173
  C:0B60H         LINE#         1176
  C:0B63H         LINE#         1179
  C:0B68H         LINE#         1182
  C:0B6DH         LINE#         1185
  C:0B70H         LINE#         1189
  C:0BCDH         LINE#         1190
  C:0BD0H         LINE#         1194
  C:0C2DH         LINE#         1195
  C:0C30H         LINE#         1199
  C:0C8DH         LINE#         1200
  C:0C90H         LINE#         1206
  C:0C9FH         LINE#         1207
BL51 BANKED LINKER/LOCATER V6.22                                                      05/10/2017  20:31:48  PAGE 31


  C:0CAAH         LINE#         1209
  C:0CACH         LINE#         1214
  C:0CAFH         LINE#         1223
  C:0D0CH         LINE#         1224
  C:0D2CH         LINE#         1228
  C:0D3BH         LINE#         1229
  C:0D46H         LINE#         1230
  C:0D48H         LINE#         1236
  C:0D4BH         LINE#         1245
  C:0DA8H         LINE#         1246
  C:0DABH         LINE#         1251
  C:0DB0H         LINE#         1254
  C:0DB9H         LINE#         1260
  C:0DBCH         LINE#         1261
  C:0DBFH         LINE#         1262
  C:0DC1H         LINE#         1265
  C:0DC4H         LINE#         1266
  C:0DC4H         LINE#         1267
  C:0DC4H         LINE#         1270
  C:0DC7H         LINE#         1271
  C:0DC7H         LINE#         1273
  C:0DC9H         LINE#         1274
  -------         ENDPROC       DMPINITIALIZE
  -------         PROC          _DMPGETQUATERNION_INT16
  X:034BH         SYMBOL        data_ptr
  X:034EH         SYMBOL        packet
  C:1FB6H         LINE#         1277
  C:1FC1H         LINE#         1279
  C:1FE0H         LINE#         1280
  C:2008H         LINE#         1281
  C:2037H         LINE#         1282
  C:2066H         LINE#         1283
  C:2095H         LINE#         1284
  C:2097H         LINE#         1285
  -------         ENDPROC       _DMPGETQUATERNION_INT16
  -------         PROC          _DMPGETPACKET16BITS
  X:0351H         SYMBOL        data_ptr
  X:0354H         SYMBOL        packet
  C:14F5H         LINE#         1286
  C:1500H         LINE#         1289
  C:1540H         LINE#         1290
  C:1588H         LINE#         1291
  C:15D0H         LINE#         1292
  C:1618H         LINE#         1294
  C:1660H         LINE#         1295
  C:16A8H         LINE#         1296
  C:16F0H         LINE#         1298
  C:1738H         LINE#         1299
[...]
  C:32A2H         LINE#         64
  C:32A2H         LINE#         65
  C:32A2H         LINE#         66
  C:32A5H         LINE#         67
  C:32A5H         LINE#         68
  C:32A8H         LINE#         69
  C:32A9H         LINE#         71
  C:32A9H         LINE#         72
  C:32ACH         LINE#         73
  C:32ACH         LINE#         74
  -------         ENDPROC       _HAL_W2_ALTER_CLOCK
  -------         PROC          _HAL_W2_IRQ_STOP_COND_ENABLE
  D:0007H         SYMBOL        stop_cond
  C:32ADH         LINE#         76
  C:32ADH         LINE#         77
  C:32ADH         LINE#         78
  C:32B0H         LINE#         79
  C:32B0H         LINE#         80
  C:32B3H         LINE#         81
  C:32B4H         LINE#         83
  C:32B4H         LINE#         84
  C:32B7H         LINE#         85
  C:32B7H         LINE#         86
BL51 BANKED LINKER/LOCATER V6.22                                                      05/10/2017  20:31:48  PAGE 40


  -------         ENDPROC       _HAL_W2_IRQ_STOP_COND_ENABLE
  -------         PROC          _HAL_W2_IRQ_ADR_MATCH_ENABLE
  D:0007H         SYMBOL        addr_match
  C:32B8H         LINE#         88
  C:32B8H         LINE#         89
  C:32B8H         LINE#         90
  C:32BBH         LINE#         91
  C:32BBH         LINE#         92
  C:32BEH         LINE#         93
  C:32BFH         LINE#         95
  C:32BFH         LINE#         96
  C:32C2H         LINE#         97
  C:32C2H         LINE#         98
  -------         ENDPROC       _HAL_W2_IRQ_ADR_MATCH_ENABLE
  -------         PROC          _HAL_W2_SET_SLAVE_ADDRESS
  D:0007H         SYMBOL        address
  C:3367H         LINE#         100
  C:3367H         LINE#         101
  C:3367H         LINE#         102
  C:336CH         LINE#         103
  -------         ENDPROC       _HAL_W2_SET_SLAVE_ADDRESS
  -------         PROC          _HAL_W2_SET_CLK_FREQ
  D:0007H         SYMBOL        freq
  C:31D3H         LINE#         107
  C:31D3H         LINE#         108
  C:31D3H         LINE#         109
  C:31E0H         LINE#         110
  -------         ENDPROC       _HAL_W2_SET_CLK_FREQ
  -------         PROC          _HAL_W2_SET_OP_MODE
  D:0007H         SYMBOL        mode
  C:32C3H         LINE#         112
  C:32C3H         LINE#         113
  C:32C3H         LINE#         114
  C:32C6H         LINE#         115
  C:32C6H         LINE#         116
  C:32C9H         LINE#         117
  C:32CAH         LINE#         119
  C:32CAH         LINE#         120
  C:32CDH         LINE#         121
  C:32CDH         LINE#         122
  -------         ENDPROC       _HAL_W2_SET_OP_MODE
  -------         PROC          _HAL_W2_ENABLE
  D:0007H         SYMBOL        en
  C:32CEH         LINE#         124
  C:32CEH         LINE#         125
  C:32CEH         LINE#         126
  C:32D1H         LINE#         127
  C:32D1H         LINE#         128
  C:32D4H         LINE#         129
  C:32D5H         LINE#         131
  C:32D5H         LINE#         132
  C:32D8H         LINE#         133
  C:32D8H         LINE#         134
  -------         ENDPROC       _HAL_W2_ENABLE
  -------         PROC          _HAL_W2_ALL_IRQ_ENABLE
  D:0007H         SYMBOL        irq
  C:32D9H         LINE#         136
BL51 BANKED LINKER/LOCATER V6.22                                                      05/10/2017  20:31:48  PAGE 41


  C:32D9H         LINE#         137
  C:32D9H         LINE#         140
  C:32DCH         LINE#         141
  C:32DCH         LINE#         142
  C:32DFH         LINE#         143
  C:32E0H         LINE#         145
  C:32E0H         LINE#         146
  C:32E3H         LINE#         147
  C:32E3H         LINE#         148
  -------         ENDPROC       _HAL_W2_ALL_IRQ_ENABLE
  -------         PROC          _HAL_W2_CONFIGURE_MASTER
  D:0006H         SYMBOL        mode
  C:2E22H         LINE#         150
  C:2E24H         LINE#         151
  C:2E24H         LINE#         152
  C:2E29H         LINE#         153
  C:2E2EH         LINE#         154
  C:2E33H         LINE#         156
  C:2E36H         LINE#         157
  C:2E39H         LINE#         158
  C:2E3CH         LINE#         160
  C:2E40H         LINE#         161
  C:2E42H         LINE#         162
  -------         ENDPROC       _HAL_W2_CONFIGURE_MASTER
  -------         PROC          HAL_W2_WAIT_DATA_READY
  -------         DO            
  D:0044H         SYMBOL        timeout_counter
  D:0048H         SYMBOL        w2_status
  D:0049H         SYMBOL        data_ready
  D:004AH         SYMBOL        nack_received
  -------         ENDDO         
  C:2D6DH         LINE#         164
  C:2D6DH         LINE#         165
  C:2D6DH         LINE#         166
  C:2D77H         LINE#         172
  C:2D77H         LINE#         173
  C:2D7AH         LINE#         174
  C:2D80H         LINE#         175
  C:2D86H         LINE#         176
  C:2D8DH         LINE#         177
  C:2D91H         LINE#         180
  C:2D93H         LINE#         181
  -------         ENDPROC       HAL_W2_WAIT_DATA_READY
  -------         PROC          _HAL_W2_INIT_TRANSFER
  D:0007H         SYMBOL        address
  D:0005H         SYMBOL        direction
  -------         DO            
  D:0007H         SYMBOL        w2_status
  -------         ENDDO         
  C:2FDBH         LINE#         183
  C:2FDBH         LINE#         184
  C:2FDBH         LINE#         187
  C:2FDEH         LINE#         188
  C:2FE4H         LINE#         190
  C:2FE7H         LINE#         192
  C:2FEBH         LINE#         193
  C:2FEBH         LINE#         194
BL51 BANKED LINKER/LOCATER V6.22                                                      05/10/2017  20:31:48  PAGE 42


  C:2FEEH         LINE#         195
  C:2FEEH         LINE#         197
  C:2FEEH         LINE#         198
  C:2FF0H         LINE#         199
  C:2FF0H         LINE#         200
  -------         ENDPROC       _HAL_W2_INIT_TRANSFER
  -------         PROC          _HAL_W2_WRITE
  D:0007H         SYMBOL        address
  D:0065H         SYMBOL        data_ptr
  D:0068H         SYMBOL        data_len
  -------         DO            
  D:0006H         SYMBOL        ack_received
  -------         DO            
  D:0069H         SYMBOL        w2_status
  -------         ENDDO         
  -------         ENDDO         
  C:2C6FH         LINE#         202
  C:2C75H         LINE#         203
  C:2C75H         LINE#         205
  C:2C7CH         LINE#         207
  C:2C89H         LINE#         208
  C:2C89H         LINE#         210
  C:2C95H         LINE#         211
  C:2C9AH         LINE#         212
  C:2C9FH         LINE#         213
  C:2C9FH         LINE#         214
  C:2CA1H         LINE#         215
  C:2CA1H         LINE#         216
  C:2CA3H         LINE#         218
  C:2CA6H         LINE#         220
  C:2CA8H         LINE#         221
  -------         ENDPROC       _HAL_W2_WRITE
  -------         PROC          _HAL_W2_READ
  D:0007H         SYMBOL        address
  D:006BH         SYMBOL        data_ptr
  D:006EH         SYMBOL        data_len
  -------         DO            
  D:0007H         SYMBOL        w2_status
  D:006FH         SYMBOL        ack_received
  -------         ENDDO         
  C:2A09H         LINE#         223
  C:2A0FH         LINE#         224
  C:2A0FH         LINE#         228
  C:2A16H         LINE#         230
  C:2A1AH         LINE#         231
  C:2A1AH         LINE#         233
  C:2A1DH         LINE#         234
  C:2A1DH         LINE#         237
  C:2A28H         LINE#         238
  C:2A28H         LINE#         239
  C:2A2CH         LINE#         240
  C:2A2CH         LINE#         241
  C:2A2FH         LINE#         242
  C:2A2FH         LINE#         244
  C:2A32H         LINE#         246
  C:2A45H         LINE#         247
  C:2A51H         LINE#         248
BL51 BANKED LINKER/LOCATER V6.22                                                      05/10/2017  20:31:48  PAGE 43


  C:2A53H         LINE#         250
  C:2A55H         LINE#         251
  -------         ENDPROC       _HAL_W2_READ
  -------         PROC          HAL_W2_SOFT_RESET
  -------         DO            
  D:003BH         SYMBOL        pulsecount
  D:003CH         SYMBOL        w2_freq
  -------         ENDDO         
  C:25CCH         LINE#         253
  C:25CCH         LINE#         254
  C:25CCH         LINE#         259
  C:25D2H         LINE#         261
  C:25D5H         LINE#         262
  C:25DDH         LINE#         266
  C:25E0H         LINE#         267
  C:25E3H         LINE#         270
  C:25E6H         LINE#         275
  C:25EEH         LINE#         278
  C:25F5H         LINE#         280
  C:25F8H         LINE#         284
  C:25FFH         LINE#         285
  C:2602H         LINE#         286
  C:2602H         LINE#         288
  C:260AH         LINE#         289
  C:2611H         LINE#         291
  C:2614H         LINE#         292
  C:261BH         LINE#         293
  C:2624H         LINE#         296
  C:262BH         LINE#         298
  C:2633H         LINE#         301
  C:263AH         LINE#         303
  C:2642H         LINE#         306
  C:2645H         LINE#         309
  C:2648H         LINE#         310
  C:264EH         LINE#         312
  -------         ENDPROC       HAL_W2_SOFT_RESET
  -------         PROC          _I2C_MPU_WRITEBYTE
  D:0007H         SYMBOL        devAddr
  D:0005H         SYMBOL        regAddr
  D:002EH         SYMBOL        data_to_write
  C:3144H         LINE#         317
  C:3146H         LINE#         318
  C:3154H         LINE#         319
  -------         ENDPROC       _I2C_MPU_WRITEBYTE
  -------         PROC          _I2C_MPU_WRITEBYTES
  D:0007H         SYMBOL        devAddr
  D:0004H         SYMBOL        regAddr
  D:0006H         SYMBOL        data_len
  D:0032H         SYMBOL        data_ptr
  -------         DO            
  D:0007H         SYMBOL        w2_status
  D:0005H         SYMBOL        ack_received
  -------         ENDDO         
  C:2BB9H         LINE#         321
  C:2BBDH         LINE#         326
  C:2BC4H         LINE#         327
  C:2BC6H         LINE#         328
BL51 BANKED LINKER/LOCATER V6.22                                                      05/10/2017  20:31:48  PAGE 44


  C:2BC9H         LINE#         329
  C:2BCDH         LINE#         330
  C:2BCDH         LINE#         331
  C:2BCFH         LINE#         332
  C:2BCFH         LINE#         334
  C:2BDBH         LINE#         335
  C:2BDBH         LINE#         336
  C:2BE7H         LINE#         337
  C:2BEAH         LINE#         338
  C:2BEEH         LINE#         339
  C:2BEEH         LINE#         340
  C:2BF0H         LINE#         341
  C:2BF0H         LINE#         342
  C:2BF2H         LINE#         343
  C:2BF5H         LINE#         345
  C:2BF7H         LINE#         346
  -------         ENDPROC       _I2C_MPU_WRITEBYTES
  -------         PROC          _I2C_MPU_READBYTE
  D:0007H         SYMBOL        devAddr
  D:0005H         SYMBOL        regAddr
  D:0030H         SYMBOL        data_ptr
  C:3110H         LINE#         348
  C:3116H         LINE#         349
  C:3121H         LINE#         350
  -------         ENDPROC       _I2C_MPU_READBYTE
  -------         PROC          _I2C_MPU_READBYTES
  D:0006H         SYMBOL        devAddr
  D:0004H         SYMBOL        regAddr
  D:0035H         SYMBOL        data_len
  D:0036H         SYMBOL        data_ptr
  -------         DO            
  D:0039H         SYMBOL        w2_status
  D:003AH         SYMBOL        ack_received
  -------         ENDDO         
  C:273EH         LINE#         352
  C:2744H         LINE#         357
  C:274BH         LINE#         358
  C:274DH         LINE#         359
  C:2752H         LINE#         360
  C:2757H         LINE#         361
  C:2757H         LINE#         362
  C:275AH         LINE#         363
  C:275AH         LINE#         367
  C:2763H         LINE#         369
  C:2767H         LINE#         370
  C:2767H         LINE#         372
  C:276AH         LINE#         374
  C:276AH         LINE#         376
  C:2775H         LINE#         377
  C:2775H         LINE#         378
  C:2779H         LINE#         379
  C:2779H         LINE#         380
  C:277CH         LINE#         381
  C:277CH         LINE#         383
  C:2781H         LINE#         385
  C:2794H         LINE#         386
  C:27A1H         LINE#         387
BL51 BANKED LINKER/LOCATER V6.22                                                      05/10/2017  20:31:48  PAGE 45


  C:27A3H         LINE#         389
  C:27A5H         LINE#         390
  -------         ENDPROC       _I2C_MPU_READBYTES
  -------         PROC          _I2C_MPU_WRITEBIT
  D:0027H         SYMBOL        devAddr
  D:0028H         SYMBOL        regAddr
  D:0029H         SYMBOL        bitNum
  D:002AH         SYMBOL        data_to_write
  -------         DO            
  D:002BH         SYMBOL        b
  -------         ENDDO         
  C:29BBH         LINE#         393
  C:29C1H         LINE#         395
  C:29CAH         LINE#         396
  C:29FFH         LINE#         397
  C:2A08H         LINE#         398
  -------         ENDPROC       _I2C_MPU_WRITEBIT
  -------         PROC          _I2C_MPU_WRITEBITS
  D:0027H         SYMBOL        devAddr
  D:0028H         SYMBOL        regAddr
  D:0029H         SYMBOL        bitStart
  D:002AH         SYMBOL        data_length
  D:002BH         SYMBOL        data_to_write
  -------         DO            
  D:002CH         SYMBOL        b
  -------         DO            
  D:002DH         SYMBOL        mask
  -------         ENDDO         
  -------         ENDDO         
  C:27A6H         LINE#         399
  C:27ACH         LINE#         408
  C:27B8H         LINE#         409
  C:27E5H         LINE#         410
  C:27F2H         LINE#         411
  C:27F6H         LINE#         412
  C:27F9H         LINE#         413
  C:27FDH         LINE#         414
  C:2806H         LINE#         415
  C:2806H         LINE#         416
  C:2808H         LINE#         417
  C:2808H         LINE#         418
  -------         ENDPROC       _I2C_MPU_WRITEBITS
  -------         PROC          _I2C_MPU_READBIT
  D:0007H         SYMBOL        devAddr
  D:0005H         SYMBOL        regAddr
  D:004DH         SYMBOL        bitNum
  D:004EH         SYMBOL        data_ptr
  -------         DO            
  D:0051H         SYMBOL        b
  D:0007H         SYMBOL        count
  -------         ENDDO         
  C:2DB8H         LINE#         419
  C:2DBAH         LINE#         421
  C:2DC3H         LINE#         422
  C:2DDBH         LINE#         423
  C:2DDBH         LINE#         424
  -------         ENDPROC       _I2C_MPU_READBIT
BL51 BANKED LINKER/LOCATER V6.22                                                      05/10/2017  20:31:48  PAGE 46


  -------         PROC          _I2C_MPU_READBITS
  D:0007H         SYMBOL        devAddr
  D:0005H         SYMBOL        regAddr
  D:0029H         SYMBOL        bitStart
  D:002AH         SYMBOL        data_length
  D:002BH         SYMBOL        data_ptr
  -------         DO            
  D:0005H         SYMBOL        count
  D:002EH         SYMBOL        b
  -------         DO            
  D:002FH         SYMBOL        mask
  -------         ENDDO         
  -------         ENDDO         
  C:286CH         LINE#         425
  C:286EH         LINE#         432
  C:287CH         LINE#         433
  C:28A9H         LINE#         434
  C:28ABH         LINE#         435
  C:28B8H         LINE#         436
  C:28C1H         LINE#         437
  C:28C1H         LINE#         438
  C:28C3H         LINE#         439
  -------         ENDPROC       _I2C_MPU_READBITS
  -------         PROC          _I2C_MPU_WRITEWORD
  D:0007H         SYMBOL        devAddr
  D:0005H         SYMBOL        regAddr
  D:0027H         SYMBOL        data_to_write
  C:30D9H         LINE#         442
  C:30DDH         LINE#         443
  C:30EBH         LINE#         444
  -------         ENDPROC       _I2C_MPU_WRITEWORD
  -------         PROC          _I2C_MPU_WRITEWORDS
  D:0007H         SYMBOL        devAddr
  D:0006H         SYMBOL        regAddr
  D:0004H         SYMBOL        data_length
  D:002CH         SYMBOL        data_ptr
  -------         DO            
  D:0007H         SYMBOL        w2_status
  D:0005H         SYMBOL        ack_received
  -------         ENDDO         
  C:2809H         LINE#         445
  C:280DH         LINE#         456
  C:2814H         LINE#         457
  C:2816H         LINE#         458
  C:2819H         LINE#         459
  C:281DH         LINE#         460
  C:281DH         LINE#         461
  C:281FH         LINE#         462
  C:281FH         LINE#         464
  C:282DH         LINE#         465
  C:282DH         LINE#         466
  C:283AH         LINE#         467
  C:283DH         LINE#         468
  C:2841H         LINE#         469
  C:2841H         LINE#         470
  C:2843H         LINE#         471
  C:2843H         LINE#         472
BL51 BANKED LINKER/LOCATER V6.22                                                      05/10/2017  20:31:48  PAGE 47


  C:2846H         LINE#         473
  C:285BH         LINE#         474
  C:285EH         LINE#         475
  C:2862H         LINE#         476
  C:2862H         LINE#         477
  C:2864H         LINE#         478
  C:2864H         LINE#         479
  C:2866H         LINE#         480
  C:2866H         LINE#         481
  C:2866H         LINE#         482
  C:2866H         LINE#         483
  C:2869H         LINE#         485
  C:286BH         LINE#         486
  -------         ENDPROC       _I2C_MPU_WRITEWORDS
  -------         ENDMOD        HAL_W2_ISR

  -------         MODULE        ?C?CLDPTR
  C:0DCAH         PUBLIC        ?C?CLDPTR
  -------         ENDMOD        ?C?CLDPTR

  -------         MODULE        ?C?CLDOPTR
  C:0DE3H         PUBLIC        ?C?CLDOPTR
  -------         ENDMOD        ?C?CLDOPTR

  -------         MODULE        ?C?CSTPTR
  C:0E10H         PUBLIC        ?C?CSTPTR
  -------         ENDMOD        ?C?CSTPTR

  -------         MODULE        ?C?CSTOPTR
  C:0E22H         PUBLIC        ?C?CSTOPTR
  -------         ENDMOD        ?C?CSTOPTR

  -------         MODULE        ?C?UIDIV
  C:0E44H         PUBLIC        ?C?UIDIV
  -------         ENDMOD        ?C?UIDIV

  -------         MODULE        ?C?ILDIX
  C:0E99H         PUBLIC        ?C?ILDIX
  -------         ENDMOD        ?C?ILDIX

  -------         MODULE        ?C?ILDPTR
  C:0EAFH         PUBLIC        ?C?ILDPTR
  -------         ENDMOD        ?C?ILDPTR

  -------         MODULE        ?C?ISTPTR
  C:0EDAH         PUBLIC        ?C?ISTPTR
  -------         ENDMOD        ?C?ISTPTR

  -------         MODULE        ?C?ISTOPTR
  C:0EF9H         PUBLIC        ?C?ISTOPTR
  -------         ENDMOD        ?C?ISTOPTR

  -------         MODULE        ?C?MEMCMP
  C:10ACH         PUBLIC        ?C?MEMCMP
  -------         ENDMOD        ?C?MEMCMP

  -------         MODULE        MALLOC
BL51 BANKED LINKER/LOCATER V6.22                                                      05/10/2017  20:31:48  PAGE 48


  C:2391H         PUBLIC        _malloc
  -------         ENDMOD        MALLOC

  -------         MODULE        INIT_MEM
  X:0343H         PUBLIC        __mem_avail__
  C:2BF8H         PUBLIC        _init_mempool
  -------         ENDMOD        INIT_MEM

  -------         MODULE        REALLOC
  C:264FH         PUBLIC        _realloc
  -------         ENDMOD        REALLOC

  -------         MODULE        FREE
  C:1CCAH         PUBLIC        _free
  -------         ENDMOD        FREE

  -------         MODULE        ?C?COPY
  C:11A0H         PUBLIC        ?C?COPY
  -------         ENDMOD        ?C?COPY

  -------         MODULE        ?C?IILDX
  C:11C6H         PUBLIC        ?C?IILDX
  -------         ENDMOD        ?C?IILDX

Program Size: data=131.1 xdata=857 code=13163
LINK/LOCATE RUN COMPLETE.  0 WARNING(S),  0 ERROR(S)
