BL51 BANKED LINKER/LOCATER V6.22                                                        02/15/2017  20:50:28  PAGE 1


BL51 BANKED LINKER/LOCATER V6.22, INVOKED BY:
C:\KEIL_V5\C51\BIN\BL51.EXE .\Objects\sensor.obj, .\Objects\hal_delay.obj, .\Objects\hal_w2_isr.obj, .\Objects\hal_uart.
>> obj TO .\Objects\sensor_project PRINT (.\Listings\sensor_project.m51) RAMSIZE (256) DISABLEWARNING (16)


MEMORY MODEL: SMALL


INPUT MODULES INCLUDED:
  .\Objects\sensor.obj (SENSOR)
  .\Objects\hal_delay.obj (HAL_DELAY)
  .\Objects\hal_w2_isr.obj (HAL_W2_ISR)
  .\Objects\hal_uart.obj (HAL_UART)
  C:\KEIL_V5\C51\LIB\C51S.LIB (?C_STARTUP)
  C:\KEIL_V5\C51\LIB\C51S.LIB (?C?CLDPTR)
  C:\KEIL_V5\C51\LIB\C51S.LIB (?C?CLDOPTR)
  C:\KEIL_V5\C51\LIB\C51S.LIB (?C?CSTPTR)
  C:\KEIL_V5\C51\LIB\C51S.LIB (?C?CSTOPTR)
  C:\KEIL_V5\C51\LIB\C51S.LIB (?C?IMUL)
  C:\KEIL_V5\C51\LIB\C51S.LIB (?C?UIDIV)
  C:\KEIL_V5\C51\LIB\C51S.LIB (?C?SIDIV)
  C:\KEIL_V5\C51\LIB\C51S.LIB (?C?ILDIX)
  C:\KEIL_V5\C51\LIB\C51S.LIB (?C?ILDPTR)
  C:\KEIL_V5\C51\LIB\C51S.LIB (?C?ISTPTR)
  C:\KEIL_V5\C51\LIB\C51S.LIB (?C?ISTOPTR)
  C:\KEIL_V5\C51\LIB\C51S.LIB (?C?SLDIV)
  C:\KEIL_V5\C51\LIB\C51S.LIB (?C?MEMCMP)
  C:\KEIL_V5\C51\LIB\C51S.LIB (MALLOC)
  C:\KEIL_V5\C51\LIB\C51S.LIB (INIT_MEM)
  C:\KEIL_V5\C51\LIB\C51S.LIB (REALLOC)
  C:\KEIL_V5\C51\LIB\C51S.LIB (FREE)
  C:\KEIL_V5\C51\LIB\C51S.LIB (?C_INIT)
  C:\KEIL_V5\C51\LIB\C51S.LIB (?C?COPY)
  C:\KEIL_V5\C51\LIB\C51S.LIB (?C?IILDX)
  C:\KEIL_V5\C51\LIB\C51S.LIB (?C?ULDIV)


LINK MAP OF MODULE:  .\Objects\sensor_project (SENSOR)


            TYPE    BASE      LENGTH    RELOCATION   SEGMENT NAME
            -----------------------------------------------------

            * * * * * * *   D A T A   M E M O R Y   * * * * * * *
            REG     0000H     0008H     ABSOLUTE     "REG BANK 0"
            DATA    0008H     0007H     UNIT         ?DT?_SEND_PACKET_TO_COMPUTER?SENSOR
            DATA    000FH     0007H     UNIT         ?DT?_SEND_PACKET_FROM_HOST_TO_COMPUTER?SENSOR
            DATA    0016H     0007H     UNIT         ?DT?SENSOR
            DATA    001DH     0002H     UNIT         ?DT?HAL_W2_ISR
                    001FH     0001H                  *** GAP ***
            DATA    0020H     0001H     BIT_ADDR     ?BA?SENSOR
            BIT     0021H.0   0000H.1   UNIT         ?BI?SENSOR
                    0021H.1   0000H.7                *** GAP ***
            DATA    0022H     001CH     UNIT         _DATA_GROUP_
            DATA    003EH     0007H     UNIT         ?DT?HAL_W2_WAIT_DATA_READY?HAL_W2_ISR
            DATA    0045H     0007H     UNIT         ?DT?_I2C_MPU_READBIT?HAL_W2_ISR
            DATA    004CH     0006H     UNIT         ?DT?_HAL_W2_WRITE?HAL_W2_ISR
            DATA    0052H     0006H     UNIT         ?DT?_HAL_W2_READ?HAL_W2_ISR
BL51 BANKED LINKER/LOCATER V6.22                                                      02/15/2017  20:50:28  PAGE 2


            DATA    0058H     0006H     UNIT         ?DT?HAL_UART
            DATA    005EH     0005H     UNIT         ?DT?_SEND_PACKET_TO_HOST?SENSOR
            IDATA   0063H     0010H     UNIT         ?ID?HAL_UART
            IDATA   0073H     0001H     UNIT         ?STACK

            * * * * * * *  X D A T A   M E M O R Y  * * * * * * *
            XDATA   0000H     0296H     UNIT         ?XD?SENSOR
            XDATA   0296H     00BDH     UNIT         _XDATA_GROUP_
            XDATA   0353H     0008H     UNIT         ?XD?INIT_MEM
            XDATA   035BH     0006H     UNIT         ?XD?_DMPGETQUATERNION_INT16?SENSOR
            XDATA   0361H     0006H     UNIT         ?XD?_DMPGETPACKET16BITS?SENSOR
            XDATA   0367H     0002H     UNIT         ?XD?_GETMOTION6_PACKET?SENSOR

            * * * * * * *   C O D E   M E M O R Y   * * * * * * *
            CODE    0000H     0003H     ABSOLUTE     
            CODE    0003H     0006H     UNIT         ?PR?_HAL_W2_SET_SLAVE_ADDRESS?HAL_W2_ISR
                    0009H     0002H                  *** GAP ***
            CODE    000BH     0003H     ABSOLUTE     
            CODE    000EH     0014H     UNIT         ?PR?MPU_INITIALIZE?SENSOR
                    0022H     0001H                  *** GAP ***
            CODE    0023H     0003H     ABSOLUTE     
            CODE    0026H     0024H     UNIT         ?PR?_I2C_MPU_READBIT?HAL_W2_ISR
                    004AH     0001H                  *** GAP ***
            CODE    004BH     0003H     ABSOLUTE     
            CODE    004EH     0003H     UNIT         ?PR?HAL_UART_CHARS_AVAILABLE?HAL_UART
                    0051H     0002H                  *** GAP ***
            CODE    0053H     0003H     ABSOLUTE     
            CODE    0056H     087DH     UNIT         ?CO?SENSOR
            CODE    08D3H     0528H     UNIT         ?C?LIB_CODE
            CODE    0DFBH     04F7H     UNIT         ?PR?DMPINITIALIZE?SENSOR
            CODE    12F2H     0308H     UNIT         ?PR?CALIBRATIONSTEPTWO?SENSOR
            CODE    15FAH     02D6H     UNIT         ?PR?_DMPGETPACKET16BITS?SENSOR
            CODE    18D0H     0297H     UNIT         ?PR?_WRITEDMPCONFIGURATIONSET?SENSOR
            CODE    1B67H     0268H     UNIT         ?PR?_WRITEMEMORYBLOCK?SENSOR
            CODE    1DCFH     0240H     UNIT         ?PR?_SEND_INERTIAL_PACKET_BY_RF?SENSOR
            CODE    200FH     01D7H     UNIT         ?PR?CALIBRATIONSTEPONE?SENSOR
            CODE    21E6H     0104H     UNIT         ?PR?_FREE?FREE
            CODE    22EAH     0103H     UNIT         ?PR?_GETMOTION6_VARIABLES?SENSOR
            CODE    23EDH     00F7H     UNIT         ?PR?_READMEMORYBLOCK?SENSOR
            CODE    24E4H     00E2H     UNIT         ?PR?_DMPGETQUATERNION_INT16?SENSOR
            CODE    25C6H     00CFH     UNIT         ?PR?_GETMOTION6_PACKET?SENSOR
            CODE    2695H     00A5H     UNIT         ?PR?_RF_INIT?SENSOR
            CODE    273AH     009CH     UNIT         ?PR?_MALLOC?MALLOC
            CODE    27D6H     008CH     UNIT         ?C_C51STARTUP
            CODE    2862H     0085H     UNIT         ?PR?RF_IRQ?SENSOR
            CODE    28E7H     0083H     UNIT         ?C_INITSEG
            CODE    296AH     0083H     UNIT         ?PR?HAL_W2_SOFT_RESET?HAL_W2_ISR
            CODE    29EDH     007DH     UNIT         ?PR?MAIN?SENSOR
            CODE    2A6AH     0078H     UNIT         ?PR?_REALLOC?REALLOC
            CODE    2AE2H     0068H     UNIT         ?PR?_I2C_MPU_READBYTES?HAL_W2_ISR
            CODE    2B4AH     0063H     UNIT         ?PR?_I2C_MPU_WRITEBITS?HAL_W2_ISR
            CODE    2BADH     0063H     UNIT         ?PR?_I2C_MPU_WRITEWORDS?HAL_W2_ISR
            CODE    2C10H     0059H     UNIT         ?PR?INITIAL_SETUP_DMP?SENSOR
            CODE    2C69H     0058H     UNIT         ?PR?_I2C_MPU_READBITS?HAL_W2_ISR
            CODE    2CC1H     0055H     UNIT         ?PR?_SEND_PACKET_TO_HOST?SENSOR
            CODE    2D16H     0051H     UNIT         ?PR?SETUP?SENSOR
            CODE    2D67H     0050H     UNIT         ?PR?_SEND_PACKET_TO_COMPUTER?SENSOR
BL51 BANKED LINKER/LOCATER V6.22                                                      02/15/2017  20:50:28  PAGE 3


            CODE    2DB7H     0050H     UNIT         ?PR?_SEND_PACKET_FROM_HOST_TO_COMPUTER?SENSOR
            CODE    2E07H     004EH     UNIT         ?PR?_I2C_MPU_WRITEBIT?HAL_W2_ISR
            CODE    2E55H     004DH     UNIT         ?PR?_HAL_W2_READ?HAL_W2_ISR
            CODE    2EA2H     004CH     UNIT         ?PR?_GETFIFOBYTES?SENSOR
            CODE    2EEEH     0049H     UNIT         ?PR?UART0_ISR?HAL_UART
            CODE    2F37H     0046H     UNIT         ?PR?_HAL_UART_INIT?HAL_UART
            CODE    2F7DH     0044H     UNIT         ?C?LDIV
            CODE    2FC1H     003FH     UNIT         ?PR?_I2C_MPU_WRITEBYTES?HAL_W2_ISR
            CODE    3000H     003CH     UNIT         ?PR?_INIT_MEMPOOL?INIT_MEM
            CODE    303CH     003BH     UNIT         ?PR?I2C_IRQ?SENSOR
            CODE    3077H     003AH     UNIT         ?PR?_HAL_W2_WRITE?HAL_W2_ISR
            CODE    30B1H     0034H     UNIT         ?PR?DATAACQ?SENSOR
            CODE    30E5H     0032H     UNIT         ?PR?_SPI_WRITE_BUF?SENSOR
            CODE    3117H     0032H     UNIT         ?PR?_TX_MODE_NOACK?SENSOR
            CODE    3149H     0031H     UNIT         ?PR?_SPI_READ_BUF?SENSOR
            CODE    317AH     0027H     UNIT         ?PR?HAL_W2_WAIT_DATA_READY?HAL_W2_ISR
            CODE    31A1H     0024H     UNIT         ?PR?_HAL_UART_PUTCHAR?HAL_UART
            CODE    31C5H     0023H     UNIT         ?PR?MPU_TESTCONNECTION?SENSOR
            CODE    31E8H     0023H     UNIT         ?PR?_SETMEMORYBANK?SENSOR
            CODE    320BH     0021H     UNIT         ?PR?_HAL_W2_CONFIGURE_MASTER?HAL_W2_ISR
            CODE    322CH     0020H     UNIT         ?PR?_WRITEPROGMEMORYBLOCK?SENSOR
            CODE    324CH     001EH     UNIT         ?PR?TMR0_IRQ?SENSOR
            CODE    326AH     001DH     UNIT         ?PR?_SETUP_T0_FREQ?SENSOR
            CODE    3287H     001DH     UNIT         ?PR?GETXACCELOFFSET?SENSOR
            CODE    32A4H     001DH     UNIT         ?PR?GETYACCELOFFSET?SENSOR
            CODE    32C1H     001DH     UNIT         ?PR?GETZACCELOFFSET?SENSOR
            CODE    32DEH     001DH     UNIT         ?PR?GETXGYROOFFSET?SENSOR
            CODE    32FBH     001DH     UNIT         ?PR?GETYGYROOFFSET?SENSOR
            CODE    3318H     001DH     UNIT         ?PR?GETZGYROOFFSET?SENSOR
            CODE    3335H     001DH     UNIT         ?PR?GETFIFOCOUNT?SENSOR
            CODE    3352H     001BH     UNIT         ?PR?GETXGYROOFFSETTC?SENSOR
            CODE    336DH     001BH     UNIT         ?PR?GETYGYROOFFSETTC?SENSOR
            CODE    3388H     001BH     UNIT         ?PR?GETZGYROOFFSETTC?SENSOR
            CODE    33A3H     001AH     UNIT         ?PR?_SETSLAVEADDRESS?SENSOR
            CODE    33BDH     001AH     UNIT         ?PR?_DELAY_US?HAL_DELAY
            CODE    33D7H     0019H     UNIT         ?PR?_SETUP_T0_ELAPSED_US?SENSOR
            CODE    33F0H     0019H     UNIT         ?PR?HAL_UART_GETCHAR?HAL_UART
            CODE    3409H     0018H     UNIT         ?PR?GETFIFOENABLED?SENSOR
            CODE    3421H     0017H     UNIT         ?PR?GETOTPBANKVALID?SENSOR
            CODE    3438H     0016H     UNIT         ?PR?_MATH_ABS?SENSOR
            CODE    344EH     0016H     UNIT         ?PR?_HAL_W2_INIT_TRANSFER?HAL_W2_ISR
            CODE    3464H     0014H     UNIT         ?PR?_DELAY_MS?HAL_DELAY
            CODE    3478H     0013H     UNIT         ?PR?GETINTSTATUS?SENSOR
            CODE    348BH     0013H     UNIT         ?PR?GETDMPCONFIG1?SENSOR
            CODE    349EH     0013H     UNIT         ?PR?GETDMPCONFIG2?SENSOR
            CODE    34B1H     0013H     UNIT         ?PR?GETMOTIONDETECTIONTHRESHOLD?SENSOR
            CODE    34C4H     0013H     UNIT         ?PR?GETZEROMOTIONDETECTIONTHRESHOLD?SENSOR
            CODE    34D7H     0013H     UNIT         ?PR?GETMOTIONDETECTIONDURATION?SENSOR
            CODE    34EAH     0013H     UNIT         ?PR?GETZEROMOTIONDETECTIONDURATION?SENSOR
            CODE    34FDH     0013H     UNIT         ?PR?_SPI_RW_REG?SENSOR
            CODE    3510H     0013H     UNIT         ?PR?INICIARIO?SENSOR
            CODE    3523H     0013H     UNIT         ?PR?_I2C_MPU_WRITEWORD?HAL_W2_ISR
            CODE    3536H     0012H     UNIT         ?PR?CALIBRATIONROUTINE?SENSOR
            CODE    3548H     0012H     UNIT         ?PR?_SEND_RF_COMMAND?SENSOR
            CODE    355AH     0012H     UNIT         ?PR?_I2C_MPU_READBYTE?HAL_W2_ISR
            CODE    356CH     0011H     UNIT         ?PR?RX_MODE?SENSOR
            CODE    357DH     0011H     UNIT         ?PR?HAL_W2_WAIT_DATA_READY_ISR?HAL_W2_ISR
BL51 BANKED LINKER/LOCATER V6.22                                                      02/15/2017  20:50:28  PAGE 4


            CODE    358EH     0011H     UNIT         ?PR?_I2C_MPU_WRITEBYTE?HAL_W2_ISR
            CODE    359FH     0010H     UNIT         ?PR?START_T0?SENSOR
            CODE    35AFH     0010H     UNIT         ?PR?STOP_T0?SENSOR
            CODE    35BFH     000EH     UNIT         ?PR?_SETUP_T0_ELAPSED_MS?SENSOR
            CODE    35CDH     000EH     UNIT         ?PR?_SETUP_T0_TICKS?SENSOR
            CODE    35DBH     000EH     UNIT         ?PR?_SETCLOCKSOURCE?SENSOR
            CODE    35E9H     000EH     UNIT         ?PR?_SETFULLSCALEGYRORANGE?SENSOR
            CODE    35F7H     000EH     UNIT         ?PR?_SETFULLSCALEACCELRANGE?SENSOR
            CODE    3605H     000EH     UNIT         ?PR?_SETMEMORYSTARTADDRESS?SENSOR
            CODE    3613H     000EH     UNIT         ?PR?_SETEXTERNALFRAMESYNC?SENSOR
            CODE    3621H     000EH     UNIT         ?PR?_SETDLPFMODE?SENSOR
            CODE    362FH     000EH     UNIT         ?PR?_SETXGYROOFFSETTC?SENSOR
            CODE    363DH     000EH     UNIT         ?PR?_SETYGYROOFFSETTC?SENSOR
            CODE    364BH     000EH     UNIT         ?PR?_SETZGYROOFFSETTC?SENSOR
            CODE    3659H     000EH     UNIT         ?PR?_HAL_W2_SET_CLK_FREQ?HAL_W2_ISR
            CODE    3667H     000DH     UNIT         ?PR?_SPI_READ?SENSOR
            CODE    3674H     000CH     UNIT         ?PR?RESETFIFO?SENSOR
            CODE    3680H     000CH     UNIT         ?PR?I2C_MPU_RESET?SENSOR
            CODE    368CH     000CH     UNIT         ?PR?RESETI2CMASTER?SENSOR
            CODE    3698H     000CH     UNIT         ?PR?RESETDMP?SENSOR
            CODE    36A4H     000BH     UNIT         ?PR?MPU_8051_MALLOC_SETUP?SENSOR
            CODE    36AFH     000BH     UNIT         ?PR?_SETSLEEPENABLED?SENSOR
            CODE    36BAH     000BH     UNIT         ?PR?_SETXACCELOFFSET?SENSOR
            CODE    36C5H     000BH     UNIT         ?PR?_SETYACCELOFFSET?SENSOR
            CODE    36D0H     000BH     UNIT         ?PR?_SETZACCELOFFSET?SENSOR
            CODE    36DBH     000BH     UNIT         ?PR?_SETXGYROOFFSET?SENSOR
            CODE    36E6H     000BH     UNIT         ?PR?_SETYGYROOFFSET?SENSOR
            CODE    36F1H     000BH     UNIT         ?PR?_SETZGYROOFFSET?SENSOR
            CODE    36FCH     000BH     UNIT         ?PR?_SETDMPENABLED?SENSOR
            CODE    3707H     000BH     UNIT         ?PR?_SETI2CMASTERMODEENABLED?SENSOR
            CODE    3712H     000BH     UNIT         ?PR?_SETFIFOENABLED?SENSOR
            CODE    371DH     000BH     UNIT         ?PR?_HAL_W2_RESPOND_TO_GEN_ADR?HAL_W2_ISR
            CODE    3728H     000BH     UNIT         ?PR?_HAL_W2_ALTER_CLOCK?HAL_W2_ISR
            CODE    3733H     000BH     UNIT         ?PR?_HAL_W2_IRQ_STOP_COND_ENABLE?HAL_W2_ISR
            CODE    373EH     000BH     UNIT         ?PR?_HAL_W2_IRQ_ADR_MATCH_ENABLE?HAL_W2_ISR
            CODE    3749H     000BH     UNIT         ?PR?_HAL_W2_SET_OP_MODE?HAL_W2_ISR
            CODE    3754H     000BH     UNIT         ?PR?_HAL_W2_ENABLE?HAL_W2_ISR
            CODE    375FH     000BH     UNIT         ?PR?_HAL_W2_ALL_IRQ_ENABLE?HAL_W2_ISR
            CODE    376AH     000AH     UNIT         ?PR?_WRITEPROGDMPCONFIGURATIONSET?SENSOR
            CODE    3774H     000AH     UNIT         ?PR?_SETOTPBANKVALID?SENSOR
            CODE    377EH     000AH     UNIT         ?PR?_SPI_RW?SENSOR
            CODE    3788H     000AH     UNIT         ?PR?I2C_IRQ_HANDLER?HAL_W2_ISR
            CODE    3792H     000AH     UNIT         ?PR?HAL_UART_TX_COMPLETE?HAL_UART
            CODE    379CH     0009H     UNIT         ?PR?DMPGETFIFOPACKETSIZE?SENSOR
            CODE    37A5H     0009H     UNIT         ?PR?_SETINTENABLED?SENSOR
            CODE    37AEH     0009H     UNIT         ?PR?_SETRATE?SENSOR
            CODE    37B7H     0009H     UNIT         ?PR?_SETDMPCONFIG1?SENSOR
            CODE    37C0H     0009H     UNIT         ?PR?_SETDMPCONFIG2?SENSOR
            CODE    37C9H     0009H     UNIT         ?PR?_SETMOTIONDETECTIONTHRESHOLD?SENSOR
            CODE    37D2H     0009H     UNIT         ?PR?_SETZEROMOTIONDETECTIONTHRESHOLD?SENSOR
            CODE    37DBH     0009H     UNIT         ?PR?_SETMOTIONDETECTIONDURATION?SENSOR
            CODE    37E4H     0009H     UNIT         ?PR?_SETZEROMOTIONDETECTIONDURATION?SENSOR



OVERLAY MAP OF MODULE:   .\Objects\sensor_project (SENSOR)

BL51 BANKED LINKER/LOCATER V6.22                                                      02/15/2017  20:50:28  PAGE 5



SEGMENT                                            DATA_GROUP          XDATA_GROUP
  +--> CALLED SEGMENT                            START    LENGTH     START    LENGTH
------------------------------------------------------------------------------------
?PR?RF_IRQ?SENSOR                                -----    -----      -----    -----
  +--> ?PR?_SPI_READ?SENSOR
  +--> ?PR?_SPI_READ_BUF?SENSOR
  +--> ?PR?_SPI_RW_REG?SENSOR

?PR?_SPI_READ?SENSOR                             -----    -----      -----    -----
  +--> ?PR?_SPI_RW?SENSOR

?PR?_SPI_READ_BUF?SENSOR                         0022H    0005H      -----    -----
  +--> ?PR?_SPI_RW?SENSOR

?PR?_SPI_RW_REG?SENSOR                           -----    -----      -----    -----
  +--> ?PR?_SPI_RW?SENSOR

*** NEW ROOT ***************************************************

?PR?I2C_IRQ?SENSOR                               -----    -----      -----    -----
  +--> ?PR?I2C_IRQ_HANDLER?HAL_W2_ISR

*** NEW ROOT ***************************************************

?C_C51STARTUP                                    -----    -----      -----    -----
  +--> ?PR?MAIN?SENSOR
  +--> ?C_INITSEG

?PR?MAIN?SENSOR                                  -----    -----      -----    -----
  +--> ?PR?SETUP?SENSOR
  +--> ?PR?DATAACQ?SENSOR
  +--> ?PR?RESETFIFO?SENSOR
  +--> ?PR?_DELAY_MS?HAL_DELAY
  +--> ?PR?MPU_TESTCONNECTION?SENSOR
  +--> ?PR?_SEND_RF_COMMAND?SENSOR
  +--> ?PR?START_T0?SENSOR
  +--> ?PR?CALIBRATIONROUTINE?SENSOR

?PR?SETUP?SENSOR                                 -----    -----      -----    -----
  +--> ?PR?INICIARIO?SENSOR
  +--> ?PR?_SETUP_T0_FREQ?SENSOR
  +--> ?CO?SENSOR
  +--> ?PR?_RF_INIT?SENSOR
  +--> ?PR?_HAL_W2_CONFIGURE_MASTER?HAL_W2_ISR
  +--> ?PR?INITIAL_SETUP_DMP?SENSOR
  +--> ?PR?_DELAY_MS?HAL_DELAY

?PR?_SETUP_T0_FREQ?SENSOR                        0027H    0001H      -----    -----
  +--> ?PR?_SETUP_T0_TICKS?SENSOR

?PR?_RF_INIT?SENSOR                              0027H    0009H      -----    -----
  +--> ?PR?_SPI_WRITE_BUF?SENSOR
  +--> ?PR?_SPI_RW_REG?SENSOR
  +--> ?PR?RX_MODE?SENSOR

?PR?_SPI_WRITE_BUF?SENSOR                        0030H    0005H      -----    -----
BL51 BANKED LINKER/LOCATER V6.22                                                      02/15/2017  20:50:28  PAGE 6


  +--> ?PR?_SPI_RW?SENSOR

?PR?RX_MODE?SENSOR                               -----    -----      -----    -----
  +--> ?PR?_SPI_RW_REG?SENSOR

?PR?_HAL_W2_CONFIGURE_MASTER?HAL_W2_ISR          -----    -----      -----    -----
  +--> ?PR?_HAL_W2_ENABLE?HAL_W2_ISR
  +--> ?PR?_HAL_W2_SET_CLK_FREQ?HAL_W2_ISR
  +--> ?PR?_HAL_W2_SET_OP_MODE?HAL_W2_ISR
  +--> ?PR?_HAL_W2_ALL_IRQ_ENABLE?HAL_W2_ISR

?PR?INITIAL_SETUP_DMP?SENSOR                     0027H    0001H      -----    -----
  +--> ?PR?MPU_8051_MALLOC_SETUP?SENSOR
  +--> ?PR?MPU_TESTCONNECTION?SENSOR
  +--> ?PR?MPU_INITIALIZE?SENSOR
  +--> ?PR?DMPINITIALIZE?SENSOR
  +--> ?PR?_DELAY_MS?HAL_DELAY
  +--> ?PR?_SETDMPENABLED?SENSOR
  +--> ?PR?_SETXACCELOFFSET?SENSOR
  +--> ?PR?_SETYACCELOFFSET?SENSOR
  +--> ?PR?_SETZACCELOFFSET?SENSOR
  +--> ?PR?_SETXGYROOFFSET?SENSOR
  +--> ?PR?_SETYGYROOFFSET?SENSOR
  +--> ?PR?_SETZGYROOFFSET?SENSOR
  +--> ?PR?_SEND_RF_COMMAND?SENSOR

?PR?MPU_8051_MALLOC_SETUP?SENSOR                 -----    -----      -----    -----
  +--> ?PR?_INIT_MEMPOOL?INIT_MEM

?PR?MPU_TESTCONNECTION?SENSOR                    -----    -----      -----    -----
  +--> ?PR?_I2C_MPU_READBITS?HAL_W2_ISR

?PR?_I2C_MPU_READBITS?HAL_W2_ISR                 0028H    0009H      -----    -----
  +--> ?PR?_I2C_MPU_READBYTE?HAL_W2_ISR

?PR?_I2C_MPU_READBYTE?HAL_W2_ISR                 0031H    0003H      -----    -----
  +--> ?PR?_I2C_MPU_READBYTES?HAL_W2_ISR

?PR?_I2C_MPU_READBYTES?HAL_W2_ISR                0034H    0008H      -----    -----
  +--> ?PR?_HAL_W2_INIT_TRANSFER?HAL_W2_ISR
  +--> ?PR?HAL_W2_WAIT_DATA_READY_ISR?HAL_W2...
  +--> ?PR?HAL_W2_SOFT_RESET?HAL_W2_ISR

?PR?_HAL_W2_INIT_TRANSFER?HAL_W2_ISR             -----    -----      -----    -----
  +--> ?PR?HAL_W2_WAIT_DATA_READY_ISR?HAL_W2...

?PR?HAL_W2_SOFT_RESET?HAL_W2_ISR                 003CH    0002H      -----    -----
  +--> ?PR?_DELAY_US?HAL_DELAY

?PR?MPU_INITIALIZE?SENSOR                        -----    -----      -----    -----
  +--> ?PR?_SETCLOCKSOURCE?SENSOR
  +--> ?PR?_SETFULLSCALEGYRORANGE?SENSOR
  +--> ?PR?_SETFULLSCALEACCELRANGE?SENSOR
  +--> ?PR?_SETSLEEPENABLED?SENSOR

?PR?_SETCLOCKSOURCE?SENSOR                       -----    -----      -----    -----
  +--> ?PR?_I2C_MPU_WRITEBITS?HAL_W2_ISR
BL51 BANKED LINKER/LOCATER V6.22                                                      02/15/2017  20:50:28  PAGE 7



?PR?_I2C_MPU_WRITEBITS?HAL_W2_ISR                0028H    0007H      -----    -----
  +--> ?PR?_I2C_MPU_READBYTE?HAL_W2_ISR
  +--> ?PR?_I2C_MPU_WRITEBYTE?HAL_W2_ISR

?PR?_I2C_MPU_WRITEBYTE?HAL_W2_ISR                002FH    0001H      -----    -----
  +--> ?PR?_I2C_MPU_WRITEBYTES?HAL_W2_ISR

?PR?_I2C_MPU_WRITEBYTES?HAL_W2_ISR               0030H    0006H      -----    -----
  +--> ?PR?_HAL_W2_INIT_TRANSFER?HAL_W2_ISR
  +--> ?PR?HAL_W2_WAIT_DATA_READY_ISR?HAL_W2...

?PR?_SETFULLSCALEGYRORANGE?SENSOR                -----    -----      -----    -----
  +--> ?PR?_I2C_MPU_WRITEBITS?HAL_W2_ISR

?PR?_SETFULLSCALEACCELRANGE?SENSOR               -----    -----      -----    -----
  +--> ?PR?_I2C_MPU_WRITEBITS?HAL_W2_ISR

?PR?_SETSLEEPENABLED?SENSOR                      -----    -----      -----    -----
  +--> ?PR?_I2C_MPU_WRITEBIT?HAL_W2_ISR

?PR?_I2C_MPU_WRITEBIT?HAL_W2_ISR                 0028H    0005H      -----    -----
  +--> ?PR?_I2C_MPU_READBYTE?HAL_W2_ISR
  +--> ?PR?_I2C_MPU_WRITEBYTE?HAL_W2_ISR

?PR?DMPINITIALIZE?SENSOR                         -----    -----      0296H    009BH
  +--> ?PR?I2C_MPU_RESET?SENSOR
  +--> ?PR?_DELAY_MS?HAL_DELAY
  +--> ?PR?_SETSLEEPENABLED?SENSOR
  +--> ?PR?_SETMEMORYBANK?SENSOR
  +--> ?PR?_SETMEMORYSTARTADDRESS?SENSOR
  +--> ?PR?GETXGYROOFFSETTC?SENSOR
  +--> ?PR?GETYGYROOFFSETTC?SENSOR
  +--> ?PR?GETZGYROOFFSETTC?SENSOR
  +--> ?PR?_SETSLAVEADDRESS?SENSOR
  +--> ?PR?_SETI2CMASTERMODEENABLED?SENSOR
  +--> ?PR?RESETI2CMASTER?SENSOR
  +--> ?CO?SENSOR
  +--> ?PR?_WRITEPROGMEMORYBLOCK?SENSOR
  +--> ?PR?_WRITEPROGDMPCONFIGURATIONSET?SENSOR
  +--> ?PR?_SETCLOCKSOURCE?SENSOR
  +--> ?PR?_SETINTENABLED?SENSOR
  +--> ?PR?_SETRATE?SENSOR
  +--> ?PR?_I2C_MPU_READBYTE?HAL_W2_ISR
  +--> ?PR?_I2C_MPU_WRITEBYTE?HAL_W2_ISR
  +--> ?PR?_SETDLPFMODE?SENSOR
  +--> ?PR?_SETFULLSCALEGYRORANGE?SENSOR
  +--> ?PR?_SETDMPCONFIG1?SENSOR
  +--> ?PR?_SETDMPCONFIG2?SENSOR
  +--> ?PR?_SETOTPBANKVALID?SENSOR
  +--> ?PR?_WRITEMEMORYBLOCK?SENSOR
  +--> ?PR?RESETFIFO?SENSOR
  +--> ?PR?GETFIFOCOUNT?SENSOR
  +--> ?PR?_GETFIFOBYTES?SENSOR
  +--> ?PR?_SETMOTIONDETECTIONTHRESHOLD?SENSOR
  +--> ?PR?_SETZEROMOTIONDETECTIONTHRESHOLD?...
  +--> ?PR?_SETMOTIONDETECTIONDURATION?SENSOR
BL51 BANKED LINKER/LOCATER V6.22                                                      02/15/2017  20:50:28  PAGE 8


  +--> ?PR?_SETZEROMOTIONDETECTIONDURATION?S...
  +--> ?PR?_SETFIFOENABLED?SENSOR
  +--> ?PR?_SETDMPENABLED?SENSOR
  +--> ?PR?RESETDMP?SENSOR
  +--> ?PR?_READMEMORYBLOCK?SENSOR
  +--> ?PR?GETINTSTATUS?SENSOR

?PR?I2C_MPU_RESET?SENSOR                         -----    -----      -----    -----
  +--> ?PR?_I2C_MPU_WRITEBIT?HAL_W2_ISR

?PR?_DELAY_MS?HAL_DELAY                          -----    -----      -----    -----
  +--> ?PR?_DELAY_US?HAL_DELAY

?PR?_SETMEMORYBANK?SENSOR                        -----    -----      -----    -----
  +--> ?PR?_I2C_MPU_WRITEBYTE?HAL_W2_ISR

?PR?_SETMEMORYSTARTADDRESS?SENSOR                -----    -----      -----    -----
  +--> ?PR?_I2C_MPU_WRITEBYTE?HAL_W2_ISR

?PR?GETXGYROOFFSETTC?SENSOR                      -----    -----      -----    -----
  +--> ?PR?_I2C_MPU_READBITS?HAL_W2_ISR

?PR?GETYGYROOFFSETTC?SENSOR                      -----    -----      -----    -----
  +--> ?PR?_I2C_MPU_READBITS?HAL_W2_ISR

?PR?GETZGYROOFFSETTC?SENSOR                      -----    -----      -----    -----
  +--> ?PR?_I2C_MPU_READBITS?HAL_W2_ISR

?PR?_SETSLAVEADDRESS?SENSOR                      -----    -----      -----    -----
  +--> ?PR?_I2C_MPU_WRITEBYTE?HAL_W2_ISR

?PR?_SETI2CMASTERMODEENABLED?SENSOR              -----    -----      -----    -----
  +--> ?PR?_I2C_MPU_WRITEBIT?HAL_W2_ISR

?PR?RESETI2CMASTER?SENSOR                        -----    -----      -----    -----
  +--> ?PR?_I2C_MPU_WRITEBIT?HAL_W2_ISR

?PR?_WRITEPROGMEMORYBLOCK?SENSOR                 -----    -----      0331H    0008H
  +--> ?PR?_WRITEMEMORYBLOCK?SENSOR

?PR?_WRITEMEMORYBLOCK?SENSOR                     -----    -----      0341H    0012H
  +--> ?PR?_SETMEMORYBANK?SENSOR
  +--> ?PR?_SETMEMORYSTARTADDRESS?SENSOR
  +--> ?PR?_MALLOC?MALLOC
  +--> ?PR?_I2C_MPU_WRITEBYTES?HAL_W2_ISR
  +--> ?PR?_I2C_MPU_READBYTES?HAL_W2_ISR
  +--> ?PR?_FREE?FREE

?PR?_MALLOC?MALLOC                               0030H    0004H      -----    -----

?PR?_FREE?FREE                                   0030H    0004H      -----    -----

?PR?_WRITEPROGDMPCONFIGURATIONSET?SENSOR         -----    -----      -----    -----
  +--> ?PR?_WRITEDMPCONFIGURATIONSET?SENSOR

?PR?_WRITEDMPCONFIGURATIONSET?SENSOR             -----    -----      0331H    0010H
  +--> ?PR?_MALLOC?MALLOC
BL51 BANKED LINKER/LOCATER V6.22                                                      02/15/2017  20:50:28  PAGE 9


  +--> ?PR?_REALLOC?REALLOC
  +--> ?PR?_WRITEMEMORYBLOCK?SENSOR
  +--> ?PR?_I2C_MPU_WRITEBYTE?HAL_W2_ISR
  +--> ?PR?_FREE?FREE

?PR?_REALLOC?REALLOC                             0028H    0008H      -----    -----
  +--> ?PR?_MALLOC?MALLOC
  +--> ?PR?_FREE?FREE

?PR?_SETINTENABLED?SENSOR                        -----    -----      -----    -----
  +--> ?PR?_I2C_MPU_WRITEBYTE?HAL_W2_ISR

?PR?_SETRATE?SENSOR                              -----    -----      -----    -----
  +--> ?PR?_I2C_MPU_WRITEBYTE?HAL_W2_ISR

?PR?_SETDLPFMODE?SENSOR                          -----    -----      -----    -----
  +--> ?PR?_I2C_MPU_WRITEBITS?HAL_W2_ISR

?PR?_SETDMPCONFIG1?SENSOR                        -----    -----      -----    -----
  +--> ?PR?_I2C_MPU_WRITEBYTE?HAL_W2_ISR

?PR?_SETDMPCONFIG2?SENSOR                        -----    -----      -----    -----
  +--> ?PR?_I2C_MPU_WRITEBYTE?HAL_W2_ISR

?PR?_SETOTPBANKVALID?SENSOR                      -----    -----      -----    -----
  +--> ?PR?_I2C_MPU_WRITEBIT?HAL_W2_ISR

?PR?RESETFIFO?SENSOR                             -----    -----      -----    -----
  +--> ?PR?_I2C_MPU_WRITEBIT?HAL_W2_ISR

?PR?GETFIFOCOUNT?SENSOR                          -----    -----      -----    -----
  +--> ?PR?_I2C_MPU_READBYTES?HAL_W2_ISR

?PR?_GETFIFOBYTES?SENSOR                         -----    -----      0331H    0003H
  +--> ?PR?_I2C_MPU_READBYTES?HAL_W2_ISR

?PR?_SETMOTIONDETECTIONTHRESHOLD?SENSOR          -----    -----      -----    -----
  +--> ?PR?_I2C_MPU_WRITEBYTE?HAL_W2_ISR

?PR?_SETZEROMOTIONDETECTIONTHRESHOLD?...         -----    -----      -----    -----
  +--> ?PR?_I2C_MPU_WRITEBYTE?HAL_W2_ISR

?PR?_SETMOTIONDETECTIONDURATION?SENSOR           -----    -----      -----    -----
  +--> ?PR?_I2C_MPU_WRITEBYTE?HAL_W2_ISR

?PR?_SETZEROMOTIONDETECTIONDURATION?S...         -----    -----      -----    -----
  +--> ?PR?_I2C_MPU_WRITEBYTE?HAL_W2_ISR

?PR?_SETFIFOENABLED?SENSOR                       -----    -----      -----    -----
  +--> ?PR?_I2C_MPU_WRITEBIT?HAL_W2_ISR

?PR?_SETDMPENABLED?SENSOR                        -----    -----      -----    -----
  +--> ?PR?_I2C_MPU_WRITEBIT?HAL_W2_ISR

?PR?RESETDMP?SENSOR                              -----    -----      -----    -----
  +--> ?PR?_I2C_MPU_WRITEBIT?HAL_W2_ISR

BL51 BANKED LINKER/LOCATER V6.22                                                      02/15/2017  20:50:28  PAGE 10


?PR?_READMEMORYBLOCK?SENSOR                      -----    -----      0331H    000AH
  +--> ?PR?_SETMEMORYBANK?SENSOR
  +--> ?PR?_SETMEMORYSTARTADDRESS?SENSOR
  +--> ?PR?_I2C_MPU_READBYTES?HAL_W2_ISR

?PR?GETINTSTATUS?SENSOR                          -----    -----      -----    -----
  +--> ?PR?_I2C_MPU_READBYTE?HAL_W2_ISR

?PR?_SETXACCELOFFSET?SENSOR                      -----    -----      -----    -----
  +--> ?PR?_I2C_MPU_WRITEWORD?HAL_W2_ISR

?PR?_I2C_MPU_WRITEWORD?HAL_W2_ISR                0028H    0002H      -----    -----
  +--> ?PR?_I2C_MPU_WRITEWORDS?HAL_W2_ISR

?PR?_I2C_MPU_WRITEWORDS?HAL_W2_ISR               002AH    0006H      -----    -----
  +--> ?PR?_HAL_W2_INIT_TRANSFER?HAL_W2_ISR
  +--> ?PR?HAL_W2_WAIT_DATA_READY_ISR?HAL_W2...

?PR?_SETYACCELOFFSET?SENSOR                      -----    -----      -----    -----
  +--> ?PR?_I2C_MPU_WRITEWORD?HAL_W2_ISR

?PR?_SETZACCELOFFSET?SENSOR                      -----    -----      -----    -----
  +--> ?PR?_I2C_MPU_WRITEWORD?HAL_W2_ISR

?PR?_SETXGYROOFFSET?SENSOR                       -----    -----      -----    -----
  +--> ?PR?_I2C_MPU_WRITEWORD?HAL_W2_ISR

?PR?_SETYGYROOFFSET?SENSOR                       -----    -----      -----    -----
  +--> ?PR?_I2C_MPU_WRITEWORD?HAL_W2_ISR

?PR?_SETZGYROOFFSET?SENSOR                       -----    -----      -----    -----
  +--> ?PR?_I2C_MPU_WRITEWORD?HAL_W2_ISR

?PR?_SEND_RF_COMMAND?SENSOR                      -----    -----      -----    -----
  +--> ?PR?_TX_MODE_NOACK?SENSOR
  +--> ?PR?RX_MODE?SENSOR

?PR?_TX_MODE_NOACK?SENSOR                        002CH    0002H      -----    -----
  +--> ?PR?_SPI_RW_REG?SENSOR
  +--> ?CO?SENSOR
  +--> ?PR?_SPI_WRITE_BUF?SENSOR

?PR?DATAACQ?SENSOR                               0027H    0002H      -----    -----
  +--> ?PR?GETFIFOCOUNT?SENSOR
  +--> ?PR?_GETFIFOBYTES?SENSOR
  +--> ?PR?_SEND_INERTIAL_PACKET_BY_RF?SENSOR

?PR?_SEND_INERTIAL_PACKET_BY_RF?SENSOR           0029H    0003H      -----    -----
  +--> ?PR?_TX_MODE_NOACK?SENSOR
  +--> ?PR?RX_MODE?SENSOR

?PR?CALIBRATIONROUTINE?SENSOR                    -----    -----      -----    -----
  +--> ?PR?CALIBRATIONSTEPONE?SENSOR
  +--> ?PR?CALIBRATIONSTEPTWO?SENSOR

?PR?CALIBRATIONSTEPONE?SENSOR                    -----    -----      -----    -----
  +--> ?PR?_GETMOTION6_VARIABLES?SENSOR
BL51 BANKED LINKER/LOCATER V6.22                                                      02/15/2017  20:50:28  PAGE 11


  +--> ?PR?_SETXACCELOFFSET?SENSOR
  +--> ?PR?_SETYACCELOFFSET?SENSOR
  +--> ?PR?_SETZACCELOFFSET?SENSOR
  +--> ?PR?_SETXGYROOFFSET?SENSOR
  +--> ?PR?_SETYGYROOFFSET?SENSOR
  +--> ?PR?_SETZGYROOFFSET?SENSOR

?PR?_GETMOTION6_VARIABLES?SENSOR                 -----    -----      0296H    0012H
  +--> ?PR?_I2C_MPU_READBYTES?HAL_W2_ISR

?PR?CALIBRATIONSTEPTWO?SENSOR                    -----    -----      -----    -----
  +--> ?PR?_GETMOTION6_VARIABLES?SENSOR
  +--> ?PR?_MATH_ABS?SENSOR
  +--> ?PR?GETXACCELOFFSET?SENSOR
  +--> ?PR?_SETXACCELOFFSET?SENSOR
  +--> ?PR?GETYACCELOFFSET?SENSOR
  +--> ?PR?_SETYACCELOFFSET?SENSOR
  +--> ?PR?GETZACCELOFFSET?SENSOR
  +--> ?PR?_SETZACCELOFFSET?SENSOR
  +--> ?PR?GETXGYROOFFSET?SENSOR
  +--> ?PR?_SETXGYROOFFSET?SENSOR
  +--> ?PR?GETYGYROOFFSET?SENSOR
  +--> ?PR?_SETYGYROOFFSET?SENSOR
  +--> ?PR?GETZGYROOFFSET?SENSOR
  +--> ?PR?_SETZGYROOFFSET?SENSOR
  +--> ?PR?STOP_T0?SENSOR

?PR?GETXACCELOFFSET?SENSOR                       -----    -----      -----    -----
  +--> ?PR?_I2C_MPU_READBYTES?HAL_W2_ISR

?PR?GETYACCELOFFSET?SENSOR                       -----    -----      -----    -----
  +--> ?PR?_I2C_MPU_READBYTES?HAL_W2_ISR

?PR?GETZACCELOFFSET?SENSOR                       -----    -----      -----    -----
  +--> ?PR?_I2C_MPU_READBYTES?HAL_W2_ISR

?PR?GETXGYROOFFSET?SENSOR                        -----    -----      -----    -----
  +--> ?PR?_I2C_MPU_READBYTES?HAL_W2_ISR

?PR?GETYGYROOFFSET?SENSOR                        -----    -----      -----    -----
  +--> ?PR?_I2C_MPU_READBYTES?HAL_W2_ISR

?PR?GETZGYROOFFSET?SENSOR                        -----    -----      -----    -----
  +--> ?PR?_I2C_MPU_READBYTES?HAL_W2_ISR



SYMBOL TABLE OF MODULE:  .\Objects\sensor_project (SENSOR)

  VALUE           TYPE          NAME
  ----------------------------------

  -------         MODULE        SENSOR
  C:0000H         SYMBOL        _ICE_DUMMY_
  D:0080H         PUBLIC        P0
  D:0016H         PUBLIC        initial_timer_count
  D:0090H         PUBLIC        P1
BL51 BANKED LINKER/LOCATER V6.22                                                      02/15/2017  20:50:28  PAGE 12


  D:00A0H         PUBLIC        P2
  D:00B0H         PUBLIC        P3
  X:0000H         PUBLIC        fifoBuffer
  C:379CH         PUBLIC        dmpGetFIFOPacketSize
  B:00A8H.7       PUBLIC        EA
  C:3698H         PUBLIC        resetDMP
  X:002AH         PUBLIC        rx_buf
  C:23EDH         PUBLIC        _readMemoryBlock
  C:303CH         PUBLIC        I2C_IRQ
  X:004AH         PUBLIC        tx_buf
  D:00A8H         PUBLIC        IEN0
  D:00B8H         PUBLIC        IEN1
  C:31C5H         PUBLIC        mpu_testConnection
  C:356CH         PUBLIC        RX_Mode
  C:30B1H         PUBLIC        DataAcq
  C:232EH         PUBLIC        _getMotion6_variables
  C:359FH         PUBLIC        start_T0
  C:34B1H         PUBLIC        getMotionDetectionThreshold
  X:006AH         PUBLIC        malloc_memory_pool
  C:3409H         PUBLIC        getFIFOEnabled
  C:33A3H         PUBLIC        _setSlaveAddress
  B:00B8H.1       PUBLIC        RF
  D:00E7H         PUBLIC        SPIRDAT
  B:0021H.0       PUBLIC        newPayload
  C:1B8AH         PUBLIC        _writeMemoryBlock
  C:35CDH         PUBLIC        _setup_T0_ticks
  C:35F7H         PUBLIC        _setFullScaleAccelRange
  X:025EH         PUBLIC        calibStep
  C:07DFH         PUBLIC        dmpConfig
  C:089FH         PUBLIC        dmpUpdates
  C:35BFH         PUBLIC        _setup_T0_elapsed_ms
  D:0017H         PUBLIC        packet_type
  B:0020H.6       PUBLIC        RX_DR
  B:00E8H.0       PUBLIC        RFCE
  X:025FH         PUBLIC        gyroBuffer
  C:18D0H         PUBLIC        _writeDMPConfigurationSet
  C:2D67H         PUBLIC        _send_packet_to_computer
  C:37C9H         PUBLIC        _setMotionDetectionThreshold
  B:0020H.5       PUBLIC        TX_DS
  C:3712H         PUBLIC        _setFIFOEnabled
  C:3613H         PUBLIC        _setExternalFrameSync
  C:33D7H         PUBLIC        _setup_T0_elapsed_us
  C:29EDH         PUBLIC        main
  C:2C10H         PUBLIC        initial_setup_dmp
  D:0018H         PUBLIC        sensor_status
  C:24E4H         PUBLIC        _dmpGetQuaternion_int16
  C:3421H         PUBLIC        getOTPBankValid
  C:360AH         PUBLIC        _setMemoryStartAddress
  C:3548H         PUBLIC        _send_rf_command
  C:32DEH         PUBLIC        getXGyroOffset
  C:326AH         PUBLIC        _setup_T0_freq
  C:37A5H         PUBLIC        _setIntEnabled
  C:32FBH         PUBLIC        getYGyroOffset
  X:0265H         PUBLIC        accelTol
  C:3318H         PUBLIC        getZGyroOffset
  C:35AFH         PUBLIC        stop_T0
  C:34D7H         PUBLIC        getMotionDetectionDuration
BL51 BANKED LINKER/LOCATER V6.22                                                      02/15/2017  20:50:28  PAGE 13


  C:348BH         PUBLIC        getDMPConfig1
  C:349EH         PUBLIC        getDMPConfig2
  D:0019H         PUBLIC        timer_count
  C:35DBH         PUBLIC        _setClockSource
  B:0080H.3       PUBLIC        P03
  C:2D16H         PUBLIC        setup
  C:3774H         PUBLIC        _setOTPBankValid
  D:0089H         PUBLIC        TMOD
  D:0088H         PUBLIC        TCON
  C:322CH         PUBLIC        _writeProgMemoryBlock
  C:3707H         PUBLIC        _setI2CMasterModeEnabled
  C:36DBH         PUBLIC        _setXGyroOffset
  C:36E6H         PUBLIC        _setYGyroOffset
  C:36F1H         PUBLIC        _setZGyroOffset
  X:0266H         PUBLIC        calibOk
  C:34C4H         PUBLIC        getZeroMotionDetectionThreshold
  C:3680H         PUBLIC        i2c_mpu_reset
  C:37DBH         PUBLIC        _setMotionDetectionDuration
  B:00E8H.2       PUBLIC        RFCKEN
  C:08CEH         PUBLIC        ADDR_HOST
  X:0267H         PUBLIC        calibIt
  C:37B7H         PUBLIC        _setDMPConfig1
  C:1DCFH         PUBLIC        _send_inertial_packet_by_rf
  C:37C0H         PUBLIC        _setDMPConfig2
  C:376AH         PUBLIC        _writeProgDMPConfigurationSet
  X:0268H         PUBLIC        dmpPacketSize
  C:0056H         PUBLIC        dmpMemory
  C:3352H         PUBLIC        getXGyroOffsetTC
  C:336DH         PUBLIC        getYGyroOffsetTC
  C:3388H         PUBLIC        getZGyroOffsetTC
  C:37D2H         PUBLIC        _setZeroMotionDetectionThreshold
  D:0020H         PUBLIC        sta
  B:00A8H.1       PUBLIC        ET0
  C:31F0H         PUBLIC        _setMemoryBank
  C:3149H         PUBLIC        _SPI_Read_Buf
  C:3667H         PUBLIC        _SPI_Read
  C:3674H         PUBLIC        resetFIFO
  D:008CH         PUBLIC        TH0
  C:362FH         PUBLIC        _setXGyroOffsetTC
  C:363DH         PUBLIC        _setYGyroOffsetTC
  C:25C6H         PUBLIC        _getMotion6_packet
  C:364BH         PUBLIC        _setZGyroOffsetTC
  D:008AH         PUBLIC        TL0
  C:34EAH         PUBLIC        getZeroMotionDetectionDuration
  C:200FH         PUBLIC        calibrationStepOne
  C:368CH         PUBLIC        resetI2CMaster
  B:0088H.4       PUBLIC        TR0
  X:026AH         PUBLIC        accelBuffer
  X:0270H         PUBLIC        ax
  X:0272H         PUBLIC        ay
  C:30E5H         PUBLIC        _SPI_Write_Buf
  C:2DB7H         PUBLIC        _send_packet_from_host_to_computer
  X:0274H         PUBLIC        az
  C:0DFBH         PUBLIC        dmpInitialize
  C:37AEH         PUBLIC        _setRate
  D:001AH         PUBLIC        NBT0H
  C:15FAH         PUBLIC        _dmpGetPacket16bits
BL51 BANKED LINKER/LOCATER V6.22                                                      02/15/2017  20:50:28  PAGE 14


  C:37E4H         PUBLIC        _setZeroMotionDetectionDuration
  X:0276H         PUBLIC        gx
  X:0278H         PUBLIC        gy
  C:36FCH         PUBLIC        _setDMPEnabled
  D:0093H         PUBLIC        P0DIR
  X:027AH         PUBLIC        gz
  C:3287H         PUBLIC        getXAccelOffset
  D:001BH         PUBLIC        NBT0L
  D:009EH         PUBLIC        P0CON
  D:0094H         PUBLIC        P1DIR
  C:3117H         PUBLIC        _TX_Mode_NOACK
  C:343DH         PUBLIC        _MATH_ABS
  X:027CH         PUBLIC        timeTol
  C:32A4H         PUBLIC        getYAccelOffset
  D:009FH         PUBLIC        P1CON
  X:027DH         PUBLIC        calibCounter
  C:32C1H         PUBLIC        getZAccelOffset
  C:35E9H         PUBLIC        _setFullScaleGyroRange
  D:0098H         PUBLIC        S0CON
  C:2862H         PUBLIC        RF_IRQ
  X:027EH         PUBLIC        mx
  X:0280H         PUBLIC        my
  D:00D8H         PUBLIC        ADCON
  X:0282H         PUBLIC        mz
  D:001CH         PUBLIC        timer_elapsed
  D:00C8H         PUBLIC        T2CON
  C:12F2H         PUBLIC        calibrationStepTwo
  D:00F8H         PUBLIC        FSR
  B:0020H.4       PUBLIC        MAX_RT
  C:36BAH         PUBLIC        _setXAccelOffset
  C:000EH         PUBLIC        mpu_initialize
  C:2CC1H         PUBLIC        _send_packet_to_host
  C:36C5H         PUBLIC        _setYAccelOffset
  C:2695H         PUBLIC        _rf_init
  C:36D0H         PUBLIC        _setZAccelOffset
  C:324CH         PUBLIC        TMR0_IRQ
  X:0284H         PUBLIC        payloadWidth
  C:2EAEH         PUBLIC        _getFIFOBytes
  X:0285H         PUBLIC        gyroTol
  C:3335H         PUBLIC        getFIFOCount
  C:36A4H         PUBLIC        mpu_8051_malloc_setup
  C:34FDH         PUBLIC        _SPI_RW_Reg
  C:377EH         PUBLIC        _SPI_RW
  C:3478H         PUBLIC        getIntStatus
  D:00E8H         PUBLIC        RFCON
  C:36AFH         PUBLIC        _setSleepEnabled
  D:00D0H         PUBLIC        PSW
  C:3536H         PUBLIC        calibrationRoutine
  C:3510H         PUBLIC        iniciarIO
  D:00C0H         PUBLIC        IRCON
  C:3621H         PUBLIC        _setDLPFMode
  X:0286H         PUBLIC        dmpPacketBuffer
  X:0288H         PUBLIC        buffer
  B:00E8H.1       PUBLIC        RFCSN
  D:00E6H         PUBLIC        SPIRSTAT
  -------         PROC          _SETUP_T0_FREQ
  D:0007H         SYMBOL        Freq_Hz
BL51 BANKED LINKER/LOCATER V6.22                                                      02/15/2017  20:50:28  PAGE 15


  D:0027H         SYMBOL        flag_count
  -------         DO            
  D:0006H         SYMBOL        qnt_ticks
  -------         ENDDO         
  C:326AH         LINE#         37
  C:326CH         LINE#         38
  C:3282H         LINE#         39
  -------         ENDPROC       _SETUP_T0_FREQ
  -------         PROC          _SETUP_T0_ELAPSED_MS
  D:0006H         SYMBOL        T_ms
  D:0003H         SYMBOL        flag_count
  C:35BFH         LINE#         50
  C:35C1H         LINE#         51
  -------         ENDPROC       _SETUP_T0_ELAPSED_MS
  -------         PROC          _SETUP_T0_ELAPSED_US
  D:0006H         SYMBOL        T_us
  D:0003H         SYMBOL        flag_count
  -------         DO            
  D:0006H         SYMBOL        qnt_ticks
  -------         ENDDO         
  C:33D7H         LINE#         62
  C:33D9H         LINE#         63
  C:33EBH         LINE#         64
  -------         ENDPROC       _SETUP_T0_ELAPSED_US
  -------         PROC          _SETUP_T0_TICKS
  D:0002H         SYMBOL        number_beats
  D:0005H         SYMBOL        flag_count
  C:35CDH         LINE#         73
  C:35CFH         LINE#         74
  C:35D1H         LINE#         75
  C:35D4H         LINE#         76
  C:35DAH         LINE#         77
  -------         ENDPROC       _SETUP_T0_TICKS
  -------         PROC          TMR0_IRQ
  C:324CH         LINE#         80
  C:3250H         LINE#         82
  C:3250H         LINE#         83
  C:3250H         LINE#         84
  C:3252H         LINE#         85
  C:3259H         LINE#         86
  C:325CH         LINE#         87
  C:325FH         LINE#         88
  C:325FH         LINE#         89
  C:3262H         LINE#         90
  C:3265H         LINE#         91
  C:3265H         LINE#         92
  -------         ENDPROC       TMR0_IRQ
  -------         PROC          START_T0
  C:359FH         LINE#         94
  C:359FH         LINE#         95
  C:35A2H         LINE#         96
  C:35A5H         LINE#         97
  C:35A8H         LINE#         98
  C:35AAH         LINE#         99
  C:35ACH         LINE#         100
  C:35AEH         LINE#         101
  -------         ENDPROC       START_T0
BL51 BANKED LINKER/LOCATER V6.22                                                      02/15/2017  20:50:28  PAGE 16


  -------         PROC          STOP_T0
  C:35AFH         LINE#         103
  C:35AFH         LINE#         104
  C:35B2H         LINE#         105
  C:35B5H         LINE#         106
  C:35B8H         LINE#         107
  C:35BAH         LINE#         108
  C:35BCH         LINE#         109
  C:35BEH         LINE#         110
  -------         ENDPROC       STOP_T0
  -------         PROC          MPU_8051_MALLOC_SETUP
  C:36A4H         LINE#         312
  C:36A4H         LINE#         313
  -------         ENDPROC       MPU_8051_MALLOC_SETUP
  -------         PROC          _SETCLOCKSOURCE
  D:0007H         SYMBOL        source
  C:35DBH         LINE#         332
  C:35DBH         LINE#         333
  -------         ENDPROC       _SETCLOCKSOURCE
  -------         PROC          _SETFULLSCALEGYRORANGE
  D:0007H         SYMBOL        range
  C:35E9H         LINE#         341
  C:35E9H         LINE#         342
  -------         ENDPROC       _SETFULLSCALEGYRORANGE
  -------         PROC          _SETFULLSCALEACCELRANGE
  D:0007H         SYMBOL        range
  C:35F7H         LINE#         349
  C:35F7H         LINE#         350
  -------         ENDPROC       _SETFULLSCALEACCELRANGE
  -------         PROC          _SETSLEEPENABLED
  D:0007H         SYMBOL        enabled
  C:36AFH         LINE#         358
  C:36AFH         LINE#         359
  -------         ENDPROC       _SETSLEEPENABLED
  -------         PROC          MPU_INITIALIZE
  C:000EH         LINE#         366
  C:000EH         LINE#         367
  C:0013H         LINE#         368
  C:0018H         LINE#         369
  C:001DH         LINE#         370
  -------         ENDPROC       MPU_INITIALIZE
  -------         PROC          MPU_TESTCONNECTION
  C:31C5H         LINE#         378
  C:31C5H         LINE#         379
  C:31DAH         LINE#         380
  C:31E7H         LINE#         381
  -------         ENDPROC       MPU_TESTCONNECTION
  -------         PROC          _GETMOTION6_PACKET
  X:0367H         SYMBOL        packet6
  C:25C6H         LINE#         388
  C:25CEH         LINE#         389
  C:25E0H         LINE#         390
  C:25F3H         LINE#         391
  C:25FDH         LINE#         392
  C:2608H         LINE#         393
  C:2614H         LINE#         394
  C:2624H         LINE#         395
BL51 BANKED LINKER/LOCATER V6.22                                                      02/15/2017  20:50:28  PAGE 17


  C:2634H         LINE#         396
  C:2644H         LINE#         397
  C:2654H         LINE#         398
  C:2664H         LINE#         399
  C:2674H         LINE#         400
  C:2684H         LINE#         401
  C:2694H         LINE#         402
  -------         ENDPROC       _GETMOTION6_PACKET
  -------         PROC          _SETXACCELOFFSET
  D:0006H         SYMBOL        offset
  C:36BAH         LINE#         407
  C:36BAH         LINE#         408
  -------         ENDPROC       _SETXACCELOFFSET
  -------         PROC          _SETYACCELOFFSET
  D:0006H         SYMBOL        offset
  C:36C5H         LINE#         410
  C:36C5H         LINE#         411
  -------         ENDPROC       _SETYACCELOFFSET
  -------         PROC          _SETZACCELOFFSET
  D:0006H         SYMBOL        offset
  C:36D0H         LINE#         413
  C:36D0H         LINE#         414
  -------         ENDPROC       _SETZACCELOFFSET
  -------         PROC          _SETXGYROOFFSET
  D:0006H         SYMBOL        offset
  C:36DBH         LINE#         416
  C:36DBH         LINE#         417
  -------         ENDPROC       _SETXGYROOFFSET
  -------         PROC          _SETYGYROOFFSET
  D:0006H         SYMBOL        offset
  C:36E6H         LINE#         419
  C:36E6H         LINE#         420
  -------         ENDPROC       _SETYGYROOFFSET
  -------         PROC          _SETZGYROOFFSET
  D:0006H         SYMBOL        offset
  C:36F1H         LINE#         422
  C:36F1H         LINE#         423
  -------         ENDPROC       _SETZGYROOFFSET
  -------         PROC          GETXACCELOFFSET
  C:3287H         LINE#         425
  C:3287H         LINE#         426
  C:3299H         LINE#         427
  C:32A3H         LINE#         428
  -------         ENDPROC       GETXACCELOFFSET
  -------         PROC          GETYACCELOFFSET
  C:32A4H         LINE#         429
  C:32A4H         LINE#         430
  C:32B6H         LINE#         431
  C:32C0H         LINE#         432
  -------         ENDPROC       GETYACCELOFFSET
  -------         PROC          GETZACCELOFFSET
  C:32C1H         LINE#         433
  C:32C1H         LINE#         434
  C:32D3H         LINE#         435
  C:32DDH         LINE#         436
  -------         ENDPROC       GETZACCELOFFSET
  -------         PROC          GETXGYROOFFSET
BL51 BANKED LINKER/LOCATER V6.22                                                      02/15/2017  20:50:28  PAGE 18


  C:32DEH         LINE#         437
  C:32DEH         LINE#         438
  C:32F0H         LINE#         439
  C:32FAH         LINE#         440
  -------         ENDPROC       GETXGYROOFFSET
  -------         PROC          GETYGYROOFFSET
  C:32FBH         LINE#         441
  C:32FBH         LINE#         442
  C:330DH         LINE#         443
  C:3317H         LINE#         444
  -------         ENDPROC       GETYGYROOFFSET
  -------         PROC          GETZGYROOFFSET
  C:3318H         LINE#         445
  C:3318H         LINE#         446
  C:332AH         LINE#         447
  C:3334H         LINE#         448
  -------         ENDPROC       GETZGYROOFFSET
  C:31E8H         SYMBOL        L?0318
  C:31EBH         SYMBOL        L?0319
  -------         PROC          L?0317
  -------         ENDPROC       L?0317
  C:31E8H         SYMBOL        L?0318
  C:31EBH         SYMBOL        L?0319
  -------         PROC          _SETMEMORYBANK
  D:0007H         SYMBOL        bank
  D:0005H         SYMBOL        prefetchEnabled
  D:0003H         SYMBOL        userBank
  C:31F0H         LINE#         450
  C:31F0H         LINE#         451
  C:31F4H         LINE#         452
  C:31FBH         LINE#         453
  C:3202H         LINE#         454
  -------         ENDPROC       _SETMEMORYBANK
  -------         PROC          GETFIFOCOUNT
  C:3335H         LINE#         462
  C:3335H         LINE#         463
  C:3347H         LINE#         464
  C:3351H         LINE#         465
  -------         ENDPROC       GETFIFOCOUNT
  -------         PROC          GETINTSTATUS
  C:3478H         LINE#         467
  C:3478H         LINE#         468
  C:3485H         LINE#         469
  C:348AH         LINE#         470
  -------         ENDPROC       GETINTSTATUS
  -------         PROC          _SETDMPENABLED
  D:0007H         SYMBOL        enabled
  C:36FCH         LINE#         472
  C:36FCH         LINE#         473
  -------         ENDPROC       _SETDMPENABLED
  -------         PROC          RESETFIFO
  C:3674H         LINE#         480
  C:3674H         LINE#         481
  -------         ENDPROC       RESETFIFO
  -------         PROC          DMPGETFIFOPACKETSIZE
  C:379CH         LINE#         484
  C:379CH         LINE#         485
BL51 BANKED LINKER/LOCATER V6.22                                                      02/15/2017  20:50:28  PAGE 19


  C:37A4H         LINE#         486
  -------         ENDPROC       DMPGETFIFOPACKETSIZE
  -------         PROC          L?0322
  -------         ENDPROC       L?0322
  -------         PROC          _GETFIFOBYTES
  X:0331H         SYMBOL        data_ptr
  D:0005H         SYMBOL        data_len
  C:2EAEH         LINE#         488
  C:2EB9H         LINE#         489
  C:2EBFH         LINE#         490
  C:2EDEH         LINE#         491
  C:2EDEH         LINE#         492
  C:2EEDH         LINE#         493
  C:2EEDH         LINE#         494
  -------         ENDPROC       _GETFIFOBYTES
  C:3605H         SYMBOL        L?0324
  -------         PROC          L?0323
  -------         ENDPROC       L?0323
  C:3605H         SYMBOL        L?0324
  -------         PROC          _SETMEMORYSTARTADDRESS
  D:0007H         SYMBOL        address
  C:360AH         LINE#         496
  C:360AH         LINE#         497
  -------         ENDPROC       _SETMEMORYSTARTADDRESS
  C:1B67H         SYMBOL        L?0315
  -------         PROC          L?0314
  -------         ENDPROC       L?0314
  C:1B67H         SYMBOL        L?0315
  -------         PROC          _WRITEMEMORYBLOCK
  X:0341H         SYMBOL        data_ptr
  X:0344H         SYMBOL        dataSize
  X:0346H         SYMBOL        bank
  X:0347H         SYMBOL        address
  X:0348H         SYMBOL        verify
  X:0349H         SYMBOL        useProgMem
  -------         DO            
  X:034AH         SYMBOL        chunkSize_wmb
  X:034BH         SYMBOL        verifyBuffer_wmb
  X:034EH         SYMBOL        progBuffer_wmb
  X:0351H         SYMBOL        i_wmb
  D:0007H         SYMBOL        j_wmb
  -------         ENDDO         
  C:1B8AH         LINE#         501
  C:1B9BH         LINE#         505
  C:1BA4H         LINE#         508
  C:1BA7H         LINE#         509
  C:1BAAH         LINE#         510
  C:1BC7H         LINE#         511
  C:1BE4H         LINE#         512
  C:1C04H         LINE#         514
  C:1C0AH         LINE#         517
  C:1C2CH         LINE#         520
  C:1C49H         LINE#         522
  C:1C4FH         LINE#         524
  C:1C97H         LINE#         525
  C:1C97H         LINE#         527
  C:1CBBH         LINE#         528
BL51 BANKED LINKER/LOCATER V6.22                                                      02/15/2017  20:50:28  PAGE 20


  C:1CBBH         LINE#         530
  C:1CD7H         LINE#         533
  C:1CF0H         LINE#         534
  C:1CF3H         LINE#         535
  C:1CF6H         LINE#         536
  C:1D12H         LINE#         537
  C:1D39H         LINE#         538
  C:1D47H         LINE#         539
  C:1D5BH         LINE#         540
  C:1D5EH         LINE#         541
  C:1D5EH         LINE#         542
  C:1D5EH         LINE#         545
  C:1D71H         LINE#         548
  C:1D77H         LINE#         551
  C:1D8FH         LINE#         552
  C:1D9BH         LINE#         553
  C:1D9EH         LINE#         554
  C:1DA1H         LINE#         555
  C:1DA1H         LINE#         556
  C:1DA4H         LINE#         557
  C:1DB8H         LINE#         558
  C:1DCCH         LINE#         559
  C:1DCEH         LINE#         560
  -------         ENDPROC       _WRITEMEMORYBLOCK
  -------         PROC          _WRITEDMPCONFIGURATIONSET
  X:0331H         SYMBOL        data_ptr
  X:0334H         SYMBOL        dataSize
  X:0336H         SYMBOL        useProgMem
  -------         DO            
  X:0337H         SYMBOL        progBuffer_wdcs
  X:033AH         SYMBOL        success_wdcs
  X:033BH         SYMBOL        special_wdcs
  X:033CH         SYMBOL        i_wdcs
  D:0006H         SYMBOL        j_wdcs
  X:033EH         SYMBOL        bank_wdcs
  X:033FH         SYMBOL        offset_wdcs
  X:0340H         SYMBOL        length_wdcs
  -------         ENDDO         
  C:18D0H         LINE#         563
  C:18E1H         LINE#         564
  C:18EAH         LINE#         568
  C:18F0H         LINE#         569
  C:1907H         LINE#         570
  C:1907H         LINE#         575
  C:1926H         LINE#         576
  C:1930H         LINE#         577
  C:1951H         LINE#         578
  C:1975H         LINE#         579
  C:1995H         LINE#         580
  C:1997H         LINE#         581
  C:19B5H         LINE#         582
  C:19CBH         LINE#         583
  C:19E1H         LINE#         584
  C:19E1H         LINE#         587
  C:19EEH         LINE#         589
  C:19F1H         LINE#         590
  C:1A1BH         LINE#         591
BL51 BANKED LINKER/LOCATER V6.22                                                      02/15/2017  20:50:28  PAGE 21


  C:1A68H         LINE#         592
  C:1A68H         LINE#         593
  C:1A8CH         LINE#         594
  C:1A8CH         LINE#         595
  C:1ABDH         LINE#         596
  C:1ACFH         LINE#         597
  C:1AD1H         LINE#         603
  C:1ADAH         LINE#         604
  C:1AF7H         LINE#         605
  C:1AF9H         LINE#         606
  C:1B17H         LINE#         607
  C:1B17H         LINE#         611
  C:1B1EH         LINE#         617
  C:1B27H         LINE#         619
  C:1B2DH         LINE#         620
  C:1B2FH         LINE#         622
  C:1B34H         LINE#         623
  C:1B34H         LINE#         624
  C:1B34H         LINE#         626
  C:1B3DH         LINE#         627
  C:1B4FH         LINE#         628
  C:1B52H         LINE#         629
  C:1B52H         LINE#         630
  C:1B52H         LINE#         631
  C:1B64H         LINE#         632
  C:1B66H         LINE#         633
  -------         ENDPROC       _WRITEDMPCONFIGURATIONSET
  -------         PROC          _READMEMORYBLOCK
  X:0331H         SYMBOL        data_ptr
  X:0334H         SYMBOL        dataSize
  X:0336H         SYMBOL        bank
  X:0337H         SYMBOL        address
  -------         DO            
  X:0338H         SYMBOL        chunkSize_rmb
  X:0339H         SYMBOL        i_rmb
  -------         ENDDO         
  C:23EDH         LINE#         635
  C:23FEH         LINE#         638
  C:2402H         LINE#         639
  C:240AH         LINE#         640
  C:242AH         LINE#         642
  C:2430H         LINE#         645
  C:2450H         LINE#         648
  C:246BH         LINE#         651
  C:2495H         LINE#         654
  C:24A8H         LINE#         657
  C:24AEH         LINE#         660
  C:24C6H         LINE#         661
  C:24D2H         LINE#         662
  C:24D8H         LINE#         663
  C:24E0H         LINE#         664
  C:24E0H         LINE#         665
  C:24E3H         LINE#         666
  -------         ENDPROC       _READMEMORYBLOCK
  -------         PROC          _WRITEPROGDMPCONFIGURATIONSET
  D:0001H         SYMBOL        data_ptr
  D:0004H         SYMBOL        dataSize
BL51 BANKED LINKER/LOCATER V6.22                                                      02/15/2017  20:50:28  PAGE 22


  C:376AH         LINE#         668
  C:376AH         LINE#         669
  C:3773H         LINE#         670
  -------         ENDPROC       _WRITEPROGDMPCONFIGURATIONSET
  -------         PROC          _WRITEPROGMEMORYBLOCK
  D:0001H         SYMBOL        data_ptr
  D:0004H         SYMBOL        dataSize
  X:0336H         SYMBOL        bank
  X:0337H         SYMBOL        address
  X:0338H         SYMBOL        verify
  C:322CH         LINE#         672
  C:322CH         LINE#         673
  C:324BH         LINE#         674
  -------         ENDPROC       _WRITEPROGMEMORYBLOCK
  -------         PROC          I2C_MPU_RESET
  C:3680H         LINE#         680
  C:3680H         LINE#         681
  -------         ENDPROC       I2C_MPU_RESET
  -------         PROC          _SETSLAVEADDRESS
  D:0007H         SYMBOL        num
  D:0006H         SYMBOL        address
  C:33A3H         LINE#         690
  C:33A5H         LINE#         691
  C:33ABH         LINE#         692
  C:33BCH         LINE#         693
  -------         ENDPROC       _SETSLAVEADDRESS
  -------         PROC          _SETI2CMASTERMODEENABLED
  D:0007H         SYMBOL        enabled
  C:3707H         LINE#         700
  C:3707H         LINE#         701
  -------         ENDPROC       _SETI2CMASTERMODEENABLED
  -------         PROC          RESETI2CMASTER
  C:368CH         LINE#         708
  C:368CH         LINE#         709
  -------         ENDPROC       RESETI2CMASTER
  -------         PROC          _SETINTENABLED
  D:0007H         SYMBOL        enabled
  C:37A5H         LINE#         712
  C:37A5H         LINE#         713
  -------         ENDPROC       _SETINTENABLED
  -------         PROC          _SETRATE
  D:0007H         SYMBOL        rate
  C:37AEH         LINE#         721
  C:37AEH         LINE#         722
  -------         ENDPROC       _SETRATE
  -------         PROC          _SETEXTERNALFRAMESYNC
  D:0007H         SYMBOL        sync_ext
  C:3613H         LINE#         730
  C:3613H         LINE#         731
  -------         ENDPROC       _SETEXTERNALFRAMESYNC
  -------         PROC          _SETDLPFMODE
  D:0007H         SYMBOL        mode
  C:3621H         LINE#         739
  C:3621H         LINE#         740
  -------         ENDPROC       _SETDLPFMODE
  -------         PROC          GETDMPCONFIG1
  C:348BH         LINE#         746
BL51 BANKED LINKER/LOCATER V6.22                                                      02/15/2017  20:50:28  PAGE 23


  C:348BH         LINE#         747
  C:3498H         LINE#         748
  C:349DH         LINE#         749
  -------         ENDPROC       GETDMPCONFIG1
  -------         PROC          _SETDMPCONFIG1
  D:0007H         SYMBOL        config
  C:37B7H         LINE#         750
  C:37B7H         LINE#         751
  -------         ENDPROC       _SETDMPCONFIG1
  -------         PROC          GETDMPCONFIG2
  C:349EH         LINE#         757
  C:349EH         LINE#         758
  C:34ABH         LINE#         759
  C:34B0H         LINE#         760
  -------         ENDPROC       GETDMPCONFIG2
  -------         PROC          _SETDMPCONFIG2
  D:0007H         SYMBOL        config
  C:37C0H         LINE#         761
  C:37C0H         LINE#         762
  -------         ENDPROC       _SETDMPCONFIG2
  -------         PROC          GETOTPBANKVALID
  C:3421H         LINE#         765
  C:3421H         LINE#         766
  C:3432H         LINE#         767
  C:3437H         LINE#         768
  -------         ENDPROC       GETOTPBANKVALID
  -------         PROC          _SETOTPBANKVALID
  D:0007H         SYMBOL        enabled
  C:3774H         LINE#         769
  C:3774H         LINE#         770
  -------         ENDPROC       _SETOTPBANKVALID
  -------         PROC          GETXGYROOFFSETTC
  C:3352H         LINE#         776
  C:3352H         LINE#         777
  C:3367H         LINE#         778
  C:336CH         LINE#         779
  -------         ENDPROC       GETXGYROOFFSETTC
  -------         PROC          _SETXGYROOFFSETTC
  D:0007H         SYMBOL        offset
  C:362FH         LINE#         780
  C:362FH         LINE#         781
  -------         ENDPROC       _SETXGYROOFFSETTC
  -------         PROC          GETYGYROOFFSETTC
  C:336DH         LINE#         787
  C:336DH         LINE#         788
  C:3382H         LINE#         789
  C:3387H         LINE#         790
  -------         ENDPROC       GETYGYROOFFSETTC
  -------         PROC          _SETYGYROOFFSETTC
  D:0007H         SYMBOL        offset
  C:363DH         LINE#         791
  C:363DH         LINE#         792
  -------         ENDPROC       _SETYGYROOFFSETTC
  -------         PROC          GETZGYROOFFSETTC
  C:3388H         LINE#         798
  C:3388H         LINE#         799
  C:339DH         LINE#         800
BL51 BANKED LINKER/LOCATER V6.22                                                      02/15/2017  20:50:28  PAGE 24


  C:33A2H         LINE#         801
  -------         ENDPROC       GETZGYROOFFSETTC
  -------         PROC          _SETZGYROOFFSETTC
  D:0007H         SYMBOL        offset
  C:364BH         LINE#         802
  C:364BH         LINE#         803
  -------         ENDPROC       _SETZGYROOFFSETTC
  -------         PROC          GETMOTIONDETECTIONTHRESHOLD
  C:34B1H         LINE#         813
  C:34B1H         LINE#         814
  C:34BEH         LINE#         815
  C:34C3H         LINE#         816
  -------         ENDPROC       GETMOTIONDETECTIONTHRESHOLD
  -------         PROC          _SETMOTIONDETECTIONTHRESHOLD
  D:0007H         SYMBOL        threshold
  C:37C9H         LINE#         823
  C:37C9H         LINE#         824
  -------         ENDPROC       _SETMOTIONDETECTIONTHRESHOLD
  -------         PROC          GETZEROMOTIONDETECTIONTHRESHOLD
  C:34C4H         LINE#         835
  C:34C4H         LINE#         836
  C:34D1H         LINE#         837
  C:34D6H         LINE#         838
  -------         ENDPROC       GETZEROMOTIONDETECTIONTHRESHOLD
  -------         PROC          _SETZEROMOTIONDETECTIONTHRESHOLD
  D:0007H         SYMBOL        threshold
  C:37D2H         LINE#         845
  C:37D2H         LINE#         846
  -------         ENDPROC       _SETZEROMOTIONDETECTIONTHRESHOLD
  -------         PROC          GETMOTIONDETECTIONDURATION
  C:34D7H         LINE#         855
  C:34D7H         LINE#         856
  C:34E4H         LINE#         857
  C:34E9H         LINE#         858
  -------         ENDPROC       GETMOTIONDETECTIONDURATION
  -------         PROC          _SETMOTIONDETECTIONDURATION
  D:0007H         SYMBOL        duration
  C:37DBH         LINE#         865
  C:37DBH         LINE#         866
  -------         ENDPROC       _SETMOTIONDETECTIONDURATION
  -------         PROC          GETZEROMOTIONDETECTIONDURATION
  C:34EAH         LINE#         875
  C:34EAH         LINE#         876
  C:34F7H         LINE#         877
  C:34FCH         LINE#         878
  -------         ENDPROC       GETZEROMOTIONDETECTIONDURATION
  -------         PROC          _SETZEROMOTIONDETECTIONDURATION
  D:0007H         SYMBOL        duration
  C:37E4H         LINE#         885
  C:37E4H         LINE#         886
  -------         ENDPROC       _SETZEROMOTIONDETECTIONDURATION
  -------         PROC          GETFIFOENABLED
  C:3409H         LINE#         894
  C:3409H         LINE#         895
  C:341BH         LINE#         896
  C:3420H         LINE#         897
  -------         ENDPROC       GETFIFOENABLED
BL51 BANKED LINKER/LOCATER V6.22                                                      02/15/2017  20:50:28  PAGE 25


  -------         PROC          _SETFIFOENABLED
  D:0007H         SYMBOL        enabled
  C:3712H         LINE#         904
  C:3712H         LINE#         905
  -------         ENDPROC       _SETFIFOENABLED
  -------         PROC          RESETDMP
  C:3698H         LINE#         908
  C:3698H         LINE#         909
  -------         ENDPROC       RESETDMP
  -------         PROC          DMPINITIALIZE
  -------         DO            
  X:0296H         SYMBOL        xgOffsetTC
  X:0297H         SYMBOL        ygOffsetTC
  X:0298H         SYMBOL        zgOffsetTC
  X:0299H         SYMBOL        dmpUpdate
  X:02A9H         SYMBOL        j
  X:02AAH         SYMBOL        pos
  X:02ACH         SYMBOL        fifoCount
  X:02AEH         SYMBOL        fifoBuffer
  X:032EH         SYMBOL        b
  X:032FH         SYMBOL        data_to_write
  X:0330H         SYMBOL        mask
  -------         ENDDO         
  C:0DFBH         LINE#         912
  C:0DFBH         LINE#         915
  C:0E02H         LINE#         925
  C:0E05H         LINE#         926
  C:0E0CH         LINE#         937
  C:0E11H         LINE#         941
  C:0E1AH         LINE#         944
  C:0E1FH         LINE#         950
  C:0E26H         LINE#         960
  C:0E2EH         LINE#         961
  C:0E36H         LINE#         962
  C:0E3EH         LINE#         973
  C:0E45H         LINE#         976
  C:0E4AH         LINE#         978
  C:0E51H         LINE#         980
  C:0E54H         LINE#         981
  C:0E5BH         LINE#         989
  C:0E78H         LINE#         997
  C:0E8BH         LINE#         1002
  C:0E90H         LINE#         1006
  C:0E95H         LINE#         1010
  C:0E9AH         LINE#         1018
  C:0EA0H         LINE#         1021
  C:0EACH         LINE#         1023
  C:0EACH         LINE#         1025
  C:0EACH         LINE#         1028
  C:0EB2H         LINE#         1029
  C:0EBCH         LINE#         1030
  C:0EC0H         LINE#         1031
  C:0ECCH         LINE#         1032
  C:0ECFH         LINE#         1035
  C:0ED8H         LINE#         1037
  C:0ED8H         LINE#         1039
  C:0ED8H         LINE#         1046
BL51 BANKED LINKER/LOCATER V6.22                                                      02/15/2017  20:50:28  PAGE 26


  C:0EDDH         LINE#         1050
  C:0EE2H         LINE#         1054
  C:0EE7H         LINE#         1055
  C:0EECH         LINE#         1059
  C:0EF1H         LINE#         1067
  C:0EFEH         LINE#         1069
  C:0EFEH         LINE#         1071
  C:0EFEH         LINE#         1074
  C:0F04H         LINE#         1075
  C:0F0BH         LINE#         1076
  C:0F0FH         LINE#         1077
  C:0F1BH         LINE#         1078
  C:0F1EH         LINE#         1081
  C:0F27H         LINE#         1083
  C:0F27H         LINE#         1085
  C:0F27H         LINE#         1090
  C:0F34H         LINE#         1092
  C:0F34H         LINE#         1094
  C:0F34H         LINE#         1097
  C:0F3AH         LINE#         1098
  C:0F41H         LINE#         1099
  C:0F45H         LINE#         1100
  C:0F51H         LINE#         1101
  C:0F54H         LINE#         1104
  C:0F5DH         LINE#         1106
  C:0F5DH         LINE#         1108
  C:0F5DH         LINE#         1113
  C:0F6AH         LINE#         1115
  C:0F6AH         LINE#         1117
  C:0F6AH         LINE#         1120
  C:0F70H         LINE#         1121
  C:0F77H         LINE#         1122
  C:0F7AH         LINE#         1123
  C:0F86H         LINE#         1124
  C:0F93H         LINE#         1127
  C:0F9CH         LINE#         1129
  C:0F9CH         LINE#         1131
  C:0F9CH         LINE#         1141
  C:0FF9H         LINE#         1144
  C:0FFCH         LINE#         1148
  C:1059H         LINE#         1150
  C:105CH         LINE#         1153
  C:105FH         LINE#         1156
  C:106AH         LINE#         1161
  C:1074H         LINE#         1164
  C:1079H         LINE#         1167
  C:107EH         LINE#         1170
  C:1083H         LINE#         1173
  C:1088H         LINE#         1176
  C:108BH         LINE#         1179
  C:1090H         LINE#         1182
  C:1095H         LINE#         1185
  C:1098H         LINE#         1189
  C:10F5H         LINE#         1190
  C:10F8H         LINE#         1194
  C:1155H         LINE#         1195
  C:1158H         LINE#         1199
BL51 BANKED LINKER/LOCATER V6.22                                                      02/15/2017  20:50:28  PAGE 27


  C:11B5H         LINE#         1200
  C:11B8H         LINE#         1206
  C:11C7H         LINE#         1207
  C:11D2H         LINE#         1209
  C:11D4H         LINE#         1214
  C:11D7H         LINE#         1223
  C:1234H         LINE#         1224
  C:1254H         LINE#         1228
  C:1263H         LINE#         1229
  C:126EH         LINE#         1230
  C:1270H         LINE#         1236
  C:1273H         LINE#         1245
  C:12D0H         LINE#         1246
  C:12D3H         LINE#         1251
  C:12D8H         LINE#         1254
  C:12E1H         LINE#         1260
  C:12E4H         LINE#         1261
  C:12E7H         LINE#         1262
  C:12E9H         LINE#         1265
  C:12ECH         LINE#         1266
  C:12ECH         LINE#         1267
  C:12ECH         LINE#         1270
  C:12EFH         LINE#         1271
  C:12EFH         LINE#         1273
  C:12F1H         LINE#         1274
  -------         ENDPROC       DMPINITIALIZE
  -------         PROC          _DMPGETQUATERNION_INT16
  X:035BH         SYMBOL        data_ptr
  X:035EH         SYMBOL        packet
  C:24E4H         LINE#         1277
  C:24EFH         LINE#         1279
  C:250EH         LINE#         1280
  C:2536H         LINE#         1281
  C:2565H         LINE#         1282
  C:2594H         LINE#         1283
  C:25C3H         LINE#         1284
  C:25C5H         LINE#         1285
  -------         ENDPROC       _DMPGETQUATERNION_INT16
  -------         PROC          _DMPGETPACKET16BITS
  X:0361H         SYMBOL        data_ptr
  X:0364H         SYMBOL        packet
  C:15FAH         LINE#         1286
  C:1605H         LINE#         1289
  C:1645H         LINE#         1290
  C:168DH         LINE#         1291
  C:16D5H         LINE#         1292
  C:171DH         LINE#         1294
  C:1765H         LINE#         1295
  C:17ADH         LINE#         1296
  C:17F5H         LINE#         1298
  C:183DH         LINE#         1299
  C:1885H         LINE#         1300
  C:18CDH         LINE#         1301
  C:18CFH         LINE#         1302
  -------         ENDPROC       _DMPGETPACKET16BITS
  -------         PROC          L?0316
  -------         ENDPROC       L?0316
BL51 BANKED LINKER/LOCATER V6.22                                                      02/15/2017  20:50:28  PAGE 28


  -------         PROC          _GETMOTION6_VARIABLES
  X:0296H         SYMBOL        ax
  X:0299H         SYMBOL        ay
  X:029CH         SYMBOL        az
  X:029FH         SYMBOL        gx
  X:02A2H         SYMBOL        gy
  X:02A5H         SYMBOL        gz
  C:232EH         LINE#         1310
  C:2339H         LINE#         1311
  C:234BH         LINE#         1314
  C:2366H         LINE#         1315
  C:2381H         LINE#         1316
  C:239CH         LINE#         1317
  C:23B7H         LINE#         1318
  C:23D2H         LINE#         1319
  -------         ENDPROC       _GETMOTION6_VARIABLES
  -------         PROC          CALIBRATIONROUTINE
  C:3536H         LINE#         56
  C:3536H         LINE#         58
  C:3541H         LINE#         59
  C:3541H         LINE#         60
  C:3544H         LINE#         61
  C:3544H         LINE#         62
  C:3544H         LINE#         63
  C:3547H         LINE#         64
  C:3547H         LINE#         65
  C:3547H         LINE#         66
  -------         ENDPROC       CALIBRATIONROUTINE
  -------         PROC          CALIBRATIONSTEPONE
  C:200FH         LINE#         68
  C:200FH         LINE#         71
  C:201BH         LINE#         72
  C:201BH         LINE#         74
  C:201EH         LINE#         77
  C:2052H         LINE#         79
  C:207FH         LINE#         81
  C:20B3H         LINE#         83
  C:20E0H         LINE#         85
  C:2114H         LINE#         87
  C:2141H         LINE#         89
  C:2147H         LINE#         90
  C:2148H         LINE#         92
  C:2148H         LINE#         95
  C:2161H         LINE#         96
  C:217AH         LINE#         97
  C:2194H         LINE#         99
  C:21ADH         LINE#         100
  C:21C6H         LINE#         101
  C:21DFH         LINE#         103
  C:21E5H         LINE#         104
  C:21E5H         LINE#         105
  -------         ENDPROC       CALIBRATIONSTEPONE
  C:3438H         SYMBOL        L?0321
  -------         PROC          L?0320
  -------         ENDPROC       L?0320
  C:3438H         SYMBOL        L?0321
  -------         PROC          _MATH_ABS
BL51 BANKED LINKER/LOCATER V6.22                                                      02/15/2017  20:50:28  PAGE 29


  D:0006H         SYMBOL        test_value
  C:343DH         LINE#         107
  C:343DH         LINE#         108
  C:3445H         LINE#         109
  C:344DH         LINE#         110
  C:344DH         LINE#         111
  C:344DH         LINE#         112
  C:344DH         LINE#         113
  -------         ENDPROC       _MATH_ABS
  -------         PROC          CALIBRATIONSTEPTWO
  C:12F2H         LINE#         115
  C:12F2H         LINE#         117
  C:12FEH         LINE#         118
  C:12FEH         LINE#         120
  C:1301H         LINE#         122
  C:1335H         LINE#         123
  C:1362H         LINE#         124
  C:1396H         LINE#         125
  C:13C3H         LINE#         126
  C:13F7H         LINE#         127
  C:1424H         LINE#         129
  C:142AH         LINE#         130
  C:142BH         LINE#         132
  C:142BH         LINE#         135
  C:1430H         LINE#         138
  C:144BH         LINE#         139
  C:146EH         LINE#         141
  C:1489H         LINE#         142
  C:14ACH         LINE#         144
  C:14C7H         LINE#         145
  C:14F1H         LINE#         147
  C:150EH         LINE#         148
  C:1534H         LINE#         150
  C:1551H         LINE#         151
  C:1577H         LINE#         153
  C:1594H         LINE#         154
  C:15BAH         LINE#         157
  C:15CEH         LINE#         158
  C:15CEH         LINE#         159
  C:15D1H         LINE#         162
  C:15D1H         LINE#         164
  C:15D1H         LINE#         165
  C:15D8H         LINE#         166
  C:15DCH         LINE#         167
  C:15E0H         LINE#         168
  C:15E6H         LINE#         169
  C:15EAH         LINE#         170
  C:15EEH         LINE#         171
  C:15F4H         LINE#         172
  C:15F9H         LINE#         173
  C:15F9H         LINE#         174
  C:15F9H         LINE#         175
  -------         ENDPROC       CALIBRATIONSTEPTWO
  -------         PROC          _SPI_RW
  D:0007H         SYMBOL        value
  C:377EH         LINE#         127
  C:377EH         LINE#         128
BL51 BANKED LINKER/LOCATER V6.22                                                      02/15/2017  20:50:28  PAGE 30


  C:3780H         LINE#         130
  C:3785H         LINE#         132
  C:3787H         LINE#         133
  -------         ENDPROC       _SPI_RW
  -------         PROC          _SPI_RW_REG
  D:0007H         SYMBOL        reg
  D:0006H         SYMBOL        value
  -------         DO            
  D:0005H         SYMBOL        status
  -------         ENDDO         
  C:34FDH         LINE#         142
  C:34FFH         LINE#         145
  C:3501H         LINE#         146
  C:3506H         LINE#         147
  C:350BH         LINE#         148
  C:350DH         LINE#         150
  C:350FH         LINE#         151
  -------         ENDPROC       _SPI_RW_REG
  -------         PROC          _SPI_READ
  D:0007H         SYMBOL        reg
  -------         DO            
  D:0007H         SYMBOL        reg_val
  -------         ENDDO         
  C:3667H         LINE#         159
  C:3667H         LINE#         162
  C:3669H         LINE#         163
  C:366CH         LINE#         164
  C:3671H         LINE#         165
  C:3673H         LINE#         167
  C:3673H         LINE#         168
  -------         ENDPROC       _SPI_READ
  -------         PROC          _SPI_READ_BUF
  D:0007H         SYMBOL        reg
  D:0023H         SYMBOL        pBuf
  D:0026H         SYMBOL        bytes
  -------         DO            
  D:0006H         SYMBOL        status
  D:0005H         SYMBOL        byte_ctr
  -------         ENDDO         
  C:3149H         LINE#         177
  C:314FH         LINE#         180
  C:3151H         LINE#         181
  C:3156H         LINE#         183
  C:315EH         LINE#         184
  C:3175H         LINE#         186
  C:3177H         LINE#         188
  C:3179H         LINE#         189
  -------         ENDPROC       _SPI_READ_BUF
  -------         PROC          _SPI_WRITE_BUF
  D:0007H         SYMBOL        reg
  D:0031H         SYMBOL        pBuf
  D:0034H         SYMBOL        bytes
  -------         DO            
  D:0006H         SYMBOL        status
  D:0005H         SYMBOL        byte_ctr
  -------         ENDDO         
  C:30E5H         LINE#         199
BL51 BANKED LINKER/LOCATER V6.22                                                      02/15/2017  20:50:28  PAGE 31


  C:30EBH         LINE#         202
  C:30EDH         LINE#         203
  C:30F2H         LINE#         204
  C:30FAH         LINE#         205
  C:3112H         LINE#         206
  C:3114H         LINE#         207
  C:3116H         LINE#         208
  -------         ENDPROC       _SPI_WRITE_BUF
  -------         PROC          RX_MODE
  C:356CH         LINE#         213
  C:356CH         LINE#         214
  C:356FH         LINE#         215
  C:3571H         LINE#         216
  C:3573H         LINE#         217
  C:357AH         LINE#         218
  C:357CH         LINE#         219
  -------         ENDPROC       RX_MODE
  -------         PROC          _TX_MODE_NOACK
  D:002CH         SYMBOL        payloadLength
  C:3117H         LINE#         227
  C:311BH         LINE#         228
  C:311DH         LINE#         229
  C:3124H         LINE#         230
  C:3132H         LINE#         231
  C:3140H         LINE#         233
  C:3142H         LINE#         234
  C:3148H         LINE#         235
  -------         ENDPROC       _TX_MODE_NOACK
  -------         PROC          RF_IRQ
  C:2862H         LINE#         242
  C:287BH         LINE#         244
  C:2882H         LINE#         245
  C:2885H         LINE#         246
  C:2893H         LINE#         247
  C:289AH         LINE#         248
  C:289CH         LINE#         249
  C:28A6H         LINE#         250
  C:28ABH         LINE#         251
  C:28ADH         LINE#         252
  C:28B3H         LINE#         253
  C:28B5H         LINE#         254
  C:28B5H         LINE#         255
[...]
  C:30A9H         LINE#         216
  C:30ABH         LINE#         218
  C:30AEH         LINE#         220
  C:30B0H         LINE#         221
  -------         ENDPROC       _HAL_W2_WRITE
  -------         PROC          _HAL_W2_READ
  D:0007H         SYMBOL        address
  D:0053H         SYMBOL        data_ptr
  D:0056H         SYMBOL        data_len
  -------         DO            
  D:0007H         SYMBOL        w2_status
  D:0057H         SYMBOL        ack_received
  -------         ENDDO         
  C:2E55H         LINE#         223
  C:2E5BH         LINE#         224
  C:2E5BH         LINE#         228
  C:2E62H         LINE#         230
  C:2E66H         LINE#         231
  C:2E66H         LINE#         233
  C:2E69H         LINE#         234
  C:2E69H         LINE#         237
  C:2E74H         LINE#         238
  C:2E74H         LINE#         239
  C:2E78H         LINE#         240
  C:2E78H         LINE#         241
  C:2E7BH         LINE#         242
  C:2E7BH         LINE#         244
  C:2E7EH         LINE#         246
  C:2E91H         LINE#         247
  C:2E9DH         LINE#         248
  C:2E9FH         LINE#         250
  C:2EA1H         LINE#         251
  -------         ENDPROC       _HAL_W2_READ
  -------         PROC          HAL_W2_SOFT_RESET
  -------         DO            
  D:003CH         SYMBOL        pulsecount
  D:003DH         SYMBOL        w2_freq
  -------         ENDDO         
  C:296AH         LINE#         253
BL51 BANKED LINKER/LOCATER V6.22                                                      02/15/2017  20:50:28  PAGE 43


  C:296AH         LINE#         254
  C:296AH         LINE#         259
  C:2970H         LINE#         261
  C:2973H         LINE#         262
  C:297BH         LINE#         266
  C:297EH         LINE#         267
  C:2981H         LINE#         270
  C:2984H         LINE#         275
  C:298CH         LINE#         278
  C:2993H         LINE#         280
  C:2996H         LINE#         284
  C:299DH         LINE#         285
  C:29A0H         LINE#         286
  C:29A0H         LINE#         288
  C:29A8H         LINE#         289
  C:29AFH         LINE#         291
  C:29B2H         LINE#         292
  C:29B9H         LINE#         293
  C:29C2H         LINE#         296
  C:29C9H         LINE#         298
  C:29D1H         LINE#         301
  C:29D8H         LINE#         303
  C:29E0H         LINE#         306
  C:29E3H         LINE#         309
  C:29E6H         LINE#         310
  C:29ECH         LINE#         312
  -------         ENDPROC       HAL_W2_SOFT_RESET
  -------         PROC          _I2C_MPU_WRITEBYTE
  D:0007H         SYMBOL        devAddr
  D:0005H         SYMBOL        regAddr
  D:002FH         SYMBOL        data_to_write
  C:358EH         LINE#         317
  C:3590H         LINE#         318
  C:359EH         LINE#         319
  -------         ENDPROC       _I2C_MPU_WRITEBYTE
  -------         PROC          _I2C_MPU_WRITEBYTES
  D:0007H         SYMBOL        devAddr
  D:0004H         SYMBOL        regAddr
  D:0006H         SYMBOL        data_len
  D:0033H         SYMBOL        data_ptr
  -------         DO            
  D:0007H         SYMBOL        w2_status
  D:0005H         SYMBOL        ack_received
  -------         ENDDO         
  C:2FC1H         LINE#         321
  C:2FC5H         LINE#         326
  C:2FCCH         LINE#         327
  C:2FCEH         LINE#         328
  C:2FD1H         LINE#         329
  C:2FD5H         LINE#         330
  C:2FD5H         LINE#         331
  C:2FD7H         LINE#         332
  C:2FD7H         LINE#         334
  C:2FE3H         LINE#         335
  C:2FE3H         LINE#         336
  C:2FEFH         LINE#         337
  C:2FF2H         LINE#         338
BL51 BANKED LINKER/LOCATER V6.22                                                      02/15/2017  20:50:28  PAGE 44


  C:2FF6H         LINE#         339
  C:2FF6H         LINE#         340
  C:2FF8H         LINE#         341
  C:2FF8H         LINE#         342
  C:2FFAH         LINE#         343
  C:2FFDH         LINE#         345
  C:2FFFH         LINE#         346
  -------         ENDPROC       _I2C_MPU_WRITEBYTES
  -------         PROC          _I2C_MPU_READBYTE
  D:0007H         SYMBOL        devAddr
  D:0005H         SYMBOL        regAddr
  D:0031H         SYMBOL        data_ptr
  C:355AH         LINE#         348
  C:3560H         LINE#         349
  C:356BH         LINE#         350
  -------         ENDPROC       _I2C_MPU_READBYTE
  -------         PROC          _I2C_MPU_READBYTES
  D:0006H         SYMBOL        devAddr
  D:0004H         SYMBOL        regAddr
  D:0036H         SYMBOL        data_len
  D:0037H         SYMBOL        data_ptr
  -------         DO            
  D:003AH         SYMBOL        w2_status
  D:003BH         SYMBOL        ack_received
  -------         ENDDO         
  C:2AE2H         LINE#         352
  C:2AE8H         LINE#         357
  C:2AEFH         LINE#         358
  C:2AF1H         LINE#         359
  C:2AF6H         LINE#         360
  C:2AFBH         LINE#         361
  C:2AFBH         LINE#         362
  C:2AFEH         LINE#         363
  C:2AFEH         LINE#         367
  C:2B07H         LINE#         369
  C:2B0BH         LINE#         370
  C:2B0BH         LINE#         372
  C:2B0EH         LINE#         374
  C:2B0EH         LINE#         376
  C:2B19H         LINE#         377
  C:2B19H         LINE#         378
  C:2B1DH         LINE#         379
  C:2B1DH         LINE#         380
  C:2B20H         LINE#         381
  C:2B20H         LINE#         383
  C:2B25H         LINE#         385
  C:2B38H         LINE#         386
  C:2B45H         LINE#         387
  C:2B47H         LINE#         389
  C:2B49H         LINE#         390
  -------         ENDPROC       _I2C_MPU_READBYTES
  -------         PROC          _I2C_MPU_WRITEBIT
  D:0028H         SYMBOL        devAddr
  D:0029H         SYMBOL        regAddr
  D:002AH         SYMBOL        bitNum
  D:002BH         SYMBOL        data_to_write
  -------         DO            
BL51 BANKED LINKER/LOCATER V6.22                                                      02/15/2017  20:50:28  PAGE 45


  D:002CH         SYMBOL        b
  -------         ENDDO         
  C:2E07H         LINE#         393
  C:2E0DH         LINE#         395
  C:2E16H         LINE#         396
  C:2E4BH         LINE#         397
  C:2E54H         LINE#         398
  -------         ENDPROC       _I2C_MPU_WRITEBIT
  -------         PROC          _I2C_MPU_WRITEBITS
  D:0028H         SYMBOL        devAddr
  D:0029H         SYMBOL        regAddr
  D:002AH         SYMBOL        bitStart
  D:002BH         SYMBOL        data_length
  D:002CH         SYMBOL        data_to_write
  -------         DO            
  D:002DH         SYMBOL        b
  -------         DO            
  D:002EH         SYMBOL        mask
  -------         ENDDO         
  -------         ENDDO         
  C:2B4AH         LINE#         399
  C:2B50H         LINE#         408
  C:2B5CH         LINE#         409
  C:2B89H         LINE#         410
  C:2B96H         LINE#         411
  C:2B9AH         LINE#         412
  C:2B9DH         LINE#         413
  C:2BA1H         LINE#         414
  C:2BAAH         LINE#         415
  C:2BAAH         LINE#         416
  C:2BACH         LINE#         417
  C:2BACH         LINE#         418
  -------         ENDPROC       _I2C_MPU_WRITEBITS
  -------         PROC          _I2C_MPU_READBIT
  D:0007H         SYMBOL        devAddr
  D:0005H         SYMBOL        regAddr
  D:0047H         SYMBOL        bitNum
  D:0048H         SYMBOL        data_ptr
  -------         DO            
  D:004BH         SYMBOL        b
  D:0007H         SYMBOL        count
  -------         ENDDO         
  C:0026H         LINE#         419
  C:0028H         LINE#         421
  C:0031H         LINE#         422
  C:0049H         LINE#         423
  C:0049H         LINE#         424
  -------         ENDPROC       _I2C_MPU_READBIT
  -------         PROC          _I2C_MPU_READBITS
  D:0007H         SYMBOL        devAddr
  D:0005H         SYMBOL        regAddr
  D:002AH         SYMBOL        bitStart
  D:002BH         SYMBOL        data_length
  D:002CH         SYMBOL        data_ptr
  -------         DO            
  D:0005H         SYMBOL        count
  D:002FH         SYMBOL        b
BL51 BANKED LINKER/LOCATER V6.22                                                      02/15/2017  20:50:28  PAGE 46


  -------         DO            
  D:0030H         SYMBOL        mask
  -------         ENDDO         
  -------         ENDDO         
  C:2C69H         LINE#         425
  C:2C6BH         LINE#         432
  C:2C79H         LINE#         433
  C:2CA6H         LINE#         434
  C:2CA8H         LINE#         435
  C:2CB5H         LINE#         436
  C:2CBEH         LINE#         437
  C:2CBEH         LINE#         438
  C:2CC0H         LINE#         439
  -------         ENDPROC       _I2C_MPU_READBITS
  -------         PROC          _I2C_MPU_WRITEWORD
  D:0007H         SYMBOL        devAddr
  D:0005H         SYMBOL        regAddr
  D:0028H         SYMBOL        data_to_write
  C:3523H         LINE#         442
  C:3527H         LINE#         443
  C:3535H         LINE#         444
  -------         ENDPROC       _I2C_MPU_WRITEWORD
  -------         PROC          _I2C_MPU_WRITEWORDS
  D:0007H         SYMBOL        devAddr
  D:0006H         SYMBOL        regAddr
  D:0004H         SYMBOL        data_length
  D:002DH         SYMBOL        data_ptr
  -------         DO            
  D:0007H         SYMBOL        w2_status
  D:0005H         SYMBOL        ack_received
  -------         ENDDO         
  C:2BADH         LINE#         445
  C:2BB1H         LINE#         456
  C:2BB8H         LINE#         457
  C:2BBAH         LINE#         458
  C:2BBDH         LINE#         459
  C:2BC1H         LINE#         460
  C:2BC1H         LINE#         461
  C:2BC3H         LINE#         462
  C:2BC3H         LINE#         464
  C:2BD1H         LINE#         465
  C:2BD1H         LINE#         466
  C:2BDEH         LINE#         467
  C:2BE1H         LINE#         468
  C:2BE5H         LINE#         469
  C:2BE5H         LINE#         470
  C:2BE7H         LINE#         471
  C:2BE7H         LINE#         472
  C:2BEAH         LINE#         473
  C:2BFFH         LINE#         474
  C:2C02H         LINE#         475
  C:2C06H         LINE#         476
  C:2C06H         LINE#         477
  C:2C08H         LINE#         478
  C:2C08H         LINE#         479
  C:2C0AH         LINE#         480
  C:2C0AH         LINE#         481
BL51 BANKED LINKER/LOCATER V6.22                                                      02/15/2017  20:50:28  PAGE 47


  C:2C0AH         LINE#         482
  C:2C0AH         LINE#         483
  C:2C0DH         LINE#         485
  C:2C0FH         LINE#         486
  -------         ENDPROC       _I2C_MPU_WRITEWORDS
  -------         ENDMOD        HAL_W2_ISR

  -------         MODULE        HAL_UART
  C:0000H         SYMBOL        _ICE_DUMMY_
  D:0080H         PUBLIC        P0
  D:0090H         PUBLIC        P1
  D:00A0H         PUBLIC        P2
  D:00B0H         PUBLIC        P3
  I:0063H         SYMBOL        uart_rx
  I:006BH         SYMBOL        uart_tx
  D:00A8H         PUBLIC        IEN0
  D:00B8H         PUBLIC        IEN1
  B:0098H.4       PUBLIC        REN0
  C:33F0H         PUBLIC        hal_uart_getchar
  C:2EEEH         PUBLIC        uart0_isr
  D:00BAH         PUBLIC        S0RELH
  D:0058H         SYMBOL        uart_rx_cnt
  D:0087H         PUBLIC        PCON
  C:31A1H         PUBLIC        _hal_uart_putchar
  D:0059H         SYMBOL        uart_tx_cnt
  D:00AAH         PUBLIC        S0RELL
  D:0088H         PUBLIC        TCON
  B:00A8H.4       PUBLIC        ES0
  B:0098H.0       PUBLIC        RI0
  D:005AH         SYMBOL        uart_rx_rp
  B:0098H.1       PUBLIC        TI0
  D:005BH         SYMBOL        uart_tx_rp
  B:0098H.7       PUBLIC        SM0
  B:0098H.6       PUBLIC        SM1
  D:005CH         SYMBOL        uart_rx_wp
  C:004EH         PUBLIC        hal_uart_chars_available
  D:005DH         SYMBOL        uart_tx_wp
  D:0099H         PUBLIC        S0BUF
  C:3792H         PUBLIC        hal_uart_tx_complete
  D:0098H         PUBLIC        S0CON
  D:00D8H         PUBLIC        ADCON
  D:00C8H         PUBLIC        T2CON
  D:00F8H         PUBLIC        FSR
  C:2F37H         PUBLIC        _hal_uart_init
  D:00E8H         PUBLIC        RFCON
  D:00D0H         PUBLIC        PSW
  D:00C0H         PUBLIC        IRCON
  -------         PROC          UART0_ISR
  C:2EEEH         LINE#         41
  C:2EF7H         LINE#         43
  C:2EFAH         LINE#         44
  C:2EFAH         LINE#         45
  C:2EFCH         LINE#         46
  C:2F03H         LINE#         47
  C:2F03H         LINE#         48
  C:2F0AH         LINE#         49
  C:2F11H         LINE#         50
BL51 BANKED LINKER/LOCATER V6.22                                                      02/15/2017  20:50:28  PAGE 48


  C:2F13H         LINE#         51
  C:2F13H         LINE#         52
  C:2F13H         LINE#         53
  C:2F16H         LINE#         54
  C:2F16H         LINE#         55
  C:2F18H         LINE#         56
  C:2F1FH         LINE#         57
  C:2F1FH         LINE#         58
  C:2F27H         LINE#         59
  C:2F2EH         LINE#         60
  C:2F2EH         LINE#         61
  C:2F30H         LINE#         62
  C:2F30H         LINE#         63
  -------         ENDPROC       UART0_ISR
  -------         PROC          _HAL_UART_INIT
  D:0007H         SYMBOL        baud
  -------         DO            
  D:0004H         SYMBOL        temp
  -------         ENDDO         
  C:2F37H         LINE#         65
  C:2F37H         LINE#         66
  C:2F37H         LINE#         69
  C:2F39H         LINE#         70
  C:2F3EH         LINE#         71
  C:2F40H         LINE#         72
  C:2F44H         LINE#         73
  C:2F46H         LINE#         74
  C:2F48H         LINE#         75
  C:2F4AH         LINE#         76
  C:2F4CH         LINE#         77
  C:2F4FH         LINE#         78
  C:2F52H         LINE#         79
  C:2F5EH         LINE#         80
  C:2F5EH         LINE#         81
  C:2F5EH         LINE#         82
  C:2F62H         LINE#         83
  C:2F64H         LINE#         84
  C:2F64H         LINE#         85
  C:2F68H         LINE#         86
  C:2F6AH         LINE#         87
  C:2F6AH         LINE#         88
  C:2F6EH         LINE#         89
  C:2F70H         LINE#         90
  C:2F70H         LINE#         91
  C:2F70H         LINE#         92
  C:2F74H         LINE#         93
  C:2F74H         LINE#         94
  C:2F74H         LINE#         95
  C:2F76H         LINE#         96
  C:2F78H         LINE#         98
  C:2F7AH         LINE#         99
  C:2F7CH         LINE#         100
  -------         ENDPROC       _HAL_UART_INIT
  -------         PROC          _HAL_UART_PUTCHAR
  D:0007H         SYMBOL        ch
  C:31A1H         LINE#         102
  C:31A1H         LINE#         103
BL51 BANKED LINKER/LOCATER V6.22                                                      02/15/2017  20:50:28  PAGE 49


  C:31A1H         LINE#         105
  C:31A8H         LINE#         107
  C:31AAH         LINE#         108
  C:31AEH         LINE#         109
  C:31AEH         LINE#         110
  C:31B0H         LINE#         111
  C:31B2H         LINE#         113
  C:31B2H         LINE#         114
  C:31B9H         LINE#         115
  C:31C0H         LINE#         116
  C:31C0H         LINE#         117
  C:31C2H         LINE#         118
  C:31C4H         LINE#         119
  -------         ENDPROC       _HAL_UART_PUTCHAR
  -------         PROC          HAL_UART_CHARS_AVAILABLE
  C:004EH         LINE#         122
  C:004EH         LINE#         123
  C:004EH         LINE#         124
  C:0050H         LINE#         125
  -------         ENDPROC       HAL_UART_CHARS_AVAILABLE
  -------         PROC          HAL_UART_TX_COMPLETE
  C:3792H         LINE#         127
  C:3792H         LINE#         128
  C:3792H         LINE#         129
  C:3796H         LINE#         130
  C:3796H         LINE#         131
  C:3799H         LINE#         132
  C:3799H         LINE#         134
  C:3799H         LINE#         135
  C:379BH         LINE#         136
  C:379BH         LINE#         137
  -------         ENDPROC       HAL_UART_TX_COMPLETE
  -------         PROC          HAL_UART_GETCHAR
  -------         DO            
  D:0007H         SYMBOL        ch
  -------         ENDDO         
  C:33F0H         LINE#         138
  C:33F0H         LINE#         139
  C:33F0H         LINE#         144
  C:33F4H         LINE#         145
  C:33F4H         LINE#         146
  C:33F6H         LINE#         147
  C:33FDH         LINE#         148
  C:3404H         LINE#         149
  C:3406H         LINE#         150
  C:3408H         LINE#         151
  C:3408H         LINE#         152
  -------         ENDPROC       HAL_UART_GETCHAR
  -------         ENDMOD        HAL_UART

  -------         MODULE        ?C?CLDPTR
  C:08D3H         PUBLIC        ?C?CLDPTR
  -------         ENDMOD        ?C?CLDPTR

  -------         MODULE        ?C?CLDOPTR
  C:08ECH         PUBLIC        ?C?CLDOPTR
  -------         ENDMOD        ?C?CLDOPTR
BL51 BANKED LINKER/LOCATER V6.22                                                      02/15/2017  20:50:28  PAGE 50



  -------         MODULE        ?C?CSTPTR
  C:0919H         PUBLIC        ?C?CSTPTR
  -------         ENDMOD        ?C?CSTPTR

  -------         MODULE        ?C?CSTOPTR
  C:092BH         PUBLIC        ?C?CSTOPTR
  -------         ENDMOD        ?C?CSTOPTR

  -------         MODULE        ?C?IMUL
  C:094DH         PUBLIC        ?C?IMUL
  -------         ENDMOD        ?C?IMUL

  -------         MODULE        ?C?UIDIV
  C:095FH         PUBLIC        ?C?UIDIV
  -------         ENDMOD        ?C?UIDIV

  -------         MODULE        ?C?SIDIV
  C:09B4H         PUBLIC        ?C?SIDIV
  -------         ENDMOD        ?C?SIDIV

  -------         MODULE        ?C?ILDIX
  C:09EAH         PUBLIC        ?C?ILDIX
  -------         ENDMOD        ?C?ILDIX

  -------         MODULE        ?C?ILDPTR
  C:0A00H         PUBLIC        ?C?ILDPTR
  -------         ENDMOD        ?C?ILDPTR

  -------         MODULE        ?C?ISTPTR
  C:0A2BH         PUBLIC        ?C?ISTPTR
  -------         ENDMOD        ?C?ISTPTR

  -------         MODULE        ?C?ISTOPTR
  C:0A4AH         PUBLIC        ?C?ISTOPTR
  -------         ENDMOD        ?C?ISTOPTR

  -------         MODULE        ?C?SLDIV
  C:2F7DH         PUBLIC        ?C?SLDIV
  -------         ENDMOD        ?C?SLDIV

  -------         MODULE        ?C?MEMCMP
  C:0BFDH         PUBLIC        ?C?MEMCMP
  -------         ENDMOD        ?C?MEMCMP

  -------         MODULE        MALLOC
  C:273AH         PUBLIC        _malloc
  -------         ENDMOD        MALLOC

  -------         MODULE        INIT_MEM
  X:0353H         PUBLIC        __mem_avail__
  C:3000H         PUBLIC        _init_mempool
  -------         ENDMOD        INIT_MEM

  -------         MODULE        REALLOC
  C:2A6AH         PUBLIC        _realloc
  -------         ENDMOD        REALLOC
BL51 BANKED LINKER/LOCATER V6.22                                                      02/15/2017  20:50:28  PAGE 51



  -------         MODULE        FREE
  C:21E6H         PUBLIC        _free
  -------         ENDMOD        FREE

  -------         MODULE        ?C?COPY
  C:0CF1H         PUBLIC        ?C?COPY
  -------         ENDMOD        ?C?COPY

  -------         MODULE        ?C?IILDX
  C:0D17H         PUBLIC        ?C?IILDX
  -------         ENDMOD        ?C?IILDX

  -------         MODULE        ?C?ULDIV
  C:0D69H         PUBLIC        ?C?ULDIV
  -------         ENDMOD        ?C?ULDIV

Program Size: data=114.1 xdata=873 code=14311
LINK/LOCATE RUN COMPLETE.  0 WARNING(S),  0 ERROR(S)
