BL51 BANKED LINKER/LOCATER V6.22                                                        02/16/2017  15:26:24  PAGE 1


BL51 BANKED LINKER/LOCATER V6.22, INVOKED BY:
C:\KEIL_V5\C51\BIN\BL51.EXE .\Objects\sensor.obj, .\Objects\hal_delay.obj, .\Objects\hal_w2_isr.obj, .\Objects\hal_uart.
>> obj TO .\Objects\sensor_project PRINT (.\Listings\sensor_project.m51) RAMSIZE (256) DISABLEWARNING (16)


MEMORY MODEL: SMALL


INPUT MODULES INCLUDED:
  .\Objects\sensor.obj (SENSOR)
  .\Objects\hal_delay.obj (HAL_DELAY)
  .\Objects\hal_w2_isr.obj (HAL_W2_ISR)
  .\Objects\hal_uart.obj (HAL_UART)
  C:\KEIL_V5\C51\LIB\C51S.LIB (?C_STARTUP)
  C:\KEIL_V5\C51\LIB\C51S.LIB (?C?CLDPTR)
  C:\KEIL_V5\C51\LIB\C51S.LIB (?C?CLDOPTR)
  C:\KEIL_V5\C51\LIB\C51S.LIB (?C?CSTPTR)
  C:\KEIL_V5\C51\LIB\C51S.LIB (?C?CSTOPTR)
  C:\KEIL_V5\C51\LIB\C51S.LIB (?C?IMUL)
  C:\KEIL_V5\C51\LIB\C51S.LIB (?C?UIDIV)
  C:\KEIL_V5\C51\LIB\C51S.LIB (?C?SIDIV)
  C:\KEIL_V5\C51\LIB\C51S.LIB (?C?ILDIX)
  C:\KEIL_V5\C51\LIB\C51S.LIB (?C?ILDPTR)
  C:\KEIL_V5\C51\LIB\C51S.LIB (?C?ISTPTR)
  C:\KEIL_V5\C51\LIB\C51S.LIB (?C?ISTOPTR)
  C:\KEIL_V5\C51\LIB\C51S.LIB (?C?SLDIV)
  C:\KEIL_V5\C51\LIB\C51S.LIB (?C?MEMCMP)
  C:\KEIL_V5\C51\LIB\C51S.LIB (MALLOC)
  C:\KEIL_V5\C51\LIB\C51S.LIB (INIT_MEM)
  C:\KEIL_V5\C51\LIB\C51S.LIB (REALLOC)
  C:\KEIL_V5\C51\LIB\C51S.LIB (FREE)
  C:\KEIL_V5\C51\LIB\C51S.LIB (?C_INIT)
  C:\KEIL_V5\C51\LIB\C51S.LIB (?C?COPY)
  C:\KEIL_V5\C51\LIB\C51S.LIB (?C?IILDX)
  C:\KEIL_V5\C51\LIB\C51S.LIB (?C?ULDIV)


LINK MAP OF MODULE:  .\Objects\sensor_project (SENSOR)


            TYPE    BASE      LENGTH    RELOCATION   SEGMENT NAME
            -----------------------------------------------------

            * * * * * * *   D A T A   M E M O R Y   * * * * * * *
            REG     0000H     0008H     ABSOLUTE     "REG BANK 0"
            DATA    0008H     0008H     UNIT         ?DT?_SEND_PACKET_FROM_HOST_TO_COMPUTER?SENSOR
            DATA    0010H     0007H     UNIT         ?DT?_SEND_PACKET_TO_COMPUTER?SENSOR
            DATA    0017H     0007H     UNIT         ?DT?HAL_W2_WAIT_DATA_READY?HAL_W2_ISR
            DATA    001EH     0002H     UNIT         ?DT?HAL_W2_ISR
            DATA    0020H     0001H     BIT_ADDR     ?BA?SENSOR
            BIT     0021H.0   0000H.1   UNIT         ?BI?SENSOR
                    0021H.1   0000H.7                *** GAP ***
            DATA    0022H     001BH     UNIT         _DATA_GROUP_
            DATA    003DH     0007H     UNIT         ?DT?_I2C_MPU_READBIT?HAL_W2_ISR
            DATA    0044H     0006H     UNIT         ?DT?_SEND_PACKET_TO_HOST?SENSOR
            DATA    004AH     0006H     UNIT         ?DT?_REDIRECT_RF_PKT_TO_SERIAL?SENSOR
            DATA    0050H     0006H     UNIT         ?DT?_HAL_W2_WRITE?HAL_W2_ISR
            DATA    0056H     0006H     UNIT         ?DT?_HAL_W2_READ?HAL_W2_ISR
BL51 BANKED LINKER/LOCATER V6.22                                                      02/16/2017  15:26:24  PAGE 2


            DATA    005CH     0006H     UNIT         ?DT?HAL_UART
            DATA    0062H     0005H     UNIT         ?DT?SENSOR
            IDATA   0067H     0010H     UNIT         ?ID?HAL_UART
            IDATA   0077H     0001H     UNIT         ?STACK

            * * * * * * *  X D A T A   M E M O R Y  * * * * * * *
            XDATA   0000H     0298H     UNIT         ?XD?SENSOR
            XDATA   0298H     00BEH     UNIT         _XDATA_GROUP_
            XDATA   0356H     0008H     UNIT         ?XD?INIT_MEM
            XDATA   035EH     0006H     UNIT         ?XD?_DMPGETQUATERNION_INT16?SENSOR
            XDATA   0364H     0006H     UNIT         ?XD?_DMPGETPACKET16BITS?SENSOR
            XDATA   036AH     0002H     UNIT         ?XD?_GETMOTION6_PACKET?SENSOR

            * * * * * * *   C O D E   M E M O R Y   * * * * * * *
            CODE    0000H     0003H     ABSOLUTE     
            CODE    0003H     0006H     UNIT         ?PR?_HAL_W2_SET_SLAVE_ADDRESS?HAL_W2_ISR
                    0009H     0002H                  *** GAP ***
            CODE    000BH     0003H     ABSOLUTE     
            CODE    000EH     0014H     UNIT         ?PR?MPU_INITIALIZE?SENSOR
                    0022H     0001H                  *** GAP ***
            CODE    0023H     0003H     ABSOLUTE     
            CODE    0026H     0024H     UNIT         ?PR?_I2C_MPU_READBIT?HAL_W2_ISR
                    004AH     0001H                  *** GAP ***
            CODE    004BH     0003H     ABSOLUTE     
            CODE    004EH     0003H     UNIT         ?PR?HAL_UART_CHARS_AVAILABLE?HAL_UART
                    0051H     0002H                  *** GAP ***
            CODE    0053H     0003H     ABSOLUTE     
            CODE    0056H     087DH     UNIT         ?CO?SENSOR
            CODE    08D3H     0528H     UNIT         ?C?LIB_CODE
            CODE    0DFBH     04F7H     UNIT         ?PR?DMPINITIALIZE?SENSOR
            CODE    12F2H     0308H     UNIT         ?PR?CALIBRATIONSTEPTWO?SENSOR
            CODE    15FAH     02D6H     UNIT         ?PR?_DMPGETPACKET16BITS?SENSOR
            CODE    18D0H     0297H     UNIT         ?PR?_WRITEDMPCONFIGURATIONSET?SENSOR
            CODE    1B67H     0268H     UNIT         ?PR?_WRITEMEMORYBLOCK?SENSOR
            CODE    1DCFH     0241H     UNIT         ?PR?_SEND_INERTIAL_PACKET_BY_RF?SENSOR
            CODE    2010H     01D7H     UNIT         ?PR?CALIBRATIONSTEPONE?SENSOR
            CODE    21E7H     0104H     UNIT         ?PR?_FREE?FREE
            CODE    22EBH     0103H     UNIT         ?PR?_GETMOTION6_VARIABLES?SENSOR
            CODE    23EEH     00F7H     UNIT         ?PR?_READMEMORYBLOCK?SENSOR
            CODE    24E5H     00E2H     UNIT         ?PR?_DMPGETQUATERNION_INT16?SENSOR
            CODE    25C7H     00CFH     UNIT         ?PR?_GETMOTION6_PACKET?SENSOR
            CODE    2696H     00AFH     UNIT         ?PR?MAIN?SENSOR
            CODE    2745H     00A5H     UNIT         ?PR?_RF_INIT?SENSOR
            CODE    27EAH     009CH     UNIT         ?PR?_MALLOC?MALLOC
            CODE    2886H     008CH     UNIT         ?C_C51STARTUP
            CODE    2912H     0085H     UNIT         ?PR?RF_IRQ?SENSOR
            CODE    2997H     0085H     UNIT         ?C_INITSEG
            CODE    2A1CH     0083H     UNIT         ?PR?HAL_W2_SOFT_RESET?HAL_W2_ISR
            CODE    2A9FH     0078H     UNIT         ?PR?_REALLOC?REALLOC
            CODE    2B17H     0068H     UNIT         ?PR?_I2C_MPU_READBYTES?HAL_W2_ISR
            CODE    2B7FH     0066H     UNIT         ?PR?INITIAL_SETUP_DMP?SENSOR
            CODE    2BE5H     0063H     UNIT         ?PR?SETUP?SENSOR
            CODE    2C48H     0063H     UNIT         ?PR?_I2C_MPU_WRITEBITS?HAL_W2_ISR
            CODE    2CABH     0063H     UNIT         ?PR?_I2C_MPU_WRITEWORDS?HAL_W2_ISR
            CODE    2D0EH     0058H     UNIT         ?PR?_I2C_MPU_READBITS?HAL_W2_ISR
            CODE    2D66H     0057H     UNIT         ?PR?_SEND_PACKET_TO_HOST?SENSOR
            CODE    2DBDH     0050H     UNIT         ?PR?_SEND_PACKET_TO_COMPUTER?SENSOR
BL51 BANKED LINKER/LOCATER V6.22                                                      02/16/2017  15:26:24  PAGE 3


            CODE    2E0DH     0050H     UNIT         ?PR?_SEND_PACKET_FROM_HOST_TO_COMPUTER?SENSOR
            CODE    2E5DH     004EH     UNIT         ?PR?_I2C_MPU_WRITEBIT?HAL_W2_ISR
            CODE    2EABH     004DH     UNIT         ?PR?_HAL_W2_READ?HAL_W2_ISR
            CODE    2EF8H     004CH     UNIT         ?PR?_GETFIFOBYTES?SENSOR
            CODE    2F44H     004BH     UNIT         ?PR?DATAACQ?SENSOR
            CODE    2F8FH     0049H     UNIT         ?PR?UART0_ISR?HAL_UART
            CODE    2FD8H     0046H     UNIT         ?PR?_HAL_UART_INIT?HAL_UART
            CODE    301EH     0044H     UNIT         ?PR?_REDIRECT_RF_PKT_TO_SERIAL?SENSOR
            CODE    3062H     0044H     UNIT         ?C?LDIV
            CODE    30A6H     003FH     UNIT         ?PR?_I2C_MPU_WRITEBYTES?HAL_W2_ISR
            CODE    30E5H     003CH     UNIT         ?PR?_INIT_MEMPOOL?INIT_MEM
            CODE    3121H     003BH     UNIT         ?PR?I2C_IRQ?SENSOR
            CODE    315CH     003AH     UNIT         ?PR?_HAL_W2_WRITE?HAL_W2_ISR
            CODE    3196H     0032H     UNIT         ?PR?_SPI_WRITE_BUF?SENSOR
            CODE    31C8H     0032H     UNIT         ?PR?_TX_MODE_NOACK?SENSOR
            CODE    31FAH     0031H     UNIT         ?PR?_SPI_READ_BUF?SENSOR
            CODE    322BH     0027H     UNIT         ?PR?HAL_W2_WAIT_DATA_READY?HAL_W2_ISR
            CODE    3252H     0024H     UNIT         ?PR?_HAL_UART_PUTCHAR?HAL_UART
            CODE    3276H     0023H     UNIT         ?PR?MPU_TESTCONNECTION?SENSOR
            CODE    3299H     0023H     UNIT         ?PR?_SETMEMORYBANK?SENSOR
            CODE    32BCH     0021H     UNIT         ?PR?_HAL_W2_CONFIGURE_MASTER?HAL_W2_ISR
            CODE    32DDH     0020H     UNIT         ?PR?_WRITEPROGMEMORYBLOCK?SENSOR
            CODE    32FDH     001EH     UNIT         ?PR?TMR0_IRQ?SENSOR
            CODE    331BH     001DH     UNIT         ?PR?_SETUP_T0_FREQ?SENSOR
            CODE    3338H     001DH     UNIT         ?PR?GETXACCELOFFSET?SENSOR
            CODE    3355H     001DH     UNIT         ?PR?GETYACCELOFFSET?SENSOR
            CODE    3372H     001DH     UNIT         ?PR?GETZACCELOFFSET?SENSOR
            CODE    338FH     001DH     UNIT         ?PR?GETXGYROOFFSET?SENSOR
            CODE    33ACH     001DH     UNIT         ?PR?GETYGYROOFFSET?SENSOR
            CODE    33C9H     001DH     UNIT         ?PR?GETZGYROOFFSET?SENSOR
            CODE    33E6H     001DH     UNIT         ?PR?GETFIFOCOUNT?SENSOR
            CODE    3403H     001BH     UNIT         ?PR?GETXGYROOFFSETTC?SENSOR
            CODE    341EH     001BH     UNIT         ?PR?GETYGYROOFFSETTC?SENSOR
            CODE    3439H     001BH     UNIT         ?PR?GETZGYROOFFSETTC?SENSOR
            CODE    3454H     001AH     UNIT         ?PR?_SETSLAVEADDRESS?SENSOR
            CODE    346EH     001AH     UNIT         ?PR?_DELAY_US?HAL_DELAY
            CODE    3488H     0019H     UNIT         ?PR?_SETUP_T0_ELAPSED_US?SENSOR
            CODE    34A1H     0019H     UNIT         ?PR?HAL_UART_GETCHAR?HAL_UART
            CODE    34BAH     0018H     UNIT         ?PR?GETFIFOENABLED?SENSOR
            CODE    34D2H     0017H     UNIT         ?PR?GETOTPBANKVALID?SENSOR
            CODE    34E9H     0016H     UNIT         ?PR?_MATH_ABS?SENSOR
            CODE    34FFH     0016H     UNIT         ?PR?_HAL_W2_INIT_TRANSFER?HAL_W2_ISR
            CODE    3515H     0014H     UNIT         ?PR?_DELAY_MS?HAL_DELAY
            CODE    3529H     0013H     UNIT         ?PR?GETINTSTATUS?SENSOR
            CODE    353CH     0013H     UNIT         ?PR?GETDMPCONFIG1?SENSOR
            CODE    354FH     0013H     UNIT         ?PR?GETDMPCONFIG2?SENSOR
            CODE    3562H     0013H     UNIT         ?PR?GETMOTIONDETECTIONTHRESHOLD?SENSOR
            CODE    3575H     0013H     UNIT         ?PR?GETZEROMOTIONDETECTIONTHRESHOLD?SENSOR
            CODE    3588H     0013H     UNIT         ?PR?GETMOTIONDETECTIONDURATION?SENSOR
            CODE    359BH     0013H     UNIT         ?PR?GETZEROMOTIONDETECTIONDURATION?SENSOR
            CODE    35AEH     0013H     UNIT         ?PR?_SPI_RW_REG?SENSOR
            CODE    35C1H     0013H     UNIT         ?PR?INICIARIO?SENSOR
            CODE    35D4H     0013H     UNIT         ?PR?_I2C_MPU_WRITEWORD?HAL_W2_ISR
            CODE    35E7H     0012H     UNIT         ?PR?CALIBRATIONROUTINE?SENSOR
            CODE    35F9H     0012H     UNIT         ?PR?_SEND_RF_COMMAND?SENSOR
            CODE    360BH     0012H     UNIT         ?PR?_I2C_MPU_READBYTE?HAL_W2_ISR
            CODE    361DH     0011H     UNIT         ?PR?RX_MODE?SENSOR
BL51 BANKED LINKER/LOCATER V6.22                                                      02/16/2017  15:26:24  PAGE 4


            CODE    362EH     0011H     UNIT         ?PR?HAL_W2_WAIT_DATA_READY_ISR?HAL_W2_ISR
            CODE    363FH     0011H     UNIT         ?PR?_I2C_MPU_WRITEBYTE?HAL_W2_ISR
            CODE    3650H     0010H     UNIT         ?PR?START_T0?SENSOR
            CODE    3660H     0010H     UNIT         ?PR?STOP_T0?SENSOR
            CODE    3670H     000EH     UNIT         ?PR?_SETUP_T0_ELAPSED_MS?SENSOR
            CODE    367EH     000EH     UNIT         ?PR?_SETUP_T0_TICKS?SENSOR
            CODE    368CH     000EH     UNIT         ?PR?_SETCLOCKSOURCE?SENSOR
            CODE    369AH     000EH     UNIT         ?PR?_SETFULLSCALEGYRORANGE?SENSOR
            CODE    36A8H     000EH     UNIT         ?PR?_SETFULLSCALEACCELRANGE?SENSOR
            CODE    36B6H     000EH     UNIT         ?PR?_SETMEMORYSTARTADDRESS?SENSOR
            CODE    36C4H     000EH     UNIT         ?PR?_SETEXTERNALFRAMESYNC?SENSOR
            CODE    36D2H     000EH     UNIT         ?PR?_SETDLPFMODE?SENSOR
            CODE    36E0H     000EH     UNIT         ?PR?_SETXGYROOFFSETTC?SENSOR
            CODE    36EEH     000EH     UNIT         ?PR?_SETYGYROOFFSETTC?SENSOR
            CODE    36FCH     000EH     UNIT         ?PR?_SETZGYROOFFSETTC?SENSOR
            CODE    370AH     000EH     UNIT         ?PR?_HAL_W2_SET_CLK_FREQ?HAL_W2_ISR
            CODE    3718H     000DH     UNIT         ?PR?_SPI_READ?SENSOR
            CODE    3725H     000CH     UNIT         ?PR?RESETFIFO?SENSOR
            CODE    3731H     000CH     UNIT         ?PR?I2C_MPU_RESET?SENSOR
            CODE    373DH     000CH     UNIT         ?PR?RESETI2CMASTER?SENSOR
            CODE    3749H     000CH     UNIT         ?PR?RESETDMP?SENSOR
            CODE    3755H     000BH     UNIT         ?PR?MPU_8051_MALLOC_SETUP?SENSOR
            CODE    3760H     000BH     UNIT         ?PR?_SETSLEEPENABLED?SENSOR
            CODE    376BH     000BH     UNIT         ?PR?_SETXACCELOFFSET?SENSOR
            CODE    3776H     000BH     UNIT         ?PR?_SETYACCELOFFSET?SENSOR
            CODE    3781H     000BH     UNIT         ?PR?_SETZACCELOFFSET?SENSOR
            CODE    378CH     000BH     UNIT         ?PR?_SETXGYROOFFSET?SENSOR
            CODE    3797H     000BH     UNIT         ?PR?_SETYGYROOFFSET?SENSOR
            CODE    37A2H     000BH     UNIT         ?PR?_SETZGYROOFFSET?SENSOR
            CODE    37ADH     000BH     UNIT         ?PR?_SETDMPENABLED?SENSOR
            CODE    37B8H     000BH     UNIT         ?PR?_SETI2CMASTERMODEENABLED?SENSOR
            CODE    37C3H     000BH     UNIT         ?PR?_SETFIFOENABLED?SENSOR
            CODE    37CEH     000BH     UNIT         ?PR?_HAL_W2_RESPOND_TO_GEN_ADR?HAL_W2_ISR
            CODE    37D9H     000BH     UNIT         ?PR?_HAL_W2_ALTER_CLOCK?HAL_W2_ISR
            CODE    37E4H     000BH     UNIT         ?PR?_HAL_W2_IRQ_STOP_COND_ENABLE?HAL_W2_ISR
            CODE    37EFH     000BH     UNIT         ?PR?_HAL_W2_IRQ_ADR_MATCH_ENABLE?HAL_W2_ISR
            CODE    37FAH     000BH     UNIT         ?PR?_HAL_W2_SET_OP_MODE?HAL_W2_ISR
            CODE    3805H     000BH     UNIT         ?PR?_HAL_W2_ENABLE?HAL_W2_ISR
            CODE    3810H     000BH     UNIT         ?PR?_HAL_W2_ALL_IRQ_ENABLE?HAL_W2_ISR
            CODE    381BH     000AH     UNIT         ?PR?_WRITEPROGDMPCONFIGURATIONSET?SENSOR
            CODE    3825H     000AH     UNIT         ?PR?_SETOTPBANKVALID?SENSOR
            CODE    382FH     000AH     UNIT         ?PR?_SPI_RW?SENSOR
            CODE    3839H     000AH     UNIT         ?PR?I2C_IRQ_HANDLER?HAL_W2_ISR
            CODE    3843H     000AH     UNIT         ?PR?HAL_UART_TX_COMPLETE?HAL_UART
            CODE    384DH     0009H     UNIT         ?PR?DMPGETFIFOPACKETSIZE?SENSOR
            CODE    3856H     0009H     UNIT         ?PR?_SETINTENABLED?SENSOR
            CODE    385FH     0009H     UNIT         ?PR?_SETRATE?SENSOR
            CODE    3868H     0009H     UNIT         ?PR?_SETDMPCONFIG1?SENSOR
            CODE    3871H     0009H     UNIT         ?PR?_SETDMPCONFIG2?SENSOR
            CODE    387AH     0009H     UNIT         ?PR?_SETMOTIONDETECTIONTHRESHOLD?SENSOR
            CODE    3883H     0009H     UNIT         ?PR?_SETZEROMOTIONDETECTIONTHRESHOLD?SENSOR
            CODE    388CH     0009H     UNIT         ?PR?_SETMOTIONDETECTIONDURATION?SENSOR
            CODE    3895H     0009H     UNIT         ?PR?_SETZEROMOTIONDETECTIONDURATION?SENSOR



OVERLAY MAP OF MODULE:   .\Objects\sensor_project (SENSOR)
BL51 BANKED LINKER/LOCATER V6.22                                                      02/16/2017  15:26:24  PAGE 5




SEGMENT                                            DATA_GROUP          XDATA_GROUP
  +--> CALLED SEGMENT                            START    LENGTH     START    LENGTH
------------------------------------------------------------------------------------
?PR?RF_IRQ?SENSOR                                -----    -----      -----    -----
  +--> ?PR?_SPI_READ?SENSOR
  +--> ?PR?_SPI_READ_BUF?SENSOR
  +--> ?PR?_SPI_RW_REG?SENSOR

?PR?_SPI_READ?SENSOR                             -----    -----      -----    -----
  +--> ?PR?_SPI_RW?SENSOR

?PR?_SPI_READ_BUF?SENSOR                         0022H    0005H      -----    -----
  +--> ?PR?_SPI_RW?SENSOR

?PR?_SPI_RW_REG?SENSOR                           -----    -----      -----    -----
  +--> ?PR?_SPI_RW?SENSOR

*** NEW ROOT ***************************************************

?PR?I2C_IRQ?SENSOR                               -----    -----      -----    -----
  +--> ?PR?I2C_IRQ_HANDLER?HAL_W2_ISR

*** NEW ROOT ***************************************************

?C_C51STARTUP                                    -----    -----      -----    -----
  +--> ?PR?MAIN?SENSOR
  +--> ?C_INITSEG

?PR?MAIN?SENSOR                                  -----    -----      -----    -----
  +--> ?PR?SETUP?SENSOR
  +--> ?PR?DATAACQ?SENSOR
  +--> ?PR?RESETFIFO?SENSOR
  +--> ?PR?_DELAY_MS?HAL_DELAY
  +--> ?PR?_SEND_RF_COMMAND?SENSOR
  +--> ?PR?START_T0?SENSOR
  +--> ?PR?CALIBRATIONROUTINE?SENSOR

?PR?SETUP?SENSOR                                 -----    -----      -----    -----
  +--> ?PR?INICIARIO?SENSOR
  +--> ?PR?_DELAY_MS?HAL_DELAY
  +--> ?PR?_SETUP_T0_FREQ?SENSOR
  +--> ?CO?SENSOR
  +--> ?PR?_RF_INIT?SENSOR
  +--> ?PR?_HAL_W2_CONFIGURE_MASTER?HAL_W2_ISR
  +--> ?PR?INITIAL_SETUP_DMP?SENSOR
  +--> ?PR?_SEND_RF_COMMAND?SENSOR

?PR?_DELAY_MS?HAL_DELAY                          -----    -----      -----    -----
  +--> ?PR?_DELAY_US?HAL_DELAY

?PR?_SETUP_T0_FREQ?SENSOR                        0027H    0001H      -----    -----
  +--> ?PR?_SETUP_T0_TICKS?SENSOR

?PR?_RF_INIT?SENSOR                              0027H    0009H      -----    -----
  +--> ?PR?_SPI_WRITE_BUF?SENSOR
BL51 BANKED LINKER/LOCATER V6.22                                                      02/16/2017  15:26:24  PAGE 6


  +--> ?PR?_SPI_RW_REG?SENSOR
  +--> ?PR?RX_MODE?SENSOR

?PR?_SPI_WRITE_BUF?SENSOR                        0030H    0005H      -----    -----
  +--> ?PR?_SPI_RW?SENSOR

?PR?RX_MODE?SENSOR                               -----    -----      -----    -----
  +--> ?PR?_SPI_RW_REG?SENSOR

?PR?_HAL_W2_CONFIGURE_MASTER?HAL_W2_ISR          -----    -----      -----    -----
  +--> ?PR?_HAL_W2_ENABLE?HAL_W2_ISR
  +--> ?PR?_HAL_W2_SET_CLK_FREQ?HAL_W2_ISR
  +--> ?PR?_HAL_W2_SET_OP_MODE?HAL_W2_ISR
  +--> ?PR?_HAL_W2_ALL_IRQ_ENABLE?HAL_W2_ISR

?PR?INITIAL_SETUP_DMP?SENSOR                     -----    -----      0298H    0001H
  +--> ?PR?MPU_8051_MALLOC_SETUP?SENSOR
  +--> ?PR?MPU_TESTCONNECTION?SENSOR
  +--> ?PR?MPU_INITIALIZE?SENSOR
  +--> ?PR?DMPINITIALIZE?SENSOR
  +--> ?PR?_DELAY_MS?HAL_DELAY
  +--> ?PR?_SETDMPENABLED?SENSOR
  +--> ?PR?_SETXACCELOFFSET?SENSOR
  +--> ?PR?_SETYACCELOFFSET?SENSOR
  +--> ?PR?_SETZACCELOFFSET?SENSOR
  +--> ?PR?_SETXGYROOFFSET?SENSOR
  +--> ?PR?_SETYGYROOFFSET?SENSOR
  +--> ?PR?_SETZGYROOFFSET?SENSOR
  +--> ?PR?_SEND_RF_COMMAND?SENSOR

?PR?MPU_8051_MALLOC_SETUP?SENSOR                 -----    -----      -----    -----
  +--> ?PR?_INIT_MEMPOOL?INIT_MEM

?PR?MPU_TESTCONNECTION?SENSOR                    -----    -----      -----    -----
  +--> ?PR?_I2C_MPU_READBITS?HAL_W2_ISR

?PR?_I2C_MPU_READBITS?HAL_W2_ISR                 0027H    0009H      -----    -----
  +--> ?PR?_I2C_MPU_READBYTE?HAL_W2_ISR

?PR?_I2C_MPU_READBYTE?HAL_W2_ISR                 0030H    0003H      -----    -----
  +--> ?PR?_I2C_MPU_READBYTES?HAL_W2_ISR

?PR?_I2C_MPU_READBYTES?HAL_W2_ISR                0033H    0008H      -----    -----
  +--> ?PR?_HAL_W2_INIT_TRANSFER?HAL_W2_ISR
  +--> ?PR?HAL_W2_WAIT_DATA_READY_ISR?HAL_W2...
  +--> ?PR?HAL_W2_SOFT_RESET?HAL_W2_ISR

?PR?_HAL_W2_INIT_TRANSFER?HAL_W2_ISR             -----    -----      -----    -----
  +--> ?PR?HAL_W2_WAIT_DATA_READY_ISR?HAL_W2...

?PR?HAL_W2_SOFT_RESET?HAL_W2_ISR                 003BH    0002H      -----    -----
  +--> ?PR?_DELAY_US?HAL_DELAY

?PR?MPU_INITIALIZE?SENSOR                        -----    -----      -----    -----
  +--> ?PR?_SETCLOCKSOURCE?SENSOR
  +--> ?PR?_SETFULLSCALEGYRORANGE?SENSOR
  +--> ?PR?_SETFULLSCALEACCELRANGE?SENSOR
BL51 BANKED LINKER/LOCATER V6.22                                                      02/16/2017  15:26:24  PAGE 7


  +--> ?PR?_SETSLEEPENABLED?SENSOR

?PR?_SETCLOCKSOURCE?SENSOR                       -----    -----      -----    -----
  +--> ?PR?_I2C_MPU_WRITEBITS?HAL_W2_ISR

?PR?_I2C_MPU_WRITEBITS?HAL_W2_ISR                0027H    0007H      -----    -----
  +--> ?PR?_I2C_MPU_READBYTE?HAL_W2_ISR
  +--> ?PR?_I2C_MPU_WRITEBYTE?HAL_W2_ISR

?PR?_I2C_MPU_WRITEBYTE?HAL_W2_ISR                002EH    0001H      -----    -----
  +--> ?PR?_I2C_MPU_WRITEBYTES?HAL_W2_ISR

?PR?_I2C_MPU_WRITEBYTES?HAL_W2_ISR               002FH    0006H      -----    -----
  +--> ?PR?_HAL_W2_INIT_TRANSFER?HAL_W2_ISR
  +--> ?PR?HAL_W2_WAIT_DATA_READY_ISR?HAL_W2...

?PR?_SETFULLSCALEGYRORANGE?SENSOR                -----    -----      -----    -----
  +--> ?PR?_I2C_MPU_WRITEBITS?HAL_W2_ISR

?PR?_SETFULLSCALEACCELRANGE?SENSOR               -----    -----      -----    -----
  +--> ?PR?_I2C_MPU_WRITEBITS?HAL_W2_ISR

?PR?_SETSLEEPENABLED?SENSOR                      -----    -----      -----    -----
  +--> ?PR?_I2C_MPU_WRITEBIT?HAL_W2_ISR

?PR?_I2C_MPU_WRITEBIT?HAL_W2_ISR                 0027H    0005H      -----    -----
  +--> ?PR?_I2C_MPU_READBYTE?HAL_W2_ISR
  +--> ?PR?_I2C_MPU_WRITEBYTE?HAL_W2_ISR

?PR?DMPINITIALIZE?SENSOR                         -----    -----      0299H    009BH
  +--> ?PR?I2C_MPU_RESET?SENSOR
  +--> ?PR?_DELAY_MS?HAL_DELAY
  +--> ?PR?_SETSLEEPENABLED?SENSOR
  +--> ?PR?_SETMEMORYBANK?SENSOR
  +--> ?PR?_SETMEMORYSTARTADDRESS?SENSOR
  +--> ?PR?GETXGYROOFFSETTC?SENSOR
  +--> ?PR?GETYGYROOFFSETTC?SENSOR
  +--> ?PR?GETZGYROOFFSETTC?SENSOR
  +--> ?PR?_SETSLAVEADDRESS?SENSOR
  +--> ?PR?_SETI2CMASTERMODEENABLED?SENSOR
  +--> ?PR?RESETI2CMASTER?SENSOR
  +--> ?CO?SENSOR
  +--> ?PR?_WRITEPROGMEMORYBLOCK?SENSOR
  +--> ?PR?_WRITEPROGDMPCONFIGURATIONSET?SENSOR
  +--> ?PR?_SETCLOCKSOURCE?SENSOR
  +--> ?PR?_SETINTENABLED?SENSOR
  +--> ?PR?_SETRATE?SENSOR
  +--> ?PR?_I2C_MPU_READBYTE?HAL_W2_ISR
  +--> ?PR?_I2C_MPU_WRITEBYTE?HAL_W2_ISR
  +--> ?PR?_SETDLPFMODE?SENSOR
  +--> ?PR?_SETFULLSCALEGYRORANGE?SENSOR
  +--> ?PR?_SETDMPCONFIG1?SENSOR
  +--> ?PR?_SETDMPCONFIG2?SENSOR
  +--> ?PR?_SETOTPBANKVALID?SENSOR
  +--> ?PR?_WRITEMEMORYBLOCK?SENSOR
  +--> ?PR?RESETFIFO?SENSOR
  +--> ?PR?GETFIFOCOUNT?SENSOR
BL51 BANKED LINKER/LOCATER V6.22                                                      02/16/2017  15:26:24  PAGE 8


  +--> ?PR?_GETFIFOBYTES?SENSOR
  +--> ?PR?_SETMOTIONDETECTIONTHRESHOLD?SENSOR
  +--> ?PR?_SETZEROMOTIONDETECTIONTHRESHOLD?...
  +--> ?PR?_SETMOTIONDETECTIONDURATION?SENSOR
  +--> ?PR?_SETZEROMOTIONDETECTIONDURATION?S...
  +--> ?PR?_SETFIFOENABLED?SENSOR
  +--> ?PR?_SETDMPENABLED?SENSOR
  +--> ?PR?RESETDMP?SENSOR
  +--> ?PR?_READMEMORYBLOCK?SENSOR
  +--> ?PR?GETINTSTATUS?SENSOR

?PR?I2C_MPU_RESET?SENSOR                         -----    -----      -----    -----
  +--> ?PR?_I2C_MPU_WRITEBIT?HAL_W2_ISR

?PR?_SETMEMORYBANK?SENSOR                        -----    -----      -----    -----
  +--> ?PR?_I2C_MPU_WRITEBYTE?HAL_W2_ISR

?PR?_SETMEMORYSTARTADDRESS?SENSOR                -----    -----      -----    -----
  +--> ?PR?_I2C_MPU_WRITEBYTE?HAL_W2_ISR

?PR?GETXGYROOFFSETTC?SENSOR                      -----    -----      -----    -----
  +--> ?PR?_I2C_MPU_READBITS?HAL_W2_ISR

?PR?GETYGYROOFFSETTC?SENSOR                      -----    -----      -----    -----
  +--> ?PR?_I2C_MPU_READBITS?HAL_W2_ISR

?PR?GETZGYROOFFSETTC?SENSOR                      -----    -----      -----    -----
  +--> ?PR?_I2C_MPU_READBITS?HAL_W2_ISR

?PR?_SETSLAVEADDRESS?SENSOR                      -----    -----      -----    -----
  +--> ?PR?_I2C_MPU_WRITEBYTE?HAL_W2_ISR

?PR?_SETI2CMASTERMODEENABLED?SENSOR              -----    -----      -----    -----
  +--> ?PR?_I2C_MPU_WRITEBIT?HAL_W2_ISR

?PR?RESETI2CMASTER?SENSOR                        -----    -----      -----    -----
  +--> ?PR?_I2C_MPU_WRITEBIT?HAL_W2_ISR

?PR?_WRITEPROGMEMORYBLOCK?SENSOR                 -----    -----      0334H    0008H
  +--> ?PR?_WRITEMEMORYBLOCK?SENSOR

?PR?_WRITEMEMORYBLOCK?SENSOR                     -----    -----      0344H    0012H
  +--> ?PR?_SETMEMORYBANK?SENSOR
  +--> ?PR?_SETMEMORYSTARTADDRESS?SENSOR
  +--> ?PR?_MALLOC?MALLOC
  +--> ?PR?_I2C_MPU_WRITEBYTES?HAL_W2_ISR
  +--> ?PR?_I2C_MPU_READBYTES?HAL_W2_ISR
  +--> ?PR?_FREE?FREE

?PR?_MALLOC?MALLOC                               002FH    0004H      -----    -----

?PR?_FREE?FREE                                   002FH    0004H      -----    -----

?PR?_WRITEPROGDMPCONFIGURATIONSET?SENSOR         -----    -----      -----    -----
  +--> ?PR?_WRITEDMPCONFIGURATIONSET?SENSOR

?PR?_WRITEDMPCONFIGURATIONSET?SENSOR             -----    -----      0334H    0010H
BL51 BANKED LINKER/LOCATER V6.22                                                      02/16/2017  15:26:24  PAGE 9


  +--> ?PR?_MALLOC?MALLOC
  +--> ?PR?_REALLOC?REALLOC
  +--> ?PR?_WRITEMEMORYBLOCK?SENSOR
  +--> ?PR?_I2C_MPU_WRITEBYTE?HAL_W2_ISR
  +--> ?PR?_FREE?FREE

?PR?_REALLOC?REALLOC                             0027H    0008H      -----    -----
  +--> ?PR?_MALLOC?MALLOC
  +--> ?PR?_FREE?FREE

?PR?_SETINTENABLED?SENSOR                        -----    -----      -----    -----
  +--> ?PR?_I2C_MPU_WRITEBYTE?HAL_W2_ISR

?PR?_SETRATE?SENSOR                              -----    -----      -----    -----
  +--> ?PR?_I2C_MPU_WRITEBYTE?HAL_W2_ISR

?PR?_SETDLPFMODE?SENSOR                          -----    -----      -----    -----
  +--> ?PR?_I2C_MPU_WRITEBITS?HAL_W2_ISR

?PR?_SETDMPCONFIG1?SENSOR                        -----    -----      -----    -----
  +--> ?PR?_I2C_MPU_WRITEBYTE?HAL_W2_ISR

?PR?_SETDMPCONFIG2?SENSOR                        -----    -----      -----    -----
  +--> ?PR?_I2C_MPU_WRITEBYTE?HAL_W2_ISR

?PR?_SETOTPBANKVALID?SENSOR                      -----    -----      -----    -----
  +--> ?PR?_I2C_MPU_WRITEBIT?HAL_W2_ISR

?PR?RESETFIFO?SENSOR                             -----    -----      -----    -----
  +--> ?PR?_I2C_MPU_WRITEBIT?HAL_W2_ISR

?PR?GETFIFOCOUNT?SENSOR                          -----    -----      -----    -----
  +--> ?PR?_I2C_MPU_READBYTES?HAL_W2_ISR

?PR?_GETFIFOBYTES?SENSOR                         -----    -----      0334H    0003H
  +--> ?PR?_I2C_MPU_READBYTES?HAL_W2_ISR

?PR?_SETMOTIONDETECTIONTHRESHOLD?SENSOR          -----    -----      -----    -----
  +--> ?PR?_I2C_MPU_WRITEBYTE?HAL_W2_ISR

?PR?_SETZEROMOTIONDETECTIONTHRESHOLD?...         -----    -----      -----    -----
  +--> ?PR?_I2C_MPU_WRITEBYTE?HAL_W2_ISR

?PR?_SETMOTIONDETECTIONDURATION?SENSOR           -----    -----      -----    -----
  +--> ?PR?_I2C_MPU_WRITEBYTE?HAL_W2_ISR

?PR?_SETZEROMOTIONDETECTIONDURATION?S...         -----    -----      -----    -----
  +--> ?PR?_I2C_MPU_WRITEBYTE?HAL_W2_ISR

?PR?_SETFIFOENABLED?SENSOR                       -----    -----      -----    -----
  +--> ?PR?_I2C_MPU_WRITEBIT?HAL_W2_ISR

?PR?_SETDMPENABLED?SENSOR                        -----    -----      -----    -----
  +--> ?PR?_I2C_MPU_WRITEBIT?HAL_W2_ISR

?PR?RESETDMP?SENSOR                              -----    -----      -----    -----
  +--> ?PR?_I2C_MPU_WRITEBIT?HAL_W2_ISR
BL51 BANKED LINKER/LOCATER V6.22                                                      02/16/2017  15:26:24  PAGE 10



?PR?_READMEMORYBLOCK?SENSOR                      -----    -----      0334H    000AH
  +--> ?PR?_SETMEMORYBANK?SENSOR
  +--> ?PR?_SETMEMORYSTARTADDRESS?SENSOR
  +--> ?PR?_I2C_MPU_READBYTES?HAL_W2_ISR

?PR?GETINTSTATUS?SENSOR                          -----    -----      -----    -----
  +--> ?PR?_I2C_MPU_READBYTE?HAL_W2_ISR

?PR?_SETXACCELOFFSET?SENSOR                      -----    -----      -----    -----
  +--> ?PR?_I2C_MPU_WRITEWORD?HAL_W2_ISR

?PR?_I2C_MPU_WRITEWORD?HAL_W2_ISR                0027H    0002H      -----    -----
  +--> ?PR?_I2C_MPU_WRITEWORDS?HAL_W2_ISR

?PR?_I2C_MPU_WRITEWORDS?HAL_W2_ISR               0029H    0006H      -----    -----
  +--> ?PR?_HAL_W2_INIT_TRANSFER?HAL_W2_ISR
  +--> ?PR?HAL_W2_WAIT_DATA_READY_ISR?HAL_W2...

?PR?_SETYACCELOFFSET?SENSOR                      -----    -----      -----    -----
  +--> ?PR?_I2C_MPU_WRITEWORD?HAL_W2_ISR

?PR?_SETZACCELOFFSET?SENSOR                      -----    -----      -----    -----
  +--> ?PR?_I2C_MPU_WRITEWORD?HAL_W2_ISR

?PR?_SETXGYROOFFSET?SENSOR                       -----    -----      -----    -----
  +--> ?PR?_I2C_MPU_WRITEWORD?HAL_W2_ISR

?PR?_SETYGYROOFFSET?SENSOR                       -----    -----      -----    -----
  +--> ?PR?_I2C_MPU_WRITEWORD?HAL_W2_ISR

?PR?_SETZGYROOFFSET?SENSOR                       -----    -----      -----    -----
  +--> ?PR?_I2C_MPU_WRITEWORD?HAL_W2_ISR

?PR?_SEND_RF_COMMAND?SENSOR                      -----    -----      -----    -----
  +--> ?PR?_TX_MODE_NOACK?SENSOR
  +--> ?PR?RX_MODE?SENSOR

?PR?_TX_MODE_NOACK?SENSOR                        002CH    0002H      -----    -----
  +--> ?PR?_SPI_RW_REG?SENSOR
  +--> ?CO?SENSOR
  +--> ?PR?_SPI_WRITE_BUF?SENSOR

?PR?DATAACQ?SENSOR                               -----    -----      0298H    0002H
  +--> ?PR?GETFIFOCOUNT?SENSOR
  +--> ?PR?_GETFIFOBYTES?SENSOR
  +--> ?PR?_SEND_INERTIAL_PACKET_BY_RF?SENSOR

?PR?_SEND_INERTIAL_PACKET_BY_RF?SENSOR           0027H    0005H      -----    -----
  +--> ?PR?_TX_MODE_NOACK?SENSOR
  +--> ?PR?RX_MODE?SENSOR

?PR?CALIBRATIONROUTINE?SENSOR                    -----    -----      -----    -----
  +--> ?PR?CALIBRATIONSTEPONE?SENSOR
  +--> ?PR?CALIBRATIONSTEPTWO?SENSOR

?PR?CALIBRATIONSTEPONE?SENSOR                    -----    -----      -----    -----
BL51 BANKED LINKER/LOCATER V6.22                                                      02/16/2017  15:26:24  PAGE 11


  +--> ?PR?_GETMOTION6_VARIABLES?SENSOR
  +--> ?PR?_SETXACCELOFFSET?SENSOR
  +--> ?PR?_SETYACCELOFFSET?SENSOR
  +--> ?PR?_SETZACCELOFFSET?SENSOR
  +--> ?PR?_SETXGYROOFFSET?SENSOR
  +--> ?PR?_SETYGYROOFFSET?SENSOR
  +--> ?PR?_SETZGYROOFFSET?SENSOR

?PR?_GETMOTION6_VARIABLES?SENSOR                 -----    -----      0298H    0012H
  +--> ?PR?_I2C_MPU_READBYTES?HAL_W2_ISR

?PR?CALIBRATIONSTEPTWO?SENSOR                    -----    -----      -----    -----
  +--> ?PR?_GETMOTION6_VARIABLES?SENSOR
  +--> ?PR?_MATH_ABS?SENSOR
  +--> ?PR?GETXACCELOFFSET?SENSOR
  +--> ?PR?_SETXACCELOFFSET?SENSOR
  +--> ?PR?GETYACCELOFFSET?SENSOR
  +--> ?PR?_SETYACCELOFFSET?SENSOR
  +--> ?PR?GETZACCELOFFSET?SENSOR
  +--> ?PR?_SETZACCELOFFSET?SENSOR
  +--> ?PR?GETXGYROOFFSET?SENSOR
  +--> ?PR?_SETXGYROOFFSET?SENSOR
  +--> ?PR?GETYGYROOFFSET?SENSOR
  +--> ?PR?_SETYGYROOFFSET?SENSOR
  +--> ?PR?GETZGYROOFFSET?SENSOR
  +--> ?PR?_SETZGYROOFFSET?SENSOR
  +--> ?PR?STOP_T0?SENSOR

?PR?GETXACCELOFFSET?SENSOR                       -----    -----      -----    -----
  +--> ?PR?_I2C_MPU_READBYTES?HAL_W2_ISR

?PR?GETYACCELOFFSET?SENSOR                       -----    -----      -----    -----
  +--> ?PR?_I2C_MPU_READBYTES?HAL_W2_ISR

?PR?GETZACCELOFFSET?SENSOR                       -----    -----      -----    -----
  +--> ?PR?_I2C_MPU_READBYTES?HAL_W2_ISR

?PR?GETXGYROOFFSET?SENSOR                        -----    -----      -----    -----
  +--> ?PR?_I2C_MPU_READBYTES?HAL_W2_ISR

?PR?GETYGYROOFFSET?SENSOR                        -----    -----      -----    -----
  +--> ?PR?_I2C_MPU_READBYTES?HAL_W2_ISR

?PR?GETZGYROOFFSET?SENSOR                        -----    -----      -----    -----
  +--> ?PR?_I2C_MPU_READBYTES?HAL_W2_ISR



SYMBOL TABLE OF MODULE:  .\Objects\sensor_project (SENSOR)

  VALUE           TYPE          NAME
  ----------------------------------

  -------         MODULE        SENSOR
  C:0000H         SYMBOL        _ICE_DUMMY_
  D:0080H         PUBLIC        P0
  D:0062H         PUBLIC        initial_timer_count
BL51 BANKED LINKER/LOCATER V6.22                                                      02/16/2017  15:26:24  PAGE 12


  D:0090H         PUBLIC        P1
  D:00A0H         PUBLIC        P2
  D:00B0H         PUBLIC        P3
  X:0000H         PUBLIC        fifoBuffer
  C:384DH         PUBLIC        dmpGetFIFOPacketSize
  B:00A8H.7       PUBLIC        EA
  C:3749H         PUBLIC        resetDMP
  X:002AH         PUBLIC        rx_buf
  C:23EEH         PUBLIC        _readMemoryBlock
  C:3121H         PUBLIC        I2C_IRQ
  X:004AH         PUBLIC        tx_buf
  D:00A8H         PUBLIC        IEN0
  D:00B8H         PUBLIC        IEN1
  C:3276H         PUBLIC        mpu_testConnection
  C:361DH         PUBLIC        RX_Mode
  C:2F44H         PUBLIC        DataAcq
  C:232FH         PUBLIC        _getMotion6_variables
  C:3650H         PUBLIC        start_T0
  C:3562H         PUBLIC        getMotionDetectionThreshold
  X:006AH         PUBLIC        malloc_memory_pool
  C:34BAH         PUBLIC        getFIFOEnabled
  C:3454H         PUBLIC        _setSlaveAddress
  B:00B8H.1       PUBLIC        RF
  D:00E7H         PUBLIC        SPIRDAT
  B:0021H.0       PUBLIC        newPayload
  C:1B8AH         PUBLIC        _writeMemoryBlock
  C:367EH         PUBLIC        _setup_T0_ticks
  C:36A8H         PUBLIC        _setFullScaleAccelRange
  X:025EH         PUBLIC        calibStep
  C:07DFH         PUBLIC        dmpConfig
  C:089FH         PUBLIC        dmpUpdates
  C:3670H         PUBLIC        _setup_T0_elapsed_ms
  X:025FH         PUBLIC        packet_type
  B:0020H.6       PUBLIC        RX_DR
  B:00E8H.0       PUBLIC        RFCE
  X:0260H         PUBLIC        gyroBuffer
  C:18D0H         PUBLIC        _writeDMPConfigurationSet
  C:2DBDH         PUBLIC        _send_packet_to_computer
  C:387AH         PUBLIC        _setMotionDetectionThreshold
  B:0020H.5       PUBLIC        TX_DS
  C:37C3H         PUBLIC        _setFIFOEnabled
  C:36C4H         PUBLIC        _setExternalFrameSync
  C:3488H         PUBLIC        _setup_T0_elapsed_us
  C:2696H         PUBLIC        main
  C:2B7FH         PUBLIC        initial_setup_dmp
  X:0266H         PUBLIC        sensor_status
  C:24E5H         PUBLIC        _dmpGetQuaternion_int16
  C:34D2H         PUBLIC        getOTPBankValid
  C:36BBH         PUBLIC        _setMemoryStartAddress
  C:35F9H         PUBLIC        _send_rf_command
  C:338FH         PUBLIC        getXGyroOffset
  C:331BH         PUBLIC        _setup_T0_freq
  C:3856H         PUBLIC        _setIntEnabled
  C:33ACH         PUBLIC        getYGyroOffset
  X:0267H         PUBLIC        accelTol
  C:33C9H         PUBLIC        getZGyroOffset
  C:3660H         PUBLIC        stop_T0
BL51 BANKED LINKER/LOCATER V6.22                                                      02/16/2017  15:26:24  PAGE 13


  C:3588H         PUBLIC        getMotionDetectionDuration
  C:353CH         PUBLIC        getDMPConfig1
  C:354FH         PUBLIC        getDMPConfig2
  D:0063H         PUBLIC        timer_count
  C:368CH         PUBLIC        _setClockSource
  B:0080H.3       PUBLIC        P03
  C:2BE5H         PUBLIC        setup
  C:3825H         PUBLIC        _setOTPBankValid
  D:0089H         PUBLIC        TMOD
  D:0088H         PUBLIC        TCON
  C:32DDH         PUBLIC        _writeProgMemoryBlock
  C:37B8H         PUBLIC        _setI2CMasterModeEnabled
  C:378CH         PUBLIC        _setXGyroOffset
  C:3797H         PUBLIC        _setYGyroOffset
  C:37A2H         PUBLIC        _setZGyroOffset
  X:0268H         PUBLIC        calibOk
  C:3575H         PUBLIC        getZeroMotionDetectionThreshold
  C:3731H         PUBLIC        i2c_mpu_reset
  C:388CH         PUBLIC        _setMotionDetectionDuration
  B:00E8H.2       PUBLIC        RFCKEN
  C:08CEH         PUBLIC        ADDR_HOST
  X:0269H         PUBLIC        calibIt
  C:3868H         PUBLIC        _setDMPConfig1
  C:1DCFH         PUBLIC        _send_inertial_packet_by_rf
  C:3871H         PUBLIC        _setDMPConfig2
  C:381BH         PUBLIC        _writeProgDMPConfigurationSet
  X:026AH         PUBLIC        dmpPacketSize
  C:0056H         PUBLIC        dmpMemory
  C:3403H         PUBLIC        getXGyroOffsetTC
  C:341EH         PUBLIC        getYGyroOffsetTC
  C:3439H         PUBLIC        getZGyroOffsetTC
  C:3883H         PUBLIC        _setZeroMotionDetectionThreshold
  D:0020H         PUBLIC        sta
  B:00A8H.1       PUBLIC        ET0
  C:32A1H         PUBLIC        _setMemoryBank
  C:31FAH         PUBLIC        _SPI_Read_Buf
  C:3718H         PUBLIC        _SPI_Read
  C:3725H         PUBLIC        resetFIFO
  D:008CH         PUBLIC        TH0
  C:36E0H         PUBLIC        _setXGyroOffsetTC
  C:36EEH         PUBLIC        _setYGyroOffsetTC
  C:25C7H         PUBLIC        _getMotion6_packet
  C:36FCH         PUBLIC        _setZGyroOffsetTC
  D:008AH         PUBLIC        TL0
  C:359BH         PUBLIC        getZeroMotionDetectionDuration
  C:2010H         PUBLIC        calibrationStepOne
  C:373DH         PUBLIC        resetI2CMaster
  B:0088H.4       PUBLIC        TR0
  X:026CH         PUBLIC        accelBuffer
  X:0272H         PUBLIC        ax
  X:0274H         PUBLIC        ay
  C:3196H         PUBLIC        _SPI_Write_Buf
  C:2E0DH         PUBLIC        _send_packet_from_host_to_computer
  X:0276H         PUBLIC        az
  C:0DFBH         PUBLIC        dmpInitialize
  C:385FH         PUBLIC        _setRate
  D:0064H         PUBLIC        NBT0H
BL51 BANKED LINKER/LOCATER V6.22                                                      02/16/2017  15:26:24  PAGE 14


  C:15FAH         PUBLIC        _dmpGetPacket16bits
  C:3895H         PUBLIC        _setZeroMotionDetectionDuration
  X:0278H         PUBLIC        gx
  X:027AH         PUBLIC        gy
  C:37ADH         PUBLIC        _setDMPEnabled
  D:0093H         PUBLIC        P0DIR
  X:027CH         PUBLIC        gz
  C:3338H         PUBLIC        getXAccelOffset
  D:0065H         PUBLIC        NBT0L
  D:009EH         PUBLIC        P0CON
  D:0094H         PUBLIC        P1DIR
  C:31C8H         PUBLIC        _TX_Mode_NOACK
  C:34EEH         PUBLIC        _MATH_ABS
  X:027EH         PUBLIC        timeTol
  C:3355H         PUBLIC        getYAccelOffset
  D:009FH         PUBLIC        P1CON
  X:027FH         PUBLIC        calibCounter
  C:3372H         PUBLIC        getZAccelOffset
  C:369AH         PUBLIC        _setFullScaleGyroRange
  D:0098H         PUBLIC        S0CON
  C:2912H         PUBLIC        RF_IRQ
  X:0280H         PUBLIC        mx
  X:0282H         PUBLIC        my
  D:00D8H         PUBLIC        ADCON
  X:0284H         PUBLIC        mz
  D:0066H         PUBLIC        timer_elapsed
  D:00C8H         PUBLIC        T2CON
  C:301EH         PUBLIC        _redirect_rf_pkt_to_serial
  C:12F2H         PUBLIC        calibrationStepTwo
  D:00F8H         PUBLIC        FSR
  B:0020H.4       PUBLIC        MAX_RT
  C:376BH         PUBLIC        _setXAccelOffset
  C:000EH         PUBLIC        mpu_initialize
  C:2D66H         PUBLIC        _send_packet_to_host
  C:3776H         PUBLIC        _setYAccelOffset
  C:2745H         PUBLIC        _rf_init
  C:3781H         PUBLIC        _setZAccelOffset
  C:32FDH         PUBLIC        TMR0_IRQ
  X:0286H         PUBLIC        payloadWidth
  C:2F04H         PUBLIC        _getFIFOBytes
  X:0287H         PUBLIC        gyroTol
  C:33E6H         PUBLIC        getFIFOCount
  C:3755H         PUBLIC        mpu_8051_malloc_setup
  C:35AEH         PUBLIC        _SPI_RW_Reg
  C:382FH         PUBLIC        _SPI_RW
  C:3529H         PUBLIC        getIntStatus
  D:00E8H         PUBLIC        RFCON
  C:3760H         PUBLIC        _setSleepEnabled
  D:00D0H         PUBLIC        PSW
  C:35E7H         PUBLIC        calibrationRoutine
  C:35C1H         PUBLIC        iniciarIO
  D:00C0H         PUBLIC        IRCON
  C:36D2H         PUBLIC        _setDLPFMode
  X:0288H         PUBLIC        dmpPacketBuffer
  X:028AH         PUBLIC        buffer
  B:00E8H.1       PUBLIC        RFCSN
  D:00E6H         PUBLIC        SPIRSTAT
BL51 BANKED LINKER/LOCATER V6.22                                                      02/16/2017  15:26:24  PAGE 15


  -------         PROC          _SETUP_T0_FREQ
  D:0007H         SYMBOL        Freq_Hz
  D:0027H         SYMBOL        flag_count
  -------         DO            
  D:0006H         SYMBOL        qnt_ticks
  -------         ENDDO         
  C:331BH         LINE#         37
  C:331DH         LINE#         38
  C:3333H         LINE#         39
  -------         ENDPROC       _SETUP_T0_FREQ
  -------         PROC          _SETUP_T0_ELAPSED_MS
  D:0006H         SYMBOL        T_ms
  D:0003H         SYMBOL        flag_count
  C:3670H         LINE#         50
  C:3672H         LINE#         51
  -------         ENDPROC       _SETUP_T0_ELAPSED_MS
  -------         PROC          _SETUP_T0_ELAPSED_US
  D:0006H         SYMBOL        T_us
  D:0003H         SYMBOL        flag_count
  -------         DO            
  D:0006H         SYMBOL        qnt_ticks
  -------         ENDDO         
  C:3488H         LINE#         62
  C:348AH         LINE#         63
  C:349CH         LINE#         64
  -------         ENDPROC       _SETUP_T0_ELAPSED_US
  -------         PROC          _SETUP_T0_TICKS
  D:0002H         SYMBOL        number_beats
  D:0005H         SYMBOL        flag_count
  C:367EH         LINE#         73
  C:3680H         LINE#         74
  C:3682H         LINE#         75
  C:3685H         LINE#         76
  C:368BH         LINE#         77
  -------         ENDPROC       _SETUP_T0_TICKS
  -------         PROC          TMR0_IRQ
  C:32FDH         LINE#         80
  C:3301H         LINE#         82
  C:3301H         LINE#         83
  C:3301H         LINE#         84
  C:3303H         LINE#         85
  C:330AH         LINE#         86
  C:330DH         LINE#         87
  C:3310H         LINE#         88
  C:3310H         LINE#         89
  C:3313H         LINE#         90
  C:3316H         LINE#         91
  C:3316H         LINE#         92
  -------         ENDPROC       TMR0_IRQ
  -------         PROC          START_T0
  C:3650H         LINE#         94
  C:3650H         LINE#         95
  C:3653H         LINE#         96
  C:3656H         LINE#         97
  C:3659H         LINE#         98
  C:365BH         LINE#         99
  C:365DH         LINE#         100
BL51 BANKED LINKER/LOCATER V6.22                                                      02/16/2017  15:26:24  PAGE 16


  C:365FH         LINE#         101
  -------         ENDPROC       START_T0
  -------         PROC          STOP_T0
  C:3660H         LINE#         103
  C:3660H         LINE#         104
  C:3663H         LINE#         105
  C:3666H         LINE#         106
  C:3669H         LINE#         107
  C:366BH         LINE#         108
  C:366DH         LINE#         109
  C:366FH         LINE#         110
  -------         ENDPROC       STOP_T0
  -------         PROC          MPU_8051_MALLOC_SETUP
  C:3755H         LINE#         312
  C:3755H         LINE#         313
  -------         ENDPROC       MPU_8051_MALLOC_SETUP
  -------         PROC          _SETCLOCKSOURCE
  D:0007H         SYMBOL        source
  C:368CH         LINE#         332
  C:368CH         LINE#         333
  -------         ENDPROC       _SETCLOCKSOURCE
  -------         PROC          _SETFULLSCALEGYRORANGE
  D:0007H         SYMBOL        range
  C:369AH         LINE#         341
  C:369AH         LINE#         342
  -------         ENDPROC       _SETFULLSCALEGYRORANGE
  -------         PROC          _SETFULLSCALEACCELRANGE
  D:0007H         SYMBOL        range
  C:36A8H         LINE#         349
  C:36A8H         LINE#         350
  -------         ENDPROC       _SETFULLSCALEACCELRANGE
  -------         PROC          _SETSLEEPENABLED
  D:0007H         SYMBOL        enabled
  C:3760H         LINE#         358
  C:3760H         LINE#         359
  -------         ENDPROC       _SETSLEEPENABLED
  -------         PROC          MPU_INITIALIZE
  C:000EH         LINE#         366
  C:000EH         LINE#         367
  C:0013H         LINE#         368
  C:0018H         LINE#         369
  C:001DH         LINE#         370
  -------         ENDPROC       MPU_INITIALIZE
  -------         PROC          MPU_TESTCONNECTION
  C:3276H         LINE#         378
  C:3276H         LINE#         379
  C:328BH         LINE#         380
  C:3298H         LINE#         381
  -------         ENDPROC       MPU_TESTCONNECTION
  -------         PROC          _GETMOTION6_PACKET
  X:036AH         SYMBOL        packet6
  C:25C7H         LINE#         388
  C:25CFH         LINE#         389
  C:25E1H         LINE#         390
  C:25F4H         LINE#         391
  C:25FEH         LINE#         392
  C:2609H         LINE#         393
BL51 BANKED LINKER/LOCATER V6.22                                                      02/16/2017  15:26:24  PAGE 17


  C:2615H         LINE#         394
  C:2625H         LINE#         395
  C:2635H         LINE#         396
  C:2645H         LINE#         397
  C:2655H         LINE#         398
  C:2665H         LINE#         399
  C:2675H         LINE#         400
  C:2685H         LINE#         401
  C:2695H         LINE#         402
  -------         ENDPROC       _GETMOTION6_PACKET
  -------         PROC          _SETXACCELOFFSET
  D:0006H         SYMBOL        offset
  C:376BH         LINE#         407
  C:376BH         LINE#         408
  -------         ENDPROC       _SETXACCELOFFSET
  -------         PROC          _SETYACCELOFFSET
  D:0006H         SYMBOL        offset
  C:3776H         LINE#         410
  C:3776H         LINE#         411
  -------         ENDPROC       _SETYACCELOFFSET
  -------         PROC          _SETZACCELOFFSET
  D:0006H         SYMBOL        offset
  C:3781H         LINE#         413
  C:3781H         LINE#         414
  -------         ENDPROC       _SETZACCELOFFSET
  -------         PROC          _SETXGYROOFFSET
  D:0006H         SYMBOL        offset
  C:378CH         LINE#         416
  C:378CH         LINE#         417
  -------         ENDPROC       _SETXGYROOFFSET
  -------         PROC          _SETYGYROOFFSET
  D:0006H         SYMBOL        offset
  C:3797H         LINE#         419
  C:3797H         LINE#         420
  -------         ENDPROC       _SETYGYROOFFSET
  -------         PROC          _SETZGYROOFFSET
  D:0006H         SYMBOL        offset
  C:37A2H         LINE#         422
  C:37A2H         LINE#         423
  -------         ENDPROC       _SETZGYROOFFSET
  -------         PROC          GETXACCELOFFSET
  C:3338H         LINE#         425
  C:3338H         LINE#         426
  C:334AH         LINE#         427
  C:3354H         LINE#         428
  -------         ENDPROC       GETXACCELOFFSET
  -------         PROC          GETYACCELOFFSET
  C:3355H         LINE#         429
  C:3355H         LINE#         430
  C:3367H         LINE#         431
  C:3371H         LINE#         432
  -------         ENDPROC       GETYACCELOFFSET
  -------         PROC          GETZACCELOFFSET
  C:3372H         LINE#         433
  C:3372H         LINE#         434
  C:3384H         LINE#         435
  C:338EH         LINE#         436
BL51 BANKED LINKER/LOCATER V6.22                                                      02/16/2017  15:26:24  PAGE 18


  -------         ENDPROC       GETZACCELOFFSET
  -------         PROC          GETXGYROOFFSET
  C:338FH         LINE#         437
  C:338FH         LINE#         438
  C:33A1H         LINE#         439
  C:33ABH         LINE#         440
  -------         ENDPROC       GETXGYROOFFSET
  -------         PROC          GETYGYROOFFSET
  C:33ACH         LINE#         441
  C:33ACH         LINE#         442
  C:33BEH         LINE#         443
  C:33C8H         LINE#         444
  -------         ENDPROC       GETYGYROOFFSET
  -------         PROC          GETZGYROOFFSET
  C:33C9H         LINE#         445
  C:33C9H         LINE#         446
  C:33DBH         LINE#         447
  C:33E5H         LINE#         448
  -------         ENDPROC       GETZGYROOFFSET
  C:3299H         SYMBOL        L?0321
  C:329CH         SYMBOL        L?0322
  -------         PROC          L?0320
  -------         ENDPROC       L?0320
  C:3299H         SYMBOL        L?0321
  C:329CH         SYMBOL        L?0322
  -------         PROC          _SETMEMORYBANK
  D:0007H         SYMBOL        bank
  D:0005H         SYMBOL        prefetchEnabled
  D:0003H         SYMBOL        userBank
  C:32A1H         LINE#         450
  C:32A1H         LINE#         451
  C:32A5H         LINE#         452
  C:32ACH         LINE#         453
  C:32B3H         LINE#         454
  -------         ENDPROC       _SETMEMORYBANK
  -------         PROC          GETFIFOCOUNT
  C:33E6H         LINE#         462
  C:33E6H         LINE#         463
  C:33F8H         LINE#         464
  C:3402H         LINE#         465
  -------         ENDPROC       GETFIFOCOUNT
  -------         PROC          GETINTSTATUS
  C:3529H         LINE#         467
  C:3529H         LINE#         468
  C:3536H         LINE#         469
  C:353BH         LINE#         470
  -------         ENDPROC       GETINTSTATUS
  -------         PROC          _SETDMPENABLED
  D:0007H         SYMBOL        enabled
  C:37ADH         LINE#         472
  C:37ADH         LINE#         473
  -------         ENDPROC       _SETDMPENABLED
  -------         PROC          RESETFIFO
  C:3725H         LINE#         480
  C:3725H         LINE#         481
  -------         ENDPROC       RESETFIFO
  -------         PROC          DMPGETFIFOPACKETSIZE
BL51 BANKED LINKER/LOCATER V6.22                                                      02/16/2017  15:26:24  PAGE 19


  C:384DH         LINE#         484
  C:384DH         LINE#         485
  C:3855H         LINE#         486
  -------         ENDPROC       DMPGETFIFOPACKETSIZE
  -------         PROC          L?0325
  -------         ENDPROC       L?0325
  -------         PROC          _GETFIFOBYTES
  X:0334H         SYMBOL        data_ptr
  D:0005H         SYMBOL        data_len
  C:2F04H         LINE#         488
  C:2F0FH         LINE#         489
  C:2F15H         LINE#         490
  C:2F34H         LINE#         491
  C:2F34H         LINE#         492
  C:2F43H         LINE#         493
  C:2F43H         LINE#         494
  -------         ENDPROC       _GETFIFOBYTES
  C:36B6H         SYMBOL        L?0327
  -------         PROC          L?0326
  -------         ENDPROC       L?0326
  C:36B6H         SYMBOL        L?0327
  -------         PROC          _SETMEMORYSTARTADDRESS
  D:0007H         SYMBOL        address
  C:36BBH         LINE#         496
  C:36BBH         LINE#         497
  -------         ENDPROC       _SETMEMORYSTARTADDRESS
  C:1B67H         SYMBOL        L?0318
  -------         PROC          L?0317
  -------         ENDPROC       L?0317
  C:1B67H         SYMBOL        L?0318
  -------         PROC          _WRITEMEMORYBLOCK
  X:0344H         SYMBOL        data_ptr
  X:0347H         SYMBOL        dataSize
  X:0349H         SYMBOL        bank
  X:034AH         SYMBOL        address
  X:034BH         SYMBOL        verify
  X:034CH         SYMBOL        useProgMem
  -------         DO            
  X:034DH         SYMBOL        chunkSize_wmb
  X:034EH         SYMBOL        verifyBuffer_wmb
  X:0351H         SYMBOL        progBuffer_wmb
  X:0354H         SYMBOL        i_wmb
  D:0007H         SYMBOL        j_wmb
  -------         ENDDO         
  C:1B8AH         LINE#         501
  C:1B9BH         LINE#         505
  C:1BA4H         LINE#         508
  C:1BA7H         LINE#         509
  C:1BAAH         LINE#         510
  C:1BC7H         LINE#         511
  C:1BE4H         LINE#         512
  C:1C04H         LINE#         514
  C:1C0AH         LINE#         517
  C:1C2CH         LINE#         520
  C:1C49H         LINE#         522
  C:1C4FH         LINE#         524
  C:1C97H         LINE#         525
BL51 BANKED LINKER/LOCATER V6.22                                                      02/16/2017  15:26:24  PAGE 20


  C:1C97H         LINE#         527
  C:1CBBH         LINE#         528
  C:1CBBH         LINE#         530
  C:1CD7H         LINE#         533
  C:1CF0H         LINE#         534
  C:1CF3H         LINE#         535
  C:1CF6H         LINE#         536
  C:1D12H         LINE#         537
  C:1D39H         LINE#         538
  C:1D47H         LINE#         539
  C:1D5BH         LINE#         540
  C:1D5EH         LINE#         541
  C:1D5EH         LINE#         542
  C:1D5EH         LINE#         545
  C:1D71H         LINE#         548
  C:1D77H         LINE#         551
  C:1D8FH         LINE#         552
  C:1D9BH         LINE#         553
  C:1D9EH         LINE#         554
  C:1DA1H         LINE#         555
  C:1DA1H         LINE#         556
  C:1DA4H         LINE#         557
  C:1DB8H         LINE#         558
  C:1DCCH         LINE#         559
  C:1DCEH         LINE#         560
  -------         ENDPROC       _WRITEMEMORYBLOCK
  -------         PROC          _WRITEDMPCONFIGURATIONSET
  X:0334H         SYMBOL        data_ptr
  X:0337H         SYMBOL        dataSize
  X:0339H         SYMBOL        useProgMem
  -------         DO            
  X:033AH         SYMBOL        progBuffer_wdcs
  X:033DH         SYMBOL        success_wdcs
  X:033EH         SYMBOL        special_wdcs
  X:033FH         SYMBOL        i_wdcs
  D:0006H         SYMBOL        j_wdcs
  X:0341H         SYMBOL        bank_wdcs
  X:0342H         SYMBOL        offset_wdcs
  X:0343H         SYMBOL        length_wdcs
  -------         ENDDO         
  C:18D0H         LINE#         563
  C:18E1H         LINE#         564
  C:18EAH         LINE#         568
  C:18F0H         LINE#         569
  C:1907H         LINE#         570
  C:1907H         LINE#         575
  C:1926H         LINE#         576
  C:1930H         LINE#         577
  C:1951H         LINE#         578
  C:1975H         LINE#         579
  C:1995H         LINE#         580
  C:1997H         LINE#         581
  C:19B5H         LINE#         582
  C:19CBH         LINE#         583
  C:19E1H         LINE#         584
  C:19E1H         LINE#         587
  C:19EEH         LINE#         589
BL51 BANKED LINKER/LOCATER V6.22                                                      02/16/2017  15:26:24  PAGE 21


  C:19F1H         LINE#         590
  C:1A1BH         LINE#         591
  C:1A68H         LINE#         592
  C:1A68H         LINE#         593
  C:1A8CH         LINE#         594
  C:1A8CH         LINE#         595
  C:1ABDH         LINE#         596
  C:1ACFH         LINE#         597
  C:1AD1H         LINE#         603
  C:1ADAH         LINE#         604
  C:1AF7H         LINE#         605
  C:1AF9H         LINE#         606
  C:1B17H         LINE#         607
  C:1B17H         LINE#         611
  C:1B1EH         LINE#         617
  C:1B27H         LINE#         619
  C:1B2DH         LINE#         620
  C:1B2FH         LINE#         622
  C:1B34H         LINE#         623
  C:1B34H         LINE#         624
  C:1B34H         LINE#         626
  C:1B3DH         LINE#         627
  C:1B4FH         LINE#         628
  C:1B52H         LINE#         629
  C:1B52H         LINE#         630
  C:1B52H         LINE#         631
  C:1B64H         LINE#         632
  C:1B66H         LINE#         633
  -------         ENDPROC       _WRITEDMPCONFIGURATIONSET
  -------         PROC          _READMEMORYBLOCK
  X:0334H         SYMBOL        data_ptr
  X:0337H         SYMBOL        dataSize
  X:0339H         SYMBOL        bank
  X:033AH         SYMBOL        address
  -------         DO            
  X:033BH         SYMBOL        chunkSize_rmb
  X:033CH         SYMBOL        i_rmb
  -------         ENDDO         
  C:23EEH         LINE#         635
  C:23FFH         LINE#         638
  C:2403H         LINE#         639
  C:240BH         LINE#         640
  C:242BH         LINE#         642
  C:2431H         LINE#         645
  C:2451H         LINE#         648
  C:246CH         LINE#         651
  C:2496H         LINE#         654
  C:24A9H         LINE#         657
  C:24AFH         LINE#         660
  C:24C7H         LINE#         661
  C:24D3H         LINE#         662
  C:24D9H         LINE#         663
  C:24E1H         LINE#         664
  C:24E1H         LINE#         665
  C:24E4H         LINE#         666
  -------         ENDPROC       _READMEMORYBLOCK
  -------         PROC          _WRITEPROGDMPCONFIGURATIONSET
BL51 BANKED LINKER/LOCATER V6.22                                                      02/16/2017  15:26:24  PAGE 22


  D:0001H         SYMBOL        data_ptr
  D:0004H         SYMBOL        dataSize
  C:381BH         LINE#         668
  C:381BH         LINE#         669
  C:3824H         LINE#         670
  -------         ENDPROC       _WRITEPROGDMPCONFIGURATIONSET
  -------         PROC          _WRITEPROGMEMORYBLOCK
  D:0001H         SYMBOL        data_ptr
  D:0004H         SYMBOL        dataSize
  X:0339H         SYMBOL        bank
  X:033AH         SYMBOL        address
  X:033BH         SYMBOL        verify
  C:32DDH         LINE#         672
  C:32DDH         LINE#         673
  C:32FCH         LINE#         674
  -------         ENDPROC       _WRITEPROGMEMORYBLOCK
  -------         PROC          I2C_MPU_RESET
  C:3731H         LINE#         680
  C:3731H         LINE#         681
  -------         ENDPROC       I2C_MPU_RESET
  -------         PROC          _SETSLAVEADDRESS
  D:0007H         SYMBOL        num
  D:0006H         SYMBOL        address
  C:3454H         LINE#         690
  C:3456H         LINE#         691
  C:345CH         LINE#         692
  C:346DH         LINE#         693
  -------         ENDPROC       _SETSLAVEADDRESS
  -------         PROC          _SETI2CMASTERMODEENABLED
  D:0007H         SYMBOL        enabled
  C:37B8H         LINE#         700
  C:37B8H         LINE#         701
  -------         ENDPROC       _SETI2CMASTERMODEENABLED
  -------         PROC          RESETI2CMASTER
  C:373DH         LINE#         708
  C:373DH         LINE#         709
  -------         ENDPROC       RESETI2CMASTER
  -------         PROC          _SETINTENABLED
  D:0007H         SYMBOL        enabled
  C:3856H         LINE#         712
  C:3856H         LINE#         713
  -------         ENDPROC       _SETINTENABLED
  -------         PROC          _SETRATE
  D:0007H         SYMBOL        rate
  C:385FH         LINE#         721
  C:385FH         LINE#         722
  -------         ENDPROC       _SETRATE
  -------         PROC          _SETEXTERNALFRAMESYNC
  D:0007H         SYMBOL        sync_ext
  C:36C4H         LINE#         730
  C:36C4H         LINE#         731
  -------         ENDPROC       _SETEXTERNALFRAMESYNC
  -------         PROC          _SETDLPFMODE
  D:0007H         SYMBOL        mode
  C:36D2H         LINE#         739
  C:36D2H         LINE#         740
  -------         ENDPROC       _SETDLPFMODE
BL51 BANKED LINKER/LOCATER V6.22                                                      02/16/2017  15:26:24  PAGE 23


  -------         PROC          GETDMPCONFIG1
  C:353CH         LINE#         746
  C:353CH         LINE#         747
  C:3549H         LINE#         748
  C:354EH         LINE#         749
  -------         ENDPROC       GETDMPCONFIG1
  -------         PROC          _SETDMPCONFIG1
  D:0007H         SYMBOL        config
  C:3868H         LINE#         750
  C:3868H         LINE#         751
  -------         ENDPROC       _SETDMPCONFIG1
  -------         PROC          GETDMPCONFIG2
  C:354FH         LINE#         757
  C:354FH         LINE#         758
  C:355CH         LINE#         759
  C:3561H         LINE#         760
  -------         ENDPROC       GETDMPCONFIG2
  -------         PROC          _SETDMPCONFIG2
  D:0007H         SYMBOL        config
  C:3871H         LINE#         761
  C:3871H         LINE#         762
  -------         ENDPROC       _SETDMPCONFIG2
  -------         PROC          GETOTPBANKVALID
  C:34D2H         LINE#         765
  C:34D2H         LINE#         766
  C:34E3H         LINE#         767
  C:34E8H         LINE#         768
  -------         ENDPROC       GETOTPBANKVALID
  -------         PROC          _SETOTPBANKVALID
  D:0007H         SYMBOL        enabled
  C:3825H         LINE#         769
  C:3825H         LINE#         770
  -------         ENDPROC       _SETOTPBANKVALID
  -------         PROC          GETXGYROOFFSETTC
  C:3403H         LINE#         776
  C:3403H         LINE#         777
  C:3418H         LINE#         778
  C:341DH         LINE#         779
  -------         ENDPROC       GETXGYROOFFSETTC
  -------         PROC          _SETXGYROOFFSETTC
  D:0007H         SYMBOL        offset
  C:36E0H         LINE#         780
  C:36E0H         LINE#         781
  -------         ENDPROC       _SETXGYROOFFSETTC
  -------         PROC          GETYGYROOFFSETTC
  C:341EH         LINE#         787
  C:341EH         LINE#         788
  C:3433H         LINE#         789
  C:3438H         LINE#         790
  -------         ENDPROC       GETYGYROOFFSETTC
  -------         PROC          _SETYGYROOFFSETTC
  D:0007H         SYMBOL        offset
  C:36EEH         LINE#         791
  C:36EEH         LINE#         792
  -------         ENDPROC       _SETYGYROOFFSETTC
  -------         PROC          GETZGYROOFFSETTC
  C:3439H         LINE#         798
BL51 BANKED LINKER/LOCATER V6.22                                                      02/16/2017  15:26:24  PAGE 24


  C:3439H         LINE#         799
  C:344EH         LINE#         800
  C:3453H         LINE#         801
  -------         ENDPROC       GETZGYROOFFSETTC
  -------         PROC          _SETZGYROOFFSETTC
  D:0007H         SYMBOL        offset
  C:36FCH         LINE#         802
  C:36FCH         LINE#         803
  -------         ENDPROC       _SETZGYROOFFSETTC
  -------         PROC          GETMOTIONDETECTIONTHRESHOLD
  C:3562H         LINE#         813
  C:3562H         LINE#         814
  C:356FH         LINE#         815
  C:3574H         LINE#         816
  -------         ENDPROC       GETMOTIONDETECTIONTHRESHOLD
  -------         PROC          _SETMOTIONDETECTIONTHRESHOLD
  D:0007H         SYMBOL        threshold
  C:387AH         LINE#         823
  C:387AH         LINE#         824
  -------         ENDPROC       _SETMOTIONDETECTIONTHRESHOLD
  -------         PROC          GETZEROMOTIONDETECTIONTHRESHOLD
  C:3575H         LINE#         835
  C:3575H         LINE#         836
  C:3582H         LINE#         837
  C:3587H         LINE#         838
  -------         ENDPROC       GETZEROMOTIONDETECTIONTHRESHOLD
  -------         PROC          _SETZEROMOTIONDETECTIONTHRESHOLD
  D:0007H         SYMBOL        threshold
  C:3883H         LINE#         845
  C:3883H         LINE#         846
  -------         ENDPROC       _SETZEROMOTIONDETECTIONTHRESHOLD
  -------         PROC          GETMOTIONDETECTIONDURATION
  C:3588H         LINE#         855
  C:3588H         LINE#         856
  C:3595H         LINE#         857
  C:359AH         LINE#         858
  -------         ENDPROC       GETMOTIONDETECTIONDURATION
  -------         PROC          _SETMOTIONDETECTIONDURATION
  D:0007H         SYMBOL        duration
  C:388CH         LINE#         865
  C:388CH         LINE#         866
  -------         ENDPROC       _SETMOTIONDETECTIONDURATION
  -------         PROC          GETZEROMOTIONDETECTIONDURATION
  C:359BH         LINE#         875
  C:359BH         LINE#         876
  C:35A8H         LINE#         877
  C:35ADH         LINE#         878
  -------         ENDPROC       GETZEROMOTIONDETECTIONDURATION
  -------         PROC          _SETZEROMOTIONDETECTIONDURATION
  D:0007H         SYMBOL        duration
  C:3895H         LINE#         885
  C:3895H         LINE#         886
  -------         ENDPROC       _SETZEROMOTIONDETECTIONDURATION
  -------         PROC          GETFIFOENABLED
  C:34BAH         LINE#         894
  C:34BAH         LINE#         895
  C:34CCH         LINE#         896
BL51 BANKED LINKER/LOCATER V6.22                                                      02/16/2017  15:26:24  PAGE 25


  C:34D1H         LINE#         897
  -------         ENDPROC       GETFIFOENABLED
  -------         PROC          _SETFIFOENABLED
  D:0007H         SYMBOL        enabled
  C:37C3H         LINE#         904
  C:37C3H         LINE#         905
  -------         ENDPROC       _SETFIFOENABLED
  -------         PROC          RESETDMP
  C:3749H         LINE#         908
  C:3749H         LINE#         909
  -------         ENDPROC       RESETDMP
  -------         PROC          DMPINITIALIZE
  -------         DO            
  X:0299H         SYMBOL        xgOffsetTC
  X:029AH         SYMBOL        ygOffsetTC
  X:029BH         SYMBOL        zgOffsetTC
  X:029CH         SYMBOL        dmpUpdate
  X:02ACH         SYMBOL        j
  X:02ADH         SYMBOL        pos
  X:02AFH         SYMBOL        fifoCount
  X:02B1H         SYMBOL        fifoBuffer
  X:0331H         SYMBOL        b
  X:0332H         SYMBOL        data_to_write
  X:0333H         SYMBOL        mask
  -------         ENDDO         
  C:0DFBH         LINE#         912
  C:0DFBH         LINE#         915
  C:0E02H         LINE#         925
  C:0E05H         LINE#         926
  C:0E0CH         LINE#         937
  C:0E11H         LINE#         941
  C:0E1AH         LINE#         944
  C:0E1FH         LINE#         950
  C:0E26H         LINE#         960
  C:0E2EH         LINE#         961
  C:0E36H         LINE#         962
  C:0E3EH         LINE#         973
  C:0E45H         LINE#         976
  C:0E4AH         LINE#         978
  C:0E51H         LINE#         980
  C:0E54H         LINE#         981
  C:0E5BH         LINE#         989
  C:0E78H         LINE#         997
  C:0E8BH         LINE#         1002
  C:0E90H         LINE#         1006
  C:0E95H         LINE#         1010
  C:0E9AH         LINE#         1018
  C:0EA0H         LINE#         1021
  C:0EACH         LINE#         1023
  C:0EACH         LINE#         1025
  C:0EACH         LINE#         1028
  C:0EB2H         LINE#         1029
  C:0EBCH         LINE#         1030
  C:0EC0H         LINE#         1031
  C:0ECCH         LINE#         1032
  C:0ECFH         LINE#         1035
  C:0ED8H         LINE#         1037
BL51 BANKED LINKER/LOCATER V6.22                                                      02/16/2017  15:26:24  PAGE 26


  C:0ED8H         LINE#         1039
  C:0ED8H         LINE#         1046
  C:0EDDH         LINE#         1050
  C:0EE2H         LINE#         1054
  C:0EE7H         LINE#         1055
  C:0EECH         LINE#         1059
  C:0EF1H         LINE#         1067
  C:0EFEH         LINE#         1069
  C:0EFEH         LINE#         1071
  C:0EFEH         LINE#         1074
  C:0F04H         LINE#         1075
  C:0F0BH         LINE#         1076
  C:0F0FH         LINE#         1077
  C:0F1BH         LINE#         1078
  C:0F1EH         LINE#         1081
  C:0F27H         LINE#         1083
  C:0F27H         LINE#         1085
  C:0F27H         LINE#         1090
  C:0F34H         LINE#         1092
  C:0F34H         LINE#         1094
  C:0F34H         LINE#         1097
  C:0F3AH         LINE#         1098
  C:0F41H         LINE#         1099
  C:0F45H         LINE#         1100
  C:0F51H         LINE#         1101
  C:0F54H         LINE#         1104
  C:0F5DH         LINE#         1106
  C:0F5DH         LINE#         1108
  C:0F5DH         LINE#         1113
  C:0F6AH         LINE#         1115
  C:0F6AH         LINE#         1117
  C:0F6AH         LINE#         1120
  C:0F70H         LINE#         1121
  C:0F77H         LINE#         1122
  C:0F7AH         LINE#         1123
  C:0F86H         LINE#         1124
  C:0F93H         LINE#         1127
  C:0F9CH         LINE#         1129
  C:0F9CH         LINE#         1131
  C:0F9CH         LINE#         1141
  C:0FF9H         LINE#         1144
  C:0FFCH         LINE#         1148
  C:1059H         LINE#         1150
  C:105CH         LINE#         1153
  C:105FH         LINE#         1156
  C:106AH         LINE#         1161
  C:1074H         LINE#         1164
  C:1079H         LINE#         1167
  C:107EH         LINE#         1170
  C:1083H         LINE#         1173
  C:1088H         LINE#         1176
  C:108BH         LINE#         1179
  C:1090H         LINE#         1182
  C:1095H         LINE#         1185
  C:1098H         LINE#         1189
  C:10F5H         LINE#         1190
  C:10F8H         LINE#         1194
BL51 BANKED LINKER/LOCATER V6.22                                                      02/16/2017  15:26:24  PAGE 27


  C:1155H         LINE#         1195
  C:1158H         LINE#         1199
  C:11B5H         LINE#         1200
  C:11B8H         LINE#         1206
  C:11C7H         LINE#         1207
  C:11D2H         LINE#         1209
  C:11D4H         LINE#         1214
  C:11D7H         LINE#         1223
  C:1234H         LINE#         1224
  C:1254H         LINE#         1228
  C:1263H         LINE#         1229
  C:126EH         LINE#         1230
  C:1270H         LINE#         1236
  C:1273H         LINE#         1245
  C:12D0H         LINE#         1246
  C:12D3H         LINE#         1251
  C:12D8H         LINE#         1254
  C:12E1H         LINE#         1260
  C:12E4H         LINE#         1261
  C:12E7H         LINE#         1262
  C:12E9H         LINE#         1265
  C:12ECH         LINE#         1266
  C:12ECH         LINE#         1267
  C:12ECH         LINE#         1270
  C:12EFH         LINE#         1271
  C:12EFH         LINE#         1273
  C:12F1H         LINE#         1274
  -------         ENDPROC       DMPINITIALIZE
  -------         PROC          _DMPGETQUATERNION_INT16
  X:035EH         SYMBOL        data_ptr
  X:0361H         SYMBOL        packet
  C:24E5H         LINE#         1277
  C:24F0H         LINE#         1279
  C:250FH         LINE#         1280
  C:2537H         LINE#         1281
  C:2566H         LINE#         1282
  C:2595H         LINE#         1283
  C:25C4H         LINE#         1284
  C:25C6H         LINE#         1285
  -------         ENDPROC       _DMPGETQUATERNION_INT16
  -------         PROC          _DMPGETPACKET16BITS
  X:0364H         SYMBOL        data_ptr
  X:0367H         SYMBOL        packet
  C:15FAH         LINE#         1286
  C:1605H         LINE#         1289
  C:1645H         LINE#         1290
  C:168DH         LINE#         1291
  C:16D5H         LINE#         1292
  C:171DH         LINE#         1294
  C:1765H         LINE#         1295
  C:17ADH         LINE#         1296
  C:17F5H         LINE#         1298
  C:183DH         LINE#         1299
  C:1885H         LINE#         1300
  C:18CDH         LINE#         1301
  C:18CFH         LINE#         1302
  -------         ENDPROC       _DMPGETPACKET16BITS
BL51 BANKED LINKER/LOCATER V6.22                                                      02/16/2017  15:26:24  PAGE 28


  -------         PROC          L?0319
  -------         ENDPROC       L?0319
  -------         PROC          _GETMOTION6_VARIABLES
  X:0298H         SYMBOL        ax
  X:029BH         SYMBOL        ay
  X:029EH         SYMBOL        az
  X:02A1H         SYMBOL        gx
  X:02A4H         SYMBOL        gy
  X:02A7H         SYMBOL        gz
  C:232FH         LINE#         1310
  C:233AH         LINE#         1311
  C:234CH         LINE#         1314
  C:2367H         LINE#         1315
  C:2382H         LINE#         1316
  C:239DH         LINE#         1317
  C:23B8H         LINE#         1318
  C:23D3H         LINE#         1319
  -------         ENDPROC       _GETMOTION6_VARIABLES
  -------         PROC          CALIBRATIONROUTINE
  C:35E7H         LINE#         56
  C:35E7H         LINE#         58
  C:35F2H         LINE#         59
  C:35F2H         LINE#         60
  C:35F5H         LINE#         61
  C:35F5H         LINE#         62
  C:35F5H         LINE#         63
  C:35F8H         LINE#         64
  C:35F8H         LINE#         65
  C:35F8H         LINE#         66
  -------         ENDPROC       CALIBRATIONROUTINE
  -------         PROC          CALIBRATIONSTEPONE
  C:2010H         LINE#         68
  C:2010H         LINE#         71
  C:201CH         LINE#         72
  C:201CH         LINE#         74
  C:201FH         LINE#         77
  C:2053H         LINE#         79
  C:2080H         LINE#         81
  C:20B4H         LINE#         83
  C:20E1H         LINE#         85
  C:2115H         LINE#         87
  C:2142H         LINE#         89
  C:2148H         LINE#         90
  C:2149H         LINE#         92
  C:2149H         LINE#         95
  C:2162H         LINE#         96
  C:217BH         LINE#         97
  C:2195H         LINE#         99
  C:21AEH         LINE#         100
  C:21C7H         LINE#         101
  C:21E0H         LINE#         103
  C:21E6H         LINE#         104
  C:21E6H         LINE#         105
  -------         ENDPROC       CALIBRATIONSTEPONE
  C:34E9H         SYMBOL        L?0324
  -------         PROC          L?0323
  -------         ENDPROC       L?0323
BL51 BANKED LINKER/LOCATER V6.22                                                      02/16/2017  15:26:24  PAGE 29


  C:34E9H         SYMBOL        L?0324
  -------         PROC          _MATH_ABS
  D:0006H         SYMBOL        test_value
  C:34EEH         LINE#         107
  C:34EEH         LINE#         108
  C:34F6H         LINE#         109
  C:34FEH         LINE#         110
  C:34FEH         LINE#         111
  C:34FEH         LINE#         112
  C:34FEH         LINE#         113
  -------         ENDPROC       _MATH_ABS
  -------         PROC          CALIBRATIONSTEPTWO
  C:12F2H         LINE#         115
  C:12F2H         LINE#         117
  C:12FEH         LINE#         118
  C:12FEH         LINE#         120
  C:1301H         LINE#         122
  C:1335H         LINE#         123
  C:1362H         LINE#         124
  C:1396H         LINE#         125
  C:13C3H         LINE#         126
  C:13F7H         LINE#         127
  C:1424H         LINE#         129
  C:142AH         LINE#         130
  C:142BH         LINE#         132
  C:142BH         LINE#         135
  C:1430H         LINE#         138
  C:144BH         LINE#         139
  C:146EH         LINE#         141
  C:1489H         LINE#         142
  C:14ACH         LINE#         144
  C:14C7H         LINE#         145
  C:14F1H         LINE#         147
  C:150EH         LINE#         148
  C:1534H         LINE#         150
  C:1551H         LINE#         151
  C:1577H         LINE#         153
  C:1594H         LINE#         154
  C:15BAH         LINE#         157
  C:15CEH         LINE#         158
  C:15CEH         LINE#         159
  C:15D1H         LINE#         162
  C:15D1H         LINE#         164
  C:15D1H         LINE#         165
  C:15D8H         LINE#         166
  C:15DCH         LINE#         167
  C:15E0H         LINE#         168
  C:15E6H         LINE#         169
  C:15EAH         LINE#         170
  C:15EEH         LINE#         171
  C:15F4H         LINE#         172
  C:15F9H         LINE#         173
  C:15F9H         LINE#         174
  C:15F9H         LINE#         175
  -------         ENDPROC       CALIBRATIONSTEPTWO
  -------         PROC          _SPI_RW
  D:0007H         SYMBOL        value
BL51 BANKED LINKER/LOCATER V6.22                                                      02/16/2017  15:26:24  PAGE 30


  C:382FH         LINE#         127
  C:382FH         LINE#         128
  C:3831H         LINE#         130
  C:3836H         LINE#         132
  C:3838H         LINE#         133
  -------         ENDPROC       _SPI_RW
  -------         PROC          _SPI_RW_REG
  D:0007H         SYMBOL        reg
  D:0006H         SYMBOL        value
  -------         DO            
  D:0005H         SYMBOL        status
  -------         ENDDO         
  C:35AEH         LINE#         142
  C:35B0H         LINE#         145
  C:35B2H         LINE#         146
  C:35B7H         LINE#         147
  C:35BCH         LINE#         148
  C:35BEH         LINE#         150
  C:35C0H         LINE#         151
  -------         ENDPROC       _SPI_RW_REG
  -------         PROC          _SPI_READ
  D:0007H         SYMBOL        reg
  -------         DO            
  D:0007H         SYMBOL        reg_val
  -------         ENDDO         
  C:3718H         LINE#         159
  C:3718H         LINE#         162
  C:371AH         LINE#         163
  C:371DH         LINE#         164
  C:3722H         LINE#         165
  C:3724H         LINE#         167
  C:3724H         LINE#         168
  -------         ENDPROC       _SPI_READ
  -------         PROC          _SPI_READ_BUF
  D:0007H         SYMBOL        reg
  D:0023H         SYMBOL        pBuf
  D:0026H         SYMBOL        bytes
  -------         DO            
  D:0006H         SYMBOL        status
  D:0005H         SYMBOL        byte_ctr
  -------         ENDDO         
  C:31FAH         LINE#         177
  C:3200H         LINE#         180
  C:3202H         LINE#         181
  C:3207H         LINE#         183
  C:320FH         LINE#         184
  C:3226H         LINE#         186
  C:3228H         LINE#         188
  C:322AH         LINE#         189
  -------         ENDPROC       _SPI_READ_BUF
  -------         PROC          _SPI_WRITE_BUF
  D:0007H         SYMBOL        reg
  D:0031H         SYMBOL        pBuf
  D:0034H         SYMBOL        bytes
  -------         DO            
  D:0006H         SYMBOL        status
  D:0005H         SYMBOL        byte_ctr
BL51 BANKED LINKER/LOCATER V6.22                                                      02/16/2017  15:26:24  PAGE 31


  -------         ENDDO         
  C:3196H         LINE#         199
  C:319CH         LINE#         202
  C:319EH         LINE#         203
  C:31A3H         LINE#         204
  C:31ABH         LINE#         205
  C:31C3H         LINE#         206
  C:31C5H         LINE#         207
  C:31C7H         LINE#         208
  -------         ENDPROC       _SPI_WRITE_BUF
  -------         PROC          RX_MODE
  C:361DH         LINE#         213
  C:361DH         LINE#         214
  C:3620H         LINE#         215
  C:3622H         LINE#         216
  C:3624H         LINE#         217
  C:362BH         LINE#         218
  C:362DH         LINE#         219
  -------         ENDPROC       RX_MODE
  -------         PROC          _TX_MODE_NOACK
  D:002CH         SYMBOL        payloadLength
  C:31C8H         LINE#         227
  C:31CCH         LINE#         228
  C:31CEH         LINE#         229
  C:31D5H         LINE#         230
  C:31E3H         LINE#         231
  C:31F1H         LINE#         233
  C:31F3H         LINE#         234
  C:31F9H         LINE#         235
  -------         ENDPROC       _TX_MODE_NOACK
  -------         PROC          RF_IRQ
  C:2912H         LINE#         242
  C:292BH         LINE#         244
  C:2932H         LINE#         245
  C:2935H         LINE#         246
  C:2943H         LINE#         247
  C:294AH         LINE#         248
  C:294CH         LINE#         249
  C:2956H         LINE#         250
[...]
  C:318EH         LINE#         216
  C:3190H         LINE#         218
  C:3193H         LINE#         220
  C:3195H         LINE#         221
  -------         ENDPROC       _HAL_W2_WRITE
  -------         PROC          _HAL_W2_READ
  D:0007H         SYMBOL        address
  D:0057H         SYMBOL        data_ptr
  D:005AH         SYMBOL        data_len
  -------         DO            
  D:0007H         SYMBOL        w2_status
  D:005BH         SYMBOL        ack_received
  -------         ENDDO         
  C:2EABH         LINE#         223
  C:2EB1H         LINE#         224
BL51 BANKED LINKER/LOCATER V6.22                                                      02/16/2017  15:26:24  PAGE 43


  C:2EB1H         LINE#         228
  C:2EB8H         LINE#         230
  C:2EBCH         LINE#         231
  C:2EBCH         LINE#         233
  C:2EBFH         LINE#         234
  C:2EBFH         LINE#         237
  C:2ECAH         LINE#         238
  C:2ECAH         LINE#         239
  C:2ECEH         LINE#         240
  C:2ECEH         LINE#         241
  C:2ED1H         LINE#         242
  C:2ED1H         LINE#         244
  C:2ED4H         LINE#         246
  C:2EE7H         LINE#         247
  C:2EF3H         LINE#         248
  C:2EF5H         LINE#         250
  C:2EF7H         LINE#         251
  -------         ENDPROC       _HAL_W2_READ
  -------         PROC          HAL_W2_SOFT_RESET
  -------         DO            
  D:003BH         SYMBOL        pulsecount
  D:003CH         SYMBOL        w2_freq
  -------         ENDDO         
  C:2A1CH         LINE#         253
  C:2A1CH         LINE#         254
  C:2A1CH         LINE#         259
  C:2A22H         LINE#         261
  C:2A25H         LINE#         262
  C:2A2DH         LINE#         266
  C:2A30H         LINE#         267
  C:2A33H         LINE#         270
  C:2A36H         LINE#         275
  C:2A3EH         LINE#         278
  C:2A45H         LINE#         280
  C:2A48H         LINE#         284
  C:2A4FH         LINE#         285
  C:2A52H         LINE#         286
  C:2A52H         LINE#         288
  C:2A5AH         LINE#         289
  C:2A61H         LINE#         291
  C:2A64H         LINE#         292
  C:2A6BH         LINE#         293
  C:2A74H         LINE#         296
  C:2A7BH         LINE#         298
  C:2A83H         LINE#         301
  C:2A8AH         LINE#         303
  C:2A92H         LINE#         306
  C:2A95H         LINE#         309
  C:2A98H         LINE#         310
  C:2A9EH         LINE#         312
  -------         ENDPROC       HAL_W2_SOFT_RESET
  -------         PROC          _I2C_MPU_WRITEBYTE
  D:0007H         SYMBOL        devAddr
  D:0005H         SYMBOL        regAddr
  D:002EH         SYMBOL        data_to_write
  C:363FH         LINE#         317
  C:3641H         LINE#         318
BL51 BANKED LINKER/LOCATER V6.22                                                      02/16/2017  15:26:24  PAGE 44


  C:364FH         LINE#         319
  -------         ENDPROC       _I2C_MPU_WRITEBYTE
  -------         PROC          _I2C_MPU_WRITEBYTES
  D:0007H         SYMBOL        devAddr
  D:0004H         SYMBOL        regAddr
  D:0006H         SYMBOL        data_len
  D:0032H         SYMBOL        data_ptr
  -------         DO            
  D:0007H         SYMBOL        w2_status
  D:0005H         SYMBOL        ack_received
  -------         ENDDO         
  C:30A6H         LINE#         321
  C:30AAH         LINE#         326
  C:30B1H         LINE#         327
  C:30B3H         LINE#         328
  C:30B6H         LINE#         329
  C:30BAH         LINE#         330
  C:30BAH         LINE#         331
  C:30BCH         LINE#         332
  C:30BCH         LINE#         334
  C:30C8H         LINE#         335
  C:30C8H         LINE#         336
  C:30D4H         LINE#         337
  C:30D7H         LINE#         338
  C:30DBH         LINE#         339
  C:30DBH         LINE#         340
  C:30DDH         LINE#         341
  C:30DDH         LINE#         342
  C:30DFH         LINE#         343
  C:30E2H         LINE#         345
  C:30E4H         LINE#         346
  -------         ENDPROC       _I2C_MPU_WRITEBYTES
  -------         PROC          _I2C_MPU_READBYTE
  D:0007H         SYMBOL        devAddr
  D:0005H         SYMBOL        regAddr
  D:0030H         SYMBOL        data_ptr
  C:360BH         LINE#         348
  C:3611H         LINE#         349
  C:361CH         LINE#         350
  -------         ENDPROC       _I2C_MPU_READBYTE
  -------         PROC          _I2C_MPU_READBYTES
  D:0006H         SYMBOL        devAddr
  D:0004H         SYMBOL        regAddr
  D:0035H         SYMBOL        data_len
  D:0036H         SYMBOL        data_ptr
  -------         DO            
  D:0039H         SYMBOL        w2_status
  D:003AH         SYMBOL        ack_received
  -------         ENDDO         
  C:2B17H         LINE#         352
  C:2B1DH         LINE#         357
  C:2B24H         LINE#         358
  C:2B26H         LINE#         359
  C:2B2BH         LINE#         360
  C:2B30H         LINE#         361
  C:2B30H         LINE#         362
  C:2B33H         LINE#         363
BL51 BANKED LINKER/LOCATER V6.22                                                      02/16/2017  15:26:24  PAGE 45


  C:2B33H         LINE#         367
  C:2B3CH         LINE#         369
  C:2B40H         LINE#         370
  C:2B40H         LINE#         372
  C:2B43H         LINE#         374
  C:2B43H         LINE#         376
  C:2B4EH         LINE#         377
  C:2B4EH         LINE#         378
  C:2B52H         LINE#         379
  C:2B52H         LINE#         380
  C:2B55H         LINE#         381
  C:2B55H         LINE#         383
  C:2B5AH         LINE#         385
  C:2B6DH         LINE#         386
  C:2B7AH         LINE#         387
  C:2B7CH         LINE#         389
  C:2B7EH         LINE#         390
  -------         ENDPROC       _I2C_MPU_READBYTES
  -------         PROC          _I2C_MPU_WRITEBIT
  D:0027H         SYMBOL        devAddr
  D:0028H         SYMBOL        regAddr
  D:0029H         SYMBOL        bitNum
  D:002AH         SYMBOL        data_to_write
  -------         DO            
  D:002BH         SYMBOL        b
  -------         ENDDO         
  C:2E5DH         LINE#         393
  C:2E63H         LINE#         395
  C:2E6CH         LINE#         396
  C:2EA1H         LINE#         397
  C:2EAAH         LINE#         398
  -------         ENDPROC       _I2C_MPU_WRITEBIT
  -------         PROC          _I2C_MPU_WRITEBITS
  D:0027H         SYMBOL        devAddr
  D:0028H         SYMBOL        regAddr
  D:0029H         SYMBOL        bitStart
  D:002AH         SYMBOL        data_length
  D:002BH         SYMBOL        data_to_write
  -------         DO            
  D:002CH         SYMBOL        b
  -------         DO            
  D:002DH         SYMBOL        mask
  -------         ENDDO         
  -------         ENDDO         
  C:2C48H         LINE#         399
  C:2C4EH         LINE#         408
  C:2C5AH         LINE#         409
  C:2C87H         LINE#         410
  C:2C94H         LINE#         411
  C:2C98H         LINE#         412
  C:2C9BH         LINE#         413
  C:2C9FH         LINE#         414
  C:2CA8H         LINE#         415
  C:2CA8H         LINE#         416
  C:2CAAH         LINE#         417
  C:2CAAH         LINE#         418
  -------         ENDPROC       _I2C_MPU_WRITEBITS
BL51 BANKED LINKER/LOCATER V6.22                                                      02/16/2017  15:26:24  PAGE 46


  -------         PROC          _I2C_MPU_READBIT
  D:0007H         SYMBOL        devAddr
  D:0005H         SYMBOL        regAddr
  D:003FH         SYMBOL        bitNum
  D:0040H         SYMBOL        data_ptr
  -------         DO            
  D:0043H         SYMBOL        b
  D:0007H         SYMBOL        count
  -------         ENDDO         
  C:0026H         LINE#         419
  C:0028H         LINE#         421
  C:0031H         LINE#         422
  C:0049H         LINE#         423
  C:0049H         LINE#         424
  -------         ENDPROC       _I2C_MPU_READBIT
  -------         PROC          _I2C_MPU_READBITS
  D:0007H         SYMBOL        devAddr
  D:0005H         SYMBOL        regAddr
  D:0029H         SYMBOL        bitStart
  D:002AH         SYMBOL        data_length
  D:002BH         SYMBOL        data_ptr
  -------         DO            
  D:0005H         SYMBOL        count
  D:002EH         SYMBOL        b
  -------         DO            
  D:002FH         SYMBOL        mask
  -------         ENDDO         
  -------         ENDDO         
  C:2D0EH         LINE#         425
  C:2D10H         LINE#         432
  C:2D1EH         LINE#         433
  C:2D4BH         LINE#         434
  C:2D4DH         LINE#         435
  C:2D5AH         LINE#         436
  C:2D63H         LINE#         437
  C:2D63H         LINE#         438
  C:2D65H         LINE#         439
  -------         ENDPROC       _I2C_MPU_READBITS
  -------         PROC          _I2C_MPU_WRITEWORD
  D:0007H         SYMBOL        devAddr
  D:0005H         SYMBOL        regAddr
  D:0027H         SYMBOL        data_to_write
  C:35D4H         LINE#         442
  C:35D8H         LINE#         443
  C:35E6H         LINE#         444
  -------         ENDPROC       _I2C_MPU_WRITEWORD
  -------         PROC          _I2C_MPU_WRITEWORDS
  D:0007H         SYMBOL        devAddr
  D:0006H         SYMBOL        regAddr
  D:0004H         SYMBOL        data_length
  D:002CH         SYMBOL        data_ptr
  -------         DO            
  D:0007H         SYMBOL        w2_status
  D:0005H         SYMBOL        ack_received
  -------         ENDDO         
  C:2CABH         LINE#         445
  C:2CAFH         LINE#         456
BL51 BANKED LINKER/LOCATER V6.22                                                      02/16/2017  15:26:24  PAGE 47


  C:2CB6H         LINE#         457
  C:2CB8H         LINE#         458
  C:2CBBH         LINE#         459
  C:2CBFH         LINE#         460
  C:2CBFH         LINE#         461
  C:2CC1H         LINE#         462
  C:2CC1H         LINE#         464
  C:2CCFH         LINE#         465
  C:2CCFH         LINE#         466
  C:2CDCH         LINE#         467
  C:2CDFH         LINE#         468
  C:2CE3H         LINE#         469
  C:2CE3H         LINE#         470
  C:2CE5H         LINE#         471
  C:2CE5H         LINE#         472
  C:2CE8H         LINE#         473
  C:2CFDH         LINE#         474
  C:2D00H         LINE#         475
  C:2D04H         LINE#         476
  C:2D04H         LINE#         477
  C:2D06H         LINE#         478
  C:2D06H         LINE#         479
  C:2D08H         LINE#         480
  C:2D08H         LINE#         481
  C:2D08H         LINE#         482
  C:2D08H         LINE#         483
  C:2D0BH         LINE#         485
  C:2D0DH         LINE#         486
  -------         ENDPROC       _I2C_MPU_WRITEWORDS
  -------         ENDMOD        HAL_W2_ISR

  -------         MODULE        HAL_UART
  C:0000H         SYMBOL        _ICE_DUMMY_
  D:0080H         PUBLIC        P0
  D:0090H         PUBLIC        P1
  D:00A0H         PUBLIC        P2
  D:00B0H         PUBLIC        P3
  I:0067H         SYMBOL        uart_rx
  I:006FH         SYMBOL        uart_tx
  D:00A8H         PUBLIC        IEN0
  D:00B8H         PUBLIC        IEN1
  B:0098H.4       PUBLIC        REN0
  C:34A1H         PUBLIC        hal_uart_getchar
  C:2F8FH         PUBLIC        uart0_isr
  D:00BAH         PUBLIC        S0RELH
  D:005CH         SYMBOL        uart_rx_cnt
  D:0087H         PUBLIC        PCON
  C:3252H         PUBLIC        _hal_uart_putchar
  D:005DH         SYMBOL        uart_tx_cnt
  D:00AAH         PUBLIC        S0RELL
  D:0088H         PUBLIC        TCON
  B:00A8H.4       PUBLIC        ES0
  B:0098H.0       PUBLIC        RI0
  D:005EH         SYMBOL        uart_rx_rp
  B:0098H.1       PUBLIC        TI0
  D:005FH         SYMBOL        uart_tx_rp
  B:0098H.7       PUBLIC        SM0
BL51 BANKED LINKER/LOCATER V6.22                                                      02/16/2017  15:26:24  PAGE 48


  B:0098H.6       PUBLIC        SM1
  D:0060H         SYMBOL        uart_rx_wp
  C:004EH         PUBLIC        hal_uart_chars_available
  D:0061H         SYMBOL        uart_tx_wp
  D:0099H         PUBLIC        S0BUF
  C:3843H         PUBLIC        hal_uart_tx_complete
  D:0098H         PUBLIC        S0CON
  D:00D8H         PUBLIC        ADCON
  D:00C8H         PUBLIC        T2CON
  D:00F8H         PUBLIC        FSR
  C:2FD8H         PUBLIC        _hal_uart_init
  D:00E8H         PUBLIC        RFCON
  D:00D0H         PUBLIC        PSW
  D:00C0H         PUBLIC        IRCON
  -------         PROC          UART0_ISR
  C:2F8FH         LINE#         41
  C:2F98H         LINE#         43
  C:2F9BH         LINE#         44
  C:2F9BH         LINE#         45
  C:2F9DH         LINE#         46
  C:2FA4H         LINE#         47
  C:2FA4H         LINE#         48
  C:2FABH         LINE#         49
  C:2FB2H         LINE#         50
  C:2FB4H         LINE#         51
  C:2FB4H         LINE#         52
  C:2FB4H         LINE#         53
  C:2FB7H         LINE#         54
  C:2FB7H         LINE#         55
  C:2FB9H         LINE#         56
  C:2FC0H         LINE#         57
  C:2FC0H         LINE#         58
  C:2FC8H         LINE#         59
  C:2FCFH         LINE#         60
  C:2FCFH         LINE#         61
  C:2FD1H         LINE#         62
  C:2FD1H         LINE#         63
  -------         ENDPROC       UART0_ISR
  -------         PROC          _HAL_UART_INIT
  D:0007H         SYMBOL        baud
  -------         DO            
  D:0004H         SYMBOL        temp
  -------         ENDDO         
  C:2FD8H         LINE#         65
  C:2FD8H         LINE#         66
  C:2FD8H         LINE#         69
  C:2FDAH         LINE#         70
  C:2FDFH         LINE#         71
  C:2FE1H         LINE#         72
  C:2FE5H         LINE#         73
  C:2FE7H         LINE#         74
  C:2FE9H         LINE#         75
  C:2FEBH         LINE#         76
  C:2FEDH         LINE#         77
  C:2FF0H         LINE#         78
  C:2FF3H         LINE#         79
  C:2FFFH         LINE#         80
BL51 BANKED LINKER/LOCATER V6.22                                                      02/16/2017  15:26:24  PAGE 49


  C:2FFFH         LINE#         81
  C:2FFFH         LINE#         82
  C:3003H         LINE#         83
  C:3005H         LINE#         84
  C:3005H         LINE#         85
  C:3009H         LINE#         86
  C:300BH         LINE#         87
  C:300BH         LINE#         88
  C:300FH         LINE#         89
  C:3011H         LINE#         90
  C:3011H         LINE#         91
  C:3011H         LINE#         92
  C:3015H         LINE#         93
  C:3015H         LINE#         94
  C:3015H         LINE#         95
  C:3017H         LINE#         96
  C:3019H         LINE#         98
  C:301BH         LINE#         99
  C:301DH         LINE#         100
  -------         ENDPROC       _HAL_UART_INIT
  -------         PROC          _HAL_UART_PUTCHAR
  D:0007H         SYMBOL        ch
  C:3252H         LINE#         102
  C:3252H         LINE#         103
  C:3252H         LINE#         105
  C:3259H         LINE#         107
  C:325BH         LINE#         108
  C:325FH         LINE#         109
  C:325FH         LINE#         110
  C:3261H         LINE#         111
  C:3263H         LINE#         113
  C:3263H         LINE#         114
  C:326AH         LINE#         115
  C:3271H         LINE#         116
  C:3271H         LINE#         117
  C:3273H         LINE#         118
  C:3275H         LINE#         119
  -------         ENDPROC       _HAL_UART_PUTCHAR
  -------         PROC          HAL_UART_CHARS_AVAILABLE
  C:004EH         LINE#         122
  C:004EH         LINE#         123
  C:004EH         LINE#         124
  C:0050H         LINE#         125
  -------         ENDPROC       HAL_UART_CHARS_AVAILABLE
  -------         PROC          HAL_UART_TX_COMPLETE
  C:3843H         LINE#         127
  C:3843H         LINE#         128
  C:3843H         LINE#         129
  C:3847H         LINE#         130
  C:3847H         LINE#         131
  C:384AH         LINE#         132
  C:384AH         LINE#         134
  C:384AH         LINE#         135
  C:384CH         LINE#         136
  C:384CH         LINE#         137
  -------         ENDPROC       HAL_UART_TX_COMPLETE
  -------         PROC          HAL_UART_GETCHAR
BL51 BANKED LINKER/LOCATER V6.22                                                      02/16/2017  15:26:24  PAGE 50


  -------         DO            
  D:0007H         SYMBOL        ch
  -------         ENDDO         
  C:34A1H         LINE#         138
  C:34A1H         LINE#         139
  C:34A1H         LINE#         144
  C:34A5H         LINE#         145
  C:34A5H         LINE#         146
  C:34A7H         LINE#         147
  C:34AEH         LINE#         148
  C:34B5H         LINE#         149
  C:34B7H         LINE#         150
  C:34B9H         LINE#         151
  C:34B9H         LINE#         152
  -------         ENDPROC       HAL_UART_GETCHAR
  -------         ENDMOD        HAL_UART

  -------         MODULE        ?C?CLDPTR
  C:08D3H         PUBLIC        ?C?CLDPTR
  -------         ENDMOD        ?C?CLDPTR

  -------         MODULE        ?C?CLDOPTR
  C:08ECH         PUBLIC        ?C?CLDOPTR
  -------         ENDMOD        ?C?CLDOPTR

  -------         MODULE        ?C?CSTPTR
  C:0919H         PUBLIC        ?C?CSTPTR
  -------         ENDMOD        ?C?CSTPTR

  -------         MODULE        ?C?CSTOPTR
  C:092BH         PUBLIC        ?C?CSTOPTR
  -------         ENDMOD        ?C?CSTOPTR

  -------         MODULE        ?C?IMUL
  C:094DH         PUBLIC        ?C?IMUL
  -------         ENDMOD        ?C?IMUL

  -------         MODULE        ?C?UIDIV
  C:095FH         PUBLIC        ?C?UIDIV
  -------         ENDMOD        ?C?UIDIV

  -------         MODULE        ?C?SIDIV
  C:09B4H         PUBLIC        ?C?SIDIV
  -------         ENDMOD        ?C?SIDIV

  -------         MODULE        ?C?ILDIX
  C:09EAH         PUBLIC        ?C?ILDIX
  -------         ENDMOD        ?C?ILDIX

  -------         MODULE        ?C?ILDPTR
  C:0A00H         PUBLIC        ?C?ILDPTR
  -------         ENDMOD        ?C?ILDPTR

  -------         MODULE        ?C?ISTPTR
  C:0A2BH         PUBLIC        ?C?ISTPTR
  -------         ENDMOD        ?C?ISTPTR

BL51 BANKED LINKER/LOCATER V6.22                                                      02/16/2017  15:26:24  PAGE 51


  -------         MODULE        ?C?ISTOPTR
  C:0A4AH         PUBLIC        ?C?ISTOPTR
  -------         ENDMOD        ?C?ISTOPTR

  -------         MODULE        ?C?SLDIV
  C:3062H         PUBLIC        ?C?SLDIV
  -------         ENDMOD        ?C?SLDIV

  -------         MODULE        ?C?MEMCMP
  C:0BFDH         PUBLIC        ?C?MEMCMP
  -------         ENDMOD        ?C?MEMCMP

  -------         MODULE        MALLOC
  C:27EAH         PUBLIC        _malloc
  -------         ENDMOD        MALLOC

  -------         MODULE        INIT_MEM
  X:0356H         PUBLIC        __mem_avail__
  C:30E5H         PUBLIC        _init_mempool
  -------         ENDMOD        INIT_MEM

  -------         MODULE        REALLOC
  C:2A9FH         PUBLIC        _realloc
  -------         ENDMOD        REALLOC

  -------         MODULE        FREE
  C:21E7H         PUBLIC        _free
  -------         ENDMOD        FREE

  -------         MODULE        ?C?COPY
  C:0CF1H         PUBLIC        ?C?COPY
  -------         ENDMOD        ?C?COPY

  -------         MODULE        ?C?IILDX
  C:0D17H         PUBLIC        ?C?IILDX
  -------         ENDMOD        ?C?IILDX

  -------         MODULE        ?C?ULDIV
  C:0D69H         PUBLIC        ?C?ULDIV
  -------         ENDMOD        ?C?ULDIV

Program Size: data=119.1 xdata=876 code=14488
LINK/LOCATE RUN COMPLETE.  0 WARNING(S),  0 ERROR(S)
