BL51 BANKED LINKER/LOCATER V6.22                                                        03/15/2017  13:46:09  PAGE 1


BL51 BANKED LINKER/LOCATER V6.22, INVOKED BY:
C:\KEIL_V5\C51\BIN\BL51.EXE .\Objects\sensor.obj, .\Objects\hal_delay.obj, .\Objects\hal_w2_isr.obj, .\Objects\hal_uart.
>> obj TO .\Objects\sensor_project PRINT (.\Listings\sensor_project.m51) RAMSIZE (256) DISABLEWARNING (16)


MEMORY MODEL: SMALL


INPUT MODULES INCLUDED:
  .\Objects\sensor.obj (SENSOR)
  .\Objects\hal_delay.obj (HAL_DELAY)
  .\Objects\hal_w2_isr.obj (HAL_W2_ISR)
  .\Objects\hal_uart.obj (HAL_UART)
  C:\KEIL_V5\C51\LIB\C51S.LIB (?C_STARTUP)
  C:\KEIL_V5\C51\LIB\C51S.LIB (?C?CLDPTR)
  C:\KEIL_V5\C51\LIB\C51S.LIB (?C?CLDOPTR)
  C:\KEIL_V5\C51\LIB\C51S.LIB (?C?CSTPTR)
  C:\KEIL_V5\C51\LIB\C51S.LIB (?C?CSTOPTR)
  C:\KEIL_V5\C51\LIB\C51S.LIB (?C?IMUL)
  C:\KEIL_V5\C51\LIB\C51S.LIB (?C?UIDIV)
  C:\KEIL_V5\C51\LIB\C51S.LIB (?C?SIDIV)
  C:\KEIL_V5\C51\LIB\C51S.LIB (?C?ILDIX)
  C:\KEIL_V5\C51\LIB\C51S.LIB (?C?ILDPTR)
  C:\KEIL_V5\C51\LIB\C51S.LIB (?C?ISTPTR)
  C:\KEIL_V5\C51\LIB\C51S.LIB (?C?ISTOPTR)
  C:\KEIL_V5\C51\LIB\C51S.LIB (?C?SLDIV)
  C:\KEIL_V5\C51\LIB\C51S.LIB (?C?MEMCMP)
  C:\KEIL_V5\C51\LIB\C51S.LIB (MALLOC)
  C:\KEIL_V5\C51\LIB\C51S.LIB (INIT_MEM)
  C:\KEIL_V5\C51\LIB\C51S.LIB (REALLOC)
  C:\KEIL_V5\C51\LIB\C51S.LIB (FREE)
  C:\KEIL_V5\C51\LIB\C51S.LIB (?C_INIT)
  C:\KEIL_V5\C51\LIB\C51S.LIB (?C?COPY)
  C:\KEIL_V5\C51\LIB\C51S.LIB (?C?IILDX)
  C:\KEIL_V5\C51\LIB\C51S.LIB (?C?ULDIV)


LINK MAP OF MODULE:  .\Objects\sensor_project (SENSOR)


            TYPE    BASE      LENGTH    RELOCATION   SEGMENT NAME
            -----------------------------------------------------

            * * * * * * *   D A T A   M E M O R Y   * * * * * * *
            REG     0000H     0008H     ABSOLUTE     "REG BANK 0"
            DATA    0008H     0008H     UNIT         ?DT?_SEND_PACKET_FROM_HOST_TO_COMPUTER?SENSOR
            DATA    0010H     0007H     UNIT         ?DT?_SEND_PACKET_TO_COMPUTER?SENSOR
            DATA    0017H     0007H     UNIT         ?DT?HAL_W2_WAIT_DATA_READY?HAL_W2_ISR
            DATA    001EH     0002H     UNIT         ?DT?HAL_W2_ISR
            DATA    0020H     0001H     BIT_ADDR     ?BA?SENSOR
            BIT     0021H.0   0000H.1   UNIT         ?BI?SENSOR
                    0021H.1   0000H.7                *** GAP ***
            DATA    0022H     001BH     UNIT         _DATA_GROUP_
            DATA    003DH     0007H     UNIT         ?DT?_I2C_MPU_READBIT?HAL_W2_ISR
            DATA    0044H     0006H     UNIT         ?DT?_SEND_PACKET_TO_HOST?SENSOR
            DATA    004AH     0006H     UNIT         ?DT?_REDIRECT_RF_PKT_TO_SERIAL?SENSOR
            DATA    0050H     0006H     UNIT         ?DT?_HAL_W2_WRITE?HAL_W2_ISR
            DATA    0056H     0006H     UNIT         ?DT?_HAL_W2_READ?HAL_W2_ISR
BL51 BANKED LINKER/LOCATER V6.22                                                      03/15/2017  13:46:09  PAGE 2


            DATA    005CH     0006H     UNIT         ?DT?HAL_UART
            DATA    0062H     0005H     UNIT         ?DT?SENSOR
            DATA    0067H     0003H     UNIT         ?DT?_HAL_UART_PUTSTRING?SENSOR
            IDATA   006AH     0080H     UNIT         ?ID?HAL_UART
            IDATA   00EAH     0001H     UNIT         ?STACK

            * * * * * * *  X D A T A   M E M O R Y  * * * * * * *
            XDATA   0000H     0295H     UNIT         ?XD?SENSOR
            XDATA   0295H     00BEH     UNIT         _XDATA_GROUP_
            XDATA   0353H     0008H     UNIT         ?XD?INIT_MEM
            XDATA   035BH     0006H     UNIT         ?XD?_DMPGETQUATERNION_INT16?SENSOR
            XDATA   0361H     0006H     UNIT         ?XD?_DMPGETPACKET16BITS?SENSOR
            XDATA   0367H     0002H     UNIT         ?XD?_GETMOTION6_PACKET?SENSOR

            * * * * * * *   C O D E   M E M O R Y   * * * * * * *
            CODE    0000H     0003H     ABSOLUTE     
            CODE    0003H     0006H     UNIT         ?PR?_HAL_W2_SET_SLAVE_ADDRESS?HAL_W2_ISR
                    0009H     0002H                  *** GAP ***
            CODE    000BH     0003H     ABSOLUTE     
            CODE    000EH     0015H     UNIT         ?PR?_SEND_RF_COMMAND_WITH_ARG?SENSOR
            CODE    0023H     0003H     ABSOLUTE     
            CODE    0026H     0025H     UNIT         ?PR?_HAL_UART_PUTSTRING?SENSOR
            CODE    004BH     0003H     ABSOLUTE     
            CODE    004EH     0003H     UNIT         ?PR?HAL_UART_CHARS_AVAILABLE?HAL_UART
                    0051H     0002H                  *** GAP ***
            CODE    0053H     0003H     ABSOLUTE     
            CODE    0056H     087DH     UNIT         ?CO?SENSOR
            CODE    08D3H     0528H     UNIT         ?C?LIB_CODE
            CODE    0DFBH     04F7H     UNIT         ?PR?DMPINITIALIZE?SENSOR
            CODE    12F2H     02DDH     UNIT         ?PR?CALIBRATIONSTEPTWO?SENSOR
            CODE    15CFH     02D6H     UNIT         ?PR?_DMPGETPACKET16BITS?SENSOR
            CODE    18A5H     0297H     UNIT         ?PR?_WRITEDMPCONFIGURATIONSET?SENSOR
            CODE    1B3CH     0268H     UNIT         ?PR?_WRITEMEMORYBLOCK?SENSOR
            CODE    1DA4H     0241H     UNIT         ?PR?_SEND_INERTIAL_PACKET_BY_RF?SENSOR
            CODE    1FE5H     01D7H     UNIT         ?PR?CALIBRATIONSTEPONE?SENSOR
            CODE    21BCH     0104H     UNIT         ?PR?_FREE?FREE
            CODE    22C0H     0103H     UNIT         ?PR?_GETMOTION6_VARIABLES?SENSOR
            CODE    23C3H     00F7H     UNIT         ?PR?_READMEMORYBLOCK?SENSOR
            CODE    24BAH     00F4H     UNIT         ?PR?MAIN?SENSOR
            CODE    25AEH     00E2H     UNIT         ?PR?_DMPGETQUATERNION_INT16?SENSOR
            CODE    2690H     00CFH     UNIT         ?PR?_GETMOTION6_PACKET?SENSOR
            CODE    275FH     00A5H     UNIT         ?PR?_RF_INIT?SENSOR
            CODE    2804H     009CH     UNIT         ?PR?_MALLOC?MALLOC
            CODE    28A0H     008CH     UNIT         ?C_C51STARTUP
            CODE    292CH     0085H     UNIT         ?PR?RF_IRQ?SENSOR
            CODE    29B1H     0083H     UNIT         ?PR?HAL_W2_SOFT_RESET?HAL_W2_ISR
            CODE    2A34H     0079H     UNIT         ?C_INITSEG
            CODE    2AADH     0078H     UNIT         ?PR?_REALLOC?REALLOC
            CODE    2B25H     0071H     UNIT         ?PR?INITIAL_SETUP_DMP?SENSOR
            CODE    2B96H     0068H     UNIT         ?PR?_I2C_MPU_READBYTES?HAL_W2_ISR
            CODE    2BFEH     0063H     UNIT         ?PR?_I2C_MPU_WRITEBITS?HAL_W2_ISR
            CODE    2C61H     0063H     UNIT         ?PR?_I2C_MPU_WRITEWORDS?HAL_W2_ISR
            CODE    2CC4H     005CH     UNIT         ?PR?SETUP?SENSOR
            CODE    2D20H     0058H     UNIT         ?PR?_I2C_MPU_READBITS?HAL_W2_ISR
            CODE    2D78H     0057H     UNIT         ?PR?_SEND_PACKET_TO_HOST?SENSOR
            CODE    2DCFH     0050H     UNIT         ?PR?_SEND_PACKET_TO_COMPUTER?SENSOR
            CODE    2E1FH     0050H     UNIT         ?PR?_SEND_PACKET_FROM_HOST_TO_COMPUTER?SENSOR
BL51 BANKED LINKER/LOCATER V6.22                                                      03/15/2017  13:46:09  PAGE 3


            CODE    2E6FH     004EH     UNIT         ?PR?_I2C_MPU_WRITEBIT?HAL_W2_ISR
            CODE    2EBDH     004DH     UNIT         ?PR?_HAL_W2_READ?HAL_W2_ISR
            CODE    2F0AH     004CH     UNIT         ?PR?_GETFIFOBYTES?SENSOR
            CODE    2F56H     004BH     UNIT         ?PR?DATAACQ?SENSOR
            CODE    2FA1H     0049H     UNIT         ?PR?UART0_ISR?HAL_UART
            CODE    2FEAH     0046H     UNIT         ?PR?_HAL_UART_INIT?HAL_UART
            CODE    3030H     0044H     UNIT         ?PR?_REDIRECT_RF_PKT_TO_SERIAL?SENSOR
            CODE    3074H     0044H     UNIT         ?C?LDIV
            CODE    30B8H     003FH     UNIT         ?PR?_I2C_MPU_WRITEBYTES?HAL_W2_ISR
            CODE    30F7H     003CH     UNIT         ?PR?INIT_CALIBRATION?SENSOR
            CODE    3133H     003CH     UNIT         ?PR?_INIT_MEMPOOL?INIT_MEM
            CODE    316FH     003BH     UNIT         ?PR?I2C_IRQ?SENSOR
            CODE    31AAH     003AH     UNIT         ?PR?_HAL_W2_WRITE?HAL_W2_ISR
            CODE    31E4H     0032H     UNIT         ?PR?_SPI_WRITE_BUF?SENSOR
            CODE    3216H     0032H     UNIT         ?PR?_TX_MODE_NOACK?SENSOR
            CODE    3248H     0031H     UNIT         ?PR?_SPI_READ_BUF?SENSOR
            CODE    3279H     0027H     UNIT         ?PR?HAL_W2_WAIT_DATA_READY?HAL_W2_ISR
            CODE    32A0H     0024H     UNIT         ?PR?_I2C_MPU_READBIT?HAL_W2_ISR
            CODE    32C4H     0024H     UNIT         ?PR?_HAL_UART_PUTCHAR?HAL_UART
            CODE    32E8H     0023H     UNIT         ?PR?MPU_TESTCONNECTION?SENSOR
            CODE    330BH     0023H     UNIT         ?PR?_SETMEMORYBANK?SENSOR
            CODE    332EH     0021H     UNIT         ?PR?_HAL_W2_CONFIGURE_MASTER?HAL_W2_ISR
            CODE    334FH     0020H     UNIT         ?PR?_WRITEPROGMEMORYBLOCK?SENSOR
            CODE    336FH     001EH     UNIT         ?PR?TMR0_IRQ?SENSOR
            CODE    338DH     001DH     UNIT         ?PR?_SETUP_T0_FREQ?SENSOR
            CODE    33AAH     001DH     UNIT         ?PR?GETXACCELOFFSET?SENSOR
            CODE    33C7H     001DH     UNIT         ?PR?GETYACCELOFFSET?SENSOR
            CODE    33E4H     001DH     UNIT         ?PR?GETZACCELOFFSET?SENSOR
            CODE    3401H     001DH     UNIT         ?PR?GETXGYROOFFSET?SENSOR
            CODE    341EH     001DH     UNIT         ?PR?GETYGYROOFFSET?SENSOR
            CODE    343BH     001DH     UNIT         ?PR?GETZGYROOFFSET?SENSOR
            CODE    3458H     001DH     UNIT         ?PR?GETFIFOCOUNT?SENSOR
            CODE    3475H     001BH     UNIT         ?PR?GETXGYROOFFSETTC?SENSOR
            CODE    3490H     001BH     UNIT         ?PR?GETYGYROOFFSETTC?SENSOR
            CODE    34ABH     001BH     UNIT         ?PR?GETZGYROOFFSETTC?SENSOR
            CODE    34C6H     001AH     UNIT         ?PR?_SETSLAVEADDRESS?SENSOR
            CODE    34E0H     001AH     UNIT         ?PR?_DELAY_US?HAL_DELAY
            CODE    34FAH     0019H     UNIT         ?PR?_SETUP_T0_ELAPSED_US?SENSOR
            CODE    3513H     0019H     UNIT         ?PR?HAL_UART_GETCHAR?HAL_UART
            CODE    352CH     0018H     UNIT         ?PR?GETFIFOENABLED?SENSOR
            CODE    3544H     0017H     UNIT         ?PR?GETOTPBANKVALID?SENSOR
            CODE    355BH     0016H     UNIT         ?PR?_MATH_ABS?SENSOR
            CODE    3571H     0016H     UNIT         ?PR?_HAL_W2_INIT_TRANSFER?HAL_W2_ISR
            CODE    3587H     0014H     UNIT         ?PR?MPU_INITIALIZE?SENSOR
            CODE    359BH     0014H     UNIT         ?PR?_DELAY_MS?HAL_DELAY
            CODE    35AFH     0013H     UNIT         ?PR?GETINTSTATUS?SENSOR
            CODE    35C2H     0013H     UNIT         ?PR?GETDMPCONFIG1?SENSOR
            CODE    35D5H     0013H     UNIT         ?PR?GETDMPCONFIG2?SENSOR
            CODE    35E8H     0013H     UNIT         ?PR?GETMOTIONDETECTIONTHRESHOLD?SENSOR
            CODE    35FBH     0013H     UNIT         ?PR?GETZEROMOTIONDETECTIONTHRESHOLD?SENSOR
            CODE    360EH     0013H     UNIT         ?PR?GETMOTIONDETECTIONDURATION?SENSOR
            CODE    3621H     0013H     UNIT         ?PR?GETZEROMOTIONDETECTIONDURATION?SENSOR
            CODE    3634H     0013H     UNIT         ?PR?_SPI_RW_REG?SENSOR
            CODE    3647H     0013H     UNIT         ?PR?INICIARIO?SENSOR
            CODE    365AH     0013H     UNIT         ?PR?_I2C_MPU_WRITEWORD?HAL_W2_ISR
            CODE    366DH     0012H     UNIT         ?PR?_SEND_RF_COMMAND?SENSOR
            CODE    367FH     0012H     UNIT         ?PR?CALIBRATIONROUTINE?SENSOR
BL51 BANKED LINKER/LOCATER V6.22                                                      03/15/2017  13:46:09  PAGE 4


            CODE    3691H     0012H     UNIT         ?PR?_I2C_MPU_READBYTE?HAL_W2_ISR
            CODE    36A3H     0011H     UNIT         ?PR?RX_MODE?SENSOR
            CODE    36B4H     0011H     UNIT         ?PR?HAL_W2_WAIT_DATA_READY_ISR?HAL_W2_ISR
            CODE    36C5H     0011H     UNIT         ?PR?_I2C_MPU_WRITEBYTE?HAL_W2_ISR
            CODE    36D6H     0010H     UNIT         ?PR?START_T0?SENSOR
            CODE    36E6H     0010H     UNIT         ?PR?STOP_T0?SENSOR
            CODE    36F6H     000EH     UNIT         ?PR?_SETUP_T0_ELAPSED_MS?SENSOR
            CODE    3704H     000EH     UNIT         ?PR?_SETUP_T0_TICKS?SENSOR
            CODE    3712H     000EH     UNIT         ?PR?_SETCLOCKSOURCE?SENSOR
            CODE    3720H     000EH     UNIT         ?PR?_SETFULLSCALEGYRORANGE?SENSOR
            CODE    372EH     000EH     UNIT         ?PR?_SETFULLSCALEACCELRANGE?SENSOR
            CODE    373CH     000EH     UNIT         ?PR?_SETMEMORYSTARTADDRESS?SENSOR
            CODE    374AH     000EH     UNIT         ?PR?_SETEXTERNALFRAMESYNC?SENSOR
            CODE    3758H     000EH     UNIT         ?PR?_SETDLPFMODE?SENSOR
            CODE    3766H     000EH     UNIT         ?PR?_SETXGYROOFFSETTC?SENSOR
            CODE    3774H     000EH     UNIT         ?PR?_SETYGYROOFFSETTC?SENSOR
            CODE    3782H     000EH     UNIT         ?PR?_SETZGYROOFFSETTC?SENSOR
            CODE    3790H     000EH     UNIT         ?PR?_HAL_W2_SET_CLK_FREQ?HAL_W2_ISR
            CODE    379EH     000DH     UNIT         ?PR?_SPI_READ?SENSOR
            CODE    37ABH     000CH     UNIT         ?PR?RESETFIFO?SENSOR
            CODE    37B7H     000CH     UNIT         ?PR?I2C_MPU_RESET?SENSOR
            CODE    37C3H     000CH     UNIT         ?PR?RESETI2CMASTER?SENSOR
            CODE    37CFH     000CH     UNIT         ?PR?RESETDMP?SENSOR
            CODE    37DBH     000BH     UNIT         ?PR?MPU_8051_MALLOC_SETUP?SENSOR
            CODE    37E6H     000BH     UNIT         ?PR?_SETSLEEPENABLED?SENSOR
            CODE    37F1H     000BH     UNIT         ?PR?_SETXACCELOFFSET?SENSOR
            CODE    37FCH     000BH     UNIT         ?PR?_SETYACCELOFFSET?SENSOR
            CODE    3807H     000BH     UNIT         ?PR?_SETZACCELOFFSET?SENSOR
            CODE    3812H     000BH     UNIT         ?PR?_SETXGYROOFFSET?SENSOR
            CODE    381DH     000BH     UNIT         ?PR?_SETYGYROOFFSET?SENSOR
            CODE    3828H     000BH     UNIT         ?PR?_SETZGYROOFFSET?SENSOR
            CODE    3833H     000BH     UNIT         ?PR?_SETDMPENABLED?SENSOR
            CODE    383EH     000BH     UNIT         ?PR?_SETI2CMASTERMODEENABLED?SENSOR
            CODE    3849H     000BH     UNIT         ?PR?_SETFIFOENABLED?SENSOR
            CODE    3854H     000BH     UNIT         ?PR?_HAL_W2_RESPOND_TO_GEN_ADR?HAL_W2_ISR
            CODE    385FH     000BH     UNIT         ?PR?_HAL_W2_ALTER_CLOCK?HAL_W2_ISR
            CODE    386AH     000BH     UNIT         ?PR?_HAL_W2_IRQ_STOP_COND_ENABLE?HAL_W2_ISR
            CODE    3875H     000BH     UNIT         ?PR?_HAL_W2_IRQ_ADR_MATCH_ENABLE?HAL_W2_ISR
            CODE    3880H     000BH     UNIT         ?PR?_HAL_W2_SET_OP_MODE?HAL_W2_ISR
            CODE    388BH     000BH     UNIT         ?PR?_HAL_W2_ENABLE?HAL_W2_ISR
            CODE    3896H     000BH     UNIT         ?PR?_HAL_W2_ALL_IRQ_ENABLE?HAL_W2_ISR
            CODE    38A1H     000AH     UNIT         ?PR?_WRITEPROGDMPCONFIGURATIONSET?SENSOR
            CODE    38ABH     000AH     UNIT         ?PR?_SETOTPBANKVALID?SENSOR
            CODE    38B5H     000AH     UNIT         ?PR?_SPI_RW?SENSOR
            CODE    38BFH     000AH     UNIT         ?PR?I2C_IRQ_HANDLER?HAL_W2_ISR
            CODE    38C9H     000AH     UNIT         ?PR?HAL_UART_TX_COMPLETE?HAL_UART
            CODE    38D3H     0009H     UNIT         ?PR?DMPGETFIFOPACKETSIZE?SENSOR
            CODE    38DCH     0009H     UNIT         ?PR?_SETINTENABLED?SENSOR
            CODE    38E5H     0009H     UNIT         ?PR?_SETRATE?SENSOR
            CODE    38EEH     0009H     UNIT         ?PR?_SETDMPCONFIG1?SENSOR
            CODE    38F7H     0009H     UNIT         ?PR?_SETDMPCONFIG2?SENSOR
            CODE    3900H     0009H     UNIT         ?PR?_SETMOTIONDETECTIONTHRESHOLD?SENSOR
            CODE    3909H     0009H     UNIT         ?PR?_SETZEROMOTIONDETECTIONTHRESHOLD?SENSOR
            CODE    3912H     0009H     UNIT         ?PR?_SETMOTIONDETECTIONDURATION?SENSOR
            CODE    391BH     0009H     UNIT         ?PR?_SETZEROMOTIONDETECTIONDURATION?SENSOR


BL51 BANKED LINKER/LOCATER V6.22                                                      03/15/2017  13:46:09  PAGE 5



OVERLAY MAP OF MODULE:   .\Objects\sensor_project (SENSOR)


SEGMENT                                            DATA_GROUP          XDATA_GROUP
  +--> CALLED SEGMENT                            START    LENGTH     START    LENGTH
------------------------------------------------------------------------------------
?PR?RF_IRQ?SENSOR                                -----    -----      -----    -----
  +--> ?PR?_SPI_READ?SENSOR
  +--> ?PR?_SPI_READ_BUF?SENSOR
  +--> ?PR?_SPI_RW_REG?SENSOR

?PR?_SPI_READ?SENSOR                             -----    -----      -----    -----
  +--> ?PR?_SPI_RW?SENSOR

?PR?_SPI_READ_BUF?SENSOR                         0022H    0005H      -----    -----
  +--> ?PR?_SPI_RW?SENSOR

?PR?_SPI_RW_REG?SENSOR                           -----    -----      -----    -----
  +--> ?PR?_SPI_RW?SENSOR

*** NEW ROOT ***************************************************

?PR?I2C_IRQ?SENSOR                               -----    -----      -----    -----
  +--> ?PR?I2C_IRQ_HANDLER?HAL_W2_ISR

*** NEW ROOT ***************************************************

?C_C51STARTUP                                    -----    -----      -----    -----
  +--> ?PR?MAIN?SENSOR
  +--> ?C_INITSEG

?PR?MAIN?SENSOR                                  -----    -----      -----    -----
  +--> ?PR?SETUP?SENSOR
  +--> ?PR?DATAACQ?SENSOR
  +--> ?PR?RESETFIFO?SENSOR
  +--> ?PR?_DELAY_MS?HAL_DELAY
  +--> ?PR?MPU_TESTCONNECTION?SENSOR
  +--> ?PR?_SEND_RF_COMMAND?SENSOR
  +--> ?PR?INIT_CALIBRATION?SENSOR
  +--> ?PR?_SEND_RF_COMMAND_WITH_ARG?SENSOR
  +--> ?PR?CALIBRATIONROUTINE?SENSOR

?PR?SETUP?SENSOR                                 -----    -----      -----    -----
  +--> ?PR?INICIARIO?SENSOR
  +--> ?PR?_DELAY_MS?HAL_DELAY
  +--> ?PR?_SETUP_T0_FREQ?SENSOR
  +--> ?CO?SENSOR
  +--> ?PR?_RF_INIT?SENSOR
  +--> ?PR?_HAL_W2_CONFIGURE_MASTER?HAL_W2_ISR
  +--> ?PR?INITIAL_SETUP_DMP?SENSOR

?PR?_DELAY_MS?HAL_DELAY                          -----    -----      -----    -----
  +--> ?PR?_DELAY_US?HAL_DELAY

?PR?_SETUP_T0_FREQ?SENSOR                        0027H    0001H      -----    -----
  +--> ?PR?_SETUP_T0_TICKS?SENSOR
BL51 BANKED LINKER/LOCATER V6.22                                                      03/15/2017  13:46:09  PAGE 6



?PR?_RF_INIT?SENSOR                              0027H    0009H      -----    -----
  +--> ?PR?_SPI_WRITE_BUF?SENSOR
  +--> ?PR?_SPI_RW_REG?SENSOR
  +--> ?PR?RX_MODE?SENSOR

?PR?_SPI_WRITE_BUF?SENSOR                        0030H    0005H      -----    -----
  +--> ?PR?_SPI_RW?SENSOR

?PR?RX_MODE?SENSOR                               -----    -----      -----    -----
  +--> ?PR?_SPI_RW_REG?SENSOR

?PR?_HAL_W2_CONFIGURE_MASTER?HAL_W2_ISR          -----    -----      -----    -----
  +--> ?PR?_HAL_W2_ENABLE?HAL_W2_ISR
  +--> ?PR?_HAL_W2_SET_CLK_FREQ?HAL_W2_ISR
  +--> ?PR?_HAL_W2_SET_OP_MODE?HAL_W2_ISR
  +--> ?PR?_HAL_W2_ALL_IRQ_ENABLE?HAL_W2_ISR

?PR?INITIAL_SETUP_DMP?SENSOR                     -----    -----      0295H    0001H
  +--> ?PR?MPU_8051_MALLOC_SETUP?SENSOR
  +--> ?PR?MPU_TESTCONNECTION?SENSOR
  +--> ?PR?_SEND_RF_COMMAND_WITH_ARG?SENSOR
  +--> ?PR?MPU_INITIALIZE?SENSOR
  +--> ?PR?DMPINITIALIZE?SENSOR
  +--> ?PR?_DELAY_MS?HAL_DELAY
  +--> ?PR?_SETDMPENABLED?SENSOR
  +--> ?PR?_SETXACCELOFFSET?SENSOR
  +--> ?PR?_SETYACCELOFFSET?SENSOR
  +--> ?PR?_SETZACCELOFFSET?SENSOR
  +--> ?PR?_SETXGYROOFFSET?SENSOR
  +--> ?PR?_SETYGYROOFFSET?SENSOR
  +--> ?PR?_SETZGYROOFFSET?SENSOR

?PR?MPU_8051_MALLOC_SETUP?SENSOR                 -----    -----      -----    -----
  +--> ?PR?_INIT_MEMPOOL?INIT_MEM

?PR?MPU_TESTCONNECTION?SENSOR                    -----    -----      -----    -----
  +--> ?PR?_I2C_MPU_READBITS?HAL_W2_ISR

?PR?_I2C_MPU_READBITS?HAL_W2_ISR                 0027H    0009H      -----    -----
  +--> ?PR?_I2C_MPU_READBYTE?HAL_W2_ISR

?PR?_I2C_MPU_READBYTE?HAL_W2_ISR                 0030H    0003H      -----    -----
  +--> ?PR?_I2C_MPU_READBYTES?HAL_W2_ISR

?PR?_I2C_MPU_READBYTES?HAL_W2_ISR                0033H    0008H      -----    -----
  +--> ?PR?_HAL_W2_INIT_TRANSFER?HAL_W2_ISR
  +--> ?PR?HAL_W2_WAIT_DATA_READY_ISR?HAL_W2...
  +--> ?PR?HAL_W2_SOFT_RESET?HAL_W2_ISR

?PR?_HAL_W2_INIT_TRANSFER?HAL_W2_ISR             -----    -----      -----    -----
  +--> ?PR?HAL_W2_WAIT_DATA_READY_ISR?HAL_W2...

?PR?HAL_W2_SOFT_RESET?HAL_W2_ISR                 003BH    0002H      -----    -----
  +--> ?PR?_DELAY_US?HAL_DELAY

?PR?_SEND_RF_COMMAND_WITH_ARG?SENSOR             -----    -----      -----    -----
BL51 BANKED LINKER/LOCATER V6.22                                                      03/15/2017  13:46:09  PAGE 7


  +--> ?PR?_TX_MODE_NOACK?SENSOR
  +--> ?PR?RX_MODE?SENSOR

?PR?_TX_MODE_NOACK?SENSOR                        002CH    0002H      -----    -----
  +--> ?PR?_SPI_RW_REG?SENSOR
  +--> ?CO?SENSOR
  +--> ?PR?_SPI_WRITE_BUF?SENSOR

?PR?MPU_INITIALIZE?SENSOR                        -----    -----      -----    -----
  +--> ?PR?_SETCLOCKSOURCE?SENSOR
  +--> ?PR?_SETFULLSCALEGYRORANGE?SENSOR
  +--> ?PR?_SETFULLSCALEACCELRANGE?SENSOR
  +--> ?PR?_SETSLEEPENABLED?SENSOR

?PR?_SETCLOCKSOURCE?SENSOR                       -----    -----      -----    -----
  +--> ?PR?_I2C_MPU_WRITEBITS?HAL_W2_ISR

?PR?_I2C_MPU_WRITEBITS?HAL_W2_ISR                0027H    0007H      -----    -----
  +--> ?PR?_I2C_MPU_READBYTE?HAL_W2_ISR
  +--> ?PR?_I2C_MPU_WRITEBYTE?HAL_W2_ISR

?PR?_I2C_MPU_WRITEBYTE?HAL_W2_ISR                002EH    0001H      -----    -----
  +--> ?PR?_I2C_MPU_WRITEBYTES?HAL_W2_ISR

?PR?_I2C_MPU_WRITEBYTES?HAL_W2_ISR               002FH    0006H      -----    -----
  +--> ?PR?_HAL_W2_INIT_TRANSFER?HAL_W2_ISR
  +--> ?PR?HAL_W2_WAIT_DATA_READY_ISR?HAL_W2...

?PR?_SETFULLSCALEGYRORANGE?SENSOR                -----    -----      -----    -----
  +--> ?PR?_I2C_MPU_WRITEBITS?HAL_W2_ISR

?PR?_SETFULLSCALEACCELRANGE?SENSOR               -----    -----      -----    -----
  +--> ?PR?_I2C_MPU_WRITEBITS?HAL_W2_ISR

?PR?_SETSLEEPENABLED?SENSOR                      -----    -----      -----    -----
  +--> ?PR?_I2C_MPU_WRITEBIT?HAL_W2_ISR

?PR?_I2C_MPU_WRITEBIT?HAL_W2_ISR                 0027H    0005H      -----    -----
  +--> ?PR?_I2C_MPU_READBYTE?HAL_W2_ISR
  +--> ?PR?_I2C_MPU_WRITEBYTE?HAL_W2_ISR

?PR?DMPINITIALIZE?SENSOR                         -----    -----      0296H    009BH
  +--> ?PR?I2C_MPU_RESET?SENSOR
  +--> ?PR?_DELAY_MS?HAL_DELAY
  +--> ?PR?_SETSLEEPENABLED?SENSOR
  +--> ?PR?_SETMEMORYBANK?SENSOR
  +--> ?PR?_SETMEMORYSTARTADDRESS?SENSOR
  +--> ?PR?GETXGYROOFFSETTC?SENSOR
  +--> ?PR?GETYGYROOFFSETTC?SENSOR
  +--> ?PR?GETZGYROOFFSETTC?SENSOR
  +--> ?PR?_SETSLAVEADDRESS?SENSOR
  +--> ?PR?_SETI2CMASTERMODEENABLED?SENSOR
  +--> ?PR?RESETI2CMASTER?SENSOR
  +--> ?CO?SENSOR
  +--> ?PR?_WRITEPROGMEMORYBLOCK?SENSOR
  +--> ?PR?_WRITEPROGDMPCONFIGURATIONSET?SENSOR
  +--> ?PR?_SETCLOCKSOURCE?SENSOR
BL51 BANKED LINKER/LOCATER V6.22                                                      03/15/2017  13:46:09  PAGE 8


  +--> ?PR?_SETINTENABLED?SENSOR
  +--> ?PR?_SETRATE?SENSOR
  +--> ?PR?_I2C_MPU_READBYTE?HAL_W2_ISR
  +--> ?PR?_I2C_MPU_WRITEBYTE?HAL_W2_ISR
  +--> ?PR?_SETDLPFMODE?SENSOR
  +--> ?PR?_SETFULLSCALEGYRORANGE?SENSOR
  +--> ?PR?_SETDMPCONFIG1?SENSOR
  +--> ?PR?_SETDMPCONFIG2?SENSOR
  +--> ?PR?_SETOTPBANKVALID?SENSOR
  +--> ?PR?_WRITEMEMORYBLOCK?SENSOR
  +--> ?PR?RESETFIFO?SENSOR
  +--> ?PR?GETFIFOCOUNT?SENSOR
  +--> ?PR?_GETFIFOBYTES?SENSOR
  +--> ?PR?_SETMOTIONDETECTIONTHRESHOLD?SENSOR
  +--> ?PR?_SETZEROMOTIONDETECTIONTHRESHOLD?...
  +--> ?PR?_SETMOTIONDETECTIONDURATION?SENSOR
  +--> ?PR?_SETZEROMOTIONDETECTIONDURATION?S...
  +--> ?PR?_SETFIFOENABLED?SENSOR
  +--> ?PR?_SETDMPENABLED?SENSOR
  +--> ?PR?RESETDMP?SENSOR
  +--> ?PR?_READMEMORYBLOCK?SENSOR
  +--> ?PR?GETINTSTATUS?SENSOR

?PR?I2C_MPU_RESET?SENSOR                         -----    -----      -----    -----
  +--> ?PR?_I2C_MPU_WRITEBIT?HAL_W2_ISR

?PR?_SETMEMORYBANK?SENSOR                        -----    -----      -----    -----
  +--> ?PR?_I2C_MPU_WRITEBYTE?HAL_W2_ISR

?PR?_SETMEMORYSTARTADDRESS?SENSOR                -----    -----      -----    -----
  +--> ?PR?_I2C_MPU_WRITEBYTE?HAL_W2_ISR

?PR?GETXGYROOFFSETTC?SENSOR                      -----    -----      -----    -----
  +--> ?PR?_I2C_MPU_READBITS?HAL_W2_ISR

?PR?GETYGYROOFFSETTC?SENSOR                      -----    -----      -----    -----
  +--> ?PR?_I2C_MPU_READBITS?HAL_W2_ISR

?PR?GETZGYROOFFSETTC?SENSOR                      -----    -----      -----    -----
  +--> ?PR?_I2C_MPU_READBITS?HAL_W2_ISR

?PR?_SETSLAVEADDRESS?SENSOR                      -----    -----      -----    -----
  +--> ?PR?_I2C_MPU_WRITEBYTE?HAL_W2_ISR

?PR?_SETI2CMASTERMODEENABLED?SENSOR              -----    -----      -----    -----
  +--> ?PR?_I2C_MPU_WRITEBIT?HAL_W2_ISR

?PR?RESETI2CMASTER?SENSOR                        -----    -----      -----    -----
  +--> ?PR?_I2C_MPU_WRITEBIT?HAL_W2_ISR

?PR?_WRITEPROGMEMORYBLOCK?SENSOR                 -----    -----      0331H    0008H
  +--> ?PR?_WRITEMEMORYBLOCK?SENSOR

?PR?_WRITEMEMORYBLOCK?SENSOR                     -----    -----      0341H    0012H
  +--> ?PR?_SETMEMORYBANK?SENSOR
  +--> ?PR?_SETMEMORYSTARTADDRESS?SENSOR
  +--> ?PR?_MALLOC?MALLOC
BL51 BANKED LINKER/LOCATER V6.22                                                      03/15/2017  13:46:09  PAGE 9


  +--> ?PR?_I2C_MPU_WRITEBYTES?HAL_W2_ISR
  +--> ?PR?_I2C_MPU_READBYTES?HAL_W2_ISR
  +--> ?PR?_FREE?FREE

?PR?_MALLOC?MALLOC                               002FH    0004H      -----    -----

?PR?_FREE?FREE                                   002FH    0004H      -----    -----

?PR?_WRITEPROGDMPCONFIGURATIONSET?SENSOR         -----    -----      -----    -----
  +--> ?PR?_WRITEDMPCONFIGURATIONSET?SENSOR

?PR?_WRITEDMPCONFIGURATIONSET?SENSOR             -----    -----      0331H    0010H
  +--> ?PR?_MALLOC?MALLOC
  +--> ?PR?_REALLOC?REALLOC
  +--> ?PR?_WRITEMEMORYBLOCK?SENSOR
  +--> ?PR?_I2C_MPU_WRITEBYTE?HAL_W2_ISR
  +--> ?PR?_FREE?FREE

?PR?_REALLOC?REALLOC                             0027H    0008H      -----    -----
  +--> ?PR?_MALLOC?MALLOC
  +--> ?PR?_FREE?FREE

?PR?_SETINTENABLED?SENSOR                        -----    -----      -----    -----
  +--> ?PR?_I2C_MPU_WRITEBYTE?HAL_W2_ISR

?PR?_SETRATE?SENSOR                              -----    -----      -----    -----
  +--> ?PR?_I2C_MPU_WRITEBYTE?HAL_W2_ISR

?PR?_SETDLPFMODE?SENSOR                          -----    -----      -----    -----
  +--> ?PR?_I2C_MPU_WRITEBITS?HAL_W2_ISR

?PR?_SETDMPCONFIG1?SENSOR                        -----    -----      -----    -----
  +--> ?PR?_I2C_MPU_WRITEBYTE?HAL_W2_ISR

?PR?_SETDMPCONFIG2?SENSOR                        -----    -----      -----    -----
  +--> ?PR?_I2C_MPU_WRITEBYTE?HAL_W2_ISR

?PR?_SETOTPBANKVALID?SENSOR                      -----    -----      -----    -----
  +--> ?PR?_I2C_MPU_WRITEBIT?HAL_W2_ISR

?PR?RESETFIFO?SENSOR                             -----    -----      -----    -----
  +--> ?PR?_I2C_MPU_WRITEBIT?HAL_W2_ISR

?PR?GETFIFOCOUNT?SENSOR                          -----    -----      -----    -----
  +--> ?PR?_I2C_MPU_READBYTES?HAL_W2_ISR

?PR?_GETFIFOBYTES?SENSOR                         -----    -----      0331H    0003H
  +--> ?PR?_I2C_MPU_READBYTES?HAL_W2_ISR

?PR?_SETMOTIONDETECTIONTHRESHOLD?SENSOR          -----    -----      -----    -----
  +--> ?PR?_I2C_MPU_WRITEBYTE?HAL_W2_ISR

?PR?_SETZEROMOTIONDETECTIONTHRESHOLD?...         -----    -----      -----    -----
  +--> ?PR?_I2C_MPU_WRITEBYTE?HAL_W2_ISR

?PR?_SETMOTIONDETECTIONDURATION?SENSOR           -----    -----      -----    -----
  +--> ?PR?_I2C_MPU_WRITEBYTE?HAL_W2_ISR
BL51 BANKED LINKER/LOCATER V6.22                                                      03/15/2017  13:46:09  PAGE 10



?PR?_SETZEROMOTIONDETECTIONDURATION?S...         -----    -----      -----    -----
  +--> ?PR?_I2C_MPU_WRITEBYTE?HAL_W2_ISR

?PR?_SETFIFOENABLED?SENSOR                       -----    -----      -----    -----
  +--> ?PR?_I2C_MPU_WRITEBIT?HAL_W2_ISR

?PR?_SETDMPENABLED?SENSOR                        -----    -----      -----    -----
  +--> ?PR?_I2C_MPU_WRITEBIT?HAL_W2_ISR

?PR?RESETDMP?SENSOR                              -----    -----      -----    -----
  +--> ?PR?_I2C_MPU_WRITEBIT?HAL_W2_ISR

?PR?_READMEMORYBLOCK?SENSOR                      -----    -----      0331H    000AH
  +--> ?PR?_SETMEMORYBANK?SENSOR
  +--> ?PR?_SETMEMORYSTARTADDRESS?SENSOR
  +--> ?PR?_I2C_MPU_READBYTES?HAL_W2_ISR

?PR?GETINTSTATUS?SENSOR                          -----    -----      -----    -----
  +--> ?PR?_I2C_MPU_READBYTE?HAL_W2_ISR

?PR?_SETXACCELOFFSET?SENSOR                      -----    -----      -----    -----
  +--> ?PR?_I2C_MPU_WRITEWORD?HAL_W2_ISR

?PR?_I2C_MPU_WRITEWORD?HAL_W2_ISR                0027H    0002H      -----    -----
  +--> ?PR?_I2C_MPU_WRITEWORDS?HAL_W2_ISR

?PR?_I2C_MPU_WRITEWORDS?HAL_W2_ISR               0029H    0006H      -----    -----
  +--> ?PR?_HAL_W2_INIT_TRANSFER?HAL_W2_ISR
  +--> ?PR?HAL_W2_WAIT_DATA_READY_ISR?HAL_W2...

?PR?_SETYACCELOFFSET?SENSOR                      -----    -----      -----    -----
  +--> ?PR?_I2C_MPU_WRITEWORD?HAL_W2_ISR

?PR?_SETZACCELOFFSET?SENSOR                      -----    -----      -----    -----
  +--> ?PR?_I2C_MPU_WRITEWORD?HAL_W2_ISR

?PR?_SETXGYROOFFSET?SENSOR                       -----    -----      -----    -----
  +--> ?PR?_I2C_MPU_WRITEWORD?HAL_W2_ISR

?PR?_SETYGYROOFFSET?SENSOR                       -----    -----      -----    -----
  +--> ?PR?_I2C_MPU_WRITEWORD?HAL_W2_ISR

?PR?_SETZGYROOFFSET?SENSOR                       -----    -----      -----    -----
  +--> ?PR?_I2C_MPU_WRITEWORD?HAL_W2_ISR

?PR?DATAACQ?SENSOR                               -----    -----      0295H    0002H
  +--> ?PR?GETFIFOCOUNT?SENSOR
  +--> ?PR?_GETFIFOBYTES?SENSOR
  +--> ?PR?_SEND_INERTIAL_PACKET_BY_RF?SENSOR

?PR?_SEND_INERTIAL_PACKET_BY_RF?SENSOR           0027H    0005H      -----    -----
  +--> ?PR?_TX_MODE_NOACK?SENSOR
  +--> ?PR?RX_MODE?SENSOR

?PR?_SEND_RF_COMMAND?SENSOR                      -----    -----      -----    -----
  +--> ?PR?_TX_MODE_NOACK?SENSOR
BL51 BANKED LINKER/LOCATER V6.22                                                      03/15/2017  13:46:09  PAGE 11


  +--> ?PR?RX_MODE?SENSOR

?PR?INIT_CALIBRATION?SENSOR                      -----    -----      -----    -----
  +--> ?PR?_SETXACCELOFFSET?SENSOR
  +--> ?PR?_SETYACCELOFFSET?SENSOR
  +--> ?PR?_SETZACCELOFFSET?SENSOR
  +--> ?PR?_SETXGYROOFFSET?SENSOR
  +--> ?PR?_SETYGYROOFFSET?SENSOR
  +--> ?PR?_SETZGYROOFFSET?SENSOR
  +--> ?PR?_DELAY_MS?HAL_DELAY
  +--> ?PR?START_T0?SENSOR

?PR?CALIBRATIONROUTINE?SENSOR                    -----    -----      -----    -----
  +--> ?PR?CALIBRATIONSTEPONE?SENSOR
  +--> ?PR?CALIBRATIONSTEPTWO?SENSOR

?PR?CALIBRATIONSTEPONE?SENSOR                    -----    -----      -----    -----
  +--> ?PR?_GETMOTION6_VARIABLES?SENSOR
  +--> ?PR?_SETXACCELOFFSET?SENSOR
  +--> ?PR?_SETYACCELOFFSET?SENSOR
  +--> ?PR?_SETZACCELOFFSET?SENSOR
  +--> ?PR?_SETXGYROOFFSET?SENSOR
  +--> ?PR?_SETYGYROOFFSET?SENSOR
  +--> ?PR?_SETZGYROOFFSET?SENSOR

?PR?_GETMOTION6_VARIABLES?SENSOR                 -----    -----      0295H    0012H
  +--> ?PR?_I2C_MPU_READBYTES?HAL_W2_ISR

?PR?CALIBRATIONSTEPTWO?SENSOR                    -----    -----      -----    -----
  +--> ?PR?_GETMOTION6_VARIABLES?SENSOR
  +--> ?PR?_MATH_ABS?SENSOR
  +--> ?PR?GETXACCELOFFSET?SENSOR
  +--> ?PR?_SETXACCELOFFSET?SENSOR
  +--> ?PR?GETYACCELOFFSET?SENSOR
  +--> ?PR?_SETYACCELOFFSET?SENSOR
  +--> ?PR?GETZACCELOFFSET?SENSOR
  +--> ?PR?_SETZACCELOFFSET?SENSOR
  +--> ?PR?GETXGYROOFFSET?SENSOR
  +--> ?PR?_SETXGYROOFFSET?SENSOR
  +--> ?PR?GETYGYROOFFSET?SENSOR
  +--> ?PR?_SETYGYROOFFSET?SENSOR
  +--> ?PR?GETZGYROOFFSET?SENSOR
  +--> ?PR?_SETZGYROOFFSET?SENSOR
  +--> ?PR?STOP_T0?SENSOR
  +--> ?PR?_SEND_RF_COMMAND_WITH_ARG?SENSOR

?PR?GETXACCELOFFSET?SENSOR                       -----    -----      -----    -----
  +--> ?PR?_I2C_MPU_READBYTES?HAL_W2_ISR

?PR?GETYACCELOFFSET?SENSOR                       -----    -----      -----    -----
  +--> ?PR?_I2C_MPU_READBYTES?HAL_W2_ISR

?PR?GETZACCELOFFSET?SENSOR                       -----    -----      -----    -----
  +--> ?PR?_I2C_MPU_READBYTES?HAL_W2_ISR

?PR?GETXGYROOFFSET?SENSOR                        -----    -----      -----    -----
  +--> ?PR?_I2C_MPU_READBYTES?HAL_W2_ISR
BL51 BANKED LINKER/LOCATER V6.22                                                      03/15/2017  13:46:09  PAGE 12



?PR?GETYGYROOFFSET?SENSOR                        -----    -----      -----    -----
  +--> ?PR?_I2C_MPU_READBYTES?HAL_W2_ISR

?PR?GETZGYROOFFSET?SENSOR                        -----    -----      -----    -----
  +--> ?PR?_I2C_MPU_READBYTES?HAL_W2_ISR



SYMBOL TABLE OF MODULE:  .\Objects\sensor_project (SENSOR)

  VALUE           TYPE          NAME
  ----------------------------------

  -------         MODULE        SENSOR
  C:0000H         SYMBOL        _ICE_DUMMY_
  D:0080H         PUBLIC        P0
  D:0062H         PUBLIC        initial_timer_count
  D:0090H         PUBLIC        P1
  D:00A0H         PUBLIC        P2
  D:00B0H         PUBLIC        P3
  X:0000H         PUBLIC        fifoBuffer
  C:38D3H         PUBLIC        dmpGetFIFOPacketSize
  B:00A8H.7       PUBLIC        EA
  C:37CFH         PUBLIC        resetDMP
  X:002AH         PUBLIC        rx_buf
  C:23C3H         PUBLIC        _readMemoryBlock
  C:316FH         PUBLIC        I2C_IRQ
  X:004AH         PUBLIC        tx_buf
  D:00A8H         PUBLIC        IEN0
  D:00B8H         PUBLIC        IEN1
  C:32E8H         PUBLIC        mpu_testConnection
  C:36A3H         PUBLIC        RX_Mode
  C:2F56H         PUBLIC        DataAcq
  C:2304H         PUBLIC        _getMotion6_variables
  C:36D6H         PUBLIC        start_T0
  C:35E8H         PUBLIC        getMotionDetectionThreshold
  X:006AH         PUBLIC        malloc_memory_pool
  C:352CH         PUBLIC        getFIFOEnabled
  C:34C6H         PUBLIC        _setSlaveAddress
  B:00B8H.1       PUBLIC        RF
  D:00E7H         PUBLIC        SPIRDAT
  B:0021H.0       PUBLIC        newPayload
  C:1B5FH         PUBLIC        _writeMemoryBlock
  C:3704H         PUBLIC        _setup_T0_ticks
  C:372EH         PUBLIC        _setFullScaleAccelRange
  X:025EH         PUBLIC        calibStep
  C:07DFH         PUBLIC        dmpConfig
  C:089FH         PUBLIC        dmpUpdates
  C:36F6H         PUBLIC        _setup_T0_elapsed_ms
  X:025FH         PUBLIC        packet_type
  B:0020H.6       PUBLIC        RX_DR
  B:00E8H.0       PUBLIC        RFCE
  X:0260H         PUBLIC        gyroBuffer
  C:18A5H         PUBLIC        _writeDMPConfigurationSet
  C:2DCFH         PUBLIC        _send_packet_to_computer
  C:3900H         PUBLIC        _setMotionDetectionThreshold
BL51 BANKED LINKER/LOCATER V6.22                                                      03/15/2017  13:46:09  PAGE 13


  B:0020H.5       PUBLIC        TX_DS
  C:3849H         PUBLIC        _setFIFOEnabled
  C:374AH         PUBLIC        _setExternalFrameSync
  C:34FAH         PUBLIC        _setup_T0_elapsed_us
  C:24BAH         PUBLIC        main
  C:2B25H         PUBLIC        initial_setup_dmp
  X:0266H         PUBLIC        sensor_status
  C:30F7H         PUBLIC        init_calibration
  C:25AEH         PUBLIC        _dmpGetQuaternion_int16
  C:3544H         PUBLIC        getOTPBankValid
  C:3741H         PUBLIC        _setMemoryStartAddress
  C:366DH         PUBLIC        _send_rf_command
  C:3401H         PUBLIC        getXGyroOffset
  C:338DH         PUBLIC        _setup_T0_freq
  C:38DCH         PUBLIC        _setIntEnabled
  C:341EH         PUBLIC        getYGyroOffset
  C:343BH         PUBLIC        getZGyroOffset
  C:0026H         PUBLIC        _hal_uart_putstring
  C:36E6H         PUBLIC        stop_T0
  C:360EH         PUBLIC        getMotionDetectionDuration
  C:35C2H         PUBLIC        getDMPConfig1
  C:35D5H         PUBLIC        getDMPConfig2
  D:0063H         PUBLIC        timer_count
  C:3712H         PUBLIC        _setClockSource
  B:0080H.3       PUBLIC        P03
  C:2CC4H         PUBLIC        setup
  C:38ABH         PUBLIC        _setOTPBankValid
  D:0089H         PUBLIC        TMOD
  D:0088H         PUBLIC        TCON
  C:334FH         PUBLIC        _writeProgMemoryBlock
  C:383EH         PUBLIC        _setI2CMasterModeEnabled
  C:3812H         PUBLIC        _setXGyroOffset
  C:381DH         PUBLIC        _setYGyroOffset
  C:3828H         PUBLIC        _setZGyroOffset
  X:0267H         PUBLIC        calibOk
  C:35FBH         PUBLIC        getZeroMotionDetectionThreshold
  C:37B7H         PUBLIC        i2c_mpu_reset
  C:3912H         PUBLIC        _setMotionDetectionDuration
  B:00E8H.2       PUBLIC        RFCKEN
  X:0268H         PUBLIC        calibIt
  C:08CEH         PUBLIC        ADDR_HOST
  C:38EEH         PUBLIC        _setDMPConfig1
  C:1DA4H         PUBLIC        _send_inertial_packet_by_rf
  C:38F7H         PUBLIC        _setDMPConfig2
  C:38A1H         PUBLIC        _writeProgDMPConfigurationSet
  X:0269H         PUBLIC        dmpPacketSize
  C:0056H         PUBLIC        dmpMemory
  C:3475H         PUBLIC        getXGyroOffsetTC
  C:3490H         PUBLIC        getYGyroOffsetTC
  C:34ABH         PUBLIC        getZGyroOffsetTC
  C:3909H         PUBLIC        _setZeroMotionDetectionThreshold
  D:0020H         PUBLIC        sta
  B:00A8H.1       PUBLIC        ET0
  C:3313H         PUBLIC        _setMemoryBank
  C:3248H         PUBLIC        _SPI_Read_Buf
  C:379EH         PUBLIC        _SPI_Read
  C:37ABH         PUBLIC        resetFIFO
BL51 BANKED LINKER/LOCATER V6.22                                                      03/15/2017  13:46:09  PAGE 14


  D:008CH         PUBLIC        TH0
  C:3766H         PUBLIC        _setXGyroOffsetTC
  C:3774H         PUBLIC        _setYGyroOffsetTC
  C:2690H         PUBLIC        _getMotion6_packet
  C:3782H         PUBLIC        _setZGyroOffsetTC
  D:008AH         PUBLIC        TL0
  C:3621H         PUBLIC        getZeroMotionDetectionDuration
  C:1FE5H         PUBLIC        calibrationStepOne
  C:37C3H         PUBLIC        resetI2CMaster
  B:0088H.4       PUBLIC        TR0
  X:026BH         PUBLIC        accelBuffer
  X:0271H         PUBLIC        ax
  X:0273H         PUBLIC        ay
  C:31E4H         PUBLIC        _SPI_Write_Buf
  X:0275H         PUBLIC        az
  C:2E1FH         PUBLIC        _send_packet_from_host_to_computer
  C:0DFBH         PUBLIC        dmpInitialize
  C:38E5H         PUBLIC        _setRate
  D:0064H         PUBLIC        NBT0H
  C:15CFH         PUBLIC        _dmpGetPacket16bits
  C:391BH         PUBLIC        _setZeroMotionDetectionDuration
  X:0277H         PUBLIC        gx
  X:0279H         PUBLIC        gy
  C:3833H         PUBLIC        _setDMPEnabled
  D:0093H         PUBLIC        P0DIR
  X:027BH         PUBLIC        gz
  C:33AAH         PUBLIC        getXAccelOffset
  D:0065H         PUBLIC        NBT0L
  D:009EH         PUBLIC        P0CON
  D:0094H         PUBLIC        P1DIR
  C:3560H         PUBLIC        _MATH_ABS
  C:3216H         PUBLIC        _TX_Mode_NOACK
  C:33C7H         PUBLIC        getYAccelOffset
  D:009FH         PUBLIC        P1CON
  X:027DH         PUBLIC        calibCounter
  C:33E4H         PUBLIC        getZAccelOffset
  C:3720H         PUBLIC        _setFullScaleGyroRange
  D:0098H         PUBLIC        S0CON
  X:027EH         PUBLIC        mx
  C:000EH         PUBLIC        _send_rf_command_with_arg
  C:292CH         PUBLIC        RF_IRQ
  X:0280H         PUBLIC        my
  D:00D8H         PUBLIC        ADCON
  X:0282H         PUBLIC        mz
  D:0066H         PUBLIC        timer_elapsed
  D:00C8H         PUBLIC        T2CON
  C:12F2H         PUBLIC        calibrationStepTwo
  C:3030H         PUBLIC        _redirect_rf_pkt_to_serial
  D:00F8H         PUBLIC        FSR
  B:0020H.4       PUBLIC        MAX_RT
  C:37F1H         PUBLIC        _setXAccelOffset
  C:3587H         PUBLIC        mpu_initialize
  C:2D78H         PUBLIC        _send_packet_to_host
  C:37FCH         PUBLIC        _setYAccelOffset
  C:275FH         PUBLIC        _rf_init
  C:3807H         PUBLIC        _setZAccelOffset
  C:336FH         PUBLIC        TMR0_IRQ
BL51 BANKED LINKER/LOCATER V6.22                                                      03/15/2017  13:46:09  PAGE 15


  X:0284H         PUBLIC        payloadWidth
  C:2F16H         PUBLIC        _getFIFOBytes
  C:3458H         PUBLIC        getFIFOCount
  C:37DBH         PUBLIC        mpu_8051_malloc_setup
  C:3634H         PUBLIC        _SPI_RW_Reg
  C:38B5H         PUBLIC        _SPI_RW
  C:35AFH         PUBLIC        getIntStatus
  D:00E8H         PUBLIC        RFCON
  C:37E6H         PUBLIC        _setSleepEnabled
  D:00D0H         PUBLIC        PSW
  C:367FH         PUBLIC        calibrationRoutine
  C:3647H         PUBLIC        iniciarIO
  D:00C0H         PUBLIC        IRCON
  C:3758H         PUBLIC        _setDLPFMode
  X:0285H         PUBLIC        dmpPacketBuffer
  X:0287H         PUBLIC        buffer
  B:00E8H.1       PUBLIC        RFCSN
  D:00E6H         PUBLIC        SPIRSTAT
  -------         PROC          _SETUP_T0_FREQ
  D:0007H         SYMBOL        Freq_Hz
  D:0027H         SYMBOL        flag_count
  -------         DO            
  D:0006H         SYMBOL        qnt_ticks
  -------         ENDDO         
  C:338DH         LINE#         37
  C:338FH         LINE#         38
  C:33A5H         LINE#         39
  -------         ENDPROC       _SETUP_T0_FREQ
  -------         PROC          _SETUP_T0_ELAPSED_MS
  D:0006H         SYMBOL        T_ms
  D:0003H         SYMBOL        flag_count
  C:36F6H         LINE#         50
  C:36F8H         LINE#         51
  -------         ENDPROC       _SETUP_T0_ELAPSED_MS
  -------         PROC          _SETUP_T0_ELAPSED_US
  D:0006H         SYMBOL        T_us
  D:0003H         SYMBOL        flag_count
  -------         DO            
  D:0006H         SYMBOL        qnt_ticks
  -------         ENDDO         
  C:34FAH         LINE#         62
  C:34FCH         LINE#         63
  C:350EH         LINE#         64
  -------         ENDPROC       _SETUP_T0_ELAPSED_US
  -------         PROC          _SETUP_T0_TICKS
  D:0002H         SYMBOL        number_beats
  D:0005H         SYMBOL        flag_count
  C:3704H         LINE#         73
  C:3706H         LINE#         74
  C:3708H         LINE#         75
  C:370BH         LINE#         76
  C:3711H         LINE#         77
  -------         ENDPROC       _SETUP_T0_TICKS
  -------         PROC          TMR0_IRQ
  C:336FH         LINE#         80
  C:3373H         LINE#         82
  C:3373H         LINE#         83
BL51 BANKED LINKER/LOCATER V6.22                                                      03/15/2017  13:46:09  PAGE 16


  C:3373H         LINE#         84
  C:3375H         LINE#         85
  C:337CH         LINE#         86
  C:337FH         LINE#         87
  C:3382H         LINE#         88
  C:3382H         LINE#         89
  C:3385H         LINE#         90
  C:3388H         LINE#         91
  C:3388H         LINE#         92
  -------         ENDPROC       TMR0_IRQ
  -------         PROC          START_T0
  C:36D6H         LINE#         94
  C:36D6H         LINE#         95
  C:36D9H         LINE#         96
  C:36DCH         LINE#         97
  C:36DFH         LINE#         98
  C:36E1H         LINE#         99
  C:36E3H         LINE#         100
  C:36E5H         LINE#         101
  -------         ENDPROC       START_T0
  -------         PROC          STOP_T0
  C:36E6H         LINE#         103
  C:36E6H         LINE#         104
  C:36E9H         LINE#         105
  C:36ECH         LINE#         106
  C:36EFH         LINE#         107
  C:36F1H         LINE#         108
  C:36F3H         LINE#         109
  C:36F5H         LINE#         110
  -------         ENDPROC       STOP_T0
  -------         PROC          MPU_8051_MALLOC_SETUP
  C:37DBH         LINE#         312
  C:37DBH         LINE#         313
  -------         ENDPROC       MPU_8051_MALLOC_SETUP
  -------         PROC          _SETCLOCKSOURCE
  D:0007H         SYMBOL        source
  C:3712H         LINE#         332
  C:3712H         LINE#         333
  -------         ENDPROC       _SETCLOCKSOURCE
  -------         PROC          _SETFULLSCALEGYRORANGE
  D:0007H         SYMBOL        range
  C:3720H         LINE#         341
  C:3720H         LINE#         342
  -------         ENDPROC       _SETFULLSCALEGYRORANGE
  -------         PROC          _SETFULLSCALEACCELRANGE
  D:0007H         SYMBOL        range
  C:372EH         LINE#         349
  C:372EH         LINE#         350
  -------         ENDPROC       _SETFULLSCALEACCELRANGE
  -------         PROC          _SETSLEEPENABLED
  D:0007H         SYMBOL        enabled
  C:37E6H         LINE#         358
  C:37E6H         LINE#         359
  -------         ENDPROC       _SETSLEEPENABLED
  -------         PROC          MPU_INITIALIZE
  C:3587H         LINE#         366
  C:3587H         LINE#         367
BL51 BANKED LINKER/LOCATER V6.22                                                      03/15/2017  13:46:09  PAGE 17


  C:358CH         LINE#         368
  C:3591H         LINE#         369
  C:3596H         LINE#         370
  -------         ENDPROC       MPU_INITIALIZE
  -------         PROC          MPU_TESTCONNECTION
  C:32E8H         LINE#         378
  C:32E8H         LINE#         379
  C:32FDH         LINE#         380
  C:330AH         LINE#         381
  -------         ENDPROC       MPU_TESTCONNECTION
  -------         PROC          _GETMOTION6_PACKET
  X:0367H         SYMBOL        packet6
  C:2690H         LINE#         388
  C:2698H         LINE#         389
  C:26AAH         LINE#         390
  C:26BDH         LINE#         391
  C:26C7H         LINE#         392
  C:26D2H         LINE#         393
  C:26DEH         LINE#         394
  C:26EEH         LINE#         395
  C:26FEH         LINE#         396
  C:270EH         LINE#         397
  C:271EH         LINE#         398
  C:272EH         LINE#         399
  C:273EH         LINE#         400
  C:274EH         LINE#         401
  C:275EH         LINE#         402
  -------         ENDPROC       _GETMOTION6_PACKET
  -------         PROC          _SETXACCELOFFSET
  D:0006H         SYMBOL        offset
  C:37F1H         LINE#         407
  C:37F1H         LINE#         408
  -------         ENDPROC       _SETXACCELOFFSET
  -------         PROC          _SETYACCELOFFSET
  D:0006H         SYMBOL        offset
  C:37FCH         LINE#         410
  C:37FCH         LINE#         411
  -------         ENDPROC       _SETYACCELOFFSET
  -------         PROC          _SETZACCELOFFSET
  D:0006H         SYMBOL        offset
  C:3807H         LINE#         413
  C:3807H         LINE#         414
  -------         ENDPROC       _SETZACCELOFFSET
  -------         PROC          _SETXGYROOFFSET
  D:0006H         SYMBOL        offset
  C:3812H         LINE#         416
  C:3812H         LINE#         417
  -------         ENDPROC       _SETXGYROOFFSET
  -------         PROC          _SETYGYROOFFSET
  D:0006H         SYMBOL        offset
  C:381DH         LINE#         419
  C:381DH         LINE#         420
  -------         ENDPROC       _SETYGYROOFFSET
  -------         PROC          _SETZGYROOFFSET
  D:0006H         SYMBOL        offset
  C:3828H         LINE#         422
  C:3828H         LINE#         423
BL51 BANKED LINKER/LOCATER V6.22                                                      03/15/2017  13:46:09  PAGE 18


  -------         ENDPROC       _SETZGYROOFFSET
  -------         PROC          GETXACCELOFFSET
  C:33AAH         LINE#         425
  C:33AAH         LINE#         426
  C:33BCH         LINE#         427
  C:33C6H         LINE#         428
  -------         ENDPROC       GETXACCELOFFSET
  -------         PROC          GETYACCELOFFSET
  C:33C7H         LINE#         429
  C:33C7H         LINE#         430
  C:33D9H         LINE#         431
  C:33E3H         LINE#         432
  -------         ENDPROC       GETYACCELOFFSET
  -------         PROC          GETZACCELOFFSET
  C:33E4H         LINE#         433
  C:33E4H         LINE#         434
  C:33F6H         LINE#         435
  C:3400H         LINE#         436
  -------         ENDPROC       GETZACCELOFFSET
  -------         PROC          GETXGYROOFFSET
  C:3401H         LINE#         437
  C:3401H         LINE#         438
  C:3413H         LINE#         439
  C:341DH         LINE#         440
  -------         ENDPROC       GETXGYROOFFSET
  -------         PROC          GETYGYROOFFSET
  C:341EH         LINE#         441
  C:341EH         LINE#         442
  C:3430H         LINE#         443
  C:343AH         LINE#         444
  -------         ENDPROC       GETYGYROOFFSET
  -------         PROC          GETZGYROOFFSET
  C:343BH         LINE#         445
  C:343BH         LINE#         446
  C:344DH         LINE#         447
  C:3457H         LINE#         448
  -------         ENDPROC       GETZGYROOFFSET
  C:330BH         SYMBOL        L?0334
  C:330EH         SYMBOL        L?0335
  -------         PROC          L?0333
  -------         ENDPROC       L?0333
  C:330BH         SYMBOL        L?0334
  C:330EH         SYMBOL        L?0335
  -------         PROC          _SETMEMORYBANK
  D:0007H         SYMBOL        bank
  D:0005H         SYMBOL        prefetchEnabled
  D:0003H         SYMBOL        userBank
  C:3313H         LINE#         450
  C:3313H         LINE#         451
  C:3317H         LINE#         452
  C:331EH         LINE#         453
  C:3325H         LINE#         454
  -------         ENDPROC       _SETMEMORYBANK
  -------         PROC          GETFIFOCOUNT
  C:3458H         LINE#         462
  C:3458H         LINE#         463
  C:346AH         LINE#         464
BL51 BANKED LINKER/LOCATER V6.22                                                      03/15/2017  13:46:09  PAGE 19


  C:3474H         LINE#         465
  -------         ENDPROC       GETFIFOCOUNT
  -------         PROC          GETINTSTATUS
  C:35AFH         LINE#         467
  C:35AFH         LINE#         468
  C:35BCH         LINE#         469
  C:35C1H         LINE#         470
  -------         ENDPROC       GETINTSTATUS
  -------         PROC          _SETDMPENABLED
  D:0007H         SYMBOL        enabled
  C:3833H         LINE#         472
  C:3833H         LINE#         473
  -------         ENDPROC       _SETDMPENABLED
  -------         PROC          RESETFIFO
  C:37ABH         LINE#         480
  C:37ABH         LINE#         481
  -------         ENDPROC       RESETFIFO
  -------         PROC          DMPGETFIFOPACKETSIZE
  C:38D3H         LINE#         484
  C:38D3H         LINE#         485
  C:38DBH         LINE#         486
  -------         ENDPROC       DMPGETFIFOPACKETSIZE
  -------         PROC          L?0338
  -------         ENDPROC       L?0338
  -------         PROC          _GETFIFOBYTES
  X:0331H         SYMBOL        data_ptr
  D:0005H         SYMBOL        data_len
  C:2F16H         LINE#         488
  C:2F21H         LINE#         489
  C:2F27H         LINE#         490
  C:2F46H         LINE#         491
  C:2F46H         LINE#         492
  C:2F55H         LINE#         493
  C:2F55H         LINE#         494
  -------         ENDPROC       _GETFIFOBYTES
  C:373CH         SYMBOL        L?0340
  -------         PROC          L?0339
  -------         ENDPROC       L?0339
  C:373CH         SYMBOL        L?0340
  -------         PROC          _SETMEMORYSTARTADDRESS
  D:0007H         SYMBOL        address
  C:3741H         LINE#         496
  C:3741H         LINE#         497
  -------         ENDPROC       _SETMEMORYSTARTADDRESS
  C:1B3CH         SYMBOL        L?0331
  -------         PROC          L?0330
  -------         ENDPROC       L?0330
  C:1B3CH         SYMBOL        L?0331
  -------         PROC          _WRITEMEMORYBLOCK
  X:0341H         SYMBOL        data_ptr
  X:0344H         SYMBOL        dataSize
  X:0346H         SYMBOL        bank
  X:0347H         SYMBOL        address
  X:0348H         SYMBOL        verify
  X:0349H         SYMBOL        useProgMem
  -------         DO            
  X:034AH         SYMBOL        chunkSize_wmb
BL51 BANKED LINKER/LOCATER V6.22                                                      03/15/2017  13:46:09  PAGE 20


  X:034BH         SYMBOL        verifyBuffer_wmb
  X:034EH         SYMBOL        progBuffer_wmb
  X:0351H         SYMBOL        i_wmb
  D:0007H         SYMBOL        j_wmb
  -------         ENDDO         
  C:1B5FH         LINE#         501
  C:1B70H         LINE#         505
  C:1B79H         LINE#         508
  C:1B7CH         LINE#         509
  C:1B7FH         LINE#         510
  C:1B9CH         LINE#         511
  C:1BB9H         LINE#         512
  C:1BD9H         LINE#         514
  C:1BDFH         LINE#         517
  C:1C01H         LINE#         520
  C:1C1EH         LINE#         522
  C:1C24H         LINE#         524
  C:1C6CH         LINE#         525
  C:1C6CH         LINE#         527
  C:1C90H         LINE#         528
  C:1C90H         LINE#         530
  C:1CACH         LINE#         533
  C:1CC5H         LINE#         534
  C:1CC8H         LINE#         535
  C:1CCBH         LINE#         536
  C:1CE7H         LINE#         537
  C:1D0EH         LINE#         538
  C:1D1CH         LINE#         539
  C:1D30H         LINE#         540
  C:1D33H         LINE#         541
  C:1D33H         LINE#         542
  C:1D33H         LINE#         545
  C:1D46H         LINE#         548
  C:1D4CH         LINE#         551
  C:1D64H         LINE#         552
  C:1D70H         LINE#         553
  C:1D73H         LINE#         554
  C:1D76H         LINE#         555
  C:1D76H         LINE#         556
  C:1D79H         LINE#         557
  C:1D8DH         LINE#         558
  C:1DA1H         LINE#         559
  C:1DA3H         LINE#         560
  -------         ENDPROC       _WRITEMEMORYBLOCK
  -------         PROC          _WRITEDMPCONFIGURATIONSET
  X:0331H         SYMBOL        data_ptr
  X:0334H         SYMBOL        dataSize
  X:0336H         SYMBOL        useProgMem
  -------         DO            
  X:0337H         SYMBOL        progBuffer_wdcs
  X:033AH         SYMBOL        success_wdcs
  X:033BH         SYMBOL        special_wdcs
  X:033CH         SYMBOL        i_wdcs
  D:0006H         SYMBOL        j_wdcs
  X:033EH         SYMBOL        bank_wdcs
  X:033FH         SYMBOL        offset_wdcs
  X:0340H         SYMBOL        length_wdcs
BL51 BANKED LINKER/LOCATER V6.22                                                      03/15/2017  13:46:09  PAGE 21


  -------         ENDDO         
  C:18A5H         LINE#         563
  C:18B6H         LINE#         564
  C:18BFH         LINE#         568
  C:18C5H         LINE#         569
  C:18DCH         LINE#         570
  C:18DCH         LINE#         575
  C:18FBH         LINE#         576
  C:1905H         LINE#         577
  C:1926H         LINE#         578
  C:194AH         LINE#         579
  C:196AH         LINE#         580
  C:196CH         LINE#         581
  C:198AH         LINE#         582
  C:19A0H         LINE#         583
  C:19B6H         LINE#         584
  C:19B6H         LINE#         587
  C:19C3H         LINE#         589
  C:19C6H         LINE#         590
  C:19F0H         LINE#         591
  C:1A3DH         LINE#         592
  C:1A3DH         LINE#         593
  C:1A61H         LINE#         594
  C:1A61H         LINE#         595
  C:1A92H         LINE#         596
  C:1AA4H         LINE#         597
  C:1AA6H         LINE#         603
  C:1AAFH         LINE#         604
  C:1ACCH         LINE#         605
  C:1ACEH         LINE#         606
  C:1AECH         LINE#         607
  C:1AECH         LINE#         611
  C:1AF3H         LINE#         617
  C:1AFCH         LINE#         619
  C:1B02H         LINE#         620
  C:1B04H         LINE#         622
  C:1B09H         LINE#         623
  C:1B09H         LINE#         624
  C:1B09H         LINE#         626
  C:1B12H         LINE#         627
  C:1B24H         LINE#         628
  C:1B27H         LINE#         629
  C:1B27H         LINE#         630
  C:1B27H         LINE#         631
  C:1B39H         LINE#         632
  C:1B3BH         LINE#         633
  -------         ENDPROC       _WRITEDMPCONFIGURATIONSET
  -------         PROC          _READMEMORYBLOCK
  X:0331H         SYMBOL        data_ptr
  X:0334H         SYMBOL        dataSize
  X:0336H         SYMBOL        bank
  X:0337H         SYMBOL        address
  -------         DO            
  X:0338H         SYMBOL        chunkSize_rmb
  X:0339H         SYMBOL        i_rmb
  -------         ENDDO         
  C:23C3H         LINE#         635
BL51 BANKED LINKER/LOCATER V6.22                                                      03/15/2017  13:46:09  PAGE 22


  C:23D4H         LINE#         638
  C:23D8H         LINE#         639
  C:23E0H         LINE#         640
  C:2400H         LINE#         642
  C:2406H         LINE#         645
  C:2426H         LINE#         648
  C:2441H         LINE#         651
  C:246BH         LINE#         654
  C:247EH         LINE#         657
  C:2484H         LINE#         660
  C:249CH         LINE#         661
  C:24A8H         LINE#         662
  C:24AEH         LINE#         663
  C:24B6H         LINE#         664
  C:24B6H         LINE#         665
  C:24B9H         LINE#         666
  -------         ENDPROC       _READMEMORYBLOCK
  -------         PROC          _WRITEPROGDMPCONFIGURATIONSET
  D:0001H         SYMBOL        data_ptr
  D:0004H         SYMBOL        dataSize
  C:38A1H         LINE#         668
  C:38A1H         LINE#         669
  C:38AAH         LINE#         670
  -------         ENDPROC       _WRITEPROGDMPCONFIGURATIONSET
  -------         PROC          _WRITEPROGMEMORYBLOCK
  D:0001H         SYMBOL        data_ptr
  D:0004H         SYMBOL        dataSize
  X:0336H         SYMBOL        bank
  X:0337H         SYMBOL        address
  X:0338H         SYMBOL        verify
  C:334FH         LINE#         672
  C:334FH         LINE#         673
  C:336EH         LINE#         674
  -------         ENDPROC       _WRITEPROGMEMORYBLOCK
  -------         PROC          I2C_MPU_RESET
  C:37B7H         LINE#         680
  C:37B7H         LINE#         681
  -------         ENDPROC       I2C_MPU_RESET
  -------         PROC          _SETSLAVEADDRESS
  D:0007H         SYMBOL        num
  D:0006H         SYMBOL        address
  C:34C6H         LINE#         690
  C:34C8H         LINE#         691
  C:34CEH         LINE#         692
  C:34DFH         LINE#         693
  -------         ENDPROC       _SETSLAVEADDRESS
  -------         PROC          _SETI2CMASTERMODEENABLED
  D:0007H         SYMBOL        enabled
  C:383EH         LINE#         700
  C:383EH         LINE#         701
  -------         ENDPROC       _SETI2CMASTERMODEENABLED
  -------         PROC          RESETI2CMASTER
  C:37C3H         LINE#         708
  C:37C3H         LINE#         709
  -------         ENDPROC       RESETI2CMASTER
  -------         PROC          _SETINTENABLED
  D:0007H         SYMBOL        enabled
BL51 BANKED LINKER/LOCATER V6.22                                                      03/15/2017  13:46:09  PAGE 23


  C:38DCH         LINE#         712
  C:38DCH         LINE#         713
  -------         ENDPROC       _SETINTENABLED
  -------         PROC          _SETRATE
  D:0007H         SYMBOL        rate
  C:38E5H         LINE#         721
  C:38E5H         LINE#         722
  -------         ENDPROC       _SETRATE
  -------         PROC          _SETEXTERNALFRAMESYNC
  D:0007H         SYMBOL        sync_ext
  C:374AH         LINE#         730
  C:374AH         LINE#         731
  -------         ENDPROC       _SETEXTERNALFRAMESYNC
  -------         PROC          _SETDLPFMODE
  D:0007H         SYMBOL        mode
  C:3758H         LINE#         739
  C:3758H         LINE#         740
  -------         ENDPROC       _SETDLPFMODE
  -------         PROC          GETDMPCONFIG1
  C:35C2H         LINE#         746
  C:35C2H         LINE#         747
  C:35CFH         LINE#         748
  C:35D4H         LINE#         749
  -------         ENDPROC       GETDMPCONFIG1
  -------         PROC          _SETDMPCONFIG1
  D:0007H         SYMBOL        config
  C:38EEH         LINE#         750
  C:38EEH         LINE#         751
  -------         ENDPROC       _SETDMPCONFIG1
  -------         PROC          GETDMPCONFIG2
  C:35D5H         LINE#         757
  C:35D5H         LINE#         758
  C:35E2H         LINE#         759
  C:35E7H         LINE#         760
  -------         ENDPROC       GETDMPCONFIG2
  -------         PROC          _SETDMPCONFIG2
  D:0007H         SYMBOL        config
  C:38F7H         LINE#         761
  C:38F7H         LINE#         762
  -------         ENDPROC       _SETDMPCONFIG2
  -------         PROC          GETOTPBANKVALID
  C:3544H         LINE#         765
  C:3544H         LINE#         766
  C:3555H         LINE#         767
  C:355AH         LINE#         768
  -------         ENDPROC       GETOTPBANKVALID
  -------         PROC          _SETOTPBANKVALID
  D:0007H         SYMBOL        enabled
  C:38ABH         LINE#         769
  C:38ABH         LINE#         770
  -------         ENDPROC       _SETOTPBANKVALID
  -------         PROC          GETXGYROOFFSETTC
  C:3475H         LINE#         776
  C:3475H         LINE#         777
  C:348AH         LINE#         778
  C:348FH         LINE#         779
  -------         ENDPROC       GETXGYROOFFSETTC
BL51 BANKED LINKER/LOCATER V6.22                                                      03/15/2017  13:46:09  PAGE 24


  -------         PROC          _SETXGYROOFFSETTC
  D:0007H         SYMBOL        offset
  C:3766H         LINE#         780
  C:3766H         LINE#         781
  -------         ENDPROC       _SETXGYROOFFSETTC
  -------         PROC          GETYGYROOFFSETTC
  C:3490H         LINE#         787
  C:3490H         LINE#         788
  C:34A5H         LINE#         789
  C:34AAH         LINE#         790
  -------         ENDPROC       GETYGYROOFFSETTC
  -------         PROC          _SETYGYROOFFSETTC
  D:0007H         SYMBOL        offset
  C:3774H         LINE#         791
  C:3774H         LINE#         792
  -------         ENDPROC       _SETYGYROOFFSETTC
  -------         PROC          GETZGYROOFFSETTC
  C:34ABH         LINE#         798
  C:34ABH         LINE#         799
  C:34C0H         LINE#         800
  C:34C5H         LINE#         801
  -------         ENDPROC       GETZGYROOFFSETTC
  -------         PROC          _SETZGYROOFFSETTC
  D:0007H         SYMBOL        offset
  C:3782H         LINE#         802
  C:3782H         LINE#         803
  -------         ENDPROC       _SETZGYROOFFSETTC
  -------         PROC          GETMOTIONDETECTIONTHRESHOLD
  C:35E8H         LINE#         813
  C:35E8H         LINE#         814
  C:35F5H         LINE#         815
  C:35FAH         LINE#         816
  -------         ENDPROC       GETMOTIONDETECTIONTHRESHOLD
  -------         PROC          _SETMOTIONDETECTIONTHRESHOLD
  D:0007H         SYMBOL        threshold
  C:3900H         LINE#         823
  C:3900H         LINE#         824
  -------         ENDPROC       _SETMOTIONDETECTIONTHRESHOLD
  -------         PROC          GETZEROMOTIONDETECTIONTHRESHOLD
  C:35FBH         LINE#         835
  C:35FBH         LINE#         836
  C:3608H         LINE#         837
  C:360DH         LINE#         838
  -------         ENDPROC       GETZEROMOTIONDETECTIONTHRESHOLD
  -------         PROC          _SETZEROMOTIONDETECTIONTHRESHOLD
  D:0007H         SYMBOL        threshold
  C:3909H         LINE#         845
  C:3909H         LINE#         846
  -------         ENDPROC       _SETZEROMOTIONDETECTIONTHRESHOLD
  -------         PROC          GETMOTIONDETECTIONDURATION
  C:360EH         LINE#         855
  C:360EH         LINE#         856
  C:361BH         LINE#         857
  C:3620H         LINE#         858
  -------         ENDPROC       GETMOTIONDETECTIONDURATION
  -------         PROC          _SETMOTIONDETECTIONDURATION
  D:0007H         SYMBOL        duration
BL51 BANKED LINKER/LOCATER V6.22                                                      03/15/2017  13:46:09  PAGE 25


  C:3912H         LINE#         865
  C:3912H         LINE#         866
  -------         ENDPROC       _SETMOTIONDETECTIONDURATION
  -------         PROC          GETZEROMOTIONDETECTIONDURATION
  C:3621H         LINE#         875
  C:3621H         LINE#         876
  C:362EH         LINE#         877
  C:3633H         LINE#         878
  -------         ENDPROC       GETZEROMOTIONDETECTIONDURATION
  -------         PROC          _SETZEROMOTIONDETECTIONDURATION
  D:0007H         SYMBOL        duration
  C:391BH         LINE#         885
  C:391BH         LINE#         886
  -------         ENDPROC       _SETZEROMOTIONDETECTIONDURATION
  -------         PROC          GETFIFOENABLED
  C:352CH         LINE#         894
  C:352CH         LINE#         895
  C:353EH         LINE#         896
  C:3543H         LINE#         897
  -------         ENDPROC       GETFIFOENABLED
  -------         PROC          _SETFIFOENABLED
  D:0007H         SYMBOL        enabled
  C:3849H         LINE#         904
  C:3849H         LINE#         905
  -------         ENDPROC       _SETFIFOENABLED
  -------         PROC          RESETDMP
  C:37CFH         LINE#         908
  C:37CFH         LINE#         909
  -------         ENDPROC       RESETDMP
  -------         PROC          DMPINITIALIZE
  -------         DO            
  X:0296H         SYMBOL        xgOffsetTC
  X:0297H         SYMBOL        ygOffsetTC
  X:0298H         SYMBOL        zgOffsetTC
  X:0299H         SYMBOL        dmpUpdate
  X:02A9H         SYMBOL        j
  X:02AAH         SYMBOL        pos
  X:02ACH         SYMBOL        fifoCount
  X:02AEH         SYMBOL        fifoBuffer
  X:032EH         SYMBOL        b
  X:032FH         SYMBOL        data_to_write
  X:0330H         SYMBOL        mask
  -------         ENDDO         
  C:0DFBH         LINE#         912
  C:0DFBH         LINE#         915
  C:0E02H         LINE#         925
  C:0E05H         LINE#         926
  C:0E0CH         LINE#         937
  C:0E11H         LINE#         941
  C:0E1AH         LINE#         944
  C:0E1FH         LINE#         950
  C:0E26H         LINE#         960
  C:0E2EH         LINE#         961
  C:0E36H         LINE#         962
  C:0E3EH         LINE#         973
  C:0E45H         LINE#         976
  C:0E4AH         LINE#         978
BL51 BANKED LINKER/LOCATER V6.22                                                      03/15/2017  13:46:09  PAGE 26


  C:0E51H         LINE#         980
  C:0E54H         LINE#         981
  C:0E5BH         LINE#         989
  C:0E78H         LINE#         997
  C:0E8BH         LINE#         1002
  C:0E90H         LINE#         1006
  C:0E95H         LINE#         1010
  C:0E9AH         LINE#         1018
  C:0EA0H         LINE#         1021
  C:0EACH         LINE#         1023
  C:0EACH         LINE#         1025
  C:0EACH         LINE#         1028
  C:0EB2H         LINE#         1029
  C:0EBCH         LINE#         1030
  C:0EC0H         LINE#         1031
  C:0ECCH         LINE#         1032
  C:0ECFH         LINE#         1035
  C:0ED8H         LINE#         1037
  C:0ED8H         LINE#         1039
  C:0ED8H         LINE#         1046
  C:0EDDH         LINE#         1050
  C:0EE2H         LINE#         1054
  C:0EE7H         LINE#         1055
  C:0EECH         LINE#         1059
  C:0EF1H         LINE#         1067
  C:0EFEH         LINE#         1069
  C:0EFEH         LINE#         1071
  C:0EFEH         LINE#         1074
  C:0F04H         LINE#         1075
  C:0F0BH         LINE#         1076
  C:0F0FH         LINE#         1077
  C:0F1BH         LINE#         1078
  C:0F1EH         LINE#         1081
  C:0F27H         LINE#         1083
  C:0F27H         LINE#         1085
  C:0F27H         LINE#         1090
  C:0F34H         LINE#         1092
  C:0F34H         LINE#         1094
  C:0F34H         LINE#         1097
  C:0F3AH         LINE#         1098
  C:0F41H         LINE#         1099
  C:0F45H         LINE#         1100
  C:0F51H         LINE#         1101
  C:0F54H         LINE#         1104
  C:0F5DH         LINE#         1106
  C:0F5DH         LINE#         1108
  C:0F5DH         LINE#         1113
  C:0F6AH         LINE#         1115
  C:0F6AH         LINE#         1117
  C:0F6AH         LINE#         1120
  C:0F70H         LINE#         1121
  C:0F77H         LINE#         1122
  C:0F7AH         LINE#         1123
  C:0F86H         LINE#         1124
  C:0F93H         LINE#         1127
  C:0F9CH         LINE#         1129
  C:0F9CH         LINE#         1131
BL51 BANKED LINKER/LOCATER V6.22                                                      03/15/2017  13:46:09  PAGE 27


  C:0F9CH         LINE#         1141
  C:0FF9H         LINE#         1144
  C:0FFCH         LINE#         1148
  C:1059H         LINE#         1150
  C:105CH         LINE#         1153
  C:105FH         LINE#         1156
  C:106AH         LINE#         1161
  C:1074H         LINE#         1164
  C:1079H         LINE#         1167
  C:107EH         LINE#         1170
  C:1083H         LINE#         1173
  C:1088H         LINE#         1176
  C:108BH         LINE#         1179
  C:1090H         LINE#         1182
  C:1095H         LINE#         1185
  C:1098H         LINE#         1189
  C:10F5H         LINE#         1190
  C:10F8H         LINE#         1194
  C:1155H         LINE#         1195
  C:1158H         LINE#         1199
  C:11B5H         LINE#         1200
  C:11B8H         LINE#         1206
  C:11C7H         LINE#         1207
  C:11D2H         LINE#         1209
  C:11D4H         LINE#         1214
  C:11D7H         LINE#         1223
  C:1234H         LINE#         1224
  C:1254H         LINE#         1228
  C:1263H         LINE#         1229
  C:126EH         LINE#         1230
  C:1270H         LINE#         1236
  C:1273H         LINE#         1245
  C:12D0H         LINE#         1246
  C:12D3H         LINE#         1251
  C:12D8H         LINE#         1254
  C:12E1H         LINE#         1260
  C:12E4H         LINE#         1261
  C:12E7H         LINE#         1262
  C:12E9H         LINE#         1265
  C:12ECH         LINE#         1266
  C:12ECH         LINE#         1267
  C:12ECH         LINE#         1270
  C:12EFH         LINE#         1271
  C:12EFH         LINE#         1273
  C:12F1H         LINE#         1274
  -------         ENDPROC       DMPINITIALIZE
  -------         PROC          _DMPGETQUATERNION_INT16
  X:035BH         SYMBOL        data_ptr
  X:035EH         SYMBOL        packet
  C:25AEH         LINE#         1277
  C:25B9H         LINE#         1279
  C:25D8H         LINE#         1280
  C:2600H         LINE#         1281
  C:262FH         LINE#         1282
  C:265EH         LINE#         1283
  C:268DH         LINE#         1284
  C:268FH         LINE#         1285
BL51 BANKED LINKER/LOCATER V6.22                                                      03/15/2017  13:46:09  PAGE 28


  -------         ENDPROC       _DMPGETQUATERNION_INT16
  -------         PROC          _DMPGETPACKET16BITS
  X:0361H         SYMBOL        data_ptr
  X:0364H         SYMBOL        packet
  C:15CFH         LINE#         1286
  C:15DAH         LINE#         1289
  C:161AH         LINE#         1290
  C:1662H         LINE#         1291
  C:16AAH         LINE#         1292
  C:16F2H         LINE#         1294
  C:173AH         LINE#         1295
  C:1782H         LINE#         1296
  C:17CAH         LINE#         1298
  C:1812H         LINE#         1299
  C:185AH         LINE#         1300
  C:18A2H         LINE#         1301
  C:18A4H         LINE#         1302
  -------         ENDPROC       _DMPGETPACKET16BITS
  -------         PROC          L?0332
  -------         ENDPROC       L?0332
  -------         PROC          _GETMOTION6_VARIABLES
  X:0295H         SYMBOL        ax
  X:0298H         SYMBOL        ay
  X:029BH         SYMBOL        az
  X:029EH         SYMBOL        gx
  X:02A1H         SYMBOL        gy
  X:02A4H         SYMBOL        gz
  C:2304H         LINE#         1310
  C:230FH         LINE#         1311
  C:2321H         LINE#         1314
  C:233CH         LINE#         1315
  C:2357H         LINE#         1316
  C:2372H         LINE#         1317
  C:238DH         LINE#         1318
  C:23A8H         LINE#         1319
  -------         ENDPROC       _GETMOTION6_VARIABLES
  -------         PROC          _SPI_RW
  D:0007H         SYMBOL        value
  C:38B5H         LINE#         127
  C:38B5H         LINE#         128
  C:38B7H         LINE#         130
  C:38BCH         LINE#         132
  C:38BEH         LINE#         133
  -------         ENDPROC       _SPI_RW
  -------         PROC          _SPI_RW_REG
  D:0007H         SYMBOL        reg
  D:0006H         SYMBOL        value
  -------         DO            
  D:0005H         SYMBOL        status
  -------         ENDDO         
  C:3634H         LINE#         142
  C:3636H         LINE#         145
  C:3638H         LINE#         146
  C:363DH         LINE#         147
  C:3642H         LINE#         148
  C:3644H         LINE#         150
  C:3646H         LINE#         151
BL51 BANKED LINKER/LOCATER V6.22                                                      03/15/2017  13:46:09  PAGE 29


  -------         ENDPROC       _SPI_RW_REG
  -------         PROC          _SPI_READ
  D:0007H         SYMBOL        reg
  -------         DO            
  D:0007H         SYMBOL        reg_val
  -------         ENDDO         
  C:379EH         LINE#         159
  C:379EH         LINE#         162
  C:37A0H         LINE#         163
  C:37A3H         LINE#         164
  C:37A8H         LINE#         165
  C:37AAH         LINE#         167
  C:37AAH         LINE#         168
  -------         ENDPROC       _SPI_READ
  -------         PROC          _SPI_READ_BUF
  D:0007H         SYMBOL        reg
  D:0023H         SYMBOL        pBuf
  D:0026H         SYMBOL        bytes
  -------         DO            
  D:0006H         SYMBOL        status
  D:0005H         SYMBOL        byte_ctr
  -------         ENDDO         
  C:3248H         LINE#         177
  C:324EH         LINE#         180
  C:3250H         LINE#         181
  C:3255H         LINE#         183
  C:325DH         LINE#         184
  C:3274H         LINE#         186
  C:3276H         LINE#         188
  C:3278H         LINE#         189
  -------         ENDPROC       _SPI_READ_BUF
  -------         PROC          _SPI_WRITE_BUF
  D:0007H         SYMBOL        reg
  D:0031H         SYMBOL        pBuf
  D:0034H         SYMBOL        bytes
  -------         DO            
  D:0006H         SYMBOL        status
  D:0005H         SYMBOL        byte_ctr
  -------         ENDDO         
  C:31E4H         LINE#         199
  C:31EAH         LINE#         202
  C:31ECH         LINE#         203
  C:31F1H         LINE#         204
  C:31F9H         LINE#         205
  C:3211H         LINE#         206
  C:3213H         LINE#         207
  C:3215H         LINE#         208
  -------         ENDPROC       _SPI_WRITE_BUF
  -------         PROC          RX_MODE
  C:36A3H         LINE#         213
  C:36A3H         LINE#         214
  C:36A6H         LINE#         215
  C:36A8H         LINE#         216
  C:36AAH         LINE#         217
  C:36B1H         LINE#         218
  C:36B3H         LINE#         219
  -------         ENDPROC       RX_MODE
BL51 BANKED LINKER/LOCATER V6.22                                                      03/15/2017  13:46:09  PAGE 30


  -------         PROC          _TX_MODE_NOACK
  D:002CH         SYMBOL        payloadLength
  C:3216H         LINE#         227
  C:321AH         LINE#         228
  C:321CH         LINE#         229
  C:3223H         LINE#         230
  C:3231H         LINE#         231
  C:323FH         LINE#         233
  C:3241H         LINE#         234
  C:3247H         LINE#         235
  -------         ENDPROC       _TX_MODE_NOACK
  -------         PROC          RF_IRQ
  C:292CH         LINE#         242
  C:2945H         LINE#         244
  C:294CH         LINE#         245
  C:294FH         LINE#         246
  C:295DH         LINE#         247
  C:2964H         LINE#         248
  C:2966H         LINE#         249
  C:2970H         LINE#         250
  C:2975H         LINE#         251
  C:2977H         LINE#         252
  C:297DH         LINE#         253
  C:297FH         LINE#         254
  C:297FH         LINE#         255
  C:297FH         LINE#         256
  C:2982H         LINE#         257
  C:2989H         LINE#         258
  C:298CH         LINE#         259
  C:2993H         LINE#         260
  C:299AH         LINE#         261
  -------         ENDPROC       RF_IRQ
  -------         PROC          _RF_INIT
  D:0027H         SYMBOL        rx_addr
  D:002AH         SYMBOL        tx_addr
  D:002DH         SYMBOL        rf_channel
  D:002EH         SYMBOL        rf_data_rate
  D:002FH         SYMBOL        rf_pwr
  -------         DO            
  D:0004H         SYMBOL        rf_setup_byte
  -------         ENDDO         
  C:275FH         LINE#         271
  C:2765H         LINE#         272
  C:2767H         LINE#         273
  C:2769H         LINE#         274
  C:276BH         LINE#         275
  C:276DH         LINE#         276
  C:276FH         LINE#         277
  C:2771H         LINE#         279
  C:2780H         LINE#         280
  C:2780H         LINE#         281
  C:2783H         LINE#         282
  C:2785H         LINE#         283
  C:2785H         LINE#         284
  C:2788H         LINE#         285
  C:278BH         LINE#         286
  C:278DH         LINE#         287
BL51 BANKED LINKER/LOCATER V6.22                                                      03/15/2017  13:46:09  PAGE 31


  C:278DH         LINE#         288
  C:2790H         LINE#         289
  C:2790H         LINE#         290
  C:2792H         LINE#         291
  C:2792H         LINE#         292
  C:2795H         LINE#         293
  C:2795H         LINE#         294
  C:2795H         LINE#         295
  C:279FH         LINE#         296
  C:279FH         LINE#         297
  C:27A2H         LINE#         298
  C:27A5H         LINE#         299
  C:27A7H         LINE#         300
  C:27A7H         LINE#         301
  C:27AAH         LINE#         302
  C:27ACH         LINE#         303
  C:27ACH         LINE#         304
  C:27AFH         LINE#         305
  C:27B2H         LINE#         306
  C:27B2H         LINE#         307
  C:27B2H         LINE#         309
  C:27C0H         LINE#         311
  C:27CEH         LINE#         313
  C:27D5H         LINE#         315
  C:27DCH         LINE#         317
  C:27E3H         LINE#         319
  C:27EAH         LINE#         321
  C:27F1H         LINE#         323
  C:27F8H         LINE#         325
  C:27FFH         LINE#         327
  C:2801H         LINE#         328
  -------         ENDPROC       _RF_INIT
  -------         PROC          _SEND_INERTIAL_PACKET_BY_RF
  D:0007H         SYMBOL        pkt_type
[...]
  C:31DCH         LINE#         216
  C:31DEH         LINE#         218
  C:31E1H         LINE#         220
  C:31E3H         LINE#         221
  -------         ENDPROC       _HAL_W2_WRITE
  -------         PROC          _HAL_W2_READ
  D:0007H         SYMBOL        address
  D:0057H         SYMBOL        data_ptr
  D:005AH         SYMBOL        data_len
BL51 BANKED LINKER/LOCATER V6.22                                                      03/15/2017  13:46:09  PAGE 44


  -------         DO            
  D:0007H         SYMBOL        w2_status
  D:005BH         SYMBOL        ack_received
  -------         ENDDO         
  C:2EBDH         LINE#         223
  C:2EC3H         LINE#         224
  C:2EC3H         LINE#         228
  C:2ECAH         LINE#         230
  C:2ECEH         LINE#         231
  C:2ECEH         LINE#         233
  C:2ED1H         LINE#         234
  C:2ED1H         LINE#         237
  C:2EDCH         LINE#         238
  C:2EDCH         LINE#         239
  C:2EE0H         LINE#         240
  C:2EE0H         LINE#         241
  C:2EE3H         LINE#         242
  C:2EE3H         LINE#         244
  C:2EE6H         LINE#         246
  C:2EF9H         LINE#         247
  C:2F05H         LINE#         248
  C:2F07H         LINE#         250
  C:2F09H         LINE#         251
  -------         ENDPROC       _HAL_W2_READ
  -------         PROC          HAL_W2_SOFT_RESET
  -------         DO            
  D:003BH         SYMBOL        pulsecount
  D:003CH         SYMBOL        w2_freq
  -------         ENDDO         
  C:29B1H         LINE#         253
  C:29B1H         LINE#         254
  C:29B1H         LINE#         259
  C:29B7H         LINE#         261
  C:29BAH         LINE#         262
  C:29C2H         LINE#         266
  C:29C5H         LINE#         267
  C:29C8H         LINE#         270
  C:29CBH         LINE#         275
  C:29D3H         LINE#         278
  C:29DAH         LINE#         280
  C:29DDH         LINE#         284
  C:29E4H         LINE#         285
  C:29E7H         LINE#         286
  C:29E7H         LINE#         288
  C:29EFH         LINE#         289
  C:29F6H         LINE#         291
  C:29F9H         LINE#         292
  C:2A00H         LINE#         293
  C:2A09H         LINE#         296
  C:2A10H         LINE#         298
  C:2A18H         LINE#         301
  C:2A1FH         LINE#         303
  C:2A27H         LINE#         306
  C:2A2AH         LINE#         309
  C:2A2DH         LINE#         310
  C:2A33H         LINE#         312
  -------         ENDPROC       HAL_W2_SOFT_RESET
BL51 BANKED LINKER/LOCATER V6.22                                                      03/15/2017  13:46:09  PAGE 45


  -------         PROC          _I2C_MPU_WRITEBYTE
  D:0007H         SYMBOL        devAddr
  D:0005H         SYMBOL        regAddr
  D:002EH         SYMBOL        data_to_write
  C:36C5H         LINE#         317
  C:36C7H         LINE#         318
  C:36D5H         LINE#         319
  -------         ENDPROC       _I2C_MPU_WRITEBYTE
  -------         PROC          _I2C_MPU_WRITEBYTES
  D:0007H         SYMBOL        devAddr
  D:0004H         SYMBOL        regAddr
  D:0006H         SYMBOL        data_len
  D:0032H         SYMBOL        data_ptr
  -------         DO            
  D:0007H         SYMBOL        w2_status
  D:0005H         SYMBOL        ack_received
  -------         ENDDO         
  C:30B8H         LINE#         321
  C:30BCH         LINE#         326
  C:30C3H         LINE#         327
  C:30C5H         LINE#         328
  C:30C8H         LINE#         329
  C:30CCH         LINE#         330
  C:30CCH         LINE#         331
  C:30CEH         LINE#         332
  C:30CEH         LINE#         334
  C:30DAH         LINE#         335
  C:30DAH         LINE#         336
  C:30E6H         LINE#         337
  C:30E9H         LINE#         338
  C:30EDH         LINE#         339
  C:30EDH         LINE#         340
  C:30EFH         LINE#         341
  C:30EFH         LINE#         342
  C:30F1H         LINE#         343
  C:30F4H         LINE#         345
  C:30F6H         LINE#         346
  -------         ENDPROC       _I2C_MPU_WRITEBYTES
  -------         PROC          _I2C_MPU_READBYTE
  D:0007H         SYMBOL        devAddr
  D:0005H         SYMBOL        regAddr
  D:0030H         SYMBOL        data_ptr
  C:3691H         LINE#         348
  C:3697H         LINE#         349
  C:36A2H         LINE#         350
  -------         ENDPROC       _I2C_MPU_READBYTE
  -------         PROC          _I2C_MPU_READBYTES
  D:0006H         SYMBOL        devAddr
  D:0004H         SYMBOL        regAddr
  D:0035H         SYMBOL        data_len
  D:0036H         SYMBOL        data_ptr
  -------         DO            
  D:0039H         SYMBOL        w2_status
  D:003AH         SYMBOL        ack_received
  -------         ENDDO         
  C:2B96H         LINE#         352
  C:2B9CH         LINE#         357
BL51 BANKED LINKER/LOCATER V6.22                                                      03/15/2017  13:46:09  PAGE 46


  C:2BA3H         LINE#         358
  C:2BA5H         LINE#         359
  C:2BAAH         LINE#         360
  C:2BAFH         LINE#         361
  C:2BAFH         LINE#         362
  C:2BB2H         LINE#         363
  C:2BB2H         LINE#         367
  C:2BBBH         LINE#         369
  C:2BBFH         LINE#         370
  C:2BBFH         LINE#         372
  C:2BC2H         LINE#         374
  C:2BC2H         LINE#         376
  C:2BCDH         LINE#         377
  C:2BCDH         LINE#         378
  C:2BD1H         LINE#         379
  C:2BD1H         LINE#         380
  C:2BD4H         LINE#         381
  C:2BD4H         LINE#         383
  C:2BD9H         LINE#         385
  C:2BECH         LINE#         386
  C:2BF9H         LINE#         387
  C:2BFBH         LINE#         389
  C:2BFDH         LINE#         390
  -------         ENDPROC       _I2C_MPU_READBYTES
  -------         PROC          _I2C_MPU_WRITEBIT
  D:0027H         SYMBOL        devAddr
  D:0028H         SYMBOL        regAddr
  D:0029H         SYMBOL        bitNum
  D:002AH         SYMBOL        data_to_write
  -------         DO            
  D:002BH         SYMBOL        b
  -------         ENDDO         
  C:2E6FH         LINE#         393
  C:2E75H         LINE#         395
  C:2E7EH         LINE#         396
  C:2EB3H         LINE#         397
  C:2EBCH         LINE#         398
  -------         ENDPROC       _I2C_MPU_WRITEBIT
  -------         PROC          _I2C_MPU_WRITEBITS
  D:0027H         SYMBOL        devAddr
  D:0028H         SYMBOL        regAddr
  D:0029H         SYMBOL        bitStart
  D:002AH         SYMBOL        data_length
  D:002BH         SYMBOL        data_to_write
  -------         DO            
  D:002CH         SYMBOL        b
  -------         DO            
  D:002DH         SYMBOL        mask
  -------         ENDDO         
  -------         ENDDO         
  C:2BFEH         LINE#         399
  C:2C04H         LINE#         408
  C:2C10H         LINE#         409
  C:2C3DH         LINE#         410
  C:2C4AH         LINE#         411
  C:2C4EH         LINE#         412
  C:2C51H         LINE#         413
BL51 BANKED LINKER/LOCATER V6.22                                                      03/15/2017  13:46:09  PAGE 47


  C:2C55H         LINE#         414
  C:2C5EH         LINE#         415
  C:2C5EH         LINE#         416
  C:2C60H         LINE#         417
  C:2C60H         LINE#         418
  -------         ENDPROC       _I2C_MPU_WRITEBITS
  -------         PROC          _I2C_MPU_READBIT
  D:0007H         SYMBOL        devAddr
  D:0005H         SYMBOL        regAddr
  D:003FH         SYMBOL        bitNum
  D:0040H         SYMBOL        data_ptr
  -------         DO            
  D:0043H         SYMBOL        b
  D:0007H         SYMBOL        count
  -------         ENDDO         
  C:32A0H         LINE#         419
  C:32A2H         LINE#         421
  C:32ABH         LINE#         422
  C:32C3H         LINE#         423
  C:32C3H         LINE#         424
  -------         ENDPROC       _I2C_MPU_READBIT
  -------         PROC          _I2C_MPU_READBITS
  D:0007H         SYMBOL        devAddr
  D:0005H         SYMBOL        regAddr
  D:0029H         SYMBOL        bitStart
  D:002AH         SYMBOL        data_length
  D:002BH         SYMBOL        data_ptr
  -------         DO            
  D:0005H         SYMBOL        count
  D:002EH         SYMBOL        b
  -------         DO            
  D:002FH         SYMBOL        mask
  -------         ENDDO         
  -------         ENDDO         
  C:2D20H         LINE#         425
  C:2D22H         LINE#         432
  C:2D30H         LINE#         433
  C:2D5DH         LINE#         434
  C:2D5FH         LINE#         435
  C:2D6CH         LINE#         436
  C:2D75H         LINE#         437
  C:2D75H         LINE#         438
  C:2D77H         LINE#         439
  -------         ENDPROC       _I2C_MPU_READBITS
  -------         PROC          _I2C_MPU_WRITEWORD
  D:0007H         SYMBOL        devAddr
  D:0005H         SYMBOL        regAddr
  D:0027H         SYMBOL        data_to_write
  C:365AH         LINE#         442
  C:365EH         LINE#         443
  C:366CH         LINE#         444
  -------         ENDPROC       _I2C_MPU_WRITEWORD
  -------         PROC          _I2C_MPU_WRITEWORDS
  D:0007H         SYMBOL        devAddr
  D:0006H         SYMBOL        regAddr
  D:0004H         SYMBOL        data_length
  D:002CH         SYMBOL        data_ptr
BL51 BANKED LINKER/LOCATER V6.22                                                      03/15/2017  13:46:09  PAGE 48


  -------         DO            
  D:0007H         SYMBOL        w2_status
  D:0005H         SYMBOL        ack_received
  -------         ENDDO         
  C:2C61H         LINE#         445
  C:2C65H         LINE#         456
  C:2C6CH         LINE#         457
  C:2C6EH         LINE#         458
  C:2C71H         LINE#         459
  C:2C75H         LINE#         460
  C:2C75H         LINE#         461
  C:2C77H         LINE#         462
  C:2C77H         LINE#         464
  C:2C85H         LINE#         465
  C:2C85H         LINE#         466
  C:2C92H         LINE#         467
  C:2C95H         LINE#         468
  C:2C99H         LINE#         469
  C:2C99H         LINE#         470
  C:2C9BH         LINE#         471
  C:2C9BH         LINE#         472
  C:2C9EH         LINE#         473
  C:2CB3H         LINE#         474
  C:2CB6H         LINE#         475
  C:2CBAH         LINE#         476
  C:2CBAH         LINE#         477
  C:2CBCH         LINE#         478
  C:2CBCH         LINE#         479
  C:2CBEH         LINE#         480
  C:2CBEH         LINE#         481
  C:2CBEH         LINE#         482
  C:2CBEH         LINE#         483
  C:2CC1H         LINE#         485
  C:2CC3H         LINE#         486
  -------         ENDPROC       _I2C_MPU_WRITEWORDS
  -------         ENDMOD        HAL_W2_ISR

  -------         MODULE        HAL_UART
  C:0000H         SYMBOL        _ICE_DUMMY_
  D:0080H         PUBLIC        P0
  D:0090H         PUBLIC        P1
  D:00A0H         PUBLIC        P2
  D:00B0H         PUBLIC        P3
  I:006AH         SYMBOL        uart_rx
  I:00AAH         SYMBOL        uart_tx
  D:00A8H         PUBLIC        IEN0
  D:00B8H         PUBLIC        IEN1
  B:0098H.4       PUBLIC        REN0
  C:3513H         PUBLIC        hal_uart_getchar
  C:2FA1H         PUBLIC        uart0_isr
  D:00BAH         PUBLIC        S0RELH
  D:005CH         SYMBOL        uart_rx_cnt
  D:0087H         PUBLIC        PCON
  C:32C4H         PUBLIC        _hal_uart_putchar
  D:005DH         SYMBOL        uart_tx_cnt
  D:00AAH         PUBLIC        S0RELL
  D:0088H         PUBLIC        TCON
BL51 BANKED LINKER/LOCATER V6.22                                                      03/15/2017  13:46:09  PAGE 49


  B:00A8H.4       PUBLIC        ES0
  B:0098H.0       PUBLIC        RI0
  D:005EH         SYMBOL        uart_rx_rp
  B:0098H.1       PUBLIC        TI0
  D:005FH         SYMBOL        uart_tx_rp
  B:0098H.7       PUBLIC        SM0
  B:0098H.6       PUBLIC        SM1
  D:0060H         SYMBOL        uart_rx_wp
  C:004EH         PUBLIC        hal_uart_chars_available
  D:0061H         SYMBOL        uart_tx_wp
  D:0099H         PUBLIC        S0BUF
  C:38C9H         PUBLIC        hal_uart_tx_complete
  D:0098H         PUBLIC        S0CON
  D:00D8H         PUBLIC        ADCON
  D:00C8H         PUBLIC        T2CON
  D:00F8H         PUBLIC        FSR
  C:2FEAH         PUBLIC        _hal_uart_init
  D:00E8H         PUBLIC        RFCON
  D:00D0H         PUBLIC        PSW
  D:00C0H         PUBLIC        IRCON
  -------         PROC          UART0_ISR
  C:2FA1H         LINE#         41
  C:2FAAH         LINE#         43
  C:2FADH         LINE#         44
  C:2FADH         LINE#         45
  C:2FAFH         LINE#         46
  C:2FB6H         LINE#         47
  C:2FB6H         LINE#         48
  C:2FBDH         LINE#         49
  C:2FC4H         LINE#         50
  C:2FC6H         LINE#         51
  C:2FC6H         LINE#         52
  C:2FC6H         LINE#         53
  C:2FC9H         LINE#         54
  C:2FC9H         LINE#         55
  C:2FCBH         LINE#         56
  C:2FD2H         LINE#         57
  C:2FD2H         LINE#         58
  C:2FDAH         LINE#         59
  C:2FE1H         LINE#         60
  C:2FE1H         LINE#         61
  C:2FE3H         LINE#         62
  C:2FE3H         LINE#         63
  -------         ENDPROC       UART0_ISR
  -------         PROC          _HAL_UART_INIT
  D:0007H         SYMBOL        baud
  -------         DO            
  D:0004H         SYMBOL        temp
  -------         ENDDO         
  C:2FEAH         LINE#         65
  C:2FEAH         LINE#         66
  C:2FEAH         LINE#         69
  C:2FECH         LINE#         70
  C:2FF1H         LINE#         71
  C:2FF3H         LINE#         72
  C:2FF7H         LINE#         73
  C:2FF9H         LINE#         74
BL51 BANKED LINKER/LOCATER V6.22                                                      03/15/2017  13:46:09  PAGE 50


  C:2FFBH         LINE#         75
  C:2FFDH         LINE#         76
  C:2FFFH         LINE#         77
  C:3002H         LINE#         78
  C:3005H         LINE#         79
  C:3011H         LINE#         80
  C:3011H         LINE#         81
  C:3011H         LINE#         82
  C:3015H         LINE#         83
  C:3017H         LINE#         84
  C:3017H         LINE#         85
  C:301BH         LINE#         86
  C:301DH         LINE#         87
  C:301DH         LINE#         88
  C:3021H         LINE#         89
  C:3023H         LINE#         90
  C:3023H         LINE#         91
  C:3023H         LINE#         92
  C:3027H         LINE#         93
  C:3027H         LINE#         94
  C:3027H         LINE#         95
  C:3029H         LINE#         96
  C:302BH         LINE#         98
  C:302DH         LINE#         99
  C:302FH         LINE#         100
  -------         ENDPROC       _HAL_UART_INIT
  -------         PROC          _HAL_UART_PUTCHAR
  D:0007H         SYMBOL        ch
  C:32C4H         LINE#         102
  C:32C4H         LINE#         103
  C:32C4H         LINE#         105
  C:32CBH         LINE#         107
  C:32CDH         LINE#         108
  C:32D1H         LINE#         109
  C:32D1H         LINE#         110
  C:32D3H         LINE#         111
  C:32D5H         LINE#         113
  C:32D5H         LINE#         114
  C:32DCH         LINE#         115
  C:32E3H         LINE#         116
  C:32E3H         LINE#         117
  C:32E5H         LINE#         118
  C:32E7H         LINE#         119
  -------         ENDPROC       _HAL_UART_PUTCHAR
  -------         PROC          HAL_UART_CHARS_AVAILABLE
  C:004EH         LINE#         122
  C:004EH         LINE#         123
  C:004EH         LINE#         124
  C:0050H         LINE#         125
  -------         ENDPROC       HAL_UART_CHARS_AVAILABLE
  -------         PROC          HAL_UART_TX_COMPLETE
  C:38C9H         LINE#         127
  C:38C9H         LINE#         128
  C:38C9H         LINE#         129
  C:38CDH         LINE#         130
  C:38CDH         LINE#         131
  C:38D0H         LINE#         132
BL51 BANKED LINKER/LOCATER V6.22                                                      03/15/2017  13:46:09  PAGE 51


  C:38D0H         LINE#         134
  C:38D0H         LINE#         135
  C:38D2H         LINE#         136
  C:38D2H         LINE#         137
  -------         ENDPROC       HAL_UART_TX_COMPLETE
  -------         PROC          HAL_UART_GETCHAR
  -------         DO            
  D:0007H         SYMBOL        ch
  -------         ENDDO         
  C:3513H         LINE#         138
  C:3513H         LINE#         139
  C:3513H         LINE#         144
  C:3517H         LINE#         145
  C:3517H         LINE#         146
  C:3519H         LINE#         147
  C:3520H         LINE#         148
  C:3527H         LINE#         149
  C:3529H         LINE#         150
  C:352BH         LINE#         151
  C:352BH         LINE#         152
  -------         ENDPROC       HAL_UART_GETCHAR
  -------         ENDMOD        HAL_UART

  -------         MODULE        ?C?CLDPTR
  C:08D3H         PUBLIC        ?C?CLDPTR
  -------         ENDMOD        ?C?CLDPTR

  -------         MODULE        ?C?CLDOPTR
  C:08ECH         PUBLIC        ?C?CLDOPTR
  -------         ENDMOD        ?C?CLDOPTR

  -------         MODULE        ?C?CSTPTR
  C:0919H         PUBLIC        ?C?CSTPTR
  -------         ENDMOD        ?C?CSTPTR

  -------         MODULE        ?C?CSTOPTR
  C:092BH         PUBLIC        ?C?CSTOPTR
  -------         ENDMOD        ?C?CSTOPTR

  -------         MODULE        ?C?IMUL
  C:094DH         PUBLIC        ?C?IMUL
  -------         ENDMOD        ?C?IMUL

  -------         MODULE        ?C?UIDIV
  C:095FH         PUBLIC        ?C?UIDIV
  -------         ENDMOD        ?C?UIDIV

  -------         MODULE        ?C?SIDIV
  C:09B4H         PUBLIC        ?C?SIDIV
  -------         ENDMOD        ?C?SIDIV

  -------         MODULE        ?C?ILDIX
  C:09EAH         PUBLIC        ?C?ILDIX
  -------         ENDMOD        ?C?ILDIX

  -------         MODULE        ?C?ILDPTR
  C:0A00H         PUBLIC        ?C?ILDPTR
BL51 BANKED LINKER/LOCATER V6.22                                                      03/15/2017  13:46:09  PAGE 52


  -------         ENDMOD        ?C?ILDPTR

  -------         MODULE        ?C?ISTPTR
  C:0A2BH         PUBLIC        ?C?ISTPTR
  -------         ENDMOD        ?C?ISTPTR

  -------         MODULE        ?C?ISTOPTR
  C:0A4AH         PUBLIC        ?C?ISTOPTR
  -------         ENDMOD        ?C?ISTOPTR

  -------         MODULE        ?C?SLDIV
  C:3074H         PUBLIC        ?C?SLDIV
  -------         ENDMOD        ?C?SLDIV

  -------         MODULE        ?C?MEMCMP
  C:0BFDH         PUBLIC        ?C?MEMCMP
  -------         ENDMOD        ?C?MEMCMP

  -------         MODULE        MALLOC
  C:2804H         PUBLIC        _malloc
  -------         ENDMOD        MALLOC

  -------         MODULE        INIT_MEM
  X:0353H         PUBLIC        __mem_avail__
  C:3133H         PUBLIC        _init_mempool
  -------         ENDMOD        INIT_MEM

  -------         MODULE        REALLOC
  C:2AADH         PUBLIC        _realloc
  -------         ENDMOD        REALLOC

  -------         MODULE        FREE
  C:21BCH         PUBLIC        _free
  -------         ENDMOD        FREE

  -------         MODULE        ?C?COPY
  C:0CF1H         PUBLIC        ?C?COPY
  -------         ENDMOD        ?C?COPY

  -------         MODULE        ?C?IILDX
  C:0D17H         PUBLIC        ?C?IILDX
  -------         ENDMOD        ?C?IILDX

  -------         MODULE        ?C?ULDIV
  C:0D69H         PUBLIC        ?C?ULDIV
  -------         ENDMOD        ?C?ULDIV

Program Size: data=234.1 xdata=873 code=14624
LINK/LOCATE RUN COMPLETE.  0 WARNING(S),  0 ERROR(S)
