BL51 BANKED LINKER/LOCATER V6.22                                                        02/17/2017  09:26:01  PAGE 1


BL51 BANKED LINKER/LOCATER V6.22, INVOKED BY:
C:\KEIL_V5\C51\BIN\BL51.EXE .\Objects\sensor.obj, .\Objects\hal_delay.obj, .\Objects\hal_w2_isr.obj, .\Objects\hal_uart.
>> obj TO .\Objects\sensor_project PRINT (.\Listings\sensor_project.m51) RAMSIZE (256) DISABLEWARNING (16)


MEMORY MODEL: SMALL


INPUT MODULES INCLUDED:
  .\Objects\sensor.obj (SENSOR)
  .\Objects\hal_delay.obj (HAL_DELAY)
  .\Objects\hal_w2_isr.obj (HAL_W2_ISR)
  .\Objects\hal_uart.obj (HAL_UART)
  C:\KEIL_V5\C51\LIB\C51S.LIB (?C_STARTUP)
  C:\KEIL_V5\C51\LIB\C51S.LIB (?C?CLDPTR)
  C:\KEIL_V5\C51\LIB\C51S.LIB (?C?CLDOPTR)
  C:\KEIL_V5\C51\LIB\C51S.LIB (?C?CSTPTR)
  C:\KEIL_V5\C51\LIB\C51S.LIB (?C?CSTOPTR)
  C:\KEIL_V5\C51\LIB\C51S.LIB (?C?IMUL)
  C:\KEIL_V5\C51\LIB\C51S.LIB (?C?UIDIV)
  C:\KEIL_V5\C51\LIB\C51S.LIB (?C?SIDIV)
  C:\KEIL_V5\C51\LIB\C51S.LIB (?C?ILDIX)
  C:\KEIL_V5\C51\LIB\C51S.LIB (?C?ILDPTR)
  C:\KEIL_V5\C51\LIB\C51S.LIB (?C?ISTPTR)
  C:\KEIL_V5\C51\LIB\C51S.LIB (?C?ISTOPTR)
  C:\KEIL_V5\C51\LIB\C51S.LIB (?C?SLDIV)
  C:\KEIL_V5\C51\LIB\C51S.LIB (?C?MEMCMP)
  C:\KEIL_V5\C51\LIB\C51S.LIB (MALLOC)
  C:\KEIL_V5\C51\LIB\C51S.LIB (INIT_MEM)
  C:\KEIL_V5\C51\LIB\C51S.LIB (REALLOC)
  C:\KEIL_V5\C51\LIB\C51S.LIB (FREE)
  C:\KEIL_V5\C51\LIB\C51S.LIB (?C_INIT)
  C:\KEIL_V5\C51\LIB\C51S.LIB (?C?COPY)
  C:\KEIL_V5\C51\LIB\C51S.LIB (?C?IILDX)
  C:\KEIL_V5\C51\LIB\C51S.LIB (?C?ULDIV)


LINK MAP OF MODULE:  .\Objects\sensor_project (SENSOR)


            TYPE    BASE      LENGTH    RELOCATION   SEGMENT NAME
            -----------------------------------------------------

            * * * * * * *   D A T A   M E M O R Y   * * * * * * *
            REG     0000H     0008H     ABSOLUTE     "REG BANK 0"
            DATA    0008H     0008H     UNIT         ?DT?_SEND_PACKET_FROM_HOST_TO_COMPUTER?SENSOR
            DATA    0010H     0007H     UNIT         ?DT?_SEND_PACKET_TO_COMPUTER?SENSOR
            DATA    0017H     0007H     UNIT         ?DT?HAL_W2_WAIT_DATA_READY?HAL_W2_ISR
            DATA    001EH     0002H     UNIT         ?DT?HAL_W2_ISR
            DATA    0020H     0001H     BIT_ADDR     ?BA?SENSOR
            BIT     0021H.0   0000H.1   UNIT         ?BI?SENSOR
                    0021H.1   0000H.7                *** GAP ***
            DATA    0022H     001BH     UNIT         _DATA_GROUP_
            DATA    003DH     0007H     UNIT         ?DT?_I2C_MPU_READBIT?HAL_W2_ISR
            DATA    0044H     0006H     UNIT         ?DT?_SEND_PACKET_TO_HOST?SENSOR
            DATA    004AH     0006H     UNIT         ?DT?_REDIRECT_RF_PKT_TO_SERIAL?SENSOR
            DATA    0050H     0006H     UNIT         ?DT?_HAL_W2_WRITE?HAL_W2_ISR
            DATA    0056H     0006H     UNIT         ?DT?_HAL_W2_READ?HAL_W2_ISR
BL51 BANKED LINKER/LOCATER V6.22                                                      02/17/2017  09:26:01  PAGE 2


            DATA    005CH     0006H     UNIT         ?DT?HAL_UART
            DATA    0062H     0005H     UNIT         ?DT?SENSOR
            IDATA   0067H     0010H     UNIT         ?ID?HAL_UART
            IDATA   0077H     0001H     UNIT         ?STACK

            * * * * * * *  X D A T A   M E M O R Y  * * * * * * *
            XDATA   0000H     0295H     UNIT         ?XD?SENSOR
            XDATA   0295H     00BEH     UNIT         _XDATA_GROUP_
            XDATA   0353H     0008H     UNIT         ?XD?INIT_MEM
            XDATA   035BH     0006H     UNIT         ?XD?_DMPGETQUATERNION_INT16?SENSOR
            XDATA   0361H     0006H     UNIT         ?XD?_DMPGETPACKET16BITS?SENSOR
            XDATA   0367H     0002H     UNIT         ?XD?_GETMOTION6_PACKET?SENSOR

            * * * * * * *   C O D E   M E M O R Y   * * * * * * *
            CODE    0000H     0003H     ABSOLUTE     
            CODE    0003H     0006H     UNIT         ?PR?_HAL_W2_SET_SLAVE_ADDRESS?HAL_W2_ISR
                    0009H     0002H                  *** GAP ***
            CODE    000BH     0003H     ABSOLUTE     
            CODE    000EH     0015H     UNIT         ?PR?_SEND_RF_COMMAND_WITH_ARG?SENSOR
            CODE    0023H     0003H     ABSOLUTE     
            CODE    0026H     0024H     UNIT         ?PR?_I2C_MPU_READBIT?HAL_W2_ISR
                    004AH     0001H                  *** GAP ***
            CODE    004BH     0003H     ABSOLUTE     
            CODE    004EH     0003H     UNIT         ?PR?HAL_UART_CHARS_AVAILABLE?HAL_UART
                    0051H     0002H                  *** GAP ***
            CODE    0053H     0003H     ABSOLUTE     
            CODE    0056H     087DH     UNIT         ?CO?SENSOR
            CODE    08D3H     0528H     UNIT         ?C?LIB_CODE
            CODE    0DFBH     04F7H     UNIT         ?PR?DMPINITIALIZE?SENSOR
            CODE    12F2H     02DDH     UNIT         ?PR?CALIBRATIONSTEPTWO?SENSOR
            CODE    15CFH     02D6H     UNIT         ?PR?_DMPGETPACKET16BITS?SENSOR
            CODE    18A5H     0297H     UNIT         ?PR?_WRITEDMPCONFIGURATIONSET?SENSOR
            CODE    1B3CH     0268H     UNIT         ?PR?_WRITEMEMORYBLOCK?SENSOR
            CODE    1DA4H     0241H     UNIT         ?PR?_SEND_INERTIAL_PACKET_BY_RF?SENSOR
            CODE    1FE5H     01D7H     UNIT         ?PR?CALIBRATIONSTEPONE?SENSOR
            CODE    21BCH     0104H     UNIT         ?PR?_FREE?FREE
            CODE    22C0H     0103H     UNIT         ?PR?_GETMOTION6_VARIABLES?SENSOR
            CODE    23C3H     00F7H     UNIT         ?PR?_READMEMORYBLOCK?SENSOR
            CODE    24BAH     00F1H     UNIT         ?PR?MAIN?SENSOR
            CODE    25ABH     00E2H     UNIT         ?PR?_DMPGETQUATERNION_INT16?SENSOR
            CODE    268DH     00CFH     UNIT         ?PR?_GETMOTION6_PACKET?SENSOR
            CODE    275CH     00A5H     UNIT         ?PR?_RF_INIT?SENSOR
            CODE    2801H     009CH     UNIT         ?PR?_MALLOC?MALLOC
            CODE    289DH     008CH     UNIT         ?C_C51STARTUP
            CODE    2929H     0085H     UNIT         ?PR?RF_IRQ?SENSOR
            CODE    29AEH     0083H     UNIT         ?PR?HAL_W2_SOFT_RESET?HAL_W2_ISR
            CODE    2A31H     0079H     UNIT         ?C_INITSEG
            CODE    2AAAH     0078H     UNIT         ?PR?_REALLOC?REALLOC
            CODE    2B22H     0071H     UNIT         ?PR?INITIAL_SETUP_DMP?SENSOR
            CODE    2B93H     0068H     UNIT         ?PR?_I2C_MPU_READBYTES?HAL_W2_ISR
            CODE    2BFBH     0063H     UNIT         ?PR?_I2C_MPU_WRITEBITS?HAL_W2_ISR
            CODE    2C5EH     0063H     UNIT         ?PR?_I2C_MPU_WRITEWORDS?HAL_W2_ISR
            CODE    2CC1H     005CH     UNIT         ?PR?SETUP?SENSOR
            CODE    2D1DH     0058H     UNIT         ?PR?_I2C_MPU_READBITS?HAL_W2_ISR
            CODE    2D75H     0057H     UNIT         ?PR?_SEND_PACKET_TO_HOST?SENSOR
            CODE    2DCCH     0050H     UNIT         ?PR?_SEND_PACKET_TO_COMPUTER?SENSOR
            CODE    2E1CH     0050H     UNIT         ?PR?_SEND_PACKET_FROM_HOST_TO_COMPUTER?SENSOR
BL51 BANKED LINKER/LOCATER V6.22                                                      02/17/2017  09:26:01  PAGE 3


            CODE    2E6CH     004EH     UNIT         ?PR?_I2C_MPU_WRITEBIT?HAL_W2_ISR
            CODE    2EBAH     004DH     UNIT         ?PR?_HAL_W2_READ?HAL_W2_ISR
            CODE    2F07H     004CH     UNIT         ?PR?_GETFIFOBYTES?SENSOR
            CODE    2F53H     004BH     UNIT         ?PR?DATAACQ?SENSOR
            CODE    2F9EH     0049H     UNIT         ?PR?UART0_ISR?HAL_UART
            CODE    2FE7H     0046H     UNIT         ?PR?_HAL_UART_INIT?HAL_UART
            CODE    302DH     0044H     UNIT         ?PR?_REDIRECT_RF_PKT_TO_SERIAL?SENSOR
            CODE    3071H     0044H     UNIT         ?C?LDIV
            CODE    30B5H     003FH     UNIT         ?PR?_I2C_MPU_WRITEBYTES?HAL_W2_ISR
            CODE    30F4H     003CH     UNIT         ?PR?INIT_CALIBRATION?SENSOR
            CODE    3130H     003CH     UNIT         ?PR?_INIT_MEMPOOL?INIT_MEM
            CODE    316CH     003BH     UNIT         ?PR?I2C_IRQ?SENSOR
            CODE    31A7H     003AH     UNIT         ?PR?_HAL_W2_WRITE?HAL_W2_ISR
            CODE    31E1H     0032H     UNIT         ?PR?_SPI_WRITE_BUF?SENSOR
            CODE    3213H     0032H     UNIT         ?PR?_TX_MODE_NOACK?SENSOR
            CODE    3245H     0031H     UNIT         ?PR?_SPI_READ_BUF?SENSOR
            CODE    3276H     0027H     UNIT         ?PR?HAL_W2_WAIT_DATA_READY?HAL_W2_ISR
            CODE    329DH     0024H     UNIT         ?PR?_HAL_UART_PUTCHAR?HAL_UART
            CODE    32C1H     0023H     UNIT         ?PR?MPU_TESTCONNECTION?SENSOR
            CODE    32E4H     0023H     UNIT         ?PR?_SETMEMORYBANK?SENSOR
            CODE    3307H     0021H     UNIT         ?PR?_HAL_W2_CONFIGURE_MASTER?HAL_W2_ISR
            CODE    3328H     0020H     UNIT         ?PR?_WRITEPROGMEMORYBLOCK?SENSOR
            CODE    3348H     001EH     UNIT         ?PR?TMR0_IRQ?SENSOR
            CODE    3366H     001DH     UNIT         ?PR?_SETUP_T0_FREQ?SENSOR
            CODE    3383H     001DH     UNIT         ?PR?GETXACCELOFFSET?SENSOR
            CODE    33A0H     001DH     UNIT         ?PR?GETYACCELOFFSET?SENSOR
            CODE    33BDH     001DH     UNIT         ?PR?GETZACCELOFFSET?SENSOR
            CODE    33DAH     001DH     UNIT         ?PR?GETXGYROOFFSET?SENSOR
            CODE    33F7H     001DH     UNIT         ?PR?GETYGYROOFFSET?SENSOR
            CODE    3414H     001DH     UNIT         ?PR?GETZGYROOFFSET?SENSOR
            CODE    3431H     001DH     UNIT         ?PR?GETFIFOCOUNT?SENSOR
            CODE    344EH     001BH     UNIT         ?PR?GETXGYROOFFSETTC?SENSOR
            CODE    3469H     001BH     UNIT         ?PR?GETYGYROOFFSETTC?SENSOR
            CODE    3484H     001BH     UNIT         ?PR?GETZGYROOFFSETTC?SENSOR
            CODE    349FH     001AH     UNIT         ?PR?_SETSLAVEADDRESS?SENSOR
            CODE    34B9H     001AH     UNIT         ?PR?_DELAY_US?HAL_DELAY
            CODE    34D3H     0019H     UNIT         ?PR?_SETUP_T0_ELAPSED_US?SENSOR
            CODE    34ECH     0019H     UNIT         ?PR?HAL_UART_GETCHAR?HAL_UART
            CODE    3505H     0018H     UNIT         ?PR?GETFIFOENABLED?SENSOR
            CODE    351DH     0017H     UNIT         ?PR?GETOTPBANKVALID?SENSOR
            CODE    3534H     0016H     UNIT         ?PR?_MATH_ABS?SENSOR
            CODE    354AH     0016H     UNIT         ?PR?_HAL_W2_INIT_TRANSFER?HAL_W2_ISR
            CODE    3560H     0014H     UNIT         ?PR?MPU_INITIALIZE?SENSOR
            CODE    3574H     0014H     UNIT         ?PR?_DELAY_MS?HAL_DELAY
            CODE    3588H     0013H     UNIT         ?PR?GETINTSTATUS?SENSOR
            CODE    359BH     0013H     UNIT         ?PR?GETDMPCONFIG1?SENSOR
            CODE    35AEH     0013H     UNIT         ?PR?GETDMPCONFIG2?SENSOR
            CODE    35C1H     0013H     UNIT         ?PR?GETMOTIONDETECTIONTHRESHOLD?SENSOR
            CODE    35D4H     0013H     UNIT         ?PR?GETZEROMOTIONDETECTIONTHRESHOLD?SENSOR
            CODE    35E7H     0013H     UNIT         ?PR?GETMOTIONDETECTIONDURATION?SENSOR
            CODE    35FAH     0013H     UNIT         ?PR?GETZEROMOTIONDETECTIONDURATION?SENSOR
            CODE    360DH     0013H     UNIT         ?PR?_SPI_RW_REG?SENSOR
            CODE    3620H     0013H     UNIT         ?PR?INICIARIO?SENSOR
            CODE    3633H     0013H     UNIT         ?PR?_I2C_MPU_WRITEWORD?HAL_W2_ISR
            CODE    3646H     0012H     UNIT         ?PR?_SEND_RF_COMMAND?SENSOR
            CODE    3658H     0012H     UNIT         ?PR?CALIBRATIONROUTINE?SENSOR
            CODE    366AH     0012H     UNIT         ?PR?_I2C_MPU_READBYTE?HAL_W2_ISR
BL51 BANKED LINKER/LOCATER V6.22                                                      02/17/2017  09:26:01  PAGE 4


            CODE    367CH     0011H     UNIT         ?PR?RX_MODE?SENSOR
            CODE    368DH     0011H     UNIT         ?PR?HAL_W2_WAIT_DATA_READY_ISR?HAL_W2_ISR
            CODE    369EH     0011H     UNIT         ?PR?_I2C_MPU_WRITEBYTE?HAL_W2_ISR
            CODE    36AFH     0010H     UNIT         ?PR?START_T0?SENSOR
            CODE    36BFH     0010H     UNIT         ?PR?STOP_T0?SENSOR
            CODE    36CFH     000EH     UNIT         ?PR?_SETUP_T0_ELAPSED_MS?SENSOR
            CODE    36DDH     000EH     UNIT         ?PR?_SETUP_T0_TICKS?SENSOR
            CODE    36EBH     000EH     UNIT         ?PR?_SETCLOCKSOURCE?SENSOR
            CODE    36F9H     000EH     UNIT         ?PR?_SETFULLSCALEGYRORANGE?SENSOR
            CODE    3707H     000EH     UNIT         ?PR?_SETFULLSCALEACCELRANGE?SENSOR
            CODE    3715H     000EH     UNIT         ?PR?_SETMEMORYSTARTADDRESS?SENSOR
            CODE    3723H     000EH     UNIT         ?PR?_SETEXTERNALFRAMESYNC?SENSOR
            CODE    3731H     000EH     UNIT         ?PR?_SETDLPFMODE?SENSOR
            CODE    373FH     000EH     UNIT         ?PR?_SETXGYROOFFSETTC?SENSOR
            CODE    374DH     000EH     UNIT         ?PR?_SETYGYROOFFSETTC?SENSOR
            CODE    375BH     000EH     UNIT         ?PR?_SETZGYROOFFSETTC?SENSOR
            CODE    3769H     000EH     UNIT         ?PR?_HAL_W2_SET_CLK_FREQ?HAL_W2_ISR
            CODE    3777H     000DH     UNIT         ?PR?_SPI_READ?SENSOR
            CODE    3784H     000CH     UNIT         ?PR?RESETFIFO?SENSOR
            CODE    3790H     000CH     UNIT         ?PR?I2C_MPU_RESET?SENSOR
            CODE    379CH     000CH     UNIT         ?PR?RESETI2CMASTER?SENSOR
            CODE    37A8H     000CH     UNIT         ?PR?RESETDMP?SENSOR
            CODE    37B4H     000BH     UNIT         ?PR?MPU_8051_MALLOC_SETUP?SENSOR
            CODE    37BFH     000BH     UNIT         ?PR?_SETSLEEPENABLED?SENSOR
            CODE    37CAH     000BH     UNIT         ?PR?_SETXACCELOFFSET?SENSOR
            CODE    37D5H     000BH     UNIT         ?PR?_SETYACCELOFFSET?SENSOR
            CODE    37E0H     000BH     UNIT         ?PR?_SETZACCELOFFSET?SENSOR
            CODE    37EBH     000BH     UNIT         ?PR?_SETXGYROOFFSET?SENSOR
            CODE    37F6H     000BH     UNIT         ?PR?_SETYGYROOFFSET?SENSOR
            CODE    3801H     000BH     UNIT         ?PR?_SETZGYROOFFSET?SENSOR
            CODE    380CH     000BH     UNIT         ?PR?_SETDMPENABLED?SENSOR
            CODE    3817H     000BH     UNIT         ?PR?_SETI2CMASTERMODEENABLED?SENSOR
            CODE    3822H     000BH     UNIT         ?PR?_SETFIFOENABLED?SENSOR
            CODE    382DH     000BH     UNIT         ?PR?_HAL_W2_RESPOND_TO_GEN_ADR?HAL_W2_ISR
            CODE    3838H     000BH     UNIT         ?PR?_HAL_W2_ALTER_CLOCK?HAL_W2_ISR
            CODE    3843H     000BH     UNIT         ?PR?_HAL_W2_IRQ_STOP_COND_ENABLE?HAL_W2_ISR
            CODE    384EH     000BH     UNIT         ?PR?_HAL_W2_IRQ_ADR_MATCH_ENABLE?HAL_W2_ISR
            CODE    3859H     000BH     UNIT         ?PR?_HAL_W2_SET_OP_MODE?HAL_W2_ISR
            CODE    3864H     000BH     UNIT         ?PR?_HAL_W2_ENABLE?HAL_W2_ISR
            CODE    386FH     000BH     UNIT         ?PR?_HAL_W2_ALL_IRQ_ENABLE?HAL_W2_ISR
            CODE    387AH     000AH     UNIT         ?PR?_WRITEPROGDMPCONFIGURATIONSET?SENSOR
            CODE    3884H     000AH     UNIT         ?PR?_SETOTPBANKVALID?SENSOR
            CODE    388EH     000AH     UNIT         ?PR?_SPI_RW?SENSOR
            CODE    3898H     000AH     UNIT         ?PR?I2C_IRQ_HANDLER?HAL_W2_ISR
            CODE    38A2H     000AH     UNIT         ?PR?HAL_UART_TX_COMPLETE?HAL_UART
            CODE    38ACH     0009H     UNIT         ?PR?DMPGETFIFOPACKETSIZE?SENSOR
            CODE    38B5H     0009H     UNIT         ?PR?_SETINTENABLED?SENSOR
            CODE    38BEH     0009H     UNIT         ?PR?_SETRATE?SENSOR
            CODE    38C7H     0009H     UNIT         ?PR?_SETDMPCONFIG1?SENSOR
            CODE    38D0H     0009H     UNIT         ?PR?_SETDMPCONFIG2?SENSOR
            CODE    38D9H     0009H     UNIT         ?PR?_SETMOTIONDETECTIONTHRESHOLD?SENSOR
            CODE    38E2H     0009H     UNIT         ?PR?_SETZEROMOTIONDETECTIONTHRESHOLD?SENSOR
            CODE    38EBH     0009H     UNIT         ?PR?_SETMOTIONDETECTIONDURATION?SENSOR
            CODE    38F4H     0009H     UNIT         ?PR?_SETZEROMOTIONDETECTIONDURATION?SENSOR



BL51 BANKED LINKER/LOCATER V6.22                                                      02/17/2017  09:26:01  PAGE 5


OVERLAY MAP OF MODULE:   .\Objects\sensor_project (SENSOR)


SEGMENT                                            DATA_GROUP          XDATA_GROUP
  +--> CALLED SEGMENT                            START    LENGTH     START    LENGTH
------------------------------------------------------------------------------------
?PR?RF_IRQ?SENSOR                                -----    -----      -----    -----
  +--> ?PR?_SPI_READ?SENSOR
  +--> ?PR?_SPI_READ_BUF?SENSOR
  +--> ?PR?_SPI_RW_REG?SENSOR

?PR?_SPI_READ?SENSOR                             -----    -----      -----    -----
  +--> ?PR?_SPI_RW?SENSOR

?PR?_SPI_READ_BUF?SENSOR                         0022H    0005H      -----    -----
  +--> ?PR?_SPI_RW?SENSOR

?PR?_SPI_RW_REG?SENSOR                           -----    -----      -----    -----
  +--> ?PR?_SPI_RW?SENSOR

*** NEW ROOT ***************************************************

?PR?I2C_IRQ?SENSOR                               -----    -----      -----    -----
  +--> ?PR?I2C_IRQ_HANDLER?HAL_W2_ISR

*** NEW ROOT ***************************************************

?C_C51STARTUP                                    -----    -----      -----    -----
  +--> ?PR?MAIN?SENSOR
  +--> ?C_INITSEG

?PR?MAIN?SENSOR                                  -----    -----      -----    -----
  +--> ?PR?SETUP?SENSOR
  +--> ?PR?DATAACQ?SENSOR
  +--> ?PR?RESETFIFO?SENSOR
  +--> ?PR?_DELAY_MS?HAL_DELAY
  +--> ?PR?MPU_TESTCONNECTION?SENSOR
  +--> ?PR?_SEND_RF_COMMAND?SENSOR
  +--> ?PR?INIT_CALIBRATION?SENSOR
  +--> ?PR?_SEND_RF_COMMAND_WITH_ARG?SENSOR
  +--> ?PR?CALIBRATIONROUTINE?SENSOR

?PR?SETUP?SENSOR                                 -----    -----      -----    -----
  +--> ?PR?INICIARIO?SENSOR
  +--> ?PR?_DELAY_MS?HAL_DELAY
  +--> ?PR?_SETUP_T0_FREQ?SENSOR
  +--> ?CO?SENSOR
  +--> ?PR?_RF_INIT?SENSOR
  +--> ?PR?_HAL_W2_CONFIGURE_MASTER?HAL_W2_ISR
  +--> ?PR?INITIAL_SETUP_DMP?SENSOR

?PR?_DELAY_MS?HAL_DELAY                          -----    -----      -----    -----
  +--> ?PR?_DELAY_US?HAL_DELAY

?PR?_SETUP_T0_FREQ?SENSOR                        0027H    0001H      -----    -----
  +--> ?PR?_SETUP_T0_TICKS?SENSOR

BL51 BANKED LINKER/LOCATER V6.22                                                      02/17/2017  09:26:01  PAGE 6


?PR?_RF_INIT?SENSOR                              0027H    0009H      -----    -----
  +--> ?PR?_SPI_WRITE_BUF?SENSOR
  +--> ?PR?_SPI_RW_REG?SENSOR
  +--> ?PR?RX_MODE?SENSOR

?PR?_SPI_WRITE_BUF?SENSOR                        0030H    0005H      -----    -----
  +--> ?PR?_SPI_RW?SENSOR

?PR?RX_MODE?SENSOR                               -----    -----      -----    -----
  +--> ?PR?_SPI_RW_REG?SENSOR

?PR?_HAL_W2_CONFIGURE_MASTER?HAL_W2_ISR          -----    -----      -----    -----
  +--> ?PR?_HAL_W2_ENABLE?HAL_W2_ISR
  +--> ?PR?_HAL_W2_SET_CLK_FREQ?HAL_W2_ISR
  +--> ?PR?_HAL_W2_SET_OP_MODE?HAL_W2_ISR
  +--> ?PR?_HAL_W2_ALL_IRQ_ENABLE?HAL_W2_ISR

?PR?INITIAL_SETUP_DMP?SENSOR                     -----    -----      0295H    0001H
  +--> ?PR?MPU_8051_MALLOC_SETUP?SENSOR
  +--> ?PR?MPU_TESTCONNECTION?SENSOR
  +--> ?PR?_SEND_RF_COMMAND_WITH_ARG?SENSOR
  +--> ?PR?MPU_INITIALIZE?SENSOR
  +--> ?PR?DMPINITIALIZE?SENSOR
  +--> ?PR?_DELAY_MS?HAL_DELAY
  +--> ?PR?_SETDMPENABLED?SENSOR
  +--> ?PR?_SETXACCELOFFSET?SENSOR
  +--> ?PR?_SETYACCELOFFSET?SENSOR
  +--> ?PR?_SETZACCELOFFSET?SENSOR
  +--> ?PR?_SETXGYROOFFSET?SENSOR
  +--> ?PR?_SETYGYROOFFSET?SENSOR
  +--> ?PR?_SETZGYROOFFSET?SENSOR

?PR?MPU_8051_MALLOC_SETUP?SENSOR                 -----    -----      -----    -----
  +--> ?PR?_INIT_MEMPOOL?INIT_MEM

?PR?MPU_TESTCONNECTION?SENSOR                    -----    -----      -----    -----
  +--> ?PR?_I2C_MPU_READBITS?HAL_W2_ISR

?PR?_I2C_MPU_READBITS?HAL_W2_ISR                 0027H    0009H      -----    -----
  +--> ?PR?_I2C_MPU_READBYTE?HAL_W2_ISR

?PR?_I2C_MPU_READBYTE?HAL_W2_ISR                 0030H    0003H      -----    -----
  +--> ?PR?_I2C_MPU_READBYTES?HAL_W2_ISR

?PR?_I2C_MPU_READBYTES?HAL_W2_ISR                0033H    0008H      -----    -----
  +--> ?PR?_HAL_W2_INIT_TRANSFER?HAL_W2_ISR
  +--> ?PR?HAL_W2_WAIT_DATA_READY_ISR?HAL_W2...
  +--> ?PR?HAL_W2_SOFT_RESET?HAL_W2_ISR

?PR?_HAL_W2_INIT_TRANSFER?HAL_W2_ISR             -----    -----      -----    -----
  +--> ?PR?HAL_W2_WAIT_DATA_READY_ISR?HAL_W2...

?PR?HAL_W2_SOFT_RESET?HAL_W2_ISR                 003BH    0002H      -----    -----
  +--> ?PR?_DELAY_US?HAL_DELAY

?PR?_SEND_RF_COMMAND_WITH_ARG?SENSOR             -----    -----      -----    -----
  +--> ?PR?_TX_MODE_NOACK?SENSOR
BL51 BANKED LINKER/LOCATER V6.22                                                      02/17/2017  09:26:01  PAGE 7


  +--> ?PR?RX_MODE?SENSOR

?PR?_TX_MODE_NOACK?SENSOR                        002CH    0002H      -----    -----
  +--> ?PR?_SPI_RW_REG?SENSOR
  +--> ?CO?SENSOR
  +--> ?PR?_SPI_WRITE_BUF?SENSOR

?PR?MPU_INITIALIZE?SENSOR                        -----    -----      -----    -----
  +--> ?PR?_SETCLOCKSOURCE?SENSOR
  +--> ?PR?_SETFULLSCALEGYRORANGE?SENSOR
  +--> ?PR?_SETFULLSCALEACCELRANGE?SENSOR
  +--> ?PR?_SETSLEEPENABLED?SENSOR

?PR?_SETCLOCKSOURCE?SENSOR                       -----    -----      -----    -----
  +--> ?PR?_I2C_MPU_WRITEBITS?HAL_W2_ISR

?PR?_I2C_MPU_WRITEBITS?HAL_W2_ISR                0027H    0007H      -----    -----
  +--> ?PR?_I2C_MPU_READBYTE?HAL_W2_ISR
  +--> ?PR?_I2C_MPU_WRITEBYTE?HAL_W2_ISR

?PR?_I2C_MPU_WRITEBYTE?HAL_W2_ISR                002EH    0001H      -----    -----
  +--> ?PR?_I2C_MPU_WRITEBYTES?HAL_W2_ISR

?PR?_I2C_MPU_WRITEBYTES?HAL_W2_ISR               002FH    0006H      -----    -----
  +--> ?PR?_HAL_W2_INIT_TRANSFER?HAL_W2_ISR
  +--> ?PR?HAL_W2_WAIT_DATA_READY_ISR?HAL_W2...

?PR?_SETFULLSCALEGYRORANGE?SENSOR                -----    -----      -----    -----
  +--> ?PR?_I2C_MPU_WRITEBITS?HAL_W2_ISR

?PR?_SETFULLSCALEACCELRANGE?SENSOR               -----    -----      -----    -----
  +--> ?PR?_I2C_MPU_WRITEBITS?HAL_W2_ISR

?PR?_SETSLEEPENABLED?SENSOR                      -----    -----      -----    -----
  +--> ?PR?_I2C_MPU_WRITEBIT?HAL_W2_ISR

?PR?_I2C_MPU_WRITEBIT?HAL_W2_ISR                 0027H    0005H      -----    -----
  +--> ?PR?_I2C_MPU_READBYTE?HAL_W2_ISR
  +--> ?PR?_I2C_MPU_WRITEBYTE?HAL_W2_ISR

?PR?DMPINITIALIZE?SENSOR                         -----    -----      0296H    009BH
  +--> ?PR?I2C_MPU_RESET?SENSOR
  +--> ?PR?_DELAY_MS?HAL_DELAY
  +--> ?PR?_SETSLEEPENABLED?SENSOR
  +--> ?PR?_SETMEMORYBANK?SENSOR
  +--> ?PR?_SETMEMORYSTARTADDRESS?SENSOR
  +--> ?PR?GETXGYROOFFSETTC?SENSOR
  +--> ?PR?GETYGYROOFFSETTC?SENSOR
  +--> ?PR?GETZGYROOFFSETTC?SENSOR
  +--> ?PR?_SETSLAVEADDRESS?SENSOR
  +--> ?PR?_SETI2CMASTERMODEENABLED?SENSOR
  +--> ?PR?RESETI2CMASTER?SENSOR
  +--> ?CO?SENSOR
  +--> ?PR?_WRITEPROGMEMORYBLOCK?SENSOR
  +--> ?PR?_WRITEPROGDMPCONFIGURATIONSET?SENSOR
  +--> ?PR?_SETCLOCKSOURCE?SENSOR
  +--> ?PR?_SETINTENABLED?SENSOR
BL51 BANKED LINKER/LOCATER V6.22                                                      02/17/2017  09:26:01  PAGE 8


  +--> ?PR?_SETRATE?SENSOR
  +--> ?PR?_I2C_MPU_READBYTE?HAL_W2_ISR
  +--> ?PR?_I2C_MPU_WRITEBYTE?HAL_W2_ISR
  +--> ?PR?_SETDLPFMODE?SENSOR
  +--> ?PR?_SETFULLSCALEGYRORANGE?SENSOR
  +--> ?PR?_SETDMPCONFIG1?SENSOR
  +--> ?PR?_SETDMPCONFIG2?SENSOR
  +--> ?PR?_SETOTPBANKVALID?SENSOR
  +--> ?PR?_WRITEMEMORYBLOCK?SENSOR
  +--> ?PR?RESETFIFO?SENSOR
  +--> ?PR?GETFIFOCOUNT?SENSOR
  +--> ?PR?_GETFIFOBYTES?SENSOR
  +--> ?PR?_SETMOTIONDETECTIONTHRESHOLD?SENSOR
  +--> ?PR?_SETZEROMOTIONDETECTIONTHRESHOLD?...
  +--> ?PR?_SETMOTIONDETECTIONDURATION?SENSOR
  +--> ?PR?_SETZEROMOTIONDETECTIONDURATION?S...
  +--> ?PR?_SETFIFOENABLED?SENSOR
  +--> ?PR?_SETDMPENABLED?SENSOR
  +--> ?PR?RESETDMP?SENSOR
  +--> ?PR?_READMEMORYBLOCK?SENSOR
  +--> ?PR?GETINTSTATUS?SENSOR

?PR?I2C_MPU_RESET?SENSOR                         -----    -----      -----    -----
  +--> ?PR?_I2C_MPU_WRITEBIT?HAL_W2_ISR

?PR?_SETMEMORYBANK?SENSOR                        -----    -----      -----    -----
  +--> ?PR?_I2C_MPU_WRITEBYTE?HAL_W2_ISR

?PR?_SETMEMORYSTARTADDRESS?SENSOR                -----    -----      -----    -----
  +--> ?PR?_I2C_MPU_WRITEBYTE?HAL_W2_ISR

?PR?GETXGYROOFFSETTC?SENSOR                      -----    -----      -----    -----
  +--> ?PR?_I2C_MPU_READBITS?HAL_W2_ISR

?PR?GETYGYROOFFSETTC?SENSOR                      -----    -----      -----    -----
  +--> ?PR?_I2C_MPU_READBITS?HAL_W2_ISR

?PR?GETZGYROOFFSETTC?SENSOR                      -----    -----      -----    -----
  +--> ?PR?_I2C_MPU_READBITS?HAL_W2_ISR

?PR?_SETSLAVEADDRESS?SENSOR                      -----    -----      -----    -----
  +--> ?PR?_I2C_MPU_WRITEBYTE?HAL_W2_ISR

?PR?_SETI2CMASTERMODEENABLED?SENSOR              -----    -----      -----    -----
  +--> ?PR?_I2C_MPU_WRITEBIT?HAL_W2_ISR

?PR?RESETI2CMASTER?SENSOR                        -----    -----      -----    -----
  +--> ?PR?_I2C_MPU_WRITEBIT?HAL_W2_ISR

?PR?_WRITEPROGMEMORYBLOCK?SENSOR                 -----    -----      0331H    0008H
  +--> ?PR?_WRITEMEMORYBLOCK?SENSOR

?PR?_WRITEMEMORYBLOCK?SENSOR                     -----    -----      0341H    0012H
  +--> ?PR?_SETMEMORYBANK?SENSOR
  +--> ?PR?_SETMEMORYSTARTADDRESS?SENSOR
  +--> ?PR?_MALLOC?MALLOC
  +--> ?PR?_I2C_MPU_WRITEBYTES?HAL_W2_ISR
BL51 BANKED LINKER/LOCATER V6.22                                                      02/17/2017  09:26:01  PAGE 9


  +--> ?PR?_I2C_MPU_READBYTES?HAL_W2_ISR
  +--> ?PR?_FREE?FREE

?PR?_MALLOC?MALLOC                               002FH    0004H      -----    -----

?PR?_FREE?FREE                                   002FH    0004H      -----    -----

?PR?_WRITEPROGDMPCONFIGURATIONSET?SENSOR         -----    -----      -----    -----
  +--> ?PR?_WRITEDMPCONFIGURATIONSET?SENSOR

?PR?_WRITEDMPCONFIGURATIONSET?SENSOR             -----    -----      0331H    0010H
  +--> ?PR?_MALLOC?MALLOC
  +--> ?PR?_REALLOC?REALLOC
  +--> ?PR?_WRITEMEMORYBLOCK?SENSOR
  +--> ?PR?_I2C_MPU_WRITEBYTE?HAL_W2_ISR
  +--> ?PR?_FREE?FREE

?PR?_REALLOC?REALLOC                             0027H    0008H      -----    -----
  +--> ?PR?_MALLOC?MALLOC
  +--> ?PR?_FREE?FREE

?PR?_SETINTENABLED?SENSOR                        -----    -----      -----    -----
  +--> ?PR?_I2C_MPU_WRITEBYTE?HAL_W2_ISR

?PR?_SETRATE?SENSOR                              -----    -----      -----    -----
  +--> ?PR?_I2C_MPU_WRITEBYTE?HAL_W2_ISR

?PR?_SETDLPFMODE?SENSOR                          -----    -----      -----    -----
  +--> ?PR?_I2C_MPU_WRITEBITS?HAL_W2_ISR

?PR?_SETDMPCONFIG1?SENSOR                        -----    -----      -----    -----
  +--> ?PR?_I2C_MPU_WRITEBYTE?HAL_W2_ISR

?PR?_SETDMPCONFIG2?SENSOR                        -----    -----      -----    -----
  +--> ?PR?_I2C_MPU_WRITEBYTE?HAL_W2_ISR

?PR?_SETOTPBANKVALID?SENSOR                      -----    -----      -----    -----
  +--> ?PR?_I2C_MPU_WRITEBIT?HAL_W2_ISR

?PR?RESETFIFO?SENSOR                             -----    -----      -----    -----
  +--> ?PR?_I2C_MPU_WRITEBIT?HAL_W2_ISR

?PR?GETFIFOCOUNT?SENSOR                          -----    -----      -----    -----
  +--> ?PR?_I2C_MPU_READBYTES?HAL_W2_ISR

?PR?_GETFIFOBYTES?SENSOR                         -----    -----      0331H    0003H
  +--> ?PR?_I2C_MPU_READBYTES?HAL_W2_ISR

?PR?_SETMOTIONDETECTIONTHRESHOLD?SENSOR          -----    -----      -----    -----
  +--> ?PR?_I2C_MPU_WRITEBYTE?HAL_W2_ISR

?PR?_SETZEROMOTIONDETECTIONTHRESHOLD?...         -----    -----      -----    -----
  +--> ?PR?_I2C_MPU_WRITEBYTE?HAL_W2_ISR

?PR?_SETMOTIONDETECTIONDURATION?SENSOR           -----    -----      -----    -----
  +--> ?PR?_I2C_MPU_WRITEBYTE?HAL_W2_ISR

BL51 BANKED LINKER/LOCATER V6.22                                                      02/17/2017  09:26:01  PAGE 10


?PR?_SETZEROMOTIONDETECTIONDURATION?S...         -----    -----      -----    -----
  +--> ?PR?_I2C_MPU_WRITEBYTE?HAL_W2_ISR

?PR?_SETFIFOENABLED?SENSOR                       -----    -----      -----    -----
  +--> ?PR?_I2C_MPU_WRITEBIT?HAL_W2_ISR

?PR?_SETDMPENABLED?SENSOR                        -----    -----      -----    -----
  +--> ?PR?_I2C_MPU_WRITEBIT?HAL_W2_ISR

?PR?RESETDMP?SENSOR                              -----    -----      -----    -----
  +--> ?PR?_I2C_MPU_WRITEBIT?HAL_W2_ISR

?PR?_READMEMORYBLOCK?SENSOR                      -----    -----      0331H    000AH
  +--> ?PR?_SETMEMORYBANK?SENSOR
  +--> ?PR?_SETMEMORYSTARTADDRESS?SENSOR
  +--> ?PR?_I2C_MPU_READBYTES?HAL_W2_ISR

?PR?GETINTSTATUS?SENSOR                          -----    -----      -----    -----
  +--> ?PR?_I2C_MPU_READBYTE?HAL_W2_ISR

?PR?_SETXACCELOFFSET?SENSOR                      -----    -----      -----    -----
  +--> ?PR?_I2C_MPU_WRITEWORD?HAL_W2_ISR

?PR?_I2C_MPU_WRITEWORD?HAL_W2_ISR                0027H    0002H      -----    -----
  +--> ?PR?_I2C_MPU_WRITEWORDS?HAL_W2_ISR

?PR?_I2C_MPU_WRITEWORDS?HAL_W2_ISR               0029H    0006H      -----    -----
  +--> ?PR?_HAL_W2_INIT_TRANSFER?HAL_W2_ISR
  +--> ?PR?HAL_W2_WAIT_DATA_READY_ISR?HAL_W2...

?PR?_SETYACCELOFFSET?SENSOR                      -----    -----      -----    -----
  +--> ?PR?_I2C_MPU_WRITEWORD?HAL_W2_ISR

?PR?_SETZACCELOFFSET?SENSOR                      -----    -----      -----    -----
  +--> ?PR?_I2C_MPU_WRITEWORD?HAL_W2_ISR

?PR?_SETXGYROOFFSET?SENSOR                       -----    -----      -----    -----
  +--> ?PR?_I2C_MPU_WRITEWORD?HAL_W2_ISR

?PR?_SETYGYROOFFSET?SENSOR                       -----    -----      -----    -----
  +--> ?PR?_I2C_MPU_WRITEWORD?HAL_W2_ISR

?PR?_SETZGYROOFFSET?SENSOR                       -----    -----      -----    -----
  +--> ?PR?_I2C_MPU_WRITEWORD?HAL_W2_ISR

?PR?DATAACQ?SENSOR                               -----    -----      0295H    0002H
  +--> ?PR?GETFIFOCOUNT?SENSOR
  +--> ?PR?_GETFIFOBYTES?SENSOR
  +--> ?PR?_SEND_INERTIAL_PACKET_BY_RF?SENSOR

?PR?_SEND_INERTIAL_PACKET_BY_RF?SENSOR           0027H    0005H      -----    -----
  +--> ?PR?_TX_MODE_NOACK?SENSOR
  +--> ?PR?RX_MODE?SENSOR

?PR?_SEND_RF_COMMAND?SENSOR                      -----    -----      -----    -----
  +--> ?PR?_TX_MODE_NOACK?SENSOR
  +--> ?PR?RX_MODE?SENSOR
BL51 BANKED LINKER/LOCATER V6.22                                                      02/17/2017  09:26:01  PAGE 11



?PR?INIT_CALIBRATION?SENSOR                      -----    -----      -----    -----
  +--> ?PR?_SETXACCELOFFSET?SENSOR
  +--> ?PR?_SETYACCELOFFSET?SENSOR
  +--> ?PR?_SETZACCELOFFSET?SENSOR
  +--> ?PR?_SETXGYROOFFSET?SENSOR
  +--> ?PR?_SETYGYROOFFSET?SENSOR
  +--> ?PR?_SETZGYROOFFSET?SENSOR
  +--> ?PR?_DELAY_MS?HAL_DELAY
  +--> ?PR?START_T0?SENSOR

?PR?CALIBRATIONROUTINE?SENSOR                    -----    -----      -----    -----
  +--> ?PR?CALIBRATIONSTEPONE?SENSOR
  +--> ?PR?CALIBRATIONSTEPTWO?SENSOR

?PR?CALIBRATIONSTEPONE?SENSOR                    -----    -----      -----    -----
  +--> ?PR?_GETMOTION6_VARIABLES?SENSOR
  +--> ?PR?_SETXACCELOFFSET?SENSOR
  +--> ?PR?_SETYACCELOFFSET?SENSOR
  +--> ?PR?_SETZACCELOFFSET?SENSOR
  +--> ?PR?_SETXGYROOFFSET?SENSOR
  +--> ?PR?_SETYGYROOFFSET?SENSOR
  +--> ?PR?_SETZGYROOFFSET?SENSOR

?PR?_GETMOTION6_VARIABLES?SENSOR                 -----    -----      0295H    0012H
  +--> ?PR?_I2C_MPU_READBYTES?HAL_W2_ISR

?PR?CALIBRATIONSTEPTWO?SENSOR                    -----    -----      -----    -----
  +--> ?PR?_GETMOTION6_VARIABLES?SENSOR
  +--> ?PR?_MATH_ABS?SENSOR
  +--> ?PR?GETXACCELOFFSET?SENSOR
  +--> ?PR?_SETXACCELOFFSET?SENSOR
  +--> ?PR?GETYACCELOFFSET?SENSOR
  +--> ?PR?_SETYACCELOFFSET?SENSOR
  +--> ?PR?GETZACCELOFFSET?SENSOR
  +--> ?PR?_SETZACCELOFFSET?SENSOR
  +--> ?PR?GETXGYROOFFSET?SENSOR
  +--> ?PR?_SETXGYROOFFSET?SENSOR
  +--> ?PR?GETYGYROOFFSET?SENSOR
  +--> ?PR?_SETYGYROOFFSET?SENSOR
  +--> ?PR?GETZGYROOFFSET?SENSOR
  +--> ?PR?_SETZGYROOFFSET?SENSOR
  +--> ?PR?STOP_T0?SENSOR
  +--> ?PR?_SEND_RF_COMMAND_WITH_ARG?SENSOR

?PR?GETXACCELOFFSET?SENSOR                       -----    -----      -----    -----
  +--> ?PR?_I2C_MPU_READBYTES?HAL_W2_ISR

?PR?GETYACCELOFFSET?SENSOR                       -----    -----      -----    -----
  +--> ?PR?_I2C_MPU_READBYTES?HAL_W2_ISR

?PR?GETZACCELOFFSET?SENSOR                       -----    -----      -----    -----
  +--> ?PR?_I2C_MPU_READBYTES?HAL_W2_ISR

?PR?GETXGYROOFFSET?SENSOR                        -----    -----      -----    -----
  +--> ?PR?_I2C_MPU_READBYTES?HAL_W2_ISR

BL51 BANKED LINKER/LOCATER V6.22                                                      02/17/2017  09:26:01  PAGE 12


?PR?GETYGYROOFFSET?SENSOR                        -----    -----      -----    -----
  +--> ?PR?_I2C_MPU_READBYTES?HAL_W2_ISR

?PR?GETZGYROOFFSET?SENSOR                        -----    -----      -----    -----
  +--> ?PR?_I2C_MPU_READBYTES?HAL_W2_ISR



SYMBOL TABLE OF MODULE:  .\Objects\sensor_project (SENSOR)

  VALUE           TYPE          NAME
  ----------------------------------

  -------         MODULE        SENSOR
  C:0000H         SYMBOL        _ICE_DUMMY_
  D:0080H         PUBLIC        P0
  D:0062H         PUBLIC        initial_timer_count
  D:0090H         PUBLIC        P1
  D:00A0H         PUBLIC        P2
  D:00B0H         PUBLIC        P3
  X:0000H         PUBLIC        fifoBuffer
  C:38ACH         PUBLIC        dmpGetFIFOPacketSize
  B:00A8H.7       PUBLIC        EA
  C:37A8H         PUBLIC        resetDMP
  X:002AH         PUBLIC        rx_buf
  C:23C3H         PUBLIC        _readMemoryBlock
  C:316CH         PUBLIC        I2C_IRQ
  X:004AH         PUBLIC        tx_buf
  D:00A8H         PUBLIC        IEN0
  D:00B8H         PUBLIC        IEN1
  C:32C1H         PUBLIC        mpu_testConnection
  C:367CH         PUBLIC        RX_Mode
  C:2F53H         PUBLIC        DataAcq
  C:2304H         PUBLIC        _getMotion6_variables
  C:36AFH         PUBLIC        start_T0
  C:35C1H         PUBLIC        getMotionDetectionThreshold
  X:006AH         PUBLIC        malloc_memory_pool
  C:3505H         PUBLIC        getFIFOEnabled
  C:349FH         PUBLIC        _setSlaveAddress
  B:00B8H.1       PUBLIC        RF
  D:00E7H         PUBLIC        SPIRDAT
  B:0021H.0       PUBLIC        newPayload
  C:1B5FH         PUBLIC        _writeMemoryBlock
  C:36DDH         PUBLIC        _setup_T0_ticks
  C:3707H         PUBLIC        _setFullScaleAccelRange
  X:025EH         PUBLIC        calibStep
  C:07DFH         PUBLIC        dmpConfig
  C:089FH         PUBLIC        dmpUpdates
  C:36CFH         PUBLIC        _setup_T0_elapsed_ms
  X:025FH         PUBLIC        packet_type
  B:0020H.6       PUBLIC        RX_DR
  B:00E8H.0       PUBLIC        RFCE
  X:0260H         PUBLIC        gyroBuffer
  C:18A5H         PUBLIC        _writeDMPConfigurationSet
  C:2DCCH         PUBLIC        _send_packet_to_computer
  C:38D9H         PUBLIC        _setMotionDetectionThreshold
  B:0020H.5       PUBLIC        TX_DS
BL51 BANKED LINKER/LOCATER V6.22                                                      02/17/2017  09:26:01  PAGE 13


  C:3822H         PUBLIC        _setFIFOEnabled
  C:3723H         PUBLIC        _setExternalFrameSync
  C:34D3H         PUBLIC        _setup_T0_elapsed_us
  C:24BAH         PUBLIC        main
  C:2B22H         PUBLIC        initial_setup_dmp
  X:0266H         PUBLIC        sensor_status
  C:30F4H         PUBLIC        init_calibration
  C:25ABH         PUBLIC        _dmpGetQuaternion_int16
  C:351DH         PUBLIC        getOTPBankValid
  C:371AH         PUBLIC        _setMemoryStartAddress
  C:3646H         PUBLIC        _send_rf_command
  C:33DAH         PUBLIC        getXGyroOffset
  C:3366H         PUBLIC        _setup_T0_freq
  C:38B5H         PUBLIC        _setIntEnabled
  C:33F7H         PUBLIC        getYGyroOffset
  C:3414H         PUBLIC        getZGyroOffset
  C:36BFH         PUBLIC        stop_T0
  C:35E7H         PUBLIC        getMotionDetectionDuration
  C:359BH         PUBLIC        getDMPConfig1
  C:35AEH         PUBLIC        getDMPConfig2
  D:0063H         PUBLIC        timer_count
  C:36EBH         PUBLIC        _setClockSource
  B:0080H.3       PUBLIC        P03
  C:2CC1H         PUBLIC        setup
  C:3884H         PUBLIC        _setOTPBankValid
  D:0089H         PUBLIC        TMOD
  D:0088H         PUBLIC        TCON
  C:3328H         PUBLIC        _writeProgMemoryBlock
  C:3817H         PUBLIC        _setI2CMasterModeEnabled
  C:37EBH         PUBLIC        _setXGyroOffset
  C:37F6H         PUBLIC        _setYGyroOffset
  C:3801H         PUBLIC        _setZGyroOffset
  X:0267H         PUBLIC        calibOk
  C:35D4H         PUBLIC        getZeroMotionDetectionThreshold
  C:3790H         PUBLIC        i2c_mpu_reset
  C:38EBH         PUBLIC        _setMotionDetectionDuration
  B:00E8H.2       PUBLIC        RFCKEN
  X:0268H         PUBLIC        calibIt
  C:08CEH         PUBLIC        ADDR_HOST
  C:38C7H         PUBLIC        _setDMPConfig1
  C:1DA4H         PUBLIC        _send_inertial_packet_by_rf
  C:38D0H         PUBLIC        _setDMPConfig2
  C:387AH         PUBLIC        _writeProgDMPConfigurationSet
  X:0269H         PUBLIC        dmpPacketSize
  C:0056H         PUBLIC        dmpMemory
  C:344EH         PUBLIC        getXGyroOffsetTC
  C:3469H         PUBLIC        getYGyroOffsetTC
  C:3484H         PUBLIC        getZGyroOffsetTC
  C:38E2H         PUBLIC        _setZeroMotionDetectionThreshold
  D:0020H         PUBLIC        sta
  B:00A8H.1       PUBLIC        ET0
  C:32ECH         PUBLIC        _setMemoryBank
  C:3245H         PUBLIC        _SPI_Read_Buf
  C:3777H         PUBLIC        _SPI_Read
  C:3784H         PUBLIC        resetFIFO
  D:008CH         PUBLIC        TH0
  C:373FH         PUBLIC        _setXGyroOffsetTC
BL51 BANKED LINKER/LOCATER V6.22                                                      02/17/2017  09:26:01  PAGE 14


  C:374DH         PUBLIC        _setYGyroOffsetTC
  C:268DH         PUBLIC        _getMotion6_packet
  C:375BH         PUBLIC        _setZGyroOffsetTC
  D:008AH         PUBLIC        TL0
  C:35FAH         PUBLIC        getZeroMotionDetectionDuration
  C:1FE5H         PUBLIC        calibrationStepOne
  C:379CH         PUBLIC        resetI2CMaster
  B:0088H.4       PUBLIC        TR0
  X:026BH         PUBLIC        accelBuffer
  X:0271H         PUBLIC        ax
  X:0273H         PUBLIC        ay
  C:31E1H         PUBLIC        _SPI_Write_Buf
  X:0275H         PUBLIC        az
  C:2E1CH         PUBLIC        _send_packet_from_host_to_computer
  C:0DFBH         PUBLIC        dmpInitialize
  C:38BEH         PUBLIC        _setRate
  D:0064H         PUBLIC        NBT0H
  C:15CFH         PUBLIC        _dmpGetPacket16bits
  C:38F4H         PUBLIC        _setZeroMotionDetectionDuration
  X:0277H         PUBLIC        gx
  X:0279H         PUBLIC        gy
  C:380CH         PUBLIC        _setDMPEnabled
  D:0093H         PUBLIC        P0DIR
  X:027BH         PUBLIC        gz
  C:3383H         PUBLIC        getXAccelOffset
  D:0065H         PUBLIC        NBT0L
  D:009EH         PUBLIC        P0CON
  D:0094H         PUBLIC        P1DIR
  C:3539H         PUBLIC        _MATH_ABS
  C:3213H         PUBLIC        _TX_Mode_NOACK
  C:33A0H         PUBLIC        getYAccelOffset
  D:009FH         PUBLIC        P1CON
  X:027DH         PUBLIC        calibCounter
  C:33BDH         PUBLIC        getZAccelOffset
  C:36F9H         PUBLIC        _setFullScaleGyroRange
  D:0098H         PUBLIC        S0CON
  X:027EH         PUBLIC        mx
  C:000EH         PUBLIC        _send_rf_command_with_arg
  C:2929H         PUBLIC        RF_IRQ
  X:0280H         PUBLIC        my
  D:00D8H         PUBLIC        ADCON
  X:0282H         PUBLIC        mz
  D:0066H         PUBLIC        timer_elapsed
  D:00C8H         PUBLIC        T2CON
  C:12F2H         PUBLIC        calibrationStepTwo
  C:302DH         PUBLIC        _redirect_rf_pkt_to_serial
  D:00F8H         PUBLIC        FSR
  B:0020H.4       PUBLIC        MAX_RT
  C:37CAH         PUBLIC        _setXAccelOffset
  C:3560H         PUBLIC        mpu_initialize
  C:2D75H         PUBLIC        _send_packet_to_host
  C:37D5H         PUBLIC        _setYAccelOffset
  C:275CH         PUBLIC        _rf_init
  C:37E0H         PUBLIC        _setZAccelOffset
  C:3348H         PUBLIC        TMR0_IRQ
  X:0284H         PUBLIC        payloadWidth
  C:2F13H         PUBLIC        _getFIFOBytes
BL51 BANKED LINKER/LOCATER V6.22                                                      02/17/2017  09:26:01  PAGE 15


  C:3431H         PUBLIC        getFIFOCount
  C:37B4H         PUBLIC        mpu_8051_malloc_setup
  C:360DH         PUBLIC        _SPI_RW_Reg
  C:388EH         PUBLIC        _SPI_RW
  C:3588H         PUBLIC        getIntStatus
  D:00E8H         PUBLIC        RFCON
  C:37BFH         PUBLIC        _setSleepEnabled
  D:00D0H         PUBLIC        PSW
  C:3658H         PUBLIC        calibrationRoutine
  C:3620H         PUBLIC        iniciarIO
  D:00C0H         PUBLIC        IRCON
  C:3731H         PUBLIC        _setDLPFMode
  X:0285H         PUBLIC        dmpPacketBuffer
  X:0287H         PUBLIC        buffer
  B:00E8H.1       PUBLIC        RFCSN
  D:00E6H         PUBLIC        SPIRSTAT
  -------         PROC          _SETUP_T0_FREQ
  D:0007H         SYMBOL        Freq_Hz
  D:0027H         SYMBOL        flag_count
  -------         DO            
  D:0006H         SYMBOL        qnt_ticks
  -------         ENDDO         
  C:3366H         LINE#         37
  C:3368H         LINE#         38
  C:337EH         LINE#         39
  -------         ENDPROC       _SETUP_T0_FREQ
  -------         PROC          _SETUP_T0_ELAPSED_MS
  D:0006H         SYMBOL        T_ms
  D:0003H         SYMBOL        flag_count
  C:36CFH         LINE#         50
  C:36D1H         LINE#         51
  -------         ENDPROC       _SETUP_T0_ELAPSED_MS
  -------         PROC          _SETUP_T0_ELAPSED_US
  D:0006H         SYMBOL        T_us
  D:0003H         SYMBOL        flag_count
  -------         DO            
  D:0006H         SYMBOL        qnt_ticks
  -------         ENDDO         
  C:34D3H         LINE#         62
  C:34D5H         LINE#         63
  C:34E7H         LINE#         64
  -------         ENDPROC       _SETUP_T0_ELAPSED_US
  -------         PROC          _SETUP_T0_TICKS
  D:0002H         SYMBOL        number_beats
  D:0005H         SYMBOL        flag_count
  C:36DDH         LINE#         73
  C:36DFH         LINE#         74
  C:36E1H         LINE#         75
  C:36E4H         LINE#         76
  C:36EAH         LINE#         77
  -------         ENDPROC       _SETUP_T0_TICKS
  -------         PROC          TMR0_IRQ
  C:3348H         LINE#         80
  C:334CH         LINE#         82
  C:334CH         LINE#         83
  C:334CH         LINE#         84
  C:334EH         LINE#         85
BL51 BANKED LINKER/LOCATER V6.22                                                      02/17/2017  09:26:01  PAGE 16


  C:3355H         LINE#         86
  C:3358H         LINE#         87
  C:335BH         LINE#         88
  C:335BH         LINE#         89
  C:335EH         LINE#         90
  C:3361H         LINE#         91
  C:3361H         LINE#         92
  -------         ENDPROC       TMR0_IRQ
  -------         PROC          START_T0
  C:36AFH         LINE#         94
  C:36AFH         LINE#         95
  C:36B2H         LINE#         96
  C:36B5H         LINE#         97
  C:36B8H         LINE#         98
  C:36BAH         LINE#         99
  C:36BCH         LINE#         100
  C:36BEH         LINE#         101
  -------         ENDPROC       START_T0
  -------         PROC          STOP_T0
  C:36BFH         LINE#         103
  C:36BFH         LINE#         104
  C:36C2H         LINE#         105
  C:36C5H         LINE#         106
  C:36C8H         LINE#         107
  C:36CAH         LINE#         108
  C:36CCH         LINE#         109
  C:36CEH         LINE#         110
  -------         ENDPROC       STOP_T0
  -------         PROC          MPU_8051_MALLOC_SETUP
  C:37B4H         LINE#         312
  C:37B4H         LINE#         313
  -------         ENDPROC       MPU_8051_MALLOC_SETUP
  -------         PROC          _SETCLOCKSOURCE
  D:0007H         SYMBOL        source
  C:36EBH         LINE#         332
  C:36EBH         LINE#         333
  -------         ENDPROC       _SETCLOCKSOURCE
  -------         PROC          _SETFULLSCALEGYRORANGE
  D:0007H         SYMBOL        range
  C:36F9H         LINE#         341
  C:36F9H         LINE#         342
  -------         ENDPROC       _SETFULLSCALEGYRORANGE
  -------         PROC          _SETFULLSCALEACCELRANGE
  D:0007H         SYMBOL        range
  C:3707H         LINE#         349
  C:3707H         LINE#         350
  -------         ENDPROC       _SETFULLSCALEACCELRANGE
  -------         PROC          _SETSLEEPENABLED
  D:0007H         SYMBOL        enabled
  C:37BFH         LINE#         358
  C:37BFH         LINE#         359
  -------         ENDPROC       _SETSLEEPENABLED
  -------         PROC          MPU_INITIALIZE
  C:3560H         LINE#         366
  C:3560H         LINE#         367
  C:3565H         LINE#         368
  C:356AH         LINE#         369
BL51 BANKED LINKER/LOCATER V6.22                                                      02/17/2017  09:26:01  PAGE 17


  C:356FH         LINE#         370
  -------         ENDPROC       MPU_INITIALIZE
  -------         PROC          MPU_TESTCONNECTION
  C:32C1H         LINE#         378
  C:32C1H         LINE#         379
  C:32D6H         LINE#         380
  C:32E3H         LINE#         381
  -------         ENDPROC       MPU_TESTCONNECTION
  -------         PROC          _GETMOTION6_PACKET
  X:0367H         SYMBOL        packet6
  C:268DH         LINE#         388
  C:2695H         LINE#         389
  C:26A7H         LINE#         390
  C:26BAH         LINE#         391
  C:26C4H         LINE#         392
  C:26CFH         LINE#         393
  C:26DBH         LINE#         394
  C:26EBH         LINE#         395
  C:26FBH         LINE#         396
  C:270BH         LINE#         397
  C:271BH         LINE#         398
  C:272BH         LINE#         399
  C:273BH         LINE#         400
  C:274BH         LINE#         401
  C:275BH         LINE#         402
  -------         ENDPROC       _GETMOTION6_PACKET
  -------         PROC          _SETXACCELOFFSET
  D:0006H         SYMBOL        offset
  C:37CAH         LINE#         407
  C:37CAH         LINE#         408
  -------         ENDPROC       _SETXACCELOFFSET
  -------         PROC          _SETYACCELOFFSET
  D:0006H         SYMBOL        offset
  C:37D5H         LINE#         410
  C:37D5H         LINE#         411
  -------         ENDPROC       _SETYACCELOFFSET
  -------         PROC          _SETZACCELOFFSET
  D:0006H         SYMBOL        offset
  C:37E0H         LINE#         413
  C:37E0H         LINE#         414
  -------         ENDPROC       _SETZACCELOFFSET
  -------         PROC          _SETXGYROOFFSET
  D:0006H         SYMBOL        offset
  C:37EBH         LINE#         416
  C:37EBH         LINE#         417
  -------         ENDPROC       _SETXGYROOFFSET
  -------         PROC          _SETYGYROOFFSET
  D:0006H         SYMBOL        offset
  C:37F6H         LINE#         419
  C:37F6H         LINE#         420
  -------         ENDPROC       _SETYGYROOFFSET
  -------         PROC          _SETZGYROOFFSET
  D:0006H         SYMBOL        offset
  C:3801H         LINE#         422
  C:3801H         LINE#         423
  -------         ENDPROC       _SETZGYROOFFSET
  -------         PROC          GETXACCELOFFSET
BL51 BANKED LINKER/LOCATER V6.22                                                      02/17/2017  09:26:01  PAGE 18


  C:3383H         LINE#         425
  C:3383H         LINE#         426
  C:3395H         LINE#         427
  C:339FH         LINE#         428
  -------         ENDPROC       GETXACCELOFFSET
  -------         PROC          GETYACCELOFFSET
  C:33A0H         LINE#         429
  C:33A0H         LINE#         430
  C:33B2H         LINE#         431
  C:33BCH         LINE#         432
  -------         ENDPROC       GETYACCELOFFSET
  -------         PROC          GETZACCELOFFSET
  C:33BDH         LINE#         433
  C:33BDH         LINE#         434
  C:33CFH         LINE#         435
  C:33D9H         LINE#         436
  -------         ENDPROC       GETZACCELOFFSET
  -------         PROC          GETXGYROOFFSET
  C:33DAH         LINE#         437
  C:33DAH         LINE#         438
  C:33ECH         LINE#         439
  C:33F6H         LINE#         440
  -------         ENDPROC       GETXGYROOFFSET
  -------         PROC          GETYGYROOFFSET
  C:33F7H         LINE#         441
  C:33F7H         LINE#         442
  C:3409H         LINE#         443
  C:3413H         LINE#         444
  -------         ENDPROC       GETYGYROOFFSET
  -------         PROC          GETZGYROOFFSET
  C:3414H         LINE#         445
  C:3414H         LINE#         446
  C:3426H         LINE#         447
  C:3430H         LINE#         448
  -------         ENDPROC       GETZGYROOFFSET
  C:32E4H         SYMBOL        L?0331
  C:32E7H         SYMBOL        L?0332
  -------         PROC          L?0330
  -------         ENDPROC       L?0330
  C:32E4H         SYMBOL        L?0331
  C:32E7H         SYMBOL        L?0332
  -------         PROC          _SETMEMORYBANK
  D:0007H         SYMBOL        bank
  D:0005H         SYMBOL        prefetchEnabled
  D:0003H         SYMBOL        userBank
  C:32ECH         LINE#         450
  C:32ECH         LINE#         451
  C:32F0H         LINE#         452
  C:32F7H         LINE#         453
  C:32FEH         LINE#         454
  -------         ENDPROC       _SETMEMORYBANK
  -------         PROC          GETFIFOCOUNT
  C:3431H         LINE#         462
  C:3431H         LINE#         463
  C:3443H         LINE#         464
  C:344DH         LINE#         465
  -------         ENDPROC       GETFIFOCOUNT
BL51 BANKED LINKER/LOCATER V6.22                                                      02/17/2017  09:26:01  PAGE 19


  -------         PROC          GETINTSTATUS
  C:3588H         LINE#         467
  C:3588H         LINE#         468
  C:3595H         LINE#         469
  C:359AH         LINE#         470
  -------         ENDPROC       GETINTSTATUS
  -------         PROC          _SETDMPENABLED
  D:0007H         SYMBOL        enabled
  C:380CH         LINE#         472
  C:380CH         LINE#         473
  -------         ENDPROC       _SETDMPENABLED
  -------         PROC          RESETFIFO
  C:3784H         LINE#         480
  C:3784H         LINE#         481
  -------         ENDPROC       RESETFIFO
  -------         PROC          DMPGETFIFOPACKETSIZE
  C:38ACH         LINE#         484
  C:38ACH         LINE#         485
  C:38B4H         LINE#         486
  -------         ENDPROC       DMPGETFIFOPACKETSIZE
  -------         PROC          L?0335
  -------         ENDPROC       L?0335
  -------         PROC          _GETFIFOBYTES
  X:0331H         SYMBOL        data_ptr
  D:0005H         SYMBOL        data_len
  C:2F13H         LINE#         488
  C:2F1EH         LINE#         489
  C:2F24H         LINE#         490
  C:2F43H         LINE#         491
  C:2F43H         LINE#         492
  C:2F52H         LINE#         493
  C:2F52H         LINE#         494
  -------         ENDPROC       _GETFIFOBYTES
  C:3715H         SYMBOL        L?0337
  -------         PROC          L?0336
  -------         ENDPROC       L?0336
  C:3715H         SYMBOL        L?0337
  -------         PROC          _SETMEMORYSTARTADDRESS
  D:0007H         SYMBOL        address
  C:371AH         LINE#         496
  C:371AH         LINE#         497
  -------         ENDPROC       _SETMEMORYSTARTADDRESS
  C:1B3CH         SYMBOL        L?0328
  -------         PROC          L?0327
  -------         ENDPROC       L?0327
  C:1B3CH         SYMBOL        L?0328
  -------         PROC          _WRITEMEMORYBLOCK
  X:0341H         SYMBOL        data_ptr
  X:0344H         SYMBOL        dataSize
  X:0346H         SYMBOL        bank
  X:0347H         SYMBOL        address
  X:0348H         SYMBOL        verify
  X:0349H         SYMBOL        useProgMem
  -------         DO            
  X:034AH         SYMBOL        chunkSize_wmb
  X:034BH         SYMBOL        verifyBuffer_wmb
  X:034EH         SYMBOL        progBuffer_wmb
BL51 BANKED LINKER/LOCATER V6.22                                                      02/17/2017  09:26:01  PAGE 20


  X:0351H         SYMBOL        i_wmb
  D:0007H         SYMBOL        j_wmb
  -------         ENDDO         
  C:1B5FH         LINE#         501
  C:1B70H         LINE#         505
  C:1B79H         LINE#         508
  C:1B7CH         LINE#         509
  C:1B7FH         LINE#         510
  C:1B9CH         LINE#         511
  C:1BB9H         LINE#         512
  C:1BD9H         LINE#         514
  C:1BDFH         LINE#         517
  C:1C01H         LINE#         520
  C:1C1EH         LINE#         522
  C:1C24H         LINE#         524
  C:1C6CH         LINE#         525
  C:1C6CH         LINE#         527
  C:1C90H         LINE#         528
  C:1C90H         LINE#         530
  C:1CACH         LINE#         533
  C:1CC5H         LINE#         534
  C:1CC8H         LINE#         535
  C:1CCBH         LINE#         536
  C:1CE7H         LINE#         537
  C:1D0EH         LINE#         538
  C:1D1CH         LINE#         539
  C:1D30H         LINE#         540
  C:1D33H         LINE#         541
  C:1D33H         LINE#         542
  C:1D33H         LINE#         545
  C:1D46H         LINE#         548
  C:1D4CH         LINE#         551
  C:1D64H         LINE#         552
  C:1D70H         LINE#         553
  C:1D73H         LINE#         554
  C:1D76H         LINE#         555
  C:1D76H         LINE#         556
  C:1D79H         LINE#         557
  C:1D8DH         LINE#         558
  C:1DA1H         LINE#         559
  C:1DA3H         LINE#         560
  -------         ENDPROC       _WRITEMEMORYBLOCK
  -------         PROC          _WRITEDMPCONFIGURATIONSET
  X:0331H         SYMBOL        data_ptr
  X:0334H         SYMBOL        dataSize
  X:0336H         SYMBOL        useProgMem
  -------         DO            
  X:0337H         SYMBOL        progBuffer_wdcs
  X:033AH         SYMBOL        success_wdcs
  X:033BH         SYMBOL        special_wdcs
  X:033CH         SYMBOL        i_wdcs
  D:0006H         SYMBOL        j_wdcs
  X:033EH         SYMBOL        bank_wdcs
  X:033FH         SYMBOL        offset_wdcs
  X:0340H         SYMBOL        length_wdcs
  -------         ENDDO         
  C:18A5H         LINE#         563
BL51 BANKED LINKER/LOCATER V6.22                                                      02/17/2017  09:26:01  PAGE 21


  C:18B6H         LINE#         564
  C:18BFH         LINE#         568
  C:18C5H         LINE#         569
  C:18DCH         LINE#         570
  C:18DCH         LINE#         575
  C:18FBH         LINE#         576
  C:1905H         LINE#         577
  C:1926H         LINE#         578
  C:194AH         LINE#         579
  C:196AH         LINE#         580
  C:196CH         LINE#         581
  C:198AH         LINE#         582
  C:19A0H         LINE#         583
  C:19B6H         LINE#         584
  C:19B6H         LINE#         587
  C:19C3H         LINE#         589
  C:19C6H         LINE#         590
  C:19F0H         LINE#         591
  C:1A3DH         LINE#         592
  C:1A3DH         LINE#         593
  C:1A61H         LINE#         594
  C:1A61H         LINE#         595
  C:1A92H         LINE#         596
  C:1AA4H         LINE#         597
  C:1AA6H         LINE#         603
  C:1AAFH         LINE#         604
  C:1ACCH         LINE#         605
  C:1ACEH         LINE#         606
  C:1AECH         LINE#         607
  C:1AECH         LINE#         611
  C:1AF3H         LINE#         617
  C:1AFCH         LINE#         619
  C:1B02H         LINE#         620
  C:1B04H         LINE#         622
  C:1B09H         LINE#         623
  C:1B09H         LINE#         624
  C:1B09H         LINE#         626
  C:1B12H         LINE#         627
  C:1B24H         LINE#         628
  C:1B27H         LINE#         629
  C:1B27H         LINE#         630
  C:1B27H         LINE#         631
  C:1B39H         LINE#         632
  C:1B3BH         LINE#         633
  -------         ENDPROC       _WRITEDMPCONFIGURATIONSET
  -------         PROC          _READMEMORYBLOCK
  X:0331H         SYMBOL        data_ptr
  X:0334H         SYMBOL        dataSize
  X:0336H         SYMBOL        bank
  X:0337H         SYMBOL        address
  -------         DO            
  X:0338H         SYMBOL        chunkSize_rmb
  X:0339H         SYMBOL        i_rmb
  -------         ENDDO         
  C:23C3H         LINE#         635
  C:23D4H         LINE#         638
  C:23D8H         LINE#         639
BL51 BANKED LINKER/LOCATER V6.22                                                      02/17/2017  09:26:01  PAGE 22


  C:23E0H         LINE#         640
  C:2400H         LINE#         642
  C:2406H         LINE#         645
  C:2426H         LINE#         648
  C:2441H         LINE#         651
  C:246BH         LINE#         654
  C:247EH         LINE#         657
  C:2484H         LINE#         660
  C:249CH         LINE#         661
  C:24A8H         LINE#         662
  C:24AEH         LINE#         663
  C:24B6H         LINE#         664
  C:24B6H         LINE#         665
  C:24B9H         LINE#         666
  -------         ENDPROC       _READMEMORYBLOCK
  -------         PROC          _WRITEPROGDMPCONFIGURATIONSET
  D:0001H         SYMBOL        data_ptr
  D:0004H         SYMBOL        dataSize
  C:387AH         LINE#         668
  C:387AH         LINE#         669
  C:3883H         LINE#         670
  -------         ENDPROC       _WRITEPROGDMPCONFIGURATIONSET
  -------         PROC          _WRITEPROGMEMORYBLOCK
  D:0001H         SYMBOL        data_ptr
  D:0004H         SYMBOL        dataSize
  X:0336H         SYMBOL        bank
  X:0337H         SYMBOL        address
  X:0338H         SYMBOL        verify
  C:3328H         LINE#         672
  C:3328H         LINE#         673
  C:3347H         LINE#         674
  -------         ENDPROC       _WRITEPROGMEMORYBLOCK
  -------         PROC          I2C_MPU_RESET
  C:3790H         LINE#         680
  C:3790H         LINE#         681
  -------         ENDPROC       I2C_MPU_RESET
  -------         PROC          _SETSLAVEADDRESS
  D:0007H         SYMBOL        num
  D:0006H         SYMBOL        address
  C:349FH         LINE#         690
  C:34A1H         LINE#         691
  C:34A7H         LINE#         692
  C:34B8H         LINE#         693
  -------         ENDPROC       _SETSLAVEADDRESS
  -------         PROC          _SETI2CMASTERMODEENABLED
  D:0007H         SYMBOL        enabled
  C:3817H         LINE#         700
  C:3817H         LINE#         701
  -------         ENDPROC       _SETI2CMASTERMODEENABLED
  -------         PROC          RESETI2CMASTER
  C:379CH         LINE#         708
  C:379CH         LINE#         709
  -------         ENDPROC       RESETI2CMASTER
  -------         PROC          _SETINTENABLED
  D:0007H         SYMBOL        enabled
  C:38B5H         LINE#         712
  C:38B5H         LINE#         713
BL51 BANKED LINKER/LOCATER V6.22                                                      02/17/2017  09:26:01  PAGE 23


  -------         ENDPROC       _SETINTENABLED
  -------         PROC          _SETRATE
  D:0007H         SYMBOL        rate
  C:38BEH         LINE#         721
  C:38BEH         LINE#         722
  -------         ENDPROC       _SETRATE
  -------         PROC          _SETEXTERNALFRAMESYNC
  D:0007H         SYMBOL        sync_ext
  C:3723H         LINE#         730
  C:3723H         LINE#         731
  -------         ENDPROC       _SETEXTERNALFRAMESYNC
  -------         PROC          _SETDLPFMODE
  D:0007H         SYMBOL        mode
  C:3731H         LINE#         739
  C:3731H         LINE#         740
  -------         ENDPROC       _SETDLPFMODE
  -------         PROC          GETDMPCONFIG1
  C:359BH         LINE#         746
  C:359BH         LINE#         747
  C:35A8H         LINE#         748
  C:35ADH         LINE#         749
  -------         ENDPROC       GETDMPCONFIG1
  -------         PROC          _SETDMPCONFIG1
  D:0007H         SYMBOL        config
  C:38C7H         LINE#         750
  C:38C7H         LINE#         751
  -------         ENDPROC       _SETDMPCONFIG1
  -------         PROC          GETDMPCONFIG2
  C:35AEH         LINE#         757
  C:35AEH         LINE#         758
  C:35BBH         LINE#         759
  C:35C0H         LINE#         760
  -------         ENDPROC       GETDMPCONFIG2
  -------         PROC          _SETDMPCONFIG2
  D:0007H         SYMBOL        config
  C:38D0H         LINE#         761
  C:38D0H         LINE#         762
  -------         ENDPROC       _SETDMPCONFIG2
  -------         PROC          GETOTPBANKVALID
  C:351DH         LINE#         765
  C:351DH         LINE#         766
  C:352EH         LINE#         767
  C:3533H         LINE#         768
  -------         ENDPROC       GETOTPBANKVALID
  -------         PROC          _SETOTPBANKVALID
  D:0007H         SYMBOL        enabled
  C:3884H         LINE#         769
  C:3884H         LINE#         770
  -------         ENDPROC       _SETOTPBANKVALID
  -------         PROC          GETXGYROOFFSETTC
  C:344EH         LINE#         776
  C:344EH         LINE#         777
  C:3463H         LINE#         778
  C:3468H         LINE#         779
  -------         ENDPROC       GETXGYROOFFSETTC
  -------         PROC          _SETXGYROOFFSETTC
  D:0007H         SYMBOL        offset
BL51 BANKED LINKER/LOCATER V6.22                                                      02/17/2017  09:26:01  PAGE 24


  C:373FH         LINE#         780
  C:373FH         LINE#         781
  -------         ENDPROC       _SETXGYROOFFSETTC
  -------         PROC          GETYGYROOFFSETTC
  C:3469H         LINE#         787
  C:3469H         LINE#         788
  C:347EH         LINE#         789
  C:3483H         LINE#         790
  -------         ENDPROC       GETYGYROOFFSETTC
  -------         PROC          _SETYGYROOFFSETTC
  D:0007H         SYMBOL        offset
  C:374DH         LINE#         791
  C:374DH         LINE#         792
  -------         ENDPROC       _SETYGYROOFFSETTC
  -------         PROC          GETZGYROOFFSETTC
  C:3484H         LINE#         798
  C:3484H         LINE#         799
  C:3499H         LINE#         800
  C:349EH         LINE#         801
  -------         ENDPROC       GETZGYROOFFSETTC
  -------         PROC          _SETZGYROOFFSETTC
  D:0007H         SYMBOL        offset
  C:375BH         LINE#         802
  C:375BH         LINE#         803
  -------         ENDPROC       _SETZGYROOFFSETTC
  -------         PROC          GETMOTIONDETECTIONTHRESHOLD
  C:35C1H         LINE#         813
  C:35C1H         LINE#         814
  C:35CEH         LINE#         815
  C:35D3H         LINE#         816
  -------         ENDPROC       GETMOTIONDETECTIONTHRESHOLD
  -------         PROC          _SETMOTIONDETECTIONTHRESHOLD
  D:0007H         SYMBOL        threshold
  C:38D9H         LINE#         823
  C:38D9H         LINE#         824
  -------         ENDPROC       _SETMOTIONDETECTIONTHRESHOLD
  -------         PROC          GETZEROMOTIONDETECTIONTHRESHOLD
  C:35D4H         LINE#         835
  C:35D4H         LINE#         836
  C:35E1H         LINE#         837
  C:35E6H         LINE#         838
  -------         ENDPROC       GETZEROMOTIONDETECTIONTHRESHOLD
  -------         PROC          _SETZEROMOTIONDETECTIONTHRESHOLD
  D:0007H         SYMBOL        threshold
  C:38E2H         LINE#         845
  C:38E2H         LINE#         846
  -------         ENDPROC       _SETZEROMOTIONDETECTIONTHRESHOLD
  -------         PROC          GETMOTIONDETECTIONDURATION
  C:35E7H         LINE#         855
  C:35E7H         LINE#         856
  C:35F4H         LINE#         857
  C:35F9H         LINE#         858
  -------         ENDPROC       GETMOTIONDETECTIONDURATION
  -------         PROC          _SETMOTIONDETECTIONDURATION
  D:0007H         SYMBOL        duration
  C:38EBH         LINE#         865
  C:38EBH         LINE#         866
BL51 BANKED LINKER/LOCATER V6.22                                                      02/17/2017  09:26:01  PAGE 25


  -------         ENDPROC       _SETMOTIONDETECTIONDURATION
  -------         PROC          GETZEROMOTIONDETECTIONDURATION
  C:35FAH         LINE#         875
  C:35FAH         LINE#         876
  C:3607H         LINE#         877
  C:360CH         LINE#         878
  -------         ENDPROC       GETZEROMOTIONDETECTIONDURATION
  -------         PROC          _SETZEROMOTIONDETECTIONDURATION
  D:0007H         SYMBOL        duration
  C:38F4H         LINE#         885
  C:38F4H         LINE#         886
  -------         ENDPROC       _SETZEROMOTIONDETECTIONDURATION
  -------         PROC          GETFIFOENABLED
  C:3505H         LINE#         894
  C:3505H         LINE#         895
  C:3517H         LINE#         896
  C:351CH         LINE#         897
  -------         ENDPROC       GETFIFOENABLED
  -------         PROC          _SETFIFOENABLED
  D:0007H         SYMBOL        enabled
  C:3822H         LINE#         904
  C:3822H         LINE#         905
  -------         ENDPROC       _SETFIFOENABLED
  -------         PROC          RESETDMP
  C:37A8H         LINE#         908
  C:37A8H         LINE#         909
  -------         ENDPROC       RESETDMP
  -------         PROC          DMPINITIALIZE
  -------         DO            
  X:0296H         SYMBOL        xgOffsetTC
  X:0297H         SYMBOL        ygOffsetTC
  X:0298H         SYMBOL        zgOffsetTC
  X:0299H         SYMBOL        dmpUpdate
  X:02A9H         SYMBOL        j
  X:02AAH         SYMBOL        pos
  X:02ACH         SYMBOL        fifoCount
  X:02AEH         SYMBOL        fifoBuffer
  X:032EH         SYMBOL        b
  X:032FH         SYMBOL        data_to_write
  X:0330H         SYMBOL        mask
  -------         ENDDO         
  C:0DFBH         LINE#         912
  C:0DFBH         LINE#         915
  C:0E02H         LINE#         925
  C:0E05H         LINE#         926
  C:0E0CH         LINE#         937
  C:0E11H         LINE#         941
  C:0E1AH         LINE#         944
  C:0E1FH         LINE#         950
  C:0E26H         LINE#         960
  C:0E2EH         LINE#         961
  C:0E36H         LINE#         962
  C:0E3EH         LINE#         973
  C:0E45H         LINE#         976
  C:0E4AH         LINE#         978
  C:0E51H         LINE#         980
  C:0E54H         LINE#         981
BL51 BANKED LINKER/LOCATER V6.22                                                      02/17/2017  09:26:01  PAGE 26


  C:0E5BH         LINE#         989
  C:0E78H         LINE#         997
  C:0E8BH         LINE#         1002
  C:0E90H         LINE#         1006
  C:0E95H         LINE#         1010
  C:0E9AH         LINE#         1018
  C:0EA0H         LINE#         1021
  C:0EACH         LINE#         1023
  C:0EACH         LINE#         1025
  C:0EACH         LINE#         1028
  C:0EB2H         LINE#         1029
  C:0EBCH         LINE#         1030
  C:0EC0H         LINE#         1031
  C:0ECCH         LINE#         1032
  C:0ECFH         LINE#         1035
  C:0ED8H         LINE#         1037
  C:0ED8H         LINE#         1039
  C:0ED8H         LINE#         1046
  C:0EDDH         LINE#         1050
  C:0EE2H         LINE#         1054
  C:0EE7H         LINE#         1055
  C:0EECH         LINE#         1059
  C:0EF1H         LINE#         1067
  C:0EFEH         LINE#         1069
  C:0EFEH         LINE#         1071
  C:0EFEH         LINE#         1074
  C:0F04H         LINE#         1075
  C:0F0BH         LINE#         1076
  C:0F0FH         LINE#         1077
  C:0F1BH         LINE#         1078
  C:0F1EH         LINE#         1081
  C:0F27H         LINE#         1083
  C:0F27H         LINE#         1085
  C:0F27H         LINE#         1090
  C:0F34H         LINE#         1092
  C:0F34H         LINE#         1094
  C:0F34H         LINE#         1097
  C:0F3AH         LINE#         1098
  C:0F41H         LINE#         1099
  C:0F45H         LINE#         1100
  C:0F51H         LINE#         1101
  C:0F54H         LINE#         1104
  C:0F5DH         LINE#         1106
  C:0F5DH         LINE#         1108
  C:0F5DH         LINE#         1113
  C:0F6AH         LINE#         1115
  C:0F6AH         LINE#         1117
  C:0F6AH         LINE#         1120
  C:0F70H         LINE#         1121
  C:0F77H         LINE#         1122
  C:0F7AH         LINE#         1123
  C:0F86H         LINE#         1124
  C:0F93H         LINE#         1127
  C:0F9CH         LINE#         1129
  C:0F9CH         LINE#         1131
  C:0F9CH         LINE#         1141
  C:0FF9H         LINE#         1144
BL51 BANKED LINKER/LOCATER V6.22                                                      02/17/2017  09:26:01  PAGE 27


  C:0FFCH         LINE#         1148
  C:1059H         LINE#         1150
  C:105CH         LINE#         1153
  C:105FH         LINE#         1156
  C:106AH         LINE#         1161
  C:1074H         LINE#         1164
  C:1079H         LINE#         1167
  C:107EH         LINE#         1170
  C:1083H         LINE#         1173
  C:1088H         LINE#         1176
  C:108BH         LINE#         1179
  C:1090H         LINE#         1182
  C:1095H         LINE#         1185
  C:1098H         LINE#         1189
  C:10F5H         LINE#         1190
  C:10F8H         LINE#         1194
  C:1155H         LINE#         1195
  C:1158H         LINE#         1199
  C:11B5H         LINE#         1200
  C:11B8H         LINE#         1206
  C:11C7H         LINE#         1207
  C:11D2H         LINE#         1209
  C:11D4H         LINE#         1214
  C:11D7H         LINE#         1223
  C:1234H         LINE#         1224
  C:1254H         LINE#         1228
  C:1263H         LINE#         1229
  C:126EH         LINE#         1230
  C:1270H         LINE#         1236
  C:1273H         LINE#         1245
  C:12D0H         LINE#         1246
  C:12D3H         LINE#         1251
  C:12D8H         LINE#         1254
  C:12E1H         LINE#         1260
  C:12E4H         LINE#         1261
  C:12E7H         LINE#         1262
  C:12E9H         LINE#         1265
  C:12ECH         LINE#         1266
  C:12ECH         LINE#         1267
  C:12ECH         LINE#         1270
  C:12EFH         LINE#         1271
  C:12EFH         LINE#         1273
  C:12F1H         LINE#         1274
  -------         ENDPROC       DMPINITIALIZE
  -------         PROC          _DMPGETQUATERNION_INT16
  X:035BH         SYMBOL        data_ptr
  X:035EH         SYMBOL        packet
  C:25ABH         LINE#         1277
  C:25B6H         LINE#         1279
  C:25D5H         LINE#         1280
  C:25FDH         LINE#         1281
  C:262CH         LINE#         1282
  C:265BH         LINE#         1283
  C:268AH         LINE#         1284
  C:268CH         LINE#         1285
  -------         ENDPROC       _DMPGETQUATERNION_INT16
  -------         PROC          _DMPGETPACKET16BITS
BL51 BANKED LINKER/LOCATER V6.22                                                      02/17/2017  09:26:01  PAGE 28


  X:0361H         SYMBOL        data_ptr
  X:0364H         SYMBOL        packet
  C:15CFH         LINE#         1286
  C:15DAH         LINE#         1289
  C:161AH         LINE#         1290
  C:1662H         LINE#         1291
  C:16AAH         LINE#         1292
  C:16F2H         LINE#         1294
  C:173AH         LINE#         1295
  C:1782H         LINE#         1296
  C:17CAH         LINE#         1298
  C:1812H         LINE#         1299
  C:185AH         LINE#         1300
  C:18A2H         LINE#         1301
  C:18A4H         LINE#         1302
  -------         ENDPROC       _DMPGETPACKET16BITS
  -------         PROC          L?0329
  -------         ENDPROC       L?0329
  -------         PROC          _GETMOTION6_VARIABLES
  X:0295H         SYMBOL        ax
  X:0298H         SYMBOL        ay
  X:029BH         SYMBOL        az
  X:029EH         SYMBOL        gx
  X:02A1H         SYMBOL        gy
  X:02A4H         SYMBOL        gz
  C:2304H         LINE#         1310
  C:230FH         LINE#         1311
  C:2321H         LINE#         1314
  C:233CH         LINE#         1315
  C:2357H         LINE#         1316
  C:2372H         LINE#         1317
  C:238DH         LINE#         1318
  C:23A8H         LINE#         1319
  -------         ENDPROC       _GETMOTION6_VARIABLES
  -------         PROC          _SPI_RW
  D:0007H         SYMBOL        value
  C:388EH         LINE#         127
  C:388EH         LINE#         128
  C:3890H         LINE#         130
  C:3895H         LINE#         132
  C:3897H         LINE#         133
  -------         ENDPROC       _SPI_RW
  -------         PROC          _SPI_RW_REG
  D:0007H         SYMBOL        reg
  D:0006H         SYMBOL        value
  -------         DO            
  D:0005H         SYMBOL        status
  -------         ENDDO         
  C:360DH         LINE#         142
  C:360FH         LINE#         145
  C:3611H         LINE#         146
  C:3616H         LINE#         147
  C:361BH         LINE#         148
  C:361DH         LINE#         150
  C:361FH         LINE#         151
  -------         ENDPROC       _SPI_RW_REG
  -------         PROC          _SPI_READ
BL51 BANKED LINKER/LOCATER V6.22                                                      02/17/2017  09:26:01  PAGE 29


  D:0007H         SYMBOL        reg
  -------         DO            
  D:0007H         SYMBOL        reg_val
  -------         ENDDO         
  C:3777H         LINE#         159
  C:3777H         LINE#         162
  C:3779H         LINE#         163
  C:377CH         LINE#         164
  C:3781H         LINE#         165
  C:3783H         LINE#         167
  C:3783H         LINE#         168
  -------         ENDPROC       _SPI_READ
  -------         PROC          _SPI_READ_BUF
  D:0007H         SYMBOL        reg
  D:0023H         SYMBOL        pBuf
  D:0026H         SYMBOL        bytes
  -------         DO            
  D:0006H         SYMBOL        status
  D:0005H         SYMBOL        byte_ctr
  -------         ENDDO         
  C:3245H         LINE#         177
  C:324BH         LINE#         180
  C:324DH         LINE#         181
  C:3252H         LINE#         183
  C:325AH         LINE#         184
  C:3271H         LINE#         186
  C:3273H         LINE#         188
  C:3275H         LINE#         189
  -------         ENDPROC       _SPI_READ_BUF
  -------         PROC          _SPI_WRITE_BUF
  D:0007H         SYMBOL        reg
  D:0031H         SYMBOL        pBuf
  D:0034H         SYMBOL        bytes
  -------         DO            
  D:0006H         SYMBOL        status
  D:0005H         SYMBOL        byte_ctr
  -------         ENDDO         
  C:31E1H         LINE#         199
  C:31E7H         LINE#         202
  C:31E9H         LINE#         203
  C:31EEH         LINE#         204
  C:31F6H         LINE#         205
  C:320EH         LINE#         206
  C:3210H         LINE#         207
  C:3212H         LINE#         208
  -------         ENDPROC       _SPI_WRITE_BUF
  -------         PROC          RX_MODE
  C:367CH         LINE#         213
  C:367CH         LINE#         214
  C:367FH         LINE#         215
  C:3681H         LINE#         216
  C:3683H         LINE#         217
  C:368AH         LINE#         218
  C:368CH         LINE#         219
  -------         ENDPROC       RX_MODE
  -------         PROC          _TX_MODE_NOACK
  D:002CH         SYMBOL        payloadLength
BL51 BANKED LINKER/LOCATER V6.22                                                      02/17/2017  09:26:01  PAGE 30


  C:3213H         LINE#         227
  C:3217H         LINE#         228
  C:3219H         LINE#         229
  C:3220H         LINE#         230
  C:322EH         LINE#         231
  C:323CH         LINE#         233
  C:323EH         LINE#         234
  C:3244H         LINE#         235
  -------         ENDPROC       _TX_MODE_NOACK
  -------         PROC          RF_IRQ
  C:2929H         LINE#         242
  C:2942H         LINE#         244
  C:2949H         LINE#         245
  C:294CH         LINE#         246
  C:295AH         LINE#         247
  C:2961H         LINE#         248
  C:2963H         LINE#         249
  C:296DH         LINE#         250
  C:2972H         LINE#         251
  C:2974H         LINE#         252
  C:297AH         LINE#         253
  C:297CH         LINE#         254
  C:297CH         LINE#         255
  C:297CH         LINE#         256
  C:297FH         LINE#         257
  C:2986H         LINE#         258
  C:2989H         LINE#         259
  C:2990H         LINE#         260
  C:2997H         LINE#         261
  -------         ENDPROC       RF_IRQ
  -------         PROC          _RF_INIT
  D:0027H         SYMBOL        rx_addr
  D:002AH         SYMBOL        tx_addr
  D:002DH         SYMBOL        rf_channel
  D:002EH         SYMBOL        rf_data_rate
  D:002FH         SYMBOL        rf_pwr
  -------         DO            
  D:0004H         SYMBOL        rf_setup_byte
  -------         ENDDO         
  C:275CH         LINE#         271
  C:2762H         LINE#         272
  C:2764H         LINE#         273
  C:2766H         LINE#         274
  C:2768H         LINE#         275
  C:276AH         LINE#         276
  C:276CH         LINE#         277
  C:276EH         LINE#         279
  C:277DH         LINE#         280
  C:277DH         LINE#         281
  C:2780H         LINE#         282
  C:2782H         LINE#         283
  C:2782H         LINE#         284
  C:2785H         LINE#         285
  C:2788H         LINE#         286
  C:278AH         LINE#         287
  C:278AH         LINE#         288
  C:278DH         LINE#         289
BL51 BANKED LINKER/LOCATER V6.22                                                      02/17/2017  09:26:01  PAGE 31


  C:278DH         LINE#         290
  C:278FH         LINE#         291
  C:278FH         LINE#         292
  C:2792H         LINE#         293
  C:2792H         LINE#         294
  C:2792H         LINE#         295
  C:279CH         LINE#         296
  C:279CH         LINE#         297
  C:279FH         LINE#         298
  C:27A2H         LINE#         299
  C:27A4H         LINE#         300
  C:27A4H         LINE#         301
  C:27A7H         LINE#         302
  C:27A9H         LINE#         303
  C:27A9H         LINE#         304
  C:27ACH         LINE#         305
  C:27AFH         LINE#         306
  C:27AFH         LINE#         307
  C:27AFH         LINE#         309
  C:27BDH         LINE#         311
  C:27CBH         LINE#         313
  C:27D2H         LINE#         315
  C:27D9H         LINE#         317
  C:27E0H         LINE#         319
  C:27E7H         LINE#         321
  C:27EEH         LINE#         323
  C:27F5H         LINE#         325
  C:27FCH         LINE#         327
  C:27FEH         LINE#         328
  -------         ENDPROC       _RF_INIT
  -------         PROC          _SEND_INERTIAL_PACKET_BY_RF
  D:0007H         SYMBOL        pkt_type
  D:0028H         SYMBOL        fifo_buffer
  D:002BH         SYMBOL        my_sub_addr
  C:1DA4H         LINE#         123
  C:1DAAH         LINE#         124
[...]
  C:31D9H         LINE#         216
  C:31DBH         LINE#         218
  C:31DEH         LINE#         220
  C:31E0H         LINE#         221
  -------         ENDPROC       _HAL_W2_WRITE
  -------         PROC          _HAL_W2_READ
  D:0007H         SYMBOL        address
  D:0057H         SYMBOL        data_ptr
  D:005AH         SYMBOL        data_len
  -------         DO            
  D:0007H         SYMBOL        w2_status
  D:005BH         SYMBOL        ack_received
  -------         ENDDO         
  C:2EBAH         LINE#         223
  C:2EC0H         LINE#         224
  C:2EC0H         LINE#         228
  C:2EC7H         LINE#         230
  C:2ECBH         LINE#         231
  C:2ECBH         LINE#         233
BL51 BANKED LINKER/LOCATER V6.22                                                      02/17/2017  09:26:01  PAGE 44


  C:2ECEH         LINE#         234
  C:2ECEH         LINE#         237
  C:2ED9H         LINE#         238
  C:2ED9H         LINE#         239
  C:2EDDH         LINE#         240
  C:2EDDH         LINE#         241
  C:2EE0H         LINE#         242
  C:2EE0H         LINE#         244
  C:2EE3H         LINE#         246
  C:2EF6H         LINE#         247
  C:2F02H         LINE#         248
  C:2F04H         LINE#         250
  C:2F06H         LINE#         251
  -------         ENDPROC       _HAL_W2_READ
  -------         PROC          HAL_W2_SOFT_RESET
  -------         DO            
  D:003BH         SYMBOL        pulsecount
  D:003CH         SYMBOL        w2_freq
  -------         ENDDO         
  C:29AEH         LINE#         253
  C:29AEH         LINE#         254
  C:29AEH         LINE#         259
  C:29B4H         LINE#         261
  C:29B7H         LINE#         262
  C:29BFH         LINE#         266
  C:29C2H         LINE#         267
  C:29C5H         LINE#         270
  C:29C8H         LINE#         275
  C:29D0H         LINE#         278
  C:29D7H         LINE#         280
  C:29DAH         LINE#         284
  C:29E1H         LINE#         285
  C:29E4H         LINE#         286
  C:29E4H         LINE#         288
  C:29ECH         LINE#         289
  C:29F3H         LINE#         291
  C:29F6H         LINE#         292
  C:29FDH         LINE#         293
  C:2A06H         LINE#         296
  C:2A0DH         LINE#         298
  C:2A15H         LINE#         301
  C:2A1CH         LINE#         303
  C:2A24H         LINE#         306
  C:2A27H         LINE#         309
  C:2A2AH         LINE#         310
  C:2A30H         LINE#         312
  -------         ENDPROC       HAL_W2_SOFT_RESET
  -------         PROC          _I2C_MPU_WRITEBYTE
  D:0007H         SYMBOL        devAddr
  D:0005H         SYMBOL        regAddr
  D:002EH         SYMBOL        data_to_write
  C:369EH         LINE#         317
  C:36A0H         LINE#         318
  C:36AEH         LINE#         319
  -------         ENDPROC       _I2C_MPU_WRITEBYTE
  -------         PROC          _I2C_MPU_WRITEBYTES
  D:0007H         SYMBOL        devAddr
BL51 BANKED LINKER/LOCATER V6.22                                                      02/17/2017  09:26:01  PAGE 45


  D:0004H         SYMBOL        regAddr
  D:0006H         SYMBOL        data_len
  D:0032H         SYMBOL        data_ptr
  -------         DO            
  D:0007H         SYMBOL        w2_status
  D:0005H         SYMBOL        ack_received
  -------         ENDDO         
  C:30B5H         LINE#         321
  C:30B9H         LINE#         326
  C:30C0H         LINE#         327
  C:30C2H         LINE#         328
  C:30C5H         LINE#         329
  C:30C9H         LINE#         330
  C:30C9H         LINE#         331
  C:30CBH         LINE#         332
  C:30CBH         LINE#         334
  C:30D7H         LINE#         335
  C:30D7H         LINE#         336
  C:30E3H         LINE#         337
  C:30E6H         LINE#         338
  C:30EAH         LINE#         339
  C:30EAH         LINE#         340
  C:30ECH         LINE#         341
  C:30ECH         LINE#         342
  C:30EEH         LINE#         343
  C:30F1H         LINE#         345
  C:30F3H         LINE#         346
  -------         ENDPROC       _I2C_MPU_WRITEBYTES
  -------         PROC          _I2C_MPU_READBYTE
  D:0007H         SYMBOL        devAddr
  D:0005H         SYMBOL        regAddr
  D:0030H         SYMBOL        data_ptr
  C:366AH         LINE#         348
  C:3670H         LINE#         349
  C:367BH         LINE#         350
  -------         ENDPROC       _I2C_MPU_READBYTE
  -------         PROC          _I2C_MPU_READBYTES
  D:0006H         SYMBOL        devAddr
  D:0004H         SYMBOL        regAddr
  D:0035H         SYMBOL        data_len
  D:0036H         SYMBOL        data_ptr
  -------         DO            
  D:0039H         SYMBOL        w2_status
  D:003AH         SYMBOL        ack_received
  -------         ENDDO         
  C:2B93H         LINE#         352
  C:2B99H         LINE#         357
  C:2BA0H         LINE#         358
  C:2BA2H         LINE#         359
  C:2BA7H         LINE#         360
  C:2BACH         LINE#         361
  C:2BACH         LINE#         362
  C:2BAFH         LINE#         363
  C:2BAFH         LINE#         367
  C:2BB8H         LINE#         369
  C:2BBCH         LINE#         370
  C:2BBCH         LINE#         372
BL51 BANKED LINKER/LOCATER V6.22                                                      02/17/2017  09:26:01  PAGE 46


  C:2BBFH         LINE#         374
  C:2BBFH         LINE#         376
  C:2BCAH         LINE#         377
  C:2BCAH         LINE#         378
  C:2BCEH         LINE#         379
  C:2BCEH         LINE#         380
  C:2BD1H         LINE#         381
  C:2BD1H         LINE#         383
  C:2BD6H         LINE#         385
  C:2BE9H         LINE#         386
  C:2BF6H         LINE#         387
  C:2BF8H         LINE#         389
  C:2BFAH         LINE#         390
  -------         ENDPROC       _I2C_MPU_READBYTES
  -------         PROC          _I2C_MPU_WRITEBIT
  D:0027H         SYMBOL        devAddr
  D:0028H         SYMBOL        regAddr
  D:0029H         SYMBOL        bitNum
  D:002AH         SYMBOL        data_to_write
  -------         DO            
  D:002BH         SYMBOL        b
  -------         ENDDO         
  C:2E6CH         LINE#         393
  C:2E72H         LINE#         395
  C:2E7BH         LINE#         396
  C:2EB0H         LINE#         397
  C:2EB9H         LINE#         398
  -------         ENDPROC       _I2C_MPU_WRITEBIT
  -------         PROC          _I2C_MPU_WRITEBITS
  D:0027H         SYMBOL        devAddr
  D:0028H         SYMBOL        regAddr
  D:0029H         SYMBOL        bitStart
  D:002AH         SYMBOL        data_length
  D:002BH         SYMBOL        data_to_write
  -------         DO            
  D:002CH         SYMBOL        b
  -------         DO            
  D:002DH         SYMBOL        mask
  -------         ENDDO         
  -------         ENDDO         
  C:2BFBH         LINE#         399
  C:2C01H         LINE#         408
  C:2C0DH         LINE#         409
  C:2C3AH         LINE#         410
  C:2C47H         LINE#         411
  C:2C4BH         LINE#         412
  C:2C4EH         LINE#         413
  C:2C52H         LINE#         414
  C:2C5BH         LINE#         415
  C:2C5BH         LINE#         416
  C:2C5DH         LINE#         417
  C:2C5DH         LINE#         418
  -------         ENDPROC       _I2C_MPU_WRITEBITS
  -------         PROC          _I2C_MPU_READBIT
  D:0007H         SYMBOL        devAddr
  D:0005H         SYMBOL        regAddr
  D:003FH         SYMBOL        bitNum
BL51 BANKED LINKER/LOCATER V6.22                                                      02/17/2017  09:26:01  PAGE 47


  D:0040H         SYMBOL        data_ptr
  -------         DO            
  D:0043H         SYMBOL        b
  D:0007H         SYMBOL        count
  -------         ENDDO         
  C:0026H         LINE#         419
  C:0028H         LINE#         421
  C:0031H         LINE#         422
  C:0049H         LINE#         423
  C:0049H         LINE#         424
  -------         ENDPROC       _I2C_MPU_READBIT
  -------         PROC          _I2C_MPU_READBITS
  D:0007H         SYMBOL        devAddr
  D:0005H         SYMBOL        regAddr
  D:0029H         SYMBOL        bitStart
  D:002AH         SYMBOL        data_length
  D:002BH         SYMBOL        data_ptr
  -------         DO            
  D:0005H         SYMBOL        count
  D:002EH         SYMBOL        b
  -------         DO            
  D:002FH         SYMBOL        mask
  -------         ENDDO         
  -------         ENDDO         
  C:2D1DH         LINE#         425
  C:2D1FH         LINE#         432
  C:2D2DH         LINE#         433
  C:2D5AH         LINE#         434
  C:2D5CH         LINE#         435
  C:2D69H         LINE#         436
  C:2D72H         LINE#         437
  C:2D72H         LINE#         438
  C:2D74H         LINE#         439
  -------         ENDPROC       _I2C_MPU_READBITS
  -------         PROC          _I2C_MPU_WRITEWORD
  D:0007H         SYMBOL        devAddr
  D:0005H         SYMBOL        regAddr
  D:0027H         SYMBOL        data_to_write
  C:3633H         LINE#         442
  C:3637H         LINE#         443
  C:3645H         LINE#         444
  -------         ENDPROC       _I2C_MPU_WRITEWORD
  -------         PROC          _I2C_MPU_WRITEWORDS
  D:0007H         SYMBOL        devAddr
  D:0006H         SYMBOL        regAddr
  D:0004H         SYMBOL        data_length
  D:002CH         SYMBOL        data_ptr
  -------         DO            
  D:0007H         SYMBOL        w2_status
  D:0005H         SYMBOL        ack_received
  -------         ENDDO         
  C:2C5EH         LINE#         445
  C:2C62H         LINE#         456
  C:2C69H         LINE#         457
  C:2C6BH         LINE#         458
  C:2C6EH         LINE#         459
  C:2C72H         LINE#         460
BL51 BANKED LINKER/LOCATER V6.22                                                      02/17/2017  09:26:01  PAGE 48


  C:2C72H         LINE#         461
  C:2C74H         LINE#         462
  C:2C74H         LINE#         464
  C:2C82H         LINE#         465
  C:2C82H         LINE#         466
  C:2C8FH         LINE#         467
  C:2C92H         LINE#         468
  C:2C96H         LINE#         469
  C:2C96H         LINE#         470
  C:2C98H         LINE#         471
  C:2C98H         LINE#         472
  C:2C9BH         LINE#         473
  C:2CB0H         LINE#         474
  C:2CB3H         LINE#         475
  C:2CB7H         LINE#         476
  C:2CB7H         LINE#         477
  C:2CB9H         LINE#         478
  C:2CB9H         LINE#         479
  C:2CBBH         LINE#         480
  C:2CBBH         LINE#         481
  C:2CBBH         LINE#         482
  C:2CBBH         LINE#         483
  C:2CBEH         LINE#         485
  C:2CC0H         LINE#         486
  -------         ENDPROC       _I2C_MPU_WRITEWORDS
  -------         ENDMOD        HAL_W2_ISR

  -------         MODULE        HAL_UART
  C:0000H         SYMBOL        _ICE_DUMMY_
  D:0080H         PUBLIC        P0
  D:0090H         PUBLIC        P1
  D:00A0H         PUBLIC        P2
  D:00B0H         PUBLIC        P3
  I:0067H         SYMBOL        uart_rx
  I:006FH         SYMBOL        uart_tx
  D:00A8H         PUBLIC        IEN0
  D:00B8H         PUBLIC        IEN1
  B:0098H.4       PUBLIC        REN0
  C:34ECH         PUBLIC        hal_uart_getchar
  C:2F9EH         PUBLIC        uart0_isr
  D:00BAH         PUBLIC        S0RELH
  D:005CH         SYMBOL        uart_rx_cnt
  D:0087H         PUBLIC        PCON
  C:329DH         PUBLIC        _hal_uart_putchar
  D:005DH         SYMBOL        uart_tx_cnt
  D:00AAH         PUBLIC        S0RELL
  D:0088H         PUBLIC        TCON
  B:00A8H.4       PUBLIC        ES0
  B:0098H.0       PUBLIC        RI0
  D:005EH         SYMBOL        uart_rx_rp
  B:0098H.1       PUBLIC        TI0
  D:005FH         SYMBOL        uart_tx_rp
  B:0098H.7       PUBLIC        SM0
  B:0098H.6       PUBLIC        SM1
  D:0060H         SYMBOL        uart_rx_wp
  C:004EH         PUBLIC        hal_uart_chars_available
  D:0061H         SYMBOL        uart_tx_wp
BL51 BANKED LINKER/LOCATER V6.22                                                      02/17/2017  09:26:01  PAGE 49


  D:0099H         PUBLIC        S0BUF
  C:38A2H         PUBLIC        hal_uart_tx_complete
  D:0098H         PUBLIC        S0CON
  D:00D8H         PUBLIC        ADCON
  D:00C8H         PUBLIC        T2CON
  D:00F8H         PUBLIC        FSR
  C:2FE7H         PUBLIC        _hal_uart_init
  D:00E8H         PUBLIC        RFCON
  D:00D0H         PUBLIC        PSW
  D:00C0H         PUBLIC        IRCON
  -------         PROC          UART0_ISR
  C:2F9EH         LINE#         41
  C:2FA7H         LINE#         43
  C:2FAAH         LINE#         44
  C:2FAAH         LINE#         45
  C:2FACH         LINE#         46
  C:2FB3H         LINE#         47
  C:2FB3H         LINE#         48
  C:2FBAH         LINE#         49
  C:2FC1H         LINE#         50
  C:2FC3H         LINE#         51
  C:2FC3H         LINE#         52
  C:2FC3H         LINE#         53
  C:2FC6H         LINE#         54
  C:2FC6H         LINE#         55
  C:2FC8H         LINE#         56
  C:2FCFH         LINE#         57
  C:2FCFH         LINE#         58
  C:2FD7H         LINE#         59
  C:2FDEH         LINE#         60
  C:2FDEH         LINE#         61
  C:2FE0H         LINE#         62
  C:2FE0H         LINE#         63
  -------         ENDPROC       UART0_ISR
  -------         PROC          _HAL_UART_INIT
  D:0007H         SYMBOL        baud
  -------         DO            
  D:0004H         SYMBOL        temp
  -------         ENDDO         
  C:2FE7H         LINE#         65
  C:2FE7H         LINE#         66
  C:2FE7H         LINE#         69
  C:2FE9H         LINE#         70
  C:2FEEH         LINE#         71
  C:2FF0H         LINE#         72
  C:2FF4H         LINE#         73
  C:2FF6H         LINE#         74
  C:2FF8H         LINE#         75
  C:2FFAH         LINE#         76
  C:2FFCH         LINE#         77
  C:2FFFH         LINE#         78
  C:3002H         LINE#         79
  C:300EH         LINE#         80
  C:300EH         LINE#         81
  C:300EH         LINE#         82
  C:3012H         LINE#         83
  C:3014H         LINE#         84
BL51 BANKED LINKER/LOCATER V6.22                                                      02/17/2017  09:26:01  PAGE 50


  C:3014H         LINE#         85
  C:3018H         LINE#         86
  C:301AH         LINE#         87
  C:301AH         LINE#         88
  C:301EH         LINE#         89
  C:3020H         LINE#         90
  C:3020H         LINE#         91
  C:3020H         LINE#         92
  C:3024H         LINE#         93
  C:3024H         LINE#         94
  C:3024H         LINE#         95
  C:3026H         LINE#         96
  C:3028H         LINE#         98
  C:302AH         LINE#         99
  C:302CH         LINE#         100
  -------         ENDPROC       _HAL_UART_INIT
  -------         PROC          _HAL_UART_PUTCHAR
  D:0007H         SYMBOL        ch
  C:329DH         LINE#         102
  C:329DH         LINE#         103
  C:329DH         LINE#         105
  C:32A4H         LINE#         107
  C:32A6H         LINE#         108
  C:32AAH         LINE#         109
  C:32AAH         LINE#         110
  C:32ACH         LINE#         111
  C:32AEH         LINE#         113
  C:32AEH         LINE#         114
  C:32B5H         LINE#         115
  C:32BCH         LINE#         116
  C:32BCH         LINE#         117
  C:32BEH         LINE#         118
  C:32C0H         LINE#         119
  -------         ENDPROC       _HAL_UART_PUTCHAR
  -------         PROC          HAL_UART_CHARS_AVAILABLE
  C:004EH         LINE#         122
  C:004EH         LINE#         123
  C:004EH         LINE#         124
  C:0050H         LINE#         125
  -------         ENDPROC       HAL_UART_CHARS_AVAILABLE
  -------         PROC          HAL_UART_TX_COMPLETE
  C:38A2H         LINE#         127
  C:38A2H         LINE#         128
  C:38A2H         LINE#         129
  C:38A6H         LINE#         130
  C:38A6H         LINE#         131
  C:38A9H         LINE#         132
  C:38A9H         LINE#         134
  C:38A9H         LINE#         135
  C:38ABH         LINE#         136
  C:38ABH         LINE#         137
  -------         ENDPROC       HAL_UART_TX_COMPLETE
  -------         PROC          HAL_UART_GETCHAR
  -------         DO            
  D:0007H         SYMBOL        ch
  -------         ENDDO         
  C:34ECH         LINE#         138
BL51 BANKED LINKER/LOCATER V6.22                                                      02/17/2017  09:26:01  PAGE 51


  C:34ECH         LINE#         139
  C:34ECH         LINE#         144
  C:34F0H         LINE#         145
  C:34F0H         LINE#         146
  C:34F2H         LINE#         147
  C:34F9H         LINE#         148
  C:3500H         LINE#         149
  C:3502H         LINE#         150
  C:3504H         LINE#         151
  C:3504H         LINE#         152
  -------         ENDPROC       HAL_UART_GETCHAR
  -------         ENDMOD        HAL_UART

  -------         MODULE        ?C?CLDPTR
  C:08D3H         PUBLIC        ?C?CLDPTR
  -------         ENDMOD        ?C?CLDPTR

  -------         MODULE        ?C?CLDOPTR
  C:08ECH         PUBLIC        ?C?CLDOPTR
  -------         ENDMOD        ?C?CLDOPTR

  -------         MODULE        ?C?CSTPTR
  C:0919H         PUBLIC        ?C?CSTPTR
  -------         ENDMOD        ?C?CSTPTR

  -------         MODULE        ?C?CSTOPTR
  C:092BH         PUBLIC        ?C?CSTOPTR
  -------         ENDMOD        ?C?CSTOPTR

  -------         MODULE        ?C?IMUL
  C:094DH         PUBLIC        ?C?IMUL
  -------         ENDMOD        ?C?IMUL

  -------         MODULE        ?C?UIDIV
  C:095FH         PUBLIC        ?C?UIDIV
  -------         ENDMOD        ?C?UIDIV

  -------         MODULE        ?C?SIDIV
  C:09B4H         PUBLIC        ?C?SIDIV
  -------         ENDMOD        ?C?SIDIV

  -------         MODULE        ?C?ILDIX
  C:09EAH         PUBLIC        ?C?ILDIX
  -------         ENDMOD        ?C?ILDIX

  -------         MODULE        ?C?ILDPTR
  C:0A00H         PUBLIC        ?C?ILDPTR
  -------         ENDMOD        ?C?ILDPTR

  -------         MODULE        ?C?ISTPTR
  C:0A2BH         PUBLIC        ?C?ISTPTR
  -------         ENDMOD        ?C?ISTPTR

  -------         MODULE        ?C?ISTOPTR
  C:0A4AH         PUBLIC        ?C?ISTOPTR
  -------         ENDMOD        ?C?ISTOPTR

BL51 BANKED LINKER/LOCATER V6.22                                                      02/17/2017  09:26:01  PAGE 52


  -------         MODULE        ?C?SLDIV
  C:3071H         PUBLIC        ?C?SLDIV
  -------         ENDMOD        ?C?SLDIV

  -------         MODULE        ?C?MEMCMP
  C:0BFDH         PUBLIC        ?C?MEMCMP
  -------         ENDMOD        ?C?MEMCMP

  -------         MODULE        MALLOC
  C:2801H         PUBLIC        _malloc
  -------         ENDMOD        MALLOC

  -------         MODULE        INIT_MEM
  X:0353H         PUBLIC        __mem_avail__
  C:3130H         PUBLIC        _init_mempool
  -------         ENDMOD        INIT_MEM

  -------         MODULE        REALLOC
  C:2AAAH         PUBLIC        _realloc
  -------         ENDMOD        REALLOC

  -------         MODULE        FREE
  C:21BCH         PUBLIC        _free
  -------         ENDMOD        FREE

  -------         MODULE        ?C?COPY
  C:0CF1H         PUBLIC        ?C?COPY
  -------         ENDMOD        ?C?COPY

  -------         MODULE        ?C?IILDX
  C:0D17H         PUBLIC        ?C?IILDX
  -------         ENDMOD        ?C?IILDX

  -------         MODULE        ?C?ULDIV
  C:0D69H         PUBLIC        ?C?ULDIV
  -------         ENDMOD        ?C?ULDIV

Program Size: data=119.1 xdata=873 code=14584
LINK/LOCATE RUN COMPLETE.  0 WARNING(S),  0 ERROR(S)
