BL51 BANKED LINKER/LOCATER V6.22                                                        10/25/2016  11:01:58  PAGE 1


BL51 BANKED LINKER/LOCATER V6.22, INVOKED BY:
C:\KEIL_V5\C51\BIN\BL51.EXE .\Objects\STARTUP.obj, .\Objects\mod2-receptor.obj TO .\Objects\mod2-receptor PRINT (.\Listi
>> ngs\mod2-receptor.m51) RAMSIZE (256)


MEMORY MODEL: SMALL


INPUT MODULES INCLUDED:
  .\Objects\STARTUP.obj (?C_STARTUP)
  .\Objects\mod2-receptor.obj (MOD2_RECEPTOR)
  C:\KEIL_V5\C51\LIB\C51S.LIB (?C_INIT)
  C:\KEIL_V5\C51\LIB\C51S.LIB (?C?CLDPTR)
  C:\KEIL_V5\C51\LIB\C51S.LIB (?C?CSTOPTR)


LINK MAP OF MODULE:  .\Objects\mod2-receptor (?C_STARTUP)


            TYPE    BASE      LENGTH    RELOCATION   SEGMENT NAME
            -----------------------------------------------------

            * * * * * * *   D A T A   M E M O R Y   * * * * * * *
            REG     0000H     0008H     ABSOLUTE     "REG BANK 0"
            DATA    0008H     000CH     UNIT         _DATA_GROUP_
                    0014H     000CH                  *** GAP ***
            DATA    0020H     0001H     BIT_ADDR     ?BA?MOD2_RECEPTOR
            BIT     0021H.0   0000H.1   UNIT         ?BI?MOD2_RECEPTOR
                    0021H.1   0000H.7                *** GAP ***
            DATA    0022H     003EH     UNIT         ?DT?MOD2_RECEPTOR
            IDATA   0060H     0001H     UNIT         ?STACK

            * * * * * * *   C O D E   M E M O R Y   * * * * * * *
            CODE    0000H     0003H     ABSOLUTE     
                    0003H     0048H                  *** GAP ***
            CODE    004BH     0003H     ABSOLUTE     
                    004EH     07B2H                  *** GAP ***
            CODE    0800H     0092H     UNIT         ?PR?MAIN?MOD2_RECEPTOR
            CODE    0892H     008CH     UNIT         ?C_C51STARTUP
            CODE    091EH     0086H     UNIT         ?PR?RF_IRQ?MOD2_RECEPTOR
            CODE    09A4H     0046H     UNIT         ?PR?RF_INIT?MOD2_RECEPTOR
            CODE    09EAH     003DH     UNIT         ?PR?_SPI_WRITE_BUF?MOD2_RECEPTOR
            CODE    0A27H     003CH     UNIT         ?CO?MOD2_RECEPTOR
            CODE    0A63H     003BH     UNIT         ?C?LIB_CODE
            CODE    0A9EH     0031H     UNIT         ?PR?_SPI_READ_BUF?MOD2_RECEPTOR
            CODE    0ACFH     002DH     UNIT         ?PR?SETUP?MOD2_RECEPTOR
            CODE    0AFCH     0027H     UNIT         ?PR?_TX_MODE_NOACK?MOD2_RECEPTOR
            CODE    0B23H     0025H     UNIT         ?PR?_PUTSTRING?MOD2_RECEPTOR
            CODE    0B48H     0025H     UNIT         ?PR?_DELAY_MS?MOD2_RECEPTOR
            CODE    0B6DH     001EH     UNIT         ?PR?LUZES_INICIAIS?MOD2_RECEPTOR
            CODE    0B8BH     001AH     UNIT         ?PR?UART_INIT?MOD2_RECEPTOR
            CODE    0BA5H     0013H     UNIT         ?PR?_SPI_RW_REG?MOD2_RECEPTOR
            CODE    0BB8H     0011H     UNIT         ?PR?RX_MODE?MOD2_RECEPTOR
            CODE    0BC9H     000DH     UNIT         ?PR?_SPI_READ?MOD2_RECEPTOR
            CODE    0BD6H     000DH     UNIT         ?C_INITSEG
            CODE    0BE3H     000AH     UNIT         ?PR?_SPI_RW?MOD2_RECEPTOR
            CODE    0BEDH     0008H     UNIT         ?PR?_UART_PUTCHAR?MOD2_RECEPTOR

BL51 BANKED LINKER/LOCATER V6.22                                                      10/25/2016  11:01:58  PAGE 2




OVERLAY MAP OF MODULE:   .\Objects\mod2-receptor (?C_STARTUP)


SEGMENT                                    DATA_GROUP 
  +--> CALLED SEGMENT                    START    LENGTH
--------------------------------------------------------
?C_C51STARTUP                            -----    -----
  +--> ?PR?MAIN?MOD2_RECEPTOR
  +--> ?C_INITSEG

?PR?MAIN?MOD2_RECEPTOR                   -----    -----
  +--> ?PR?SETUP?MOD2_RECEPTOR
  +--> ?PR?_TX_MODE_NOACK?MOD2_RECEPTOR
  +--> ?PR?RX_MODE?MOD2_RECEPTOR
  +--> ?CO?MOD2_RECEPTOR
  +--> ?PR?_PUTSTRING?MOD2_RECEPTOR
  +--> ?PR?_DELAY_MS?MOD2_RECEPTOR
  +--> ?PR?_UART_PUTCHAR?MOD2_RECEPTOR

?PR?SETUP?MOD2_RECEPTOR                  -----    -----
  +--> ?PR?RF_INIT?MOD2_RECEPTOR
  +--> ?PR?UART_INIT?MOD2_RECEPTOR
  +--> ?PR?RX_MODE?MOD2_RECEPTOR
  +--> ?PR?LUZES_INICIAIS?MOD2_RECEPTOR
  +--> ?CO?MOD2_RECEPTOR
  +--> ?PR?_PUTSTRING?MOD2_RECEPTOR

?PR?RF_INIT?MOD2_RECEPTOR                -----    -----
  +--> ?PR?_SPI_WRITE_BUF?MOD2_RECEPTOR
  +--> ?PR?_SPI_RW_REG?MOD2_RECEPTOR

?PR?_SPI_WRITE_BUF?MOD2_RECEPTOR         000AH    0005H
  +--> ?PR?_SPI_RW?MOD2_RECEPTOR

?PR?_SPI_RW_REG?MOD2_RECEPTOR            -----    -----
  +--> ?PR?_SPI_RW?MOD2_RECEPTOR

?PR?RX_MODE?MOD2_RECEPTOR                -----    -----
  +--> ?PR?_SPI_RW_REG?MOD2_RECEPTOR

?PR?LUZES_INICIAIS?MOD2_RECEPTOR         -----    -----
  +--> ?PR?_DELAY_MS?MOD2_RECEPTOR

?PR?_PUTSTRING?MOD2_RECEPTOR             0008H    0003H
  +--> ?PR?_UART_PUTCHAR?MOD2_RECEPTOR

?PR?_TX_MODE_NOACK?MOD2_RECEPTOR         0008H    0002H
  +--> ?PR?_SPI_RW_REG?MOD2_RECEPTOR
  +--> ?PR?_SPI_WRITE_BUF?MOD2_RECEPTOR

*** NEW ROOT ***************************************************

?PR?RF_IRQ?MOD2_RECEPTOR                 -----    -----
  +--> ?PR?_SPI_READ?MOD2_RECEPTOR
  +--> ?PR?_SPI_READ_BUF?MOD2_RECEPTOR
BL51 BANKED LINKER/LOCATER V6.22                                                      10/25/2016  11:01:58  PAGE 3


  +--> ?PR?_SPI_RW_REG?MOD2_RECEPTOR

?PR?_SPI_READ?MOD2_RECEPTOR              -----    -----
  +--> ?PR?_SPI_RW?MOD2_RECEPTOR

?PR?_SPI_READ_BUF?MOD2_RECEPTOR          000FH    0005H
  +--> ?PR?_SPI_RW?MOD2_RECEPTOR



SYMBOL TABLE OF MODULE:  .\Objects\mod2-receptor (?C_STARTUP)

  VALUE           TYPE          NAME
  ----------------------------------

  -------         MODULE        ?C_STARTUP
  C:0892H         SEGMENT       ?C_C51STARTUP
  I:0060H         SEGMENT       ?STACK
  C:0000H         PUBLIC        ?C_STARTUP
  D:00E0H         SYMBOL        ACC
  D:00F0H         SYMBOL        B
  D:0083H         SYMBOL        DPH
  D:0082H         SYMBOL        DPL
  N:0000H         SYMBOL        IBPSTACK
  N:0100H         SYMBOL        IBPSTACKTOP
  N:0080H         SYMBOL        IDATALEN
  C:0895H         SYMBOL        IDATALOOP
  N:0000H         SYMBOL        PBPSTACK
  N:0100H         SYMBOL        PBPSTACKTOP
  N:0000H         SYMBOL        PDATALEN
  N:0000H         SYMBOL        PDATASTART
  N:0000H         SYMBOL        PPAGE
  N:0000H         SYMBOL        PPAGEENABLE
  D:00A0H         SYMBOL        PPAGE_SFR
  D:0081H         SYMBOL        SP
  C:0892H         SYMBOL        STARTUP1
  N:0000H         SYMBOL        XBPSTACK
  N:0000H         SYMBOL        XBPSTACKTOP
  N:0000H         SYMBOL        XDATALEN
  N:0000H         SYMBOL        XDATASTART
  C:0000H         LINE#         126
  C:0892H         LINE#         133
  C:0894H         LINE#         134
  C:0895H         LINE#         135
  C:0896H         LINE#         136
  C:0898H         LINE#         185
  C:089BH         LINE#         196
  -------         ENDMOD        ?C_STARTUP

  -------         MODULE        MOD2_RECEPTOR
  C:0000H         SYMBOL        _ICE_DUMMY_
  D:0080H         PUBLIC        P0
  D:0090H         PUBLIC        P1
  D:00A0H         PUBLIC        P2
  D:00B0H         PUBLIC        P3
  B:0080H.2       PUBLIC        S1
  B:0090H.4       PUBLIC        S2
BL51 BANKED LINKER/LOCATER V6.22                                                      10/25/2016  11:01:58  PAGE 4


  B:00A8H.7       PUBLIC        EA
  D:0022H         PUBLIC        rx_buf
  D:003DH         PUBLIC        tx_buf
  D:00A8H         PUBLIC        IEN0
  D:00B8H         PUBLIC        IEN1
  C:0BB8H         PUBLIC        RX_Mode
  B:0098H.4       PUBLIC        REN0
  B:00B8H.1       PUBLIC        RF
  D:00E7H         PUBLIC        SPIRDAT
  C:0BEDH         PUBLIC        _uart_putchar
  B:0021H.0       PUBLIC        newPayload
  B:0020H.6       PUBLIC        RX_DR
  B:00E8H.0       PUBLIC        RFCE
  B:0020H.5       PUBLIC        TX_DS
  C:0800H         PUBLIC        main
  D:00BAH         PUBLIC        S0RELH
  D:0087H         PUBLIC        PCON
  C:0ACFH         PUBLIC        setup
  D:00AAH         PUBLIC        S0RELL
  D:0088H         PUBLIC        TCON
  B:00E8H.2       PUBLIC        RFCKEN
  D:0058H         PUBLIC        ADDR_HOST
  B:00A8H.4       PUBLIC        ES0
  D:0020H         PUBLIC        sta
  C:0A9EH         PUBLIC        _SPI_Read_Buf
  C:0BC9H         PUBLIC        _SPI_Read
  B:0098H.1       PUBLIC        TI0
  B:0098H.7       PUBLIC        SM0
  B:0098H.6       PUBLIC        SM1
  D:005DH         PUBLIC        ii
  C:0B4CH         PUBLIC        _delay_ms
  C:0B8BH         PUBLIC        uart_init
  C:09F5H         PUBLIC        _SPI_Write_Buf
  D:0093H         PUBLIC        P0DIR
  D:009EH         PUBLIC        P0CON
  D:0099H         PUBLIC        S0BUF
  D:0094H         PUBLIC        P1DIR
  C:0AFCH         PUBLIC        _TX_Mode_NOACK
  D:009FH         PUBLIC        P1CON
  D:0095H         PUBLIC        P2DIR
  D:0097H         PUBLIC        P2CON
  D:0098H         PUBLIC        S0CON
  C:0B6DH         PUBLIC        luzes_iniciais
  C:091EH         PUBLIC        RF_IRQ
  D:00D8H         PUBLIC        ADCON
  D:00C8H         PUBLIC        T2CON
  D:00F8H         PUBLIC        FSR
  B:0020H.4       PUBLIC        MAX_RT
  C:09A4H         PUBLIC        rf_init
  B:0080H.6       PUBLIC        LEDVD
  D:005FH         PUBLIC        payloadWidth
  C:0B23H         PUBLIC        _putstring
  C:0BA5H         PUBLIC        _SPI_RW_Reg
  C:0BE3H         PUBLIC        _SPI_RW
  D:00E8H         PUBLIC        RFCON
  D:00D0H         PUBLIC        PSW
  D:00C0H         PUBLIC        IRCON
BL51 BANKED LINKER/LOCATER V6.22                                                      10/25/2016  11:01:58  PAGE 5


  B:00E8H.1       PUBLIC        RFCSN
  D:00E6H         PUBLIC        SPIRSTAT
  -------         PROC          _SPI_RW
  D:0007H         SYMBOL        value
  C:0BE3H         LINE#         29
  C:0BE3H         LINE#         30
  C:0BE3H         LINE#         31
  C:0BE5H         LINE#         33
  C:0BEAH         LINE#         35
  C:0BECH         LINE#         36
  -------         ENDPROC       _SPI_RW
  -------         PROC          _SPI_RW_REG
  D:0007H         SYMBOL        reg
  D:0006H         SYMBOL        value
  -------         DO            
  D:0005H         SYMBOL        status
  -------         ENDDO         
  C:0BA5H         LINE#         38
  C:0BA7H         LINE#         39
  C:0BA7H         LINE#         42
  C:0BA9H         LINE#         43
  C:0BAEH         LINE#         44
  C:0BB3H         LINE#         45
  C:0BB5H         LINE#         47
  C:0BB7H         LINE#         48
  -------         ENDPROC       _SPI_RW_REG
  -------         PROC          _SPI_READ
  D:0007H         SYMBOL        reg
  -------         DO            
  D:0007H         SYMBOL        reg_val
  -------         ENDDO         
  C:0BC9H         LINE#         50
  C:0BC9H         LINE#         51
  C:0BC9H         LINE#         54
  C:0BCBH         LINE#         55
  C:0BCEH         LINE#         56
  C:0BD3H         LINE#         57
  C:0BD5H         LINE#         59
  C:0BD5H         LINE#         60
  -------         ENDPROC       _SPI_READ
  -------         PROC          _SPI_READ_BUF
  D:0007H         SYMBOL        reg
  D:0010H         SYMBOL        pBuf
  D:0013H         SYMBOL        bytes
  -------         DO            
  D:0006H         SYMBOL        status
  D:0005H         SYMBOL        byte_ctr
  -------         ENDDO         
  C:0A9EH         LINE#         62
  C:0AA4H         LINE#         63
  C:0AA4H         LINE#         66
  C:0AA6H         LINE#         67
  C:0AABH         LINE#         69
  C:0AB3H         LINE#         70
  C:0ACAH         LINE#         72
  C:0ACCH         LINE#         74
  C:0ACEH         LINE#         75
BL51 BANKED LINKER/LOCATER V6.22                                                      10/25/2016  11:01:58  PAGE 6


  -------         ENDPROC       _SPI_READ_BUF
  -------         PROC          L?0059
  -------         ENDPROC       L?0059
  -------         PROC          _SPI_WRITE_BUF
  D:0007H         SYMBOL        reg
  D:000BH         SYMBOL        pBuf
  D:000EH         SYMBOL        bytes
  -------         DO            
  D:0006H         SYMBOL        status
  D:0005H         SYMBOL        byte_ctr
  -------         ENDDO         
  C:09F5H         LINE#         77
  C:09FBH         LINE#         78
  C:09FBH         LINE#         81
  C:09FDH         LINE#         82
  C:0A02H         LINE#         83
  C:0A0AH         LINE#         84
  C:0A22H         LINE#         85
  C:0A24H         LINE#         86
  C:0A26H         LINE#         87
  -------         ENDPROC       _SPI_WRITE_BUF
  -------         PROC          RX_MODE
  C:0BB8H         LINE#         90
  C:0BB8H         LINE#         91
  C:0BB8H         LINE#         92
  C:0BBBH         LINE#         93
  C:0BBDH         LINE#         94
  C:0BBFH         LINE#         95
  C:0BC6H         LINE#         96
  C:0BC8H         LINE#         97
  -------         ENDPROC       RX_MODE
  -------         PROC          _TX_MODE_NOACK
  D:0008H         SYMBOL        payloadLength
  C:0AFCH         LINE#         99
  C:0B00H         LINE#         100
  C:0B00H         LINE#         101
  C:0B02H         LINE#         102
  C:0B09H         LINE#         103
  C:0B0CH         LINE#         104
  C:0B1AH         LINE#         106
  C:0B1CH         LINE#         107
  C:0B22H         LINE#         108
  -------         ENDPROC       _TX_MODE_NOACK
  -------         PROC          RF_IRQ
  C:091EH         LINE#         111
  C:0937H         LINE#         113
  C:093EH         LINE#         114
  C:0941H         LINE#         115
  C:0941H         LINE#         116
  C:094FH         LINE#         117
  C:0956H         LINE#         118
  C:0958H         LINE#         119
  C:095FH         LINE#         120
  C:0966H         LINE#         121
  C:0966H         LINE#         122
  C:0969H         LINE#         123
  C:0970H         LINE#         124
BL51 BANKED LINKER/LOCATER V6.22                                                      10/25/2016  11:01:58  PAGE 7


  C:0972H         LINE#         125
  C:0972H         LINE#         126
  C:0972H         LINE#         127
  C:0975H         LINE#         128
  C:097CH         LINE#         129
  C:097FH         LINE#         130
  C:0986H         LINE#         132
  C:098DH         LINE#         133
  -------         ENDPROC       RF_IRQ
  -------         PROC          RF_INIT
  C:09A4H         LINE#         136
  C:09A4H         LINE#         137
  C:09A4H         LINE#         138
  C:09A6H         LINE#         139
  C:09A8H         LINE#         141
  C:09B6H         LINE#         142
  C:09B9H         LINE#         143
  C:09C0H         LINE#         145
  C:09C7H         LINE#         146
  C:09CEH         LINE#         147
  C:09D5H         LINE#         148
  C:09DCH         LINE#         150
  C:09E3H         LINE#         151
  -------         ENDPROC       RF_INIT
  -------         PROC          SETUP
  C:0ACFH         LINE#         50
  C:0ACFH         LINE#         52
  C:0AD2H         LINE#         53
  C:0AD5H         LINE#         54
  C:0AD8H         LINE#         55
  C:0ADBH         LINE#         56
  C:0ADDH         LINE#         57
  C:0ADFH         LINE#         60
  C:0AE1H         LINE#         61
  C:0AE3H         LINE#         62
  C:0AE5H         LINE#         64
  C:0AE8H         LINE#         66
  C:0AEBH         LINE#         69
  C:0AEDH         LINE#         70
  C:0AF0H         LINE#         71
  C:0AF3H         LINE#         72
  -------         ENDPROC       SETUP
  -------         PROC          MAIN
  C:0800H         LINE#         74
  C:0800H         LINE#         75
  C:0803H         LINE#         76
  C:0803H         LINE#         77
  C:0806H         LINE#         79
  C:0809H         LINE#         80
  C:080CH         LINE#         82
  C:0813H         LINE#         83
  C:0816H         LINE#         84
  C:081FH         LINE#         85
  C:0822H         LINE#         86
  C:0825H         LINE#         87
  C:0828H         LINE#         88
  C:0828H         LINE#         89
BL51 BANKED LINKER/LOCATER V6.22                                                      10/25/2016  11:01:58  PAGE 8


  C:082BH         LINE#         91
  C:082EH         LINE#         92
  C:0831H         LINE#         94
  C:0838H         LINE#         95
  C:083BH         LINE#         96
  C:0844H         LINE#         97
  C:0846H         LINE#         98
  C:0849H         LINE#         99
  C:084CH         LINE#         100
  C:084FH         LINE#         101
  C:084FH         LINE#         102
  C:0857H         LINE#         104
  C:085CH         LINE#         105
  C:0861H         LINE#         107
  C:0871H         LINE#         108
  C:087BH         LINE#         109
  C:0885H         LINE#         111
  C:088AH         LINE#         113
  C:088DH         LINE#         114
  C:088FH         LINE#         115
  C:088FH         LINE#         116
  -------         ENDPROC       MAIN
  -------         PROC          UART_INIT
  C:0B8BH         LINE#         120
  C:0B8BH         LINE#         121
  C:0B8BH         LINE#         122
  C:0B8DH         LINE#         123
  C:0B8FH         LINE#         124
  C:0B91H         LINE#         125
  C:0B93H         LINE#         126
  C:0B96H         LINE#         127
  C:0B99H         LINE#         129
  C:0B9CH         LINE#         130
  C:0B9FH         LINE#         131
  C:0BA1H         LINE#         132
  C:0BA4H         LINE#         133
  -------         ENDPROC       UART_INIT
  -------         PROC          _UART_PUTCHAR
  D:0007H         SYMBOL        x
  C:0BEDH         LINE#         135
  C:0BEDH         LINE#         136
  C:0BEDH         LINE#         137
  C:0BF0H         LINE#         138
  C:0BF2H         LINE#         139
  C:0BF4H         LINE#         140
  -------         ENDPROC       _UART_PUTCHAR
  -------         PROC          _PUTSTRING
  D:0008H         SYMBOL        s
  C:0B23H         LINE#         143
  C:0B29H         LINE#         144
  C:0B29H         LINE#         145
  C:0B34H         LINE#         146
  C:0B47H         LINE#         147
  -------         ENDPROC       _PUTSTRING
  -------         PROC          LUZES_INICIAIS
  C:0B6DH         LINE#         149
  C:0B6DH         LINE#         150
BL51 BANKED LINKER/LOCATER V6.22                                                      10/25/2016  11:01:58  PAGE 9


  C:0B6FH         LINE#         151
  C:0B76H         LINE#         152
  C:0B78H         LINE#         153
  C:0B7FH         LINE#         154
  C:0B81H         LINE#         155
  C:0B88H         LINE#         156
  C:0B8AH         LINE#         157
  -------         ENDPROC       LUZES_INICIAIS
  C:0B48H         SYMBOL        L?0058
  -------         PROC          L?0057
  -------         ENDPROC       L?0057
  C:0B48H         SYMBOL        L?0058
  -------         PROC          _DELAY_MS
  D:0006H         SYMBOL        x
  -------         DO            
  D:0004H         SYMBOL        i
  D:0002H         SYMBOL        j
  -------         ENDDO         
  C:0B4CH         LINE#         158
  C:0B4CH         LINE#         159
  C:0B4CH         LINE#         161
  C:0B4FH         LINE#         162
  C:0B56H         LINE#         163
  C:0B56H         LINE#         164
  C:0B5AH         LINE#         166
  C:0B65H         LINE#         167
  C:0B6CH         LINE#         168
  -------         ENDPROC       _DELAY_MS
  -------         ENDMOD        MOD2_RECEPTOR

  -------         MODULE        ?C?CLDPTR
  C:0A63H         PUBLIC        ?C?CLDPTR
  -------         ENDMOD        ?C?CLDPTR

  -------         MODULE        ?C?CSTOPTR
  C:0A7CH         PUBLIC        ?C?CSTOPTR
  -------         ENDMOD        ?C?CSTOPTR

******************************************************************************
* RESTRICTED VERSION WITH 0800H BYTE CODE SIZE LIMIT; USED: 033FH BYTE (40%) *
******************************************************************************

Program Size: data=84.1 xdata=0 code=1019
LINK/LOCATE RUN COMPLETE.  0 WARNING(S),  0 ERROR(S)
