C51 COMPILER V9.56.0.0   TIMER                                                             09/28/2016 09:04:23 PAGE 1   


C51 COMPILER V9.56.0.0, COMPILATION OF MODULE TIMER
OBJECT MODULE PLACED IN .\Objects\timer.obj
COMPILER INVOKED BY: C:\Keil_v5\C51\BIN\C51.EXE timer.c BROWSE DEBUG OBJECTEXTEND PRINT(.\Listings\timer.lst) OBJECT(.\O
                    -bjects\timer.obj)

line level    source

   1          /*Código para comunicação UART entre o nrf24le1 e um arduino
   2          * pin P0.3 - TX
   3          * pin P0.4 - RX
   4          * please do not use P0.3 as LED or P0.4 as W2SCL
   5          * i dont know if P0.4 could work with 2 functions (RX and SCL)
   6          */
   7          
   8          #include "reg24le1.h" // I/O header file for NRF24LE1
   9          #include "stdint.h"
  10          #include "API.h"
  11          
  12          #define INTERRUPT_TMR0  1
  13          
  14          //Definições dos botões e leds
  15          #define PIN32
  16          #ifdef  PIN32
  17          //Pushbuttons
  18          sbit S1  = P0^2;    // 1/0=no/press
  19          sbit S2  = P1^4;    // 1/0=no/press
  20          //LEDS
  21          sbit LEDVD = P0^6; // 1/0=light/dark
  22          #endif
  23          
  24          void uart_init(void);
  25          void uart_putchar(uint8_t x);
  26          void putstring(char *s);
  27          void delay_ms(unsigned int x);
  28          void start_T0(void);
  29          void stop_T0(void);
  30          
  31          /**************************************************/
  32          // Variáveis do TMR0
  33          unsigned char NBT0H  = 0x52;                    // Este tempo
  34          unsigned char NBT0L  = 0x63;                    // equivale a
  35          unsigned char NOVT0  = 0x00;                    // Freq. de Amostragem de 30Hz
  36          unsigned char timer_tick_flag = 0;
  37          /**************************************************/
  38          void TMR0_IRQ(void) interrupt INTERRUPT_TMR0
  39          {
  40   1              if(!NOVT0)
  41   1              {
  42   2                      timer_tick_flag = 1;
  43   2                      TH0= NBT0H;
  44   2                      TL0= NBT0L;     
  45   2              }
  46   1      }
  47          /**************************************************/
  48          
  49          void luzes_iniciais(void){
  50   1              LEDVD = 1;
  51   1              delay_ms(1000);
  52   1              LEDVD = 0;
  53   1              delay_ms(1000);
  54   1              LEDVD = 1;
C51 COMPILER V9.56.0.0   TIMER                                                             09/28/2016 09:04:23 PAGE 2   

  55   1              delay_ms(1000);
  56   1              LEDVD = 0;
  57   1      }
  58          
  59          void setup(void){
  60   1               // Set up GPIO
  61   1          P0DIR = 0xB7;   // 1011 0111 - 1/0 = In/Out - Output: P0.3 e P0.6 - Input: P0.4 e outros
  62   1          P1DIR = 0xFF;   // Tudo input
  63   1          P2DIR = 0xFF;
  64   1          P0CON = 0x00;       // All general I/O
  65   1          P1CON = 0x00;       // All general I/O
  66   1          P2CON = 0x00;       // All general I/O
  67   1      
  68   1              // Initializes the UART
  69   1              uart_init();
  70   1      
  71   1              // Enable global interrupts
  72   1              EA = 1;
  73   1      
  74   1       
  75   1          luzes_iniciais();
  76   1      }
  77          void main(void){
  78   1              setup();        
  79   1              while(1){
  80   2                      if(!S1){
  81   3                              putstring("acendeu\n");
  82   3                              LEDVD = 1;
  83   3                              start_T0();
  84   3                              delay_ms(100); //evita ruidos
  85   3                              while(!S1); //espera soltar o botao
  86   3                              delay_ms(100);
  87   3                      }
  88   2                      if(!S2){
  89   3                              putstring("apagou\n");
  90   3                              LEDVD = 0;
  91   3                              stop_T0();
  92   3                              delay_ms(100);
  93   3                              while(!S2);//espera soltar o botao
  94   3                              delay_ms(100);
  95   3                      }
  96   2                      if(timer_tick_flag){
  97   3                              putstring("Lorem Ipsum1\n");
  98   3                              timer_tick_flag = 0;
  99   3                      }
 100   2              }
 101   1      }
 102          /**************************************************/
 103          /****************UART******************************/
 104          /**************************************************/
 105          void uart_init(void)
 106          {
 107   1          ES0 = 0;                      // Disable UART0 interrupt while initializing(1:??????????? INE0^4)
 108   1          REN0 = 1;                     // Enable receiver(1:??????????? S0CON^4)
 109   1          SM0 = 0;                      // Mode 1..  ??8???g? SM0 SM1??01??
 110   1          SM1 = 1;                      // ..8 bit variable baud rate
 111   1          PCON |= 0x80;                 // SMOD = 1(????0?????????)
 112   1          ADCON |= 0x80;                // Select internal baud rate generator
 113   1                                                                        // (ADCON??????0??????????J?????'???????????????????? )
 114   1          S0RELL = 0xf3;                // baudrate 38400
 115   1          S0RELH = 0x03;
 116   1          TI0 = 0;                                      // S0CON^1:?????????????????????????
C51 COMPILER V9.56.0.0   TIMER                                                             09/28/2016 09:04:23 PAGE 3   

 117   1              S0BUF=0x00;                                       //????0????????J???
 118   1      }
 119          /**************************************************/
 120          void uart_putchar(uint8_t x)
 121          {
 122   1              while (!TI0);
 123   1              TI0=0;
 124   1              S0BUF=x;
 125   1      }
 126          
 127          /*****************************/
 128          // Repeated putchar to print a string
 129          void putstring(char *s)
 130          {
 131   1              while(*s != 0)
 132   1              uart_putchar(*s++);
 133   1      }
 134          /**************************************************/
 135          void delay_ms(unsigned int x)
 136          {
 137   1          unsigned int i,j;
 138   1          i=0;
 139   1          for(i=0;i<x;i++)
 140   1          {
 141   2             j=508;
 142   2                 ;
 143   2             while(j--);
 144   2          }
 145   1      }
 146          /**************************************************/
 147          /****************TIMER*****************************/
 148          /**************************************************/
 149          //Timer comfigurado para freq de amostragem 30Hz
 150          void start_T0(void)
 151          {
 152   1              TMOD=0x31;                                              // Select Timer 1 --> STOPPED, Timer 0 --> TIMER/16 bits
 153   1              TH0= NBT0H;
 154   1              TL0= NBT0L;
 155   1              ET0=1;                                                          // Active interrupt on Timer 0
 156   1              EA=1;                                                                   // Active all interrupts
 157   1              TR0=1;                                                          // Timer 0 --> RUN
 158   1      }
 159          /**************************************************/
 160          void stop_T0(void)
 161          {
 162   1              TMOD=0x31;                                              // Select Timer 1 --> STOPPED, Timer 0 --> TIMER/16 bits
 163   1              TH0= NBT0H;
 164   1              TL0= NBT0L;
 165   1              ET0=0;                                                          // Active interrupt on Timer 0
 166   1              EA=1;                                                                   // Active all interrupts
 167   1              TR0=0;                                                          // Timer 0 --> RUN
 168   1      }
 169          


MODULE INFORMATION:   STATIC OVERLAYABLE
   CODE SIZE        =    285    ----
   CONSTANT SIZE    =     31    ----
   XDATA SIZE       =   ----    ----
   PDATA SIZE       =   ----    ----
   DATA SIZE        =      4       3
   IDATA SIZE       =   ----    ----
C51 COMPILER V9.56.0.0   TIMER                                                             09/28/2016 09:04:23 PAGE 4   

   BIT SIZE         =   ----    ----
END OF MODULE INFORMATION.


C51 COMPILATION COMPLETE.  0 WARNING(S),  0 ERROR(S)
